OpenJDK 64-Bit Server VM (25.322-b06) for linux-amd64 JRE (1.8.0_322-8u322-b06-1~deb9u1-b06), built on Feb  9 2022 10:40:17 by "buildd" with gcc 6.3.0 20170516
Memory: 4k page, physical 4040772k(2854512k free), swap 0k(0k free)
CommandLine flags: -XX:+AlwaysPreTouch -XX:+CMSClassUnloadingEnabled -XX:+CMSEdenChunksRecordAlways -XX:CMSInitiatingOccupancyFraction=75 -XX:+CMSParallelInitialMarkEnabled -XX:+CMSParallelRemarkEnabled -XX:CMSWaitDuration=10000 -XX:CompileCommandFile=/home/nnhhaadd/DCDB/install/cassandra/bin/../conf/hotspot_compiler -XX:GCLogFileSize=10485760 -XX:+HeapDumpOnOutOfMemoryError -XX:InitialHeapSize=1073741824 -XX:InitialTenuringThreshold=1 -XX:+ManagementServer -XX:MaxHeapSize=1073741824 -XX:MaxNewSize=209715200 -XX:MaxTenuringThreshold=1 -XX:NewSize=209715200 -XX:NumberOfGCLogFiles=10 -XX:OldPLABSize=16 -XX:OnOutOfMemoryError=kill -9 %p -XX:+PerfDisableSharedMem -XX:+PrintGC -XX:+PrintGCApplicationStoppedTime -XX:+PrintGCDateStamps -XX:+PrintGCDetails -XX:+PrintGCTimeStamps -XX:+PrintHeapAtGC -XX:+PrintPromotionFailure -XX:+PrintTenuringDistribution -XX:+ResizeTLAB -XX:StringTableSize=1000003 -XX:SurvivorRatio=8 -XX:ThreadPriorityPolicy=42 -XX:ThreadStackSize=256 -XX:-UseBiasedLocking -XX:+UseCMSInitiatingOccupancyOnly -XX:+UseCompressedClassPointers -XX:+UseCompressedOops -XX:+UseConcMarkSweepGC -XX:+UseCondCardMark -XX:+UseGCLogFileRotation -XX:-UseNUMA -XX:+UseParNewGC -XX:+UseTLAB -XX:+UseThreadPriorities 
2022-04-05T19:10:06.030+0000: 1.191: Total time for which application threads were stopped: 0.0002950 seconds, Stopping threads took: 0.0000220 seconds
2022-04-05T19:10:06.040+0000: 1.201: Total time for which application threads were stopped: 0.0001706 seconds, Stopping threads took: 0.0000231 seconds
2022-04-05T19:10:06.046+0000: 1.207: Total time for which application threads were stopped: 0.0001817 seconds, Stopping threads took: 0.0000368 seconds
2022-04-05T19:10:06.214+0000: 1.375: Total time for which application threads were stopped: 0.0002990 seconds, Stopping threads took: 0.0000772 seconds
2022-04-05T19:10:06.276+0000: 1.437: Total time for which application threads were stopped: 0.0002251 seconds, Stopping threads took: 0.0000219 seconds
2022-04-05T19:10:06.301+0000: 1.462: Total time for which application threads were stopped: 0.0002253 seconds, Stopping threads took: 0.0000219 seconds
2022-04-05T19:10:06.401+0000: 1.562: Total time for which application threads were stopped: 0.0003343 seconds, Stopping threads took: 0.0000844 seconds
2022-04-05T19:10:06.677+0000: 1.837: Total time for which application threads were stopped: 0.0003088 seconds, Stopping threads took: 0.0000249 seconds
2022-04-05T19:10:06.724+0000: 1.885: Total time for which application threads were stopped: 0.0003036 seconds, Stopping threads took: 0.0000257 seconds
2022-04-05T19:10:06.740+0000: 1.901: Total time for which application threads were stopped: 0.0003879 seconds, Stopping threads took: 0.0001109 seconds
2022-04-05T19:10:06.754+0000: 1.915: Total time for which application threads were stopped: 0.0010081 seconds, Stopping threads took: 0.0007449 seconds
2022-04-05T19:10:06.814+0000: 1.974: Total time for which application threads were stopped: 0.0003534 seconds, Stopping threads took: 0.0000977 seconds
2022-04-05T19:10:06.825+0000: 1.986: Total time for which application threads were stopped: 0.0003553 seconds, Stopping threads took: 0.0000250 seconds
2022-04-05T19:10:06.856+0000: 2.017: Total time for which application threads were stopped: 0.0005077 seconds, Stopping threads took: 0.0002361 seconds
2022-04-05T19:10:06.930+0000: 2.091: Total time for which application threads were stopped: 0.0003676 seconds, Stopping threads took: 0.0000731 seconds
2022-04-05T19:10:07.156+0000: 2.317: Total time for which application threads were stopped: 0.0047367 seconds, Stopping threads took: 0.0040883 seconds
2022-04-05T19:10:07.168+0000: 2.329: Total time for which application threads were stopped: 0.0002018 seconds, Stopping threads took: 0.0001318 seconds
2022-04-05T19:10:07.221+0000: 2.382: Total time for which application threads were stopped: 0.0002529 seconds, Stopping threads took: 0.0000889 seconds
2022-04-05T19:10:07.242+0000: 2.402: Total time for which application threads were stopped: 0.0002683 seconds, Stopping threads took: 0.0000266 seconds
2022-04-05T19:10:07.307+0000: 2.467: Total time for which application threads were stopped: 0.0003558 seconds, Stopping threads took: 0.0000293 seconds
2022-04-05T19:10:07.358+0000: 2.519: Total time for which application threads were stopped: 0.0006101 seconds, Stopping threads took: 0.0000227 seconds
2022-04-05T19:10:07.396+0000: 2.557: Total time for which application threads were stopped: 0.0006307 seconds, Stopping threads took: 0.0000241 seconds
2022-04-05T19:10:07.434+0000: 2.595: Total time for which application threads were stopped: 0.0003715 seconds, Stopping threads took: 0.0000668 seconds
2022-04-05T19:10:07.449+0000: 2.609: Total time for which application threads were stopped: 0.0004397 seconds, Stopping threads took: 0.0001000 seconds
2022-04-05T19:10:07.507+0000: 2.668: Total time for which application threads were stopped: 0.0008409 seconds, Stopping threads took: 0.0000769 seconds
2022-04-05T19:10:07.592+0000: 2.753: Total time for which application threads were stopped: 0.0007961 seconds, Stopping threads took: 0.0001624 seconds
2022-04-05T19:10:07.634+0000: 2.794: Total time for which application threads were stopped: 0.0003301 seconds, Stopping threads took: 0.0000265 seconds
2022-04-05T19:10:07.701+0000: 2.862: Total time for which application threads were stopped: 0.0001865 seconds, Stopping threads took: 0.0000230 seconds
2022-04-05T19:10:07.730+0000: 2.891: Total time for which application threads were stopped: 0.0003114 seconds, Stopping threads took: 0.0000708 seconds
2022-04-05T19:10:07.829+0000: 2.990: Total time for which application threads were stopped: 0.0006126 seconds, Stopping threads took: 0.0000244 seconds
2022-04-05T19:10:07.876+0000: 3.037: Total time for which application threads were stopped: 0.0004366 seconds, Stopping threads took: 0.0000577 seconds
{Heap before GC invocations=0 (full 0):
 par new generation   total 184320K, used 163840K [0x00000000c0000000, 0x00000000cc800000, 0x00000000cc800000)
  eden space 163840K, 100% used [0x00000000c0000000, 0x00000000ca000000, 0x00000000ca000000)
  from space 20480K,   0% used [0x00000000ca000000, 0x00000000ca000000, 0x00000000cb400000)
  to   space 20480K,   0% used [0x00000000cb400000, 0x00000000cb400000, 0x00000000cc800000)
 concurrent mark-sweep generation total 843776K, used 0K [0x00000000cc800000, 0x0000000100000000, 0x0000000100000000)
 Metaspace       used 25085K, capacity 25570K, committed 25752K, reserved 1071104K
  class space    used 3027K, capacity 3180K, committed 3224K, reserved 1048576K
2022-04-05T19:10:08.029+0000: 3.189: [GC (Allocation Failure) 2022-04-05T19:10:08.029+0000: 3.189: [ParNew
Desired survivor size 10485760 bytes, new threshold 1 (max 1)
- age   1:   20883704 bytes,   20883704 total
: 163840K->20480K(184320K), 0.0429078 secs] 163840K->25416K(1028096K), 0.0430573 secs] [Times: user=0.08 sys=0.01, real=0.04 secs] 
Heap after GC invocations=1 (full 0):
 par new generation   total 184320K, used 20480K [0x00000000c0000000, 0x00000000cc800000, 0x00000000cc800000)
  eden space 163840K,   0% used [0x00000000c0000000, 0x00000000c0000000, 0x00000000ca000000)
  from space 20480K, 100% used [0x00000000cb400000, 0x00000000cc800000, 0x00000000cc800000)
  to   space 20480K,   0% used [0x00000000ca000000, 0x00000000ca000000, 0x00000000cb400000)
 concurrent mark-sweep generation total 843776K, used 4936K [0x00000000cc800000, 0x0000000100000000, 0x0000000100000000)
 Metaspace       used 25085K, capacity 25570K, committed 25752K, reserved 1071104K
  class space    used 3027K, capacity 3180K, committed 3224K, reserved 1048576K
}
2022-04-05T19:10:08.072+0000: 3.233: Total time for which application threads were stopped: 0.0432822 seconds, Stopping threads took: 0.0000372 seconds
2022-04-05T19:10:08.084+0000: 3.245: [GC (CMS Initial Mark) [1 CMS-initial-mark: 4936K(843776K)] 28398K(1028096K), 0.0130916 secs] [Times: user=0.02 sys=0.00, real=0.01 secs] 
2022-04-05T19:10:08.097+0000: 3.258: Total time for which application threads were stopped: 0.0134273 seconds, Stopping threads took: 0.0001476 seconds
2022-04-05T19:10:08.097+0000: 3.258: [CMS-concurrent-mark-start]
2022-04-05T19:10:08.106+0000: 3.267: [CMS-concurrent-mark: 0.009/0.009 secs] [Times: user=0.02 sys=0.00, real=0.01 secs] 
2022-04-05T19:10:08.106+0000: 3.267: [CMS-concurrent-preclean-start]
2022-04-05T19:10:08.108+0000: 3.269: [CMS-concurrent-preclean: 0.002/0.002 secs] [Times: user=0.00 sys=0.00, real=0.01 secs] 
2022-04-05T19:10:08.108+0000: 3.269: [CMS-concurrent-abortable-preclean-start]
{Heap before GC invocations=1 (full 1):
 par new generation   total 184320K, used 184320K [0x00000000c0000000, 0x00000000cc800000, 0x00000000cc800000)
  eden space 163840K, 100% used [0x00000000c0000000, 0x00000000ca000000, 0x00000000ca000000)
  from space 20480K, 100% used [0x00000000cb400000, 0x00000000cc800000, 0x00000000cc800000)
  to   space 20480K,   0% used [0x00000000ca000000, 0x00000000ca000000, 0x00000000cb400000)
 concurrent mark-sweep generation total 843776K, used 4936K [0x00000000cc800000, 0x0000000100000000, 0x0000000100000000)
 Metaspace       used 25096K, capacity 25570K, committed 25752K, reserved 1071104K
  class space    used 3027K, capacity 3180K, committed 3224K, reserved 1048576K
2022-04-05T19:10:08.600+0000: 3.761: [GC (Allocation Failure) 2022-04-05T19:10:08.600+0000: 3.761: [ParNew
Desired survivor size 10485760 bytes, new threshold 1 (max 1)
- age   1:    4199136 bytes,    4199136 total
: 184320K->14892K(184320K), 0.1717452 secs] 189256K->37316K(1028096K), 0.1718511 secs] [Times: user=0.33 sys=0.00, real=0.17 secs] 
Heap after GC invocations=2 (full 1):
 par new generation   total 184320K, used 14892K [0x00000000c0000000, 0x00000000cc800000, 0x00000000cc800000)
  eden space 163840K,   0% used [0x00000000c0000000, 0x00000000c0000000, 0x00000000ca000000)
  from space 20480K,  72% used [0x00000000ca000000, 0x00000000cae8b138, 0x00000000cb400000)
  to   space 20480K,   0% used [0x00000000cb400000, 0x00000000cb400000, 0x00000000cc800000)
 concurrent mark-sweep generation total 843776K, used 22424K [0x00000000cc800000, 0x0000000100000000, 0x0000000100000000)
 Metaspace       used 25096K, capacity 25570K, committed 25752K, reserved 1071104K
  class space    used 3027K, capacity 3180K, committed 3224K, reserved 1048576K
}
2022-04-05T19:10:08.772+0000: 3.933: Total time for which application threads were stopped: 0.1720538 seconds, Stopping threads took: 0.0000388 seconds
2022-04-05T19:10:08.804+0000: 3.965: [CMS-concurrent-abortable-preclean: 0.423/0.696 secs] [Times: user=1.31 sys=0.01, real=0.69 secs] 
2022-04-05T19:10:08.808+0000: 3.969: [GC (CMS Final Remark) [YG occupancy: 21015 K (184320 K)]2022-04-05T19:10:08.808+0000: 3.969: [Rescan (parallel) , 0.0122044 secs]2022-04-05T19:10:08.820+0000: 3.981: [weak refs processing, 0.0000399 secs]2022-04-05T19:10:08.820+0000: 3.981: [class unloading, 0.0039000 secs]2022-04-05T19:10:08.824+0000: 3.985: [scrub symbol table, 0.0047662 secs]2022-04-05T19:10:08.829+0000: 3.990: [scrub string table, 0.0019125 secs][1 CMS-remark: 22424K(843776K)] 43439K(1028096K), 0.0230548 secs] [Times: user=0.03 sys=0.00, real=0.02 secs] 
2022-04-05T19:10:08.831+0000: 3.992: Total time for which application threads were stopped: 0.0267944 seconds, Stopping threads took: 0.0036172 seconds
2022-04-05T19:10:08.840+0000: 4.001: [CMS-concurrent-sweep-start]
2022-04-05T19:10:08.861+0000: 4.022: [CMS-concurrent-sweep: 0.021/0.021 secs] [Times: user=0.04 sys=0.00, real=0.02 secs] 
2022-04-05T19:10:08.861+0000: 4.022: [CMS-concurrent-reset-start]
2022-04-05T19:10:08.863+0000: 4.024: [CMS-concurrent-reset: 0.002/0.002 secs] [Times: user=0.00 sys=0.00, real=0.00 secs] 
2022-04-05T19:10:08.988+0000: 4.149: Total time for which application threads were stopped: 0.0004836 seconds, Stopping threads took: 0.0000889 seconds
2022-04-05T19:10:09.835+0000: 4.996: Total time for which application threads were stopped: 0.0003202 seconds, Stopping threads took: 0.0000736 seconds
{Heap before GC invocations=2 (full 1):
 par new generation   total 184320K, used 178732K [0x00000000c0000000, 0x00000000cc800000, 0x00000000cc800000)
  eden space 163840K, 100% used [0x00000000c0000000, 0x00000000ca000000, 0x00000000ca000000)
  from space 20480K,  72% used [0x00000000ca000000, 0x00000000cae8b138, 0x00000000cb400000)
  to   space 20480K,   0% used [0x00000000cb400000, 0x00000000cb400000, 0x00000000cc800000)
 concurrent mark-sweep generation total 843776K, used 22424K [0x00000000cc800000, 0x0000000100000000, 0x0000000100000000)
 Metaspace       used 30999K, capacity 31604K, committed 31896K, reserved 1077248K
  class space    used 4486K, capacity 4693K, committed 4760K, reserved 1048576K
2022-04-05T19:10:10.135+0000: 5.296: [GC (Allocation Failure) 2022-04-05T19:10:10.135+0000: 5.296: [ParNew
Desired survivor size 10485760 bytes, new threshold 1 (max 1)
- age   1:   18527936 bytes,   18527936 total
: 178732K->19829K(184320K), 0.0500607 secs] 201156K->42255K(1028096K), 0.0502066 secs] [Times: user=0.09 sys=0.00, real=0.05 secs] 
Heap after GC invocations=3 (full 1):
 par new generation   total 184320K, used 19829K [0x00000000c0000000, 0x00000000cc800000, 0x00000000cc800000)
  eden space 163840K,   0% used [0x00000000c0000000, 0x00000000c0000000, 0x00000000ca000000)
  from space 20480K,  96% used [0x00000000cb400000, 0x00000000cc75d6a8, 0x00000000cc800000)
  to   space 20480K,   0% used [0x00000000ca000000, 0x00000000ca000000, 0x00000000cb400000)
 concurrent mark-sweep generation total 843776K, used 22426K [0x00000000cc800000, 0x0000000100000000, 0x0000000100000000)
 Metaspace       used 30999K, capacity 31604K, committed 31896K, reserved 1077248K
  class space    used 4486K, capacity 4693K, committed 4760K, reserved 1048576K
}
2022-04-05T19:10:10.185+0000: 5.346: Total time for which application threads were stopped: 0.0504331 seconds, Stopping threads took: 0.0000376 seconds
2022-04-05T19:10:10.479+0000: 5.640: Total time for which application threads were stopped: 0.0007185 seconds, Stopping threads took: 0.0000471 seconds
2022-04-05T19:10:11.279+0000: 6.440: Total time for which application threads were stopped: 0.0002535 seconds, Stopping threads took: 0.0000655 seconds
2022-04-05T19:10:11.666+0000: 6.827: Total time for which application threads were stopped: 0.0003298 seconds, Stopping threads took: 0.0000776 seconds
{Heap before GC invocations=3 (full 1):
 par new generation   total 184320K, used 183669K [0x00000000c0000000, 0x00000000cc800000, 0x00000000cc800000)
  eden space 163840K, 100% used [0x00000000c0000000, 0x00000000ca000000, 0x00000000ca000000)
  from space 20480K,  96% used [0x00000000cb400000, 0x00000000cc75d6a8, 0x00000000cc800000)
  to   space 20480K,   0% used [0x00000000ca000000, 0x00000000ca000000, 0x00000000cb400000)
 concurrent mark-sweep generation total 843776K, used 22426K [0x00000000cc800000, 0x0000000100000000, 0x0000000100000000)
 Metaspace       used 34484K, capacity 35444K, committed 35608K, reserved 1079296K
  class space    used 4880K, capacity 5139K, committed 5144K, reserved 1048576K
2022-04-05T19:10:11.924+0000: 7.085: [GC (Allocation Failure) 2022-04-05T19:10:11.924+0000: 7.085: [ParNew
Desired survivor size 10485760 bytes, new threshold 1 (max 1)
- age   1:   19910408 bytes,   19910408 total
: 183669K->20480K(184320K), 0.0440889 secs] 206095K->57651K(1028096K), 0.0442106 secs] [Times: user=0.08 sys=0.00, real=0.05 secs] 
Heap after GC invocations=4 (full 1):
 par new generation   total 184320K, used 20480K [0x00000000c0000000, 0x00000000cc800000, 0x00000000cc800000)
  eden space 163840K,   0% used [0x00000000c0000000, 0x00000000c0000000, 0x00000000ca000000)
  from space 20480K, 100% used [0x00000000ca000000, 0x00000000cb400000, 0x00000000cb400000)
  to   space 20480K,   0% used [0x00000000cb400000, 0x00000000cb400000, 0x00000000cc800000)
 concurrent mark-sweep generation total 843776K, used 37171K [0x00000000cc800000, 0x0000000100000000, 0x0000000100000000)
 Metaspace       used 34484K, capacity 35444K, committed 35608K, reserved 1079296K
  class space    used 4880K, capacity 5139K, committed 5144K, reserved 1048576K
}
2022-04-05T19:10:11.968+0000: 7.129: Total time for which application threads were stopped: 0.0446195 seconds, Stopping threads took: 0.0000745 seconds
2022-04-05T19:10:12.027+0000: 7.188: Total time for which application threads were stopped: 0.0008447 seconds, Stopping threads took: 0.0000501 seconds
2022-04-05T19:10:12.100+0000: 7.261: Total time for which application threads were stopped: 0.0007019 seconds, Stopping threads took: 0.0000320 seconds
2022-04-05T19:10:12.429+0000: 7.590: Total time for which application threads were stopped: 0.0008572 seconds, Stopping threads took: 0.0000376 seconds
2022-04-05T19:10:12.664+0000: 7.825: Total time for which application threads were stopped: 0.0008739 seconds, Stopping threads took: 0.0000631 seconds
2022-04-05T19:10:13.229+0000: 8.390: Total time for which application threads were stopped: 0.0008660 seconds, Stopping threads took: 0.0000622 seconds
2022-04-05T19:10:14.230+0000: 9.391: Total time for which application threads were stopped: 0.0002677 seconds, Stopping threads took: 0.0000503 seconds
2022-04-05T19:10:15.230+0000: 10.391: Total time for which application threads were stopped: 0.0001808 seconds, Stopping threads took: 0.0000490 seconds
2022-04-05T19:10:18.231+0000: 13.391: Total time for which application threads were stopped: 0.0001835 seconds, Stopping threads took: 0.0000561 seconds
2022-04-05T19:10:19.231+0000: 14.392: Total time for which application threads were stopped: 0.0001891 seconds, Stopping threads took: 0.0000553 seconds
2022-04-05T19:10:20.231+0000: 15.392: Total time for which application threads were stopped: 0.0001976 seconds, Stopping threads took: 0.0000479 seconds
2022-04-05T19:10:21.232+0000: 16.392: Total time for which application threads were stopped: 0.0001940 seconds, Stopping threads took: 0.0000570 seconds
2022-04-05T19:10:22.232+0000: 17.393: Total time for which application threads were stopped: 0.0002141 seconds, Stopping threads took: 0.0000579 seconds
2022-04-05T19:10:23.232+0000: 18.393: Total time for which application threads were stopped: 0.0002162 seconds, Stopping threads took: 0.0000532 seconds
2022-04-05T19:10:24.233+0000: 19.393: Total time for which application threads were stopped: 0.0001827 seconds, Stopping threads took: 0.0000519 seconds
2022-04-05T19:10:26.233+0000: 21.394: Total time for which application threads were stopped: 0.0001964 seconds, Stopping threads took: 0.0000470 seconds
2022-04-05T19:10:27.234+0000: 22.395: Total time for which application threads were stopped: 0.0010446 seconds, Stopping threads took: 0.0008795 seconds
2022-04-05T19:10:28.235+0000: 23.395: Total time for which application threads were stopped: 0.0001931 seconds, Stopping threads took: 0.0000514 seconds
2022-04-05T19:10:29.235+0000: 24.396: Total time for which application threads were stopped: 0.0002386 seconds, Stopping threads took: 0.0000722 seconds
2022-04-05T19:10:32.235+0000: 27.396: Total time for which application threads were stopped: 0.0001863 seconds, Stopping threads took: 0.0000531 seconds
2022-04-05T19:10:33.236+0000: 28.397: Total time for which application threads were stopped: 0.0002042 seconds, Stopping threads took: 0.0000692 seconds
2022-04-05T19:10:37.236+0000: 32.397: Total time for which application threads were stopped: 0.0001873 seconds, Stopping threads took: 0.0000518 seconds
2022-04-05T19:10:38.237+0000: 33.398: Total time for which application threads were stopped: 0.0002852 seconds, Stopping threads took: 0.0000576 seconds
2022-04-05T19:10:39.237+0000: 34.398: Total time for which application threads were stopped: 0.0002213 seconds, Stopping threads took: 0.0000658 seconds
2022-04-05T19:10:42.238+0000: 37.399: Total time for which application threads were stopped: 0.0002766 seconds, Stopping threads took: 0.0000548 seconds
2022-04-05T19:10:43.238+0000: 38.399: Total time for which application threads were stopped: 0.0002274 seconds, Stopping threads took: 0.0000544 seconds
2022-04-05T19:10:44.239+0000: 39.399: Total time for which application threads were stopped: 0.0002029 seconds, Stopping threads took: 0.0000568 seconds
2022-04-05T19:10:49.239+0000: 44.400: Total time for which application threads were stopped: 0.0002008 seconds, Stopping threads took: 0.0000559 seconds
2022-04-05T19:10:52.240+0000: 47.401: Total time for which application threads were stopped: 0.0001906 seconds, Stopping threads took: 0.0000569 seconds
2022-04-05T19:10:53.240+0000: 48.401: Total time for which application threads were stopped: 0.0001888 seconds, Stopping threads took: 0.0000528 seconds
2022-04-05T19:10:55.241+0000: 50.402: Total time for which application threads were stopped: 0.0002172 seconds, Stopping threads took: 0.0000518 seconds
2022-04-05T19:10:56.241+0000: 51.402: Total time for which application threads were stopped: 0.0001979 seconds, Stopping threads took: 0.0000545 seconds
2022-04-05T19:10:57.241+0000: 52.402: Total time for which application threads were stopped: 0.0002193 seconds, Stopping threads took: 0.0000529 seconds
2022-04-05T19:10:59.242+0000: 54.403: Total time for which application threads were stopped: 0.0002936 seconds, Stopping threads took: 0.0000517 seconds
2022-04-05T19:11:01.242+0000: 56.403: Total time for which application threads were stopped: 0.0001772 seconds, Stopping threads took: 0.0000460 seconds
2022-04-05T19:11:03.243+0000: 58.404: Total time for which application threads were stopped: 0.0002415 seconds, Stopping threads took: 0.0000746 seconds
2022-04-05T19:11:07.244+0000: 62.404: Total time for which application threads were stopped: 0.0001870 seconds, Stopping threads took: 0.0000520 seconds
2022-04-05T19:11:10.244+0000: 65.405: Total time for which application threads were stopped: 0.0002137 seconds, Stopping threads took: 0.0000536 seconds
2022-04-05T19:11:12.245+0000: 67.405: Total time for which application threads were stopped: 0.0001944 seconds, Stopping threads took: 0.0000428 seconds
2022-04-05T19:11:43.248+0000: 98.409: Total time for which application threads were stopped: 0.0001717 seconds, Stopping threads took: 0.0000574 seconds
2022-04-05T19:11:44.249+0000: 99.409: Total time for which application threads were stopped: 0.0001561 seconds, Stopping threads took: 0.0000433 seconds
2022-04-05T19:12:14.252+0000: 129.413: Total time for which application threads were stopped: 0.0001592 seconds, Stopping threads took: 0.0000470 seconds
2022-04-05T19:12:31.256+0000: 146.417: Total time for which application threads were stopped: 0.0001833 seconds, Stopping threads took: 0.0000716 seconds
2022-04-05T19:12:44.259+0000: 159.420: Total time for which application threads were stopped: 0.0001602 seconds, Stopping threads took: 0.0000434 seconds
2022-04-05T19:12:50.260+0000: 165.421: Total time for which application threads were stopped: 0.0001672 seconds, Stopping threads took: 0.0000533 seconds
2022-04-05T19:12:53.260+0000: 168.421: Total time for which application threads were stopped: 0.0001801 seconds, Stopping threads took: 0.0000585 seconds
2022-04-05T19:13:03.262+0000: 178.423: Total time for which application threads were stopped: 0.0002695 seconds, Stopping threads took: 0.0000830 seconds
2022-04-05T19:13:13.263+0000: 188.424: Total time for which application threads were stopped: 0.0002154 seconds, Stopping threads took: 0.0000592 seconds
2022-04-05T19:13:14.264+0000: 189.425: Total time for which application threads were stopped: 0.0001790 seconds, Stopping threads took: 0.0000448 seconds
2022-04-05T19:13:15.264+0000: 190.425: Total time for which application threads were stopped: 0.0002040 seconds, Stopping threads took: 0.0000496 seconds
2022-04-05T19:13:20.265+0000: 195.426: Total time for which application threads were stopped: 0.0001628 seconds, Stopping threads took: 0.0000502 seconds
2022-04-05T19:13:21.265+0000: 196.426: Total time for which application threads were stopped: 0.0001560 seconds, Stopping threads took: 0.0000471 seconds
2022-04-05T19:13:23.266+0000: 198.426: Total time for which application threads were stopped: 0.0001650 seconds, Stopping threads took: 0.0000470 seconds
2022-04-05T19:13:27.266+0000: 202.427: Total time for which application threads were stopped: 0.0001715 seconds, Stopping threads took: 0.0000492 seconds
2022-04-05T19:13:32.267+0000: 207.428: Total time for which application threads were stopped: 0.0001912 seconds, Stopping threads took: 0.0000725 seconds
2022-04-05T19:13:33.267+0000: 208.428: Total time for which application threads were stopped: 0.0001577 seconds, Stopping threads took: 0.0000440 seconds
2022-04-05T19:13:41.269+0000: 216.429: Total time for which application threads were stopped: 0.0002210 seconds, Stopping threads took: 0.0000482 seconds
2022-04-05T19:13:42.269+0000: 217.430: Total time for which application threads were stopped: 0.0002179 seconds, Stopping threads took: 0.0001097 seconds
2022-04-05T19:13:43.269+0000: 218.430: Total time for which application threads were stopped: 0.0001750 seconds, Stopping threads took: 0.0000517 seconds
2022-04-05T19:13:44.270+0000: 219.431: Total time for which application threads were stopped: 0.0003058 seconds, Stopping threads took: 0.0000488 seconds
2022-04-05T19:13:45.270+0000: 220.431: Total time for which application threads were stopped: 0.0001969 seconds, Stopping threads took: 0.0000829 seconds
2022-04-05T19:13:53.271+0000: 228.432: Total time for which application threads were stopped: 0.0001845 seconds, Stopping threads took: 0.0000457 seconds
2022-04-05T19:14:33.276+0000: 268.437: Total time for which application threads were stopped: 0.0001584 seconds, Stopping threads took: 0.0000483 seconds
2022-04-05T19:14:36.277+0000: 271.438: Total time for which application threads were stopped: 0.0002013 seconds, Stopping threads took: 0.0000929 seconds
2022-04-05T19:14:44.278+0000: 279.439: Total time for which application threads were stopped: 0.0001760 seconds, Stopping threads took: 0.0000634 seconds
2022-04-05T19:14:49.279+0000: 284.440: Total time for which application threads were stopped: 0.0002443 seconds, Stopping threads took: 0.0000500 seconds
2022-04-05T19:15:13.282+0000: 308.443: Total time for which application threads were stopped: 0.0001958 seconds, Stopping threads took: 0.0000546 seconds
2022-04-05T19:15:22.283+0000: 317.444: Total time for which application threads were stopped: 0.0001699 seconds, Stopping threads took: 0.0000535 seconds
2022-04-05T19:15:29.284+0000: 324.445: Total time for which application threads were stopped: 0.0001776 seconds, Stopping threads took: 0.0000532 seconds
2022-04-05T19:15:42.288+0000: 337.449: Total time for which application threads were stopped: 0.0019877 seconds, Stopping threads took: 0.0017108 seconds
2022-04-05T19:15:43.288+0000: 338.449: Total time for which application threads were stopped: 0.0003459 seconds, Stopping threads took: 0.0000762 seconds
2022-04-05T19:15:44.289+0000: 339.450: Total time for which application threads were stopped: 0.0002595 seconds, Stopping threads took: 0.0000683 seconds
2022-04-05T19:15:50.290+0000: 345.451: Total time for which application threads were stopped: 0.0002128 seconds, Stopping threads took: 0.0000506 seconds
2022-04-05T19:15:53.290+0000: 348.451: Total time for which application threads were stopped: 0.0001694 seconds, Stopping threads took: 0.0000529 seconds
2022-04-05T19:16:03.292+0000: 358.453: Total time for which application threads were stopped: 0.0002239 seconds, Stopping threads took: 0.0000544 seconds
2022-04-05T19:16:12.293+0000: 367.454: Total time for which application threads were stopped: 0.0001740 seconds, Stopping threads took: 0.0000456 seconds
2022-04-05T19:16:13.293+0000: 368.454: Total time for which application threads were stopped: 0.0002120 seconds, Stopping threads took: 0.0000513 seconds
2022-04-05T19:16:23.295+0000: 378.456: Total time for which application threads were stopped: 0.0002505 seconds, Stopping threads took: 0.0000712 seconds
2022-04-05T19:17:01.300+0000: 416.461: Total time for which application threads were stopped: 0.0002417 seconds, Stopping threads took: 0.0000629 seconds
2022-04-05T19:17:03.300+0000: 418.461: Total time for which application threads were stopped: 0.0001677 seconds, Stopping threads took: 0.0000492 seconds
2022-04-05T19:17:11.301+0000: 426.462: Total time for which application threads were stopped: 0.0001648 seconds, Stopping threads took: 0.0000510 seconds
2022-04-05T19:17:13.302+0000: 428.463: Total time for which application threads were stopped: 0.0001733 seconds, Stopping threads took: 0.0000494 seconds
2022-04-05T19:17:14.302+0000: 429.463: Total time for which application threads were stopped: 0.0001678 seconds, Stopping threads took: 0.0000519 seconds
2022-04-05T19:17:23.303+0000: 438.464: Total time for which application threads were stopped: 0.0001762 seconds, Stopping threads took: 0.0000510 seconds
2022-04-05T19:17:44.306+0000: 459.467: Total time for which application threads were stopped: 0.0001808 seconds, Stopping threads took: 0.0000554 seconds
2022-04-05T19:17:53.307+0000: 468.468: Total time for which application threads were stopped: 0.0001554 seconds, Stopping threads took: 0.0000443 seconds
2022-04-05T19:18:13.310+0000: 488.471: Total time for which application threads were stopped: 0.0001664 seconds, Stopping threads took: 0.0000491 seconds
2022-04-05T19:18:40.313+0000: 515.474: Total time for which application threads were stopped: 0.0001644 seconds, Stopping threads took: 0.0000510 seconds
2022-04-05T19:19:04.316+0000: 539.477: Total time for which application threads were stopped: 0.0001853 seconds, Stopping threads took: 0.0000587 seconds
2022-04-05T19:19:05.317+0000: 540.477: Total time for which application threads were stopped: 0.0001632 seconds, Stopping threads took: 0.0000509 seconds
2022-04-05T19:19:13.324+0000: 548.485: Total time for which application threads were stopped: 0.0001825 seconds, Stopping threads took: 0.0000466 seconds
2022-04-05T19:19:14.325+0000: 549.486: Total time for which application threads were stopped: 0.0002228 seconds, Stopping threads took: 0.0000529 seconds
2022-04-05T19:19:15.325+0000: 550.486: Total time for which application threads were stopped: 0.0001747 seconds, Stopping threads took: 0.0000480 seconds
2022-04-05T19:19:23.326+0000: 558.487: Total time for which application threads were stopped: 0.0001808 seconds, Stopping threads took: 0.0000542 seconds
2022-04-05T19:20:13.333+0000: 608.494: Total time for which application threads were stopped: 0.0001762 seconds, Stopping threads took: 0.0000524 seconds
2022-04-05T19:20:14.333+0000: 609.494: Total time for which application threads were stopped: 0.0001701 seconds, Stopping threads took: 0.0000495 seconds
2022-04-05T19:20:32.336+0000: 627.496: Total time for which application threads were stopped: 0.0001843 seconds, Stopping threads took: 0.0000603 seconds
{Heap before GC invocations=4 (full 1):
 par new generation   total 184320K, used 184320K [0x00000000c0000000, 0x00000000cc800000, 0x00000000cc800000)
  eden space 163840K, 100% used [0x00000000c0000000, 0x00000000ca000000, 0x00000000ca000000)
  from space 20480K, 100% used [0x00000000ca000000, 0x00000000cb400000, 0x00000000cb400000)
  to   space 20480K,   0% used [0x00000000cb400000, 0x00000000cb400000, 0x00000000cc800000)
 concurrent mark-sweep generation total 843776K, used 37171K [0x00000000cc800000, 0x0000000100000000, 0x0000000100000000)
 Metaspace       used 39400K, capacity 40550K, committed 40600K, reserved 1083392K
  class space    used 5454K, capacity 5742K, committed 5784K, reserved 1048576K
2022-04-05T19:20:42.473+0000: 637.634: [GC (Allocation Failure) 2022-04-05T19:20:42.473+0000: 637.634: [ParNew
Desired survivor size 10485760 bytes, new threshold 1 (max 1)
- age   1:    9263128 bytes,    9263128 total
: 184320K->12824K(184320K), 0.0359123 secs] 221491K->68132K(1028096K), 0.0360704 secs] [Times: user=0.07 sys=0.00, real=0.04 secs] 
Heap after GC invocations=5 (full 1):
 par new generation   total 184320K, used 12824K [0x00000000c0000000, 0x00000000cc800000, 0x00000000cc800000)
  eden space 163840K,   0% used [0x00000000c0000000, 0x00000000c0000000, 0x00000000ca000000)
  from space 20480K,  62% used [0x00000000cb400000, 0x00000000cc086250, 0x00000000cc800000)
  to   space 20480K,   0% used [0x00000000ca000000, 0x00000000ca000000, 0x00000000cb400000)
 concurrent mark-sweep generation total 843776K, used 55308K [0x00000000cc800000, 0x0000000100000000, 0x0000000100000000)
 Metaspace       used 39400K, capacity 40550K, committed 40600K, reserved 1083392K
  class space    used 5454K, capacity 5742K, committed 5784K, reserved 1048576K
}
2022-04-05T19:20:42.509+0000: 637.670: Total time for which application threads were stopped: 0.0364300 seconds, Stopping threads took: 0.0000960 seconds
2022-04-05T19:20:43.517+0000: 638.677: Total time for which application threads were stopped: 0.0001730 seconds, Stopping threads took: 0.0000495 seconds
2022-04-05T19:20:52.518+0000: 647.679: Total time for which application threads were stopped: 0.0001776 seconds, Stopping threads took: 0.0000482 seconds
2022-04-05T19:21:11.520+0000: 666.681: Total time for which application threads were stopped: 0.0002002 seconds, Stopping threads took: 0.0000542 seconds
2022-04-05T19:21:12.521+0000: 667.682: Total time for which application threads were stopped: 0.0001694 seconds, Stopping threads took: 0.0000487 seconds
2022-04-05T19:21:14.521+0000: 669.682: Total time for which application threads were stopped: 0.0001706 seconds, Stopping threads took: 0.0000519 seconds
2022-04-05T19:21:44.525+0000: 699.686: Total time for which application threads were stopped: 0.0001850 seconds, Stopping threads took: 0.0000554 seconds
2022-04-05T19:22:32.531+0000: 747.692: Total time for which application threads were stopped: 0.0001573 seconds, Stopping threads took: 0.0000458 seconds
2022-04-05T19:22:44.533+0000: 759.694: Total time for which application threads were stopped: 0.0001723 seconds, Stopping threads took: 0.0000482 seconds
2022-04-05T19:22:45.534+0000: 760.694: Total time for which application threads were stopped: 0.0001622 seconds, Stopping threads took: 0.0000477 seconds
2022-04-05T19:22:52.535+0000: 767.696: Total time for which application threads were stopped: 0.0001674 seconds, Stopping threads took: 0.0000494 seconds
2022-04-05T19:23:02.536+0000: 777.697: Total time for which application threads were stopped: 0.0001643 seconds, Stopping threads took: 0.0000500 seconds
2022-04-05T19:23:12.538+0000: 787.698: Total time for which application threads were stopped: 0.0002996 seconds, Stopping threads took: 0.0000539 seconds
2022-04-05T19:23:14.538+0000: 789.699: Total time for which application threads were stopped: 0.0001653 seconds, Stopping threads took: 0.0000460 seconds
2022-04-05T19:24:08.545+0000: 843.706: Total time for which application threads were stopped: 0.0001759 seconds, Stopping threads took: 0.0000509 seconds
2022-04-05T19:24:44.550+0000: 879.711: Total time for which application threads were stopped: 0.0002003 seconds, Stopping threads took: 0.0000536 seconds
2022-04-05T19:25:12.554+0000: 907.715: Total time for which application threads were stopped: 0.0002898 seconds, Stopping threads took: 0.0001433 seconds
2022-04-05T19:25:32.556+0000: 927.717: Total time for which application threads were stopped: 0.0001803 seconds, Stopping threads took: 0.0000504 seconds
2022-04-05T19:25:43.558+0000: 938.719: Total time for which application threads were stopped: 0.0002143 seconds, Stopping threads took: 0.0000418 seconds
2022-04-05T19:25:44.558+0000: 939.719: Total time for which application threads were stopped: 0.0001699 seconds, Stopping threads took: 0.0000491 seconds
2022-04-05T19:25:54.559+0000: 949.720: Total time for which application threads were stopped: 0.0001509 seconds, Stopping threads took: 0.0000420 seconds
2022-04-05T19:26:11.562+0000: 966.722: Total time for which application threads were stopped: 0.0001644 seconds, Stopping threads took: 0.0000466 seconds
2022-04-05T19:26:12.562+0000: 967.723: Total time for which application threads were stopped: 0.0001570 seconds, Stopping threads took: 0.0000421 seconds
2022-04-05T19:26:14.562+0000: 969.723: Total time for which application threads were stopped: 0.0001563 seconds, Stopping threads took: 0.0000433 seconds
2022-04-05T19:26:44.566+0000: 999.727: Total time for which application threads were stopped: 0.0001584 seconds, Stopping threads took: 0.0000429 seconds
2022-04-05T19:27:12.570+0000: 1027.731: Total time for which application threads were stopped: 0.0001879 seconds, Stopping threads took: 0.0000574 seconds
2022-04-05T19:27:14.571+0000: 1029.731: Total time for which application threads were stopped: 0.0001659 seconds, Stopping threads took: 0.0000472 seconds
2022-04-05T19:27:22.572+0000: 1037.733: Total time for which application threads were stopped: 0.0001710 seconds, Stopping threads took: 0.0000489 seconds
2022-04-05T19:27:55.577+0000: 1070.737: Total time for which application threads were stopped: 0.0001726 seconds, Stopping threads took: 0.0000505 seconds
2022-04-05T19:27:57.577+0000: 1072.738: Total time for which application threads were stopped: 0.0001596 seconds, Stopping threads took: 0.0000434 seconds
2022-04-05T19:28:12.579+0000: 1087.740: Total time for which application threads were stopped: 0.0001685 seconds, Stopping threads took: 0.0000532 seconds
2022-04-05T19:28:14.580+0000: 1089.741: Total time for which application threads were stopped: 0.0003078 seconds, Stopping threads took: 0.0000415 seconds
2022-04-05T19:28:52.585+0000: 1127.746: Total time for which application threads were stopped: 0.0001810 seconds, Stopping threads took: 0.0000527 seconds
2022-04-05T19:29:12.588+0000: 1147.748: Total time for which application threads were stopped: 0.0001764 seconds, Stopping threads took: 0.0000527 seconds
2022-04-05T19:29:14.588+0000: 1149.749: Total time for which application threads were stopped: 0.0001618 seconds, Stopping threads took: 0.0000438 seconds
2022-04-05T19:29:44.592+0000: 1179.753: Total time for which application threads were stopped: 0.0001823 seconds, Stopping threads took: 0.0000562 seconds
2022-04-05T19:30:14.596+0000: 1209.757: Total time for which application threads were stopped: 0.0001569 seconds, Stopping threads took: 0.0000434 seconds
2022-04-05T19:30:43.600+0000: 1238.761: Total time for which application threads were stopped: 0.0001705 seconds, Stopping threads took: 0.0000421 seconds
2022-04-05T19:30:52.601+0000: 1247.762: Total time for which application threads were stopped: 0.0001604 seconds, Stopping threads took: 0.0000474 seconds
2022-04-05T19:31:11.603+0000: 1266.764: Total time for which application threads were stopped: 0.0001730 seconds, Stopping threads took: 0.0000516 seconds
2022-04-05T19:31:12.604+0000: 1267.765: Total time for which application threads were stopped: 0.0002457 seconds, Stopping threads took: 0.0000418 seconds
2022-04-05T19:32:02.610+0000: 1317.771: Total time for which application threads were stopped: 0.0001798 seconds, Stopping threads took: 0.0000520 seconds
2022-04-05T19:33:12.619+0000: 1387.780: Total time for which application threads were stopped: 0.0002625 seconds, Stopping threads took: 0.0001264 seconds
2022-04-05T19:34:32.629+0000: 1467.790: Total time for which application threads were stopped: 0.0002649 seconds, Stopping threads took: 0.0001345 seconds
2022-04-05T19:35:14.634+0000: 1509.795: Total time for which application threads were stopped: 0.0001862 seconds, Stopping threads took: 0.0000577 seconds
2022-04-05T19:35:43.638+0000: 1538.799: Total time for which application threads were stopped: 0.0002030 seconds, Stopping threads took: 0.0000475 seconds
2022-04-05T19:35:44.639+0000: 1539.799: Total time for which application threads were stopped: 0.0001574 seconds, Stopping threads took: 0.0000427 seconds
2022-04-05T19:36:44.646+0000: 1599.807: Total time for which application threads were stopped: 0.0002114 seconds, Stopping threads took: 0.0000608 seconds
2022-04-05T19:37:12.650+0000: 1627.811: Total time for which application threads were stopped: 0.0002551 seconds, Stopping threads took: 0.0000769 seconds
2022-04-05T19:37:44.654+0000: 1659.815: Total time for which application threads were stopped: 0.0003146 seconds, Stopping threads took: 0.0001466 seconds
2022-04-05T19:38:02.657+0000: 1677.817: Total time for which application threads were stopped: 0.0002192 seconds, Stopping threads took: 0.0000538 seconds
2022-04-05T19:38:12.658+0000: 1687.819: Total time for which application threads were stopped: 0.0001537 seconds, Stopping threads took: 0.0000419 seconds
2022-04-05T19:39:12.665+0000: 1747.826: Total time for which application threads were stopped: 0.0001905 seconds, Stopping threads took: 0.0000578 seconds
2022-04-05T19:39:45.669+0000: 1780.830: Total time for which application threads were stopped: 0.0002595 seconds, Stopping threads took: 0.0000719 seconds
2022-04-05T19:40:02.672+0000: 1797.833: Total time for which application threads were stopped: 0.0002253 seconds, Stopping threads took: 0.0000599 seconds
2022-04-05T19:40:06.673+0000: 1801.834: Total time for which application threads were stopped: 0.0002607 seconds, Stopping threads took: 0.0000572 seconds
2022-04-05T19:40:12.674+0000: 1807.834: Total time for which application threads were stopped: 0.0001854 seconds, Stopping threads took: 0.0000533 seconds
2022-04-05T19:40:43.677+0000: 1838.838: Total time for which application threads were stopped: 0.0001824 seconds, Stopping threads took: 0.0000442 seconds
2022-04-05T19:41:11.681+0000: 1866.842: Total time for which application threads were stopped: 0.0001822 seconds, Stopping threads took: 0.0000577 seconds
2022-04-05T19:41:12.681+0000: 1867.842: Total time for which application threads were stopped: 0.0001572 seconds, Stopping threads took: 0.0000428 seconds
2022-04-05T19:42:02.688+0000: 1917.849: Total time for which application threads were stopped: 0.0002596 seconds, Stopping threads took: 0.0000793 seconds
2022-04-05T19:42:07.689+0000: 1922.850: Total time for which application threads were stopped: 0.0002018 seconds, Stopping threads took: 0.0000492 seconds
2022-04-05T19:42:12.690+0000: 1927.851: Total time for which application threads were stopped: 0.0001668 seconds, Stopping threads took: 0.0000461 seconds
2022-04-05T19:42:22.691+0000: 1937.852: Total time for which application threads were stopped: 0.0001655 seconds, Stopping threads took: 0.0000428 seconds
2022-04-05T19:42:32.693+0000: 1947.853: Total time for which application threads were stopped: 0.0001848 seconds, Stopping threads took: 0.0000390 seconds
2022-04-05T19:42:42.694+0000: 1957.855: Total time for which application threads were stopped: 0.0001610 seconds, Stopping threads took: 0.0000435 seconds
2022-04-05T19:43:12.698+0000: 1987.859: Total time for which application threads were stopped: 0.0002270 seconds, Stopping threads took: 0.0000568 seconds
2022-04-05T19:43:42.702+0000: 2017.863: Total time for which application threads were stopped: 0.0001832 seconds, Stopping threads took: 0.0000497 seconds
2022-04-05T19:44:12.706+0000: 2047.867: Total time for which application threads were stopped: 0.0002394 seconds, Stopping threads took: 0.0000647 seconds
2022-04-05T19:44:14.707+0000: 2049.868: Total time for which application threads were stopped: 0.0002578 seconds, Stopping threads took: 0.0000667 seconds
2022-04-05T19:45:01.713+0000: 2096.874: Total time for which application threads were stopped: 0.0002477 seconds, Stopping threads took: 0.0000762 seconds
2022-04-05T19:45:02.714+0000: 2097.875: Total time for which application threads were stopped: 0.0003223 seconds, Stopping threads took: 0.0001524 seconds
2022-04-05T19:45:12.715+0000: 2107.876: Total time for which application threads were stopped: 0.0002107 seconds, Stopping threads took: 0.0000566 seconds
2022-04-05T19:45:43.719+0000: 2138.880: Total time for which application threads were stopped: 0.0002767 seconds, Stopping threads took: 0.0000707 seconds
2022-04-05T19:45:45.720+0000: 2140.881: Total time for which application threads were stopped: 0.0001833 seconds, Stopping threads took: 0.0000399 seconds
2022-04-05T19:46:11.723+0000: 2166.884: Total time for which application threads were stopped: 0.0001623 seconds, Stopping threads took: 0.0000450 seconds
2022-04-05T19:46:52.728+0000: 2207.889: Total time for which application threads were stopped: 0.0001764 seconds, Stopping threads took: 0.0000497 seconds
{Heap before GC invocations=5 (full 1):
 par new generation   total 184320K, used 176664K [0x00000000c0000000, 0x00000000cc800000, 0x00000000cc800000)
  eden space 163840K, 100% used [0x00000000c0000000, 0x00000000ca000000, 0x00000000ca000000)
  from space 20480K,  62% used [0x00000000cb400000, 0x00000000cc086250, 0x00000000cc800000)
  to   space 20480K,   0% used [0x00000000ca000000, 0x00000000ca000000, 0x00000000cb400000)
 concurrent mark-sweep generation total 843776K, used 55308K [0x00000000cc800000, 0x0000000100000000, 0x0000000100000000)
 Metaspace       used 39684K, capacity 40816K, committed 41112K, reserved 1085440K
  class space    used 5456K, capacity 5743K, committed 5784K, reserved 1048576K
2022-04-05T19:47:12.503+0000: 2227.664: [GC (Allocation Failure) 2022-04-05T19:47:12.503+0000: 2227.664: [ParNew
Desired survivor size 10485760 bytes, new threshold 1 (max 1)
- age   1:    3061168 bytes,    3061168 total
: 176664K->6345K(184320K), 0.0196636 secs] 231972K->65900K(1028096K), 0.0198113 secs] [Times: user=0.04 sys=0.00, real=0.02 secs] 
Heap after GC invocations=6 (full 1):
 par new generation   total 184320K, used 6345K [0x00000000c0000000, 0x00000000cc800000, 0x00000000cc800000)
  eden space 163840K,   0% used [0x00000000c0000000, 0x00000000c0000000, 0x00000000ca000000)
  from space 20480K,  30% used [0x00000000ca000000, 0x00000000ca632550, 0x00000000cb400000)
  to   space 20480K,   0% used [0x00000000cb400000, 0x00000000cb400000, 0x00000000cc800000)
 concurrent mark-sweep generation total 843776K, used 59555K [0x00000000cc800000, 0x0000000100000000, 0x0000000100000000)
 Metaspace       used 39684K, capacity 40816K, committed 41112K, reserved 1085440K
  class space    used 5456K, capacity 5743K, committed 5784K, reserved 1048576K
}
2022-04-05T19:47:12.523+0000: 2227.684: Total time for which application threads were stopped: 0.0201821 seconds, Stopping threads took: 0.0001380 seconds
2022-04-05T19:47:13.524+0000: 2228.685: Total time for which application threads were stopped: 0.0001637 seconds, Stopping threads took: 0.0000476 seconds
2022-04-05T19:47:15.525+0000: 2230.686: Total time for which application threads were stopped: 0.0001723 seconds, Stopping threads took: 0.0000456 seconds
2022-04-05T19:48:15.532+0000: 2290.693: Total time for which application threads were stopped: 0.0002015 seconds, Stopping threads took: 0.0000503 seconds
2022-04-05T19:49:12.539+0000: 2347.700: Total time for which application threads were stopped: 0.0002765 seconds, Stopping threads took: 0.0001382 seconds
2022-04-05T19:49:15.540+0000: 2350.701: Total time for which application threads were stopped: 0.0001760 seconds, Stopping threads took: 0.0000550 seconds
2022-04-05T19:50:43.552+0000: 2438.713: Total time for which application threads were stopped: 0.0002265 seconds, Stopping threads took: 0.0000523 seconds
2022-04-05T19:50:52.554+0000: 2447.714: Total time for which application threads were stopped: 0.0001818 seconds, Stopping threads took: 0.0000630 seconds
2022-04-05T19:51:11.556+0000: 2466.717: Total time for which application threads were stopped: 0.0002023 seconds, Stopping threads took: 0.0000500 seconds
2022-04-05T19:51:14.557+0000: 2469.718: Total time for which application threads were stopped: 0.0001840 seconds, Stopping threads took: 0.0000633 seconds
2022-04-05T19:51:45.561+0000: 2500.722: Total time for which application threads were stopped: 0.0002981 seconds, Stopping threads took: 0.0001208 seconds
2022-04-05T19:51:57.563+0000: 2512.724: Total time for which application threads were stopped: 0.0003347 seconds, Stopping threads took: 0.0001142 seconds
2022-04-05T19:52:15.566+0000: 2530.727: Total time for which application threads were stopped: 0.0001764 seconds, Stopping threads took: 0.0000584 seconds
2022-04-05T19:52:53.571+0000: 2568.731: Total time for which application threads were stopped: 0.0001656 seconds, Stopping threads took: 0.0000469 seconds
2022-04-05T19:53:23.574+0000: 2598.735: Total time for which application threads were stopped: 0.0003325 seconds, Stopping threads took: 0.0000758 seconds
2022-04-05T19:54:57.587+0000: 2692.748: Total time for which application threads were stopped: 0.0003037 seconds, Stopping threads took: 0.0001409 seconds
2022-04-05T19:55:43.593+0000: 2738.754: Total time for which application threads were stopped: 0.0002560 seconds, Stopping threads took: 0.0000776 seconds
2022-04-05T19:56:03.596+0000: 2758.757: Total time for which application threads were stopped: 0.0001883 seconds, Stopping threads took: 0.0000482 seconds
2022-04-05T19:56:05.597+0000: 2760.758: Total time for which application threads were stopped: 0.0001546 seconds, Stopping threads took: 0.0000426 seconds
2022-04-05T19:56:06.597+0000: 2761.758: Total time for which application threads were stopped: 0.0002119 seconds, Stopping threads took: 0.0000442 seconds
2022-04-05T19:56:11.598+0000: 2766.759: Total time for which application threads were stopped: 0.0001662 seconds, Stopping threads took: 0.0000434 seconds
2022-04-05T19:56:12.598+0000: 2767.759: Total time for which application threads were stopped: 0.0001531 seconds, Stopping threads took: 0.0000414 seconds
2022-04-05T19:56:15.599+0000: 2770.760: Total time for which application threads were stopped: 0.0002118 seconds, Stopping threads took: 0.0000453 seconds
2022-04-05T19:57:12.606+0000: 2827.766: Total time for which application threads were stopped: 0.0002094 seconds, Stopping threads took: 0.0000560 seconds
2022-04-05T19:57:45.610+0000: 2860.771: Total time for which application threads were stopped: 0.0001813 seconds, Stopping threads took: 0.0000530 seconds
2022-04-05T19:58:12.614+0000: 2887.774: Total time for which application threads were stopped: 0.0001555 seconds, Stopping threads took: 0.0000406 seconds
2022-04-05T19:58:15.614+0000: 2890.775: Total time for which application threads were stopped: 0.0001601 seconds, Stopping threads took: 0.0000462 seconds
2022-04-05T19:59:14.623+0000: 2949.783: Total time for which application threads were stopped: 0.0001851 seconds, Stopping threads took: 0.0000577 seconds
2022-04-05T19:59:33.626+0000: 2968.786: Total time for which application threads were stopped: 0.0001797 seconds, Stopping threads took: 0.0000496 seconds
2022-04-05T19:59:36.626+0000: 2971.787: Total time for which application threads were stopped: 0.0002307 seconds, Stopping threads took: 0.0000431 seconds
2022-04-05T19:59:39.627+0000: 2974.788: Total time for which application threads were stopped: 0.0001604 seconds, Stopping threads took: 0.0000399 seconds
2022-04-05T19:59:42.627+0000: 2977.788: Total time for which application threads were stopped: 0.0002182 seconds, Stopping threads took: 0.0000857 seconds
2022-04-05T19:59:43.627+0000: 2978.788: Total time for which application threads were stopped: 0.0001560 seconds, Stopping threads took: 0.0000422 seconds
2022-04-05T19:59:45.628+0000: 2980.789: Total time for which application threads were stopped: 0.0001666 seconds, Stopping threads took: 0.0000434 seconds
2022-04-05T19:59:48.628+0000: 2983.789: Total time for which application threads were stopped: 0.0001619 seconds, Stopping threads took: 0.0000409 seconds
2022-04-05T19:59:50.629+0000: 2985.790: Total time for which application threads were stopped: 0.0001624 seconds, Stopping threads took: 0.0000427 seconds
2022-04-05T19:59:53.629+0000: 2988.790: Total time for which application threads were stopped: 0.0001667 seconds, Stopping threads took: 0.0000390 seconds
2022-04-05T20:00:02.630+0000: 2997.791: Total time for which application threads were stopped: 0.0001696 seconds, Stopping threads took: 0.0000455 seconds
2022-04-05T20:00:05.631+0000: 3000.792: Total time for which application threads were stopped: 0.0001807 seconds, Stopping threads took: 0.0000441 seconds
2022-04-05T20:00:11.632+0000: 3006.793: Total time for which application threads were stopped: 0.0001759 seconds, Stopping threads took: 0.0000524 seconds
2022-04-05T20:00:14.632+0000: 3009.793: Total time for which application threads were stopped: 0.0001800 seconds, Stopping threads took: 0.0000600 seconds
2022-04-05T20:00:17.633+0000: 3012.794: Total time for which application threads were stopped: 0.0001616 seconds, Stopping threads took: 0.0000471 seconds
2022-04-05T20:00:20.633+0000: 3015.794: Total time for which application threads were stopped: 0.0001603 seconds, Stopping threads took: 0.0000422 seconds
2022-04-05T20:00:23.634+0000: 3018.795: Total time for which application threads were stopped: 0.0001564 seconds, Stopping threads took: 0.0000437 seconds
2022-04-05T20:00:26.634+0000: 3021.795: Total time for which application threads were stopped: 0.0002350 seconds, Stopping threads took: 0.0000645 seconds
2022-04-05T20:00:29.635+0000: 3024.796: Total time for which application threads were stopped: 0.0002549 seconds, Stopping threads took: 0.0000802 seconds
2022-04-05T20:00:33.636+0000: 3028.797: Total time for which application threads were stopped: 0.0002470 seconds, Stopping threads took: 0.0000633 seconds
2022-04-05T20:00:36.637+0000: 3031.798: Total time for which application threads were stopped: 0.0002573 seconds, Stopping threads took: 0.0000615 seconds
2022-04-05T20:00:39.637+0000: 3034.798: Total time for which application threads were stopped: 0.0002380 seconds, Stopping threads took: 0.0000551 seconds
2022-04-05T20:00:42.638+0000: 3037.799: Total time for which application threads were stopped: 0.0002356 seconds, Stopping threads took: 0.0000634 seconds
2022-04-05T20:00:43.639+0000: 3038.799: Total time for which application threads were stopped: 0.0002484 seconds, Stopping threads took: 0.0000511 seconds
2022-04-05T20:00:45.639+0000: 3040.800: Total time for which application threads were stopped: 0.0001750 seconds, Stopping threads took: 0.0000460 seconds
2022-04-05T20:00:51.640+0000: 3046.801: Total time for which application threads were stopped: 0.0001712 seconds, Stopping threads took: 0.0000483 seconds
2022-04-05T20:00:53.640+0000: 3048.801: Total time for which application threads were stopped: 0.0001603 seconds, Stopping threads took: 0.0000432 seconds
2022-04-05T20:01:02.642+0000: 3057.802: Total time for which application threads were stopped: 0.0001651 seconds, Stopping threads took: 0.0000471 seconds
2022-04-05T20:01:05.642+0000: 3060.803: Total time for which application threads were stopped: 0.0001634 seconds, Stopping threads took: 0.0000412 seconds
2022-04-05T20:01:08.643+0000: 3063.804: Total time for which application threads were stopped: 0.0002422 seconds, Stopping threads took: 0.0000667 seconds
2022-04-05T20:01:11.643+0000: 3066.804: Total time for which application threads were stopped: 0.0002407 seconds, Stopping threads took: 0.0000494 seconds
2022-04-05T20:01:23.645+0000: 3078.806: Total time for which application threads were stopped: 0.0001736 seconds, Stopping threads took: 0.0000490 seconds
2022-04-05T20:01:26.646+0000: 3081.807: Total time for which application threads were stopped: 0.0001677 seconds, Stopping threads took: 0.0000450 seconds
2022-04-05T20:01:35.647+0000: 3090.808: Total time for which application threads were stopped: 0.0001683 seconds, Stopping threads took: 0.0000439 seconds
2022-04-05T20:01:38.648+0000: 3093.808: Total time for which application threads were stopped: 0.0001763 seconds, Stopping threads took: 0.0000531 seconds
2022-04-05T20:01:42.648+0000: 3097.809: Total time for which application threads were stopped: 0.0001612 seconds, Stopping threads took: 0.0000411 seconds
2022-04-05T20:01:43.648+0000: 3098.809: Total time for which application threads were stopped: 0.0001580 seconds, Stopping threads took: 0.0000436 seconds
2022-04-05T20:01:45.649+0000: 3100.810: Total time for which application threads were stopped: 0.0001967 seconds, Stopping threads took: 0.0000403 seconds
2022-04-05T20:01:48.649+0000: 3103.810: Total time for which application threads were stopped: 0.0001702 seconds, Stopping threads took: 0.0000404 seconds
2022-04-05T20:01:51.650+0000: 3106.811: Total time for which application threads were stopped: 0.0001731 seconds, Stopping threads took: 0.0000443 seconds
2022-04-05T20:01:54.650+0000: 3109.811: Total time for which application threads were stopped: 0.0001721 seconds, Stopping threads took: 0.0000452 seconds
2022-04-05T20:02:00.651+0000: 3115.812: Total time for which application threads were stopped: 0.0001583 seconds, Stopping threads took: 0.0000401 seconds
2022-04-05T20:02:03.652+0000: 3118.813: Total time for which application threads were stopped: 0.0001660 seconds, Stopping threads took: 0.0000432 seconds
2022-04-05T20:02:05.652+0000: 3120.813: Total time for which application threads were stopped: 0.0001563 seconds, Stopping threads took: 0.0000422 seconds
2022-04-05T20:02:08.653+0000: 3123.814: Total time for which application threads were stopped: 0.0002425 seconds, Stopping threads took: 0.0000678 seconds
2022-04-05T20:02:11.654+0000: 3126.815: Total time for which application threads were stopped: 0.0002262 seconds, Stopping threads took: 0.0000550 seconds
2022-04-05T20:02:15.654+0000: 3130.815: Total time for which application threads were stopped: 0.0001775 seconds, Stopping threads took: 0.0000434 seconds
2022-04-05T20:02:41.658+0000: 3156.819: Total time for which application threads were stopped: 0.0001895 seconds, Stopping threads took: 0.0000468 seconds
2022-04-05T20:03:43.665+0000: 3218.826: Total time for which application threads were stopped: 0.0002277 seconds, Stopping threads took: 0.0000633 seconds
2022-04-05T20:04:03.668+0000: 3238.829: Total time for which application threads were stopped: 0.0002385 seconds, Stopping threads took: 0.0000665 seconds
2022-04-05T20:05:12.676+0000: 3307.837: Total time for which application threads were stopped: 0.0002357 seconds, Stopping threads took: 0.0000650 seconds
2022-04-05T20:05:15.677+0000: 3310.838: Total time for which application threads were stopped: 0.0001643 seconds, Stopping threads took: 0.0000431 seconds
2022-04-05T20:05:23.678+0000: 3318.839: Total time for which application threads were stopped: 0.0001743 seconds, Stopping threads took: 0.0000462 seconds
2022-04-05T20:05:43.681+0000: 3338.842: Total time for which application threads were stopped: 0.0002034 seconds, Stopping threads took: 0.0000498 seconds
2022-04-05T20:05:53.682+0000: 3348.843: Total time for which application threads were stopped: 0.0001923 seconds, Stopping threads took: 0.0000453 seconds
2022-04-05T20:06:11.685+0000: 3366.846: Total time for which application threads were stopped: 0.0002857 seconds, Stopping threads took: 0.0000444 seconds
2022-04-05T20:08:12.700+0000: 3487.861: Total time for which application threads were stopped: 0.0002114 seconds, Stopping threads took: 0.0000641 seconds
2022-04-05T20:08:13.700+0000: 3488.861: Total time for which application threads were stopped: 0.0001879 seconds, Stopping threads took: 0.0000574 seconds
2022-04-05T20:09:45.711+0000: 3580.871: Total time for which application threads were stopped: 0.0002019 seconds, Stopping threads took: 0.0000609 seconds
2022-04-05T20:10:09.714+0000: 3604.875: Total time for which application threads were stopped: 0.0003802 seconds, Stopping threads took: 0.0000879 seconds
2022-04-05T20:10:10.714+0000: 3605.875: Total time for which application threads were stopped: 0.0003172 seconds, Stopping threads took: 0.0000494 seconds
2022-04-05T20:10:11.715+0000: 3606.875: Total time for which application threads were stopped: 0.0001735 seconds, Stopping threads took: 0.0000465 seconds
2022-04-05T20:10:12.715+0000: 3607.876: Total time for which application threads were stopped: 0.0001774 seconds, Stopping threads took: 0.0000444 seconds
2022-04-05T20:10:21.716+0000: 3616.877: Total time for which application threads were stopped: 0.0001662 seconds, Stopping threads took: 0.0000437 seconds
2022-04-05T20:10:23.717+0000: 3618.877: Total time for which application threads were stopped: 0.0001766 seconds, Stopping threads took: 0.0000489 seconds
{Heap before GC invocations=6 (full 1):
 par new generation   total 184320K, used 170185K [0x00000000c0000000, 0x00000000cc800000, 0x00000000cc800000)
  eden space 163840K, 100% used [0x00000000c0000000, 0x00000000ca000000, 0x00000000ca000000)
  from space 20480K,  30% used [0x00000000ca000000, 0x00000000ca632550, 0x00000000cb400000)
  to   space 20480K,   0% used [0x00000000cb400000, 0x00000000cb400000, 0x00000000cc800000)
 concurrent mark-sweep generation total 843776K, used 59555K [0x00000000cc800000, 0x0000000100000000, 0x0000000100000000)
 Metaspace       used 40245K, capacity 41364K, committed 41624K, reserved 1085440K
  class space    used 5473K, capacity 5749K, committed 5784K, reserved 1048576K
2022-04-05T20:10:43.715+0000: 3638.876: [GC (Allocation Failure) 2022-04-05T20:10:43.715+0000: 3638.876: [ParNew
Desired survivor size 10485760 bytes, new threshold 1 (max 1)
- age   1:    9475024 bytes,    9475024 total
: 170185K->9941K(184320K), 0.0260101 secs] 229740K->69542K(1028096K), 0.0261829 secs] [Times: user=0.06 sys=0.00, real=0.03 secs] 
Heap after GC invocations=7 (full 1):
 par new generation   total 184320K, used 9941K [0x00000000c0000000, 0x00000000cc800000, 0x00000000cc800000)
  eden space 163840K,   0% used [0x00000000c0000000, 0x00000000c0000000, 0x00000000ca000000)
  from space 20480K,  48% used [0x00000000cb400000, 0x00000000cbdb5620, 0x00000000cc800000)
  to   space 20480K,   0% used [0x00000000ca000000, 0x00000000ca000000, 0x00000000cb400000)
 concurrent mark-sweep generation total 843776K, used 59600K [0x00000000cc800000, 0x0000000100000000, 0x0000000100000000)
 Metaspace       used 40245K, capacity 41364K, committed 41624K, reserved 1085440K
  class space    used 5473K, capacity 5749K, committed 5784K, reserved 1048576K
}
2022-04-05T20:10:43.741+0000: 3638.902: Total time for which application threads were stopped: 0.0265470 seconds, Stopping threads took: 0.0000823 seconds
2022-04-05T20:10:44.743+0000: 3639.904: Total time for which application threads were stopped: 0.0001960 seconds, Stopping threads took: 0.0000451 seconds
2022-04-05T20:11:03.746+0000: 3658.906: Total time for which application threads were stopped: 0.0001987 seconds, Stopping threads took: 0.0000585 seconds
2022-04-05T20:11:10.747+0000: 3665.908: Total time for which application threads were stopped: 0.0001634 seconds, Stopping threads took: 0.0000461 seconds
2022-04-05T20:11:11.747+0000: 3666.908: Total time for which application threads were stopped: 0.0001550 seconds, Stopping threads took: 0.0000415 seconds
2022-04-05T20:11:12.747+0000: 3667.908: Total time for which application threads were stopped: 0.0001621 seconds, Stopping threads took: 0.0000406 seconds
2022-04-05T20:12:12.755+0000: 3727.915: Total time for which application threads were stopped: 0.0001772 seconds, Stopping threads took: 0.0000477 seconds
2022-04-05T20:12:13.755+0000: 3728.916: Total time for which application threads were stopped: 0.0001587 seconds, Stopping threads took: 0.0000435 seconds
2022-04-05T20:12:15.755+0000: 3730.916: Total time for which application threads were stopped: 0.0001733 seconds, Stopping threads took: 0.0000452 seconds
2022-04-05T20:13:12.763+0000: 3787.923: Total time for which application threads were stopped: 0.0001855 seconds, Stopping threads took: 0.0000580 seconds
2022-04-05T20:13:15.763+0000: 3790.924: Total time for which application threads were stopped: 0.0002046 seconds, Stopping threads took: 0.0000421 seconds
2022-04-05T20:13:41.767+0000: 3816.927: Total time for which application threads were stopped: 0.0002064 seconds, Stopping threads took: 0.0000493 seconds
2022-04-05T20:14:12.771+0000: 3847.932: Total time for which application threads were stopped: 0.0001729 seconds, Stopping threads took: 0.0000453 seconds
2022-04-05T20:14:13.771+0000: 3848.932: Total time for which application threads were stopped: 0.0001603 seconds, Stopping threads took: 0.0000408 seconds
2022-04-05T20:14:23.773+0000: 3858.933: Total time for which application threads were stopped: 0.0001596 seconds, Stopping threads took: 0.0000408 seconds
2022-04-05T20:14:53.776+0000: 3888.937: Total time for which application threads were stopped: 0.0001968 seconds, Stopping threads took: 0.0000518 seconds
2022-04-05T20:15:41.783+0000: 3936.944: Total time for which application threads were stopped: 0.0002906 seconds, Stopping threads took: 0.0000858 seconds
2022-04-05T20:15:43.788+0000: 3938.949: Total time for which application threads were stopped: 0.0043314 seconds, Stopping threads took: 0.0040738 seconds
2022-04-05T20:15:44.788+0000: 3939.949: Total time for which application threads were stopped: 0.0002441 seconds, Stopping threads took: 0.0000712 seconds
2022-04-05T20:16:16.793+0000: 3971.954: Total time for which application threads were stopped: 0.0002980 seconds, Stopping threads took: 0.0001398 seconds
2022-04-05T20:20:44.828+0000: 4239.989: Total time for which application threads were stopped: 0.0002211 seconds, Stopping threads took: 0.0000651 seconds
2022-04-05T20:20:53.830+0000: 4248.991: Total time for which application threads were stopped: 0.0001978 seconds, Stopping threads took: 0.0000543 seconds
2022-04-05T20:21:42.837+0000: 4297.997: Total time for which application threads were stopped: 0.0002298 seconds, Stopping threads took: 0.0000588 seconds
2022-04-05T20:22:16.841+0000: 4332.002: Total time for which application threads were stopped: 0.0001624 seconds, Stopping threads took: 0.0000454 seconds
2022-04-05T20:25:42.867+0000: 4538.028: Total time for which application threads were stopped: 0.0002070 seconds, Stopping threads took: 0.0000636 seconds
2022-04-05T20:25:44.867+0000: 4540.028: Total time for which application threads were stopped: 0.0001786 seconds, Stopping threads took: 0.0000469 seconds
2022-04-05T20:26:11.871+0000: 4567.032: Total time for which application threads were stopped: 0.0001734 seconds, Stopping threads took: 0.0000511 seconds
2022-04-05T20:26:13.871+0000: 4569.032: Total time for which application threads were stopped: 0.0001583 seconds, Stopping threads took: 0.0000435 seconds
2022-04-05T20:26:23.873+0000: 4579.034: Total time for which application threads were stopped: 0.0002172 seconds, Stopping threads took: 0.0000509 seconds
2022-04-05T20:26:43.875+0000: 4599.036: Total time for which application threads were stopped: 0.0001531 seconds, Stopping threads took: 0.0000404 seconds
2022-04-05T20:27:13.880+0000: 4629.040: Total time for which application threads were stopped: 0.0001799 seconds, Stopping threads took: 0.0000558 seconds
2022-04-05T20:27:42.883+0000: 4658.044: Total time for which application threads were stopped: 0.0001857 seconds, Stopping threads took: 0.0000507 seconds
2022-04-05T20:28:03.886+0000: 4679.047: Total time for which application threads were stopped: 0.0001673 seconds, Stopping threads took: 0.0000416 seconds
2022-04-05T20:28:12.887+0000: 4688.048: Total time for which application threads were stopped: 0.0001668 seconds, Stopping threads took: 0.0000413 seconds
2022-04-05T20:28:42.891+0000: 4718.052: Total time for which application threads were stopped: 0.0002708 seconds, Stopping threads took: 0.0000637 seconds
2022-04-05T20:29:16.896+0000: 4752.057: Total time for which application threads were stopped: 0.0002326 seconds, Stopping threads took: 0.0000652 seconds
2022-04-05T20:29:23.897+0000: 4759.058: Total time for which application threads were stopped: 0.0002022 seconds, Stopping threads took: 0.0000453 seconds
2022-04-05T20:29:47.900+0000: 4783.061: Total time for which application threads were stopped: 0.0001678 seconds, Stopping threads took: 0.0000503 seconds
2022-04-05T20:30:12.904+0000: 4808.065: Total time for which application threads were stopped: 0.0002475 seconds, Stopping threads took: 0.0000414 seconds
2022-04-05T20:30:13.904+0000: 4809.065: Total time for which application threads were stopped: 0.0001578 seconds, Stopping threads took: 0.0000414 seconds
2022-04-05T20:30:44.908+0000: 4840.069: Total time for which application threads were stopped: 0.0001850 seconds, Stopping threads took: 0.0000475 seconds
2022-04-05T20:30:53.909+0000: 4849.070: Total time for which application threads were stopped: 0.0001852 seconds, Stopping threads took: 0.0000488 seconds
2022-04-05T20:31:12.912+0000: 4868.073: Total time for which application threads were stopped: 0.0002158 seconds, Stopping threads took: 0.0000575 seconds
2022-04-05T20:35:31.946+0000: 5127.106: Total time for which application threads were stopped: 0.0002916 seconds, Stopping threads took: 0.0000868 seconds
2022-04-05T20:35:44.947+0000: 5140.108: Total time for which application threads were stopped: 0.0002173 seconds, Stopping threads took: 0.0000459 seconds
2022-04-05T20:35:53.949+0000: 5149.109: Total time for which application threads were stopped: 0.0001654 seconds, Stopping threads took: 0.0000459 seconds
2022-04-05T20:36:03.950+0000: 5159.111: Total time for which application threads were stopped: 0.0001609 seconds, Stopping threads took: 0.0000422 seconds
2022-04-05T20:36:43.955+0000: 5199.116: Total time for which application threads were stopped: 0.0001719 seconds, Stopping threads took: 0.0000541 seconds
2022-04-05T20:39:16.976+0000: 5352.137: Total time for which application threads were stopped: 0.0002187 seconds, Stopping threads took: 0.0000664 seconds
{Heap before GC invocations=7 (full 1):
 par new generation   total 184320K, used 173781K [0x00000000c0000000, 0x00000000cc800000, 0x00000000cc800000)
  eden space 163840K, 100% used [0x00000000c0000000, 0x00000000ca000000, 0x00000000ca000000)
  from space 20480K,  48% used [0x00000000cb400000, 0x00000000cbdb5620, 0x00000000cc800000)
  to   space 20480K,   0% used [0x00000000ca000000, 0x00000000ca000000, 0x00000000cb400000)
 concurrent mark-sweep generation total 843776K, used 59600K [0x00000000cc800000, 0x0000000100000000, 0x0000000100000000)
 Metaspace       used 40357K, capacity 41492K, committed 41624K, reserved 1085440K
  class space    used 5473K, capacity 5749K, committed 5784K, reserved 1048576K
2022-04-05T20:40:44.205+0000: 5439.366: [GC (Allocation Failure) 2022-04-05T20:40:44.205+0000: 5439.366: [ParNew
Desired survivor size 10485760 bytes, new threshold 1 (max 1)
- age   1:    4278696 bytes,    4278696 total
: 173781K->8871K(184320K), 0.0206743 secs] 233382K->75957K(1028096K), 0.0207895 secs] [Times: user=0.04 sys=0.00, real=0.02 secs] 
Heap after GC invocations=8 (full 1):
 par new generation   total 184320K, used 8871K [0x00000000c0000000, 0x00000000cc800000, 0x00000000cc800000)
  eden space 163840K,   0% used [0x00000000c0000000, 0x00000000c0000000, 0x00000000ca000000)
  from space 20480K,  43% used [0x00000000ca000000, 0x00000000ca8a9e48, 0x00000000cb400000)
  to   space 20480K,   0% used [0x00000000cb400000, 0x00000000cb400000, 0x00000000cc800000)
 concurrent mark-sweep generation total 843776K, used 67085K [0x00000000cc800000, 0x0000000100000000, 0x0000000100000000)
 Metaspace       used 40357K, capacity 41492K, committed 41624K, reserved 1085440K
  class space    used 5473K, capacity 5749K, committed 5784K, reserved 1048576K
}
2022-04-05T20:40:44.226+0000: 5439.387: Total time for which application threads were stopped: 0.0210788 seconds, Stopping threads took: 0.0000625 seconds
2022-04-05T20:40:45.227+0000: 5440.388: Total time for which application threads were stopped: 0.0001599 seconds, Stopping threads took: 0.0000423 seconds
2022-04-05T20:41:12.231+0000: 5467.392: Total time for which application threads were stopped: 0.0002718 seconds, Stopping threads took: 0.0000547 seconds
2022-04-05T20:41:13.231+0000: 5468.392: Total time for which application threads were stopped: 0.0001685 seconds, Stopping threads took: 0.0000430 seconds
2022-04-05T20:41:43.235+0000: 5498.396: Total time for which application threads were stopped: 0.0002779 seconds, Stopping threads took: 0.0001238 seconds
2022-04-05T20:41:47.236+0000: 5502.396: Total time for which application threads were stopped: 0.0001701 seconds, Stopping threads took: 0.0000440 seconds
2022-04-05T20:41:55.237+0000: 5510.398: Total time for which application threads were stopped: 0.0002475 seconds, Stopping threads took: 0.0000647 seconds
2022-04-05T20:42:13.240+0000: 5528.401: Total time for which application threads were stopped: 0.0002277 seconds, Stopping threads took: 0.0000533 seconds
2022-04-05T20:42:43.244+0000: 5558.405: Total time for which application threads were stopped: 0.0001804 seconds, Stopping threads took: 0.0000419 seconds
2022-04-05T20:43:15.248+0000: 5590.409: Total time for which application threads were stopped: 0.0001945 seconds, Stopping threads took: 0.0000600 seconds
2022-04-05T20:44:06.254+0000: 5641.415: Total time for which application threads were stopped: 0.0001816 seconds, Stopping threads took: 0.0000572 seconds
2022-04-05T20:44:47.259+0000: 5682.420: Total time for which application threads were stopped: 0.0001642 seconds, Stopping threads took: 0.0000443 seconds
2022-04-05T20:44:53.261+0000: 5688.421: Total time for which application threads were stopped: 0.0001735 seconds, Stopping threads took: 0.0000487 seconds
2022-04-05T20:45:43.267+0000: 5738.428: Total time for which application threads were stopped: 0.0002358 seconds, Stopping threads took: 0.0000643 seconds
2022-04-05T20:45:45.267+0000: 5740.428: Total time for which application threads were stopped: 0.0001702 seconds, Stopping threads took: 0.0000489 seconds
2022-04-05T20:48:17.288+0000: 5892.448: Total time for which application threads were stopped: 0.0002114 seconds, Stopping threads took: 0.0000660 seconds
2022-04-05T20:50:45.306+0000: 6040.467: Total time for which application threads were stopped: 0.0002675 seconds, Stopping threads took: 0.0001301 seconds
2022-04-05T20:51:12.310+0000: 6067.471: Total time for which application threads were stopped: 0.0002026 seconds, Stopping threads took: 0.0000571 seconds
2022-04-05T20:51:53.315+0000: 6108.476: Total time for which application threads were stopped: 0.0001788 seconds, Stopping threads took: 0.0000529 seconds
2022-04-05T20:52:03.317+0000: 6118.478: Total time for which application threads were stopped: 0.0002746 seconds, Stopping threads took: 0.0000576 seconds
2022-04-05T20:53:23.327+0000: 6198.488: Total time for which application threads were stopped: 0.0001987 seconds, Stopping threads took: 0.0000606 seconds
2022-04-05T20:54:03.332+0000: 6238.493: Total time for which application threads were stopped: 0.0001725 seconds, Stopping threads took: 0.0000481 seconds
2022-04-05T20:54:13.334+0000: 6248.495: Total time for which application threads were stopped: 0.0001659 seconds, Stopping threads took: 0.0000447 seconds
2022-04-05T20:55:13.342+0000: 6308.503: Total time for which application threads were stopped: 0.0001874 seconds, Stopping threads took: 0.0000572 seconds
2022-04-05T20:55:45.346+0000: 6340.507: Total time for which application threads were stopped: 0.0002052 seconds, Stopping threads took: 0.0000472 seconds
2022-04-05T20:57:13.357+0000: 6428.518: Total time for which application threads were stopped: 0.0001832 seconds, Stopping threads took: 0.0000545 seconds
2022-04-05T20:57:23.358+0000: 6438.519: Total time for which application threads were stopped: 0.0001721 seconds, Stopping threads took: 0.0000468 seconds
2022-04-05T21:00:13.379+0000: 6608.540: Total time for which application threads were stopped: 0.0002030 seconds, Stopping threads took: 0.0000609 seconds
2022-04-05T21:01:12.387+0000: 6667.548: Total time for which application threads were stopped: 0.0002153 seconds, Stopping threads took: 0.0000842 seconds
2022-04-05T21:05:44.422+0000: 6939.583: Total time for which application threads were stopped: 0.0002178 seconds, Stopping threads took: 0.0000675 seconds
2022-04-05T21:05:48.423+0000: 6943.584: Total time for which application threads were stopped: 0.0002026 seconds, Stopping threads took: 0.0000414 seconds
{Heap before GC invocations=8 (full 1):
 par new generation   total 184320K, used 172711K [0x00000000c0000000, 0x00000000cc800000, 0x00000000cc800000)
  eden space 163840K, 100% used [0x00000000c0000000, 0x00000000ca000000, 0x00000000ca000000)
  from space 20480K,  43% used [0x00000000ca000000, 0x00000000ca8a9e48, 0x00000000cb400000)
  to   space 20480K,   0% used [0x00000000cb400000, 0x00000000cb400000, 0x00000000cc800000)
 concurrent mark-sweep generation total 843776K, used 67085K [0x00000000cc800000, 0x0000000100000000, 0x0000000100000000)
 Metaspace       used 40392K, capacity 41556K, committed 41624K, reserved 1085440K
  class space    used 5473K, capacity 5749K, committed 5784K, reserved 1048576K
2022-04-05T21:09:12.542+0000: 7147.703: [GC (Allocation Failure) 2022-04-05T21:09:12.542+0000: 7147.703: [ParNew
Desired survivor size 10485760 bytes, new threshold 1 (max 1)
- age   1:    3067584 bytes,    3067584 total
: 172711K->3736K(184320K), 0.0125997 secs] 239797K->70851K(1028096K), 0.0127804 secs] [Times: user=0.02 sys=0.00, real=0.01 secs] 
Heap after GC invocations=9 (full 1):
 par new generation   total 184320K, used 3736K [0x00000000c0000000, 0x00000000cc800000, 0x00000000cc800000)
  eden space 163840K,   0% used [0x00000000c0000000, 0x00000000c0000000, 0x00000000ca000000)
  from space 20480K,  18% used [0x00000000cb400000, 0x00000000cb7a60f8, 0x00000000cc800000)
  to   space 20480K,   0% used [0x00000000ca000000, 0x00000000ca000000, 0x00000000cb400000)
 concurrent mark-sweep generation total 843776K, used 67114K [0x00000000cc800000, 0x0000000100000000, 0x0000000100000000)
 Metaspace       used 40392K, capacity 41556K, committed 41624K, reserved 1085440K
  class space    used 5473K, capacity 5749K, committed 5784K, reserved 1048576K
}
2022-04-05T21:09:12.555+0000: 7147.716: Total time for which application threads were stopped: 0.0131337 seconds, Stopping threads took: 0.0001133 seconds
2022-04-05T21:09:13.555+0000: 7148.716: Total time for which application threads were stopped: 0.0001576 seconds, Stopping threads took: 0.0000452 seconds
2022-04-05T21:10:09.563+0000: 7204.724: Total time for which application threads were stopped: 0.0001946 seconds, Stopping threads took: 0.0000516 seconds
2022-04-05T21:10:09.964+0000: 7205.125: Total time for which application threads were stopped: 0.0003551 seconds, Stopping threads took: 0.0000797 seconds
2022-04-05T21:10:10.964+0000: 7206.125: Total time for which application threads were stopped: 0.0002172 seconds, Stopping threads took: 0.0000438 seconds
2022-04-05T21:10:12.965+0000: 7208.126: Total time for which application threads were stopped: 0.0001742 seconds, Stopping threads took: 0.0000466 seconds
2022-04-05T21:10:44.969+0000: 7240.130: Total time for which application threads were stopped: 0.0001849 seconds, Stopping threads took: 0.0000465 seconds
2022-04-05T21:11:11.973+0000: 7267.133: Total time for which application threads were stopped: 0.0002610 seconds, Stopping threads took: 0.0000550 seconds
2022-04-05T21:13:12.987+0000: 7388.148: Total time for which application threads were stopped: 0.0002154 seconds, Stopping threads took: 0.0000635 seconds
2022-04-05T21:15:13.002+0000: 7508.163: Total time for which application threads were stopped: 0.0002440 seconds, Stopping threads took: 0.0000692 seconds
2022-04-05T21:15:45.006+0000: 7540.167: Total time for which application threads were stopped: 0.0001786 seconds, Stopping threads took: 0.0000511 seconds
2022-04-05T21:16:13.010+0000: 7568.171: Total time for which application threads were stopped: 0.0001613 seconds, Stopping threads took: 0.0000442 seconds
2022-04-05T21:18:15.025+0000: 7690.186: Total time for which application threads were stopped: 0.0002054 seconds, Stopping threads took: 0.0000658 seconds
2022-04-05T21:21:12.047+0000: 7867.208: Total time for which application threads were stopped: 0.0002759 seconds, Stopping threads took: 0.0000604 seconds
2022-04-05T21:21:15.047+0000: 7870.208: Total time for which application threads were stopped: 0.0001625 seconds, Stopping threads took: 0.0000393 seconds
2022-04-05T21:25:13.076+0000: 8108.237: Total time for which application threads were stopped: 0.0002067 seconds, Stopping threads took: 0.0000631 seconds
2022-04-05T21:25:45.080+0000: 8140.241: Total time for which application threads were stopped: 0.0001721 seconds, Stopping threads took: 0.0000490 seconds
2022-04-05T21:27:45.095+0000: 8260.256: Total time for which application threads were stopped: 0.0002375 seconds, Stopping threads took: 0.0000650 seconds
2022-04-05T21:28:13.099+0000: 8288.260: Total time for which application threads were stopped: 0.0001542 seconds, Stopping threads took: 0.0000384 seconds
{Heap before GC invocations=9 (full 1):
 par new generation   total 184320K, used 167576K [0x00000000c0000000, 0x00000000cc800000, 0x00000000cc800000)
  eden space 163840K, 100% used [0x00000000c0000000, 0x00000000ca000000, 0x00000000ca000000)
  from space 20480K,  18% used [0x00000000cb400000, 0x00000000cb7a60f8, 0x00000000cc800000)
  to   space 20480K,   0% used [0x00000000ca000000, 0x00000000ca000000, 0x00000000cb400000)
 concurrent mark-sweep generation total 843776K, used 67114K [0x00000000cc800000, 0x0000000100000000, 0x0000000100000000)
 Metaspace       used 40555K, capacity 41708K, committed 41880K, reserved 1085440K
  class space    used 5475K, capacity 5749K, committed 5784K, reserved 1048576K
2022-04-05T21:30:44.987+0000: 8440.148: [GC (Allocation Failure) 2022-04-05T21:30:44.987+0000: 8440.148: [ParNew
Desired survivor size 10485760 bytes, new threshold 1 (max 1)
- age   1:    6411112 bytes,    6411112 total
: 167576K->7811K(184320K), 0.0276900 secs] 234691K->77881K(1028096K), 0.0277885 secs] [Times: user=0.05 sys=0.00, real=0.03 secs] 
Heap after GC invocations=10 (full 1):
 par new generation   total 184320K, used 7811K [0x00000000c0000000, 0x00000000cc800000, 0x00000000cc800000)
  eden space 163840K,   0% used [0x00000000c0000000, 0x00000000c0000000, 0x00000000ca000000)
  from space 20480K,  38% used [0x00000000ca000000, 0x00000000ca7a0c08, 0x00000000cb400000)
  to   space 20480K,   0% used [0x00000000cb400000, 0x00000000cb400000, 0x00000000cc800000)
 concurrent mark-sweep generation total 843776K, used 70070K [0x00000000cc800000, 0x0000000100000000, 0x0000000100000000)
 Metaspace       used 40555K, capacity 41708K, committed 41880K, reserved 1085440K
  class space    used 5475K, capacity 5749K, committed 5784K, reserved 1048576K
}
2022-04-05T21:30:45.015+0000: 8440.176: Total time for which application threads were stopped: 0.0281220 seconds, Stopping threads took: 0.0000585 seconds
2022-04-05T21:30:46.016+0000: 8441.177: Total time for which application threads were stopped: 0.0002646 seconds, Stopping threads took: 0.0000437 seconds
2022-04-05T21:31:45.023+0000: 8500.184: Total time for which application threads were stopped: 0.0002050 seconds, Stopping threads took: 0.0000651 seconds
2022-04-05T21:33:44.040+0000: 8619.201: Total time for which application threads were stopped: 0.0005848 seconds, Stopping threads took: 0.0000887 seconds
2022-04-05T21:37:50.072+0000: 8865.233: Total time for which application threads were stopped: 0.0002576 seconds, Stopping threads took: 0.0000680 seconds
2022-04-05T21:40:14.089+0000: 9009.250: Total time for which application threads were stopped: 0.0002056 seconds, Stopping threads took: 0.0000643 seconds
2022-04-05T21:40:46.093+0000: 9041.254: Total time for which application threads were stopped: 0.0001653 seconds, Stopping threads took: 0.0000461 seconds
2022-04-05T21:41:14.097+0000: 9069.258: Total time for which application threads were stopped: 0.0002717 seconds, Stopping threads took: 0.0000652 seconds
2022-04-05T21:42:13.104+0000: 9128.265: Total time for which application threads were stopped: 0.0001947 seconds, Stopping threads took: 0.0000495 seconds
2022-04-05T21:43:44.116+0000: 9219.277: Total time for which application threads were stopped: 0.0002129 seconds, Stopping threads took: 0.0000651 seconds
2022-04-05T21:44:24.121+0000: 9259.282: Total time for which application threads were stopped: 0.0001795 seconds, Stopping threads took: 0.0000546 seconds
2022-04-05T21:46:12.134+0000: 9367.295: Total time for which application threads were stopped: 0.0004075 seconds, Stopping threads took: 0.0000837 seconds
2022-04-05T21:47:14.143+0000: 9429.304: Total time for which application threads were stopped: 0.0002399 seconds, Stopping threads took: 0.0000636 seconds
2022-04-05T21:49:13.158+0000: 9548.319: Total time for which application threads were stopped: 0.0002133 seconds, Stopping threads took: 0.0000649 seconds
2022-04-05T21:50:46.170+0000: 9641.331: Total time for which application threads were stopped: 0.0002599 seconds, Stopping threads took: 0.0000748 seconds
2022-04-05T21:52:13.181+0000: 9728.342: Total time for which application threads were stopped: 0.0002484 seconds, Stopping threads took: 0.0000703 seconds
2022-04-05T21:58:44.230+0000: 10119.391: Total time for which application threads were stopped: 0.0002999 seconds, Stopping threads took: 0.0001009 seconds
2022-04-05T21:58:50.231+0000: 10125.392: Total time for which application threads were stopped: 0.0002123 seconds, Stopping threads took: 0.0000577 seconds
2022-04-05T21:59:21.236+0000: 10156.397: Total time for which application threads were stopped: 0.0002756 seconds, Stopping threads took: 0.0000560 seconds
{Heap before GC invocations=10 (full 1):
 par new generation   total 184320K, used 171651K [0x00000000c0000000, 0x00000000cc800000, 0x00000000cc800000)
  eden space 163840K, 100% used [0x00000000c0000000, 0x00000000ca000000, 0x00000000ca000000)
  from space 20480K,  38% used [0x00000000ca000000, 0x00000000ca7a0c08, 0x00000000cb400000)
  to   space 20480K,   0% used [0x00000000cb400000, 0x00000000cb400000, 0x00000000cc800000)
 concurrent mark-sweep generation total 843776K, used 70070K [0x00000000cc800000, 0x0000000100000000, 0x0000000100000000)
 Metaspace       used 40574K, capacity 41708K, committed 41880K, reserved 1085440K
  class space    used 5475K, capacity 5749K, committed 5784K, reserved 1048576K
2022-04-05T22:00:45.420+0000: 10240.581: [GC (Allocation Failure) 2022-04-05T22:00:45.420+0000: 10240.581: [ParNew
Desired survivor size 10485760 bytes, new threshold 1 (max 1)
- age   1:    3083352 bytes,    3083352 total
: 171651K->5788K(184320K), 0.0132093 secs] 241721K->79032K(1028096K), 0.0133216 secs] [Times: user=0.02 sys=0.00, real=0.01 secs] 
Heap after GC invocations=11 (full 1):
 par new generation   total 184320K, used 5788K [0x00000000c0000000, 0x00000000cc800000, 0x00000000cc800000)
  eden space 163840K,   0% used [0x00000000c0000000, 0x00000000c0000000, 0x00000000ca000000)
  from space 20480K,  28% used [0x00000000cb400000, 0x00000000cb9a7200, 0x00000000cc800000)
  to   space 20480K,   0% used [0x00000000ca000000, 0x00000000ca000000, 0x00000000cb400000)
 concurrent mark-sweep generation total 843776K, used 73244K [0x00000000cc800000, 0x0000000100000000, 0x0000000100000000)
 Metaspace       used 40574K, capacity 41708K, committed 41880K, reserved 1085440K
  class space    used 5475K, capacity 5749K, committed 5784K, reserved 1048576K
}
2022-04-05T22:00:45.434+0000: 10240.595: Total time for which application threads were stopped: 0.0136296 seconds, Stopping threads took: 0.0000440 seconds
2022-04-05T22:00:46.434+0000: 10241.595: Total time for which application threads were stopped: 0.0001799 seconds, Stopping threads took: 0.0000499 seconds
2022-04-05T22:05:46.474+0000: 10541.635: Total time for which application threads were stopped: 0.0002258 seconds, Stopping threads took: 0.0000659 seconds
2022-04-05T22:05:51.475+0000: 10546.636: Total time for which application threads were stopped: 0.0001623 seconds, Stopping threads took: 0.0000419 seconds
2022-04-05T22:06:16.478+0000: 10571.639: Total time for which application threads were stopped: 0.0001664 seconds, Stopping threads took: 0.0000471 seconds
2022-04-05T22:08:32.496+0000: 10707.656: Total time for which application threads were stopped: 0.0003086 seconds, Stopping threads took: 0.0000807 seconds
2022-04-05T22:09:51.506+0000: 10786.667: Total time for which application threads were stopped: 0.0002517 seconds, Stopping threads took: 0.0000690 seconds
2022-04-05T22:10:10.509+0000: 10805.670: Total time for which application threads were stopped: 0.0002325 seconds, Stopping threads took: 0.0000501 seconds
2022-04-05T22:10:12.509+0000: 10807.670: Total time for which application threads were stopped: 0.0001972 seconds, Stopping threads took: 0.0000455 seconds
2022-04-05T22:10:46.513+0000: 10841.674: Total time for which application threads were stopped: 0.0001773 seconds, Stopping threads took: 0.0000488 seconds
2022-04-05T22:11:11.517+0000: 10866.677: Total time for which application threads were stopped: 0.0002159 seconds, Stopping threads took: 0.0000604 seconds
2022-04-05T22:12:46.528+0000: 10961.689: Total time for which application threads were stopped: 0.0001910 seconds, Stopping threads took: 0.0000510 seconds
2022-04-05T22:13:33.534+0000: 11008.695: Total time for which application threads were stopped: 0.0002141 seconds, Stopping threads took: 0.0000606 seconds
2022-04-05T22:17:17.563+0000: 11232.724: Total time for which application threads were stopped: 0.0002247 seconds, Stopping threads took: 0.0000640 seconds
2022-04-05T22:25:21.624+0000: 11716.785: Total time for which application threads were stopped: 0.0003029 seconds, Stopping threads took: 0.0000639 seconds
{Heap before GC invocations=11 (full 1):
 par new generation   total 184320K, used 169628K [0x00000000c0000000, 0x00000000cc800000, 0x00000000cc800000)
  eden space 163840K, 100% used [0x00000000c0000000, 0x00000000ca000000, 0x00000000ca000000)
  from space 20480K,  28% used [0x00000000cb400000, 0x00000000cb9a7200, 0x00000000cc800000)
  to   space 20480K,   0% used [0x00000000ca000000, 0x00000000ca000000, 0x00000000cb400000)
 concurrent mark-sweep generation total 843776K, used 73244K [0x00000000cc800000, 0x0000000100000000, 0x0000000100000000)
 Metaspace       used 40618K, capacity 41840K, committed 41880K, reserved 1085440K
  class space    used 5475K, capacity 5749K, committed 5784K, reserved 1048576K
2022-04-05T22:25:45.816+0000: 11740.977: [GC (Allocation Failure) 2022-04-05T22:25:45.816+0000: 11740.977: [ParNew
Desired survivor size 10485760 bytes, new threshold 1 (max 1)
- age   1:    8418032 bytes,    8418032 total
: 169628K->9335K(184320K), 0.0177455 secs] 242872K->82590K(1028096K), 0.0178971 secs] [Times: user=0.04 sys=0.00, real=0.02 secs] 
Heap after GC invocations=12 (full 1):
 par new generation   total 184320K, used 9335K [0x00000000c0000000, 0x00000000cc800000, 0x00000000cc800000)
  eden space 163840K,   0% used [0x00000000c0000000, 0x00000000c0000000, 0x00000000ca000000)
  from space 20480K,  45% used [0x00000000ca000000, 0x00000000ca91dd90, 0x00000000cb400000)
  to   space 20480K,   0% used [0x00000000cb400000, 0x00000000cb400000, 0x00000000cc800000)
 concurrent mark-sweep generation total 843776K, used 73255K [0x00000000cc800000, 0x0000000100000000, 0x0000000100000000)
 Metaspace       used 40618K, capacity 41840K, committed 41880K, reserved 1085440K
  class space    used 5475K, capacity 5749K, committed 5784K, reserved 1048576K
}
2022-04-05T22:25:45.834+0000: 11740.995: Total time for which application threads were stopped: 0.0182373 seconds, Stopping threads took: 0.0000699 seconds
2022-04-05T22:25:46.834+0000: 11741.995: Total time for which application threads were stopped: 0.0002578 seconds, Stopping threads took: 0.0000639 seconds
2022-04-05T22:27:47.849+0000: 11863.010: Total time for which application threads were stopped: 0.0002657 seconds, Stopping threads took: 0.0000731 seconds
2022-04-05T22:30:45.874+0000: 12041.035: Total time for which application threads were stopped: 0.0028350 seconds, Stopping threads took: 0.0026843 seconds
2022-04-05T22:34:47.906+0000: 12283.067: Total time for which application threads were stopped: 0.0003059 seconds, Stopping threads took: 0.0000900 seconds
2022-04-05T22:35:14.910+0000: 12310.071: Total time for which application threads were stopped: 0.0002490 seconds, Stopping threads took: 0.0000613 seconds
2022-04-05T22:40:46.952+0000: 12642.113: Total time for which application threads were stopped: 0.0002434 seconds, Stopping threads took: 0.0000776 seconds
2022-04-05T22:41:23.958+0000: 12679.119: Total time for which application threads were stopped: 0.0003053 seconds, Stopping threads took: 0.0000632 seconds
2022-04-05T22:41:53.961+0000: 12709.122: Total time for which application threads were stopped: 0.0001886 seconds, Stopping threads took: 0.0000548 seconds
2022-04-05T22:44:53.986+0000: 12889.147: Total time for which application threads were stopped: 0.0003023 seconds, Stopping threads took: 0.0001477 seconds
2022-04-05T22:45:03.988+0000: 12899.148: Total time for which application threads were stopped: 0.0003257 seconds, Stopping threads took: 0.0000865 seconds
2022-04-05T22:47:53.010+0000: 13068.171: Total time for which application threads were stopped: 0.0003235 seconds, Stopping threads took: 0.0000719 seconds
2022-04-05T22:51:12.036+0000: 13267.196: Total time for which application threads were stopped: 0.0002187 seconds, Stopping threads took: 0.0000615 seconds
2022-04-05T22:54:49.062+0000: 13484.223: Total time for which application threads were stopped: 0.0002078 seconds, Stopping threads took: 0.0000604 seconds
{Heap before GC invocations=12 (full 1):
 par new generation   total 184320K, used 173175K [0x00000000c0000000, 0x00000000cc800000, 0x00000000cc800000)
  eden space 163840K, 100% used [0x00000000c0000000, 0x00000000ca000000, 0x00000000ca000000)
  from space 20480K,  45% used [0x00000000ca000000, 0x00000000ca91dd90, 0x00000000cb400000)
  to   space 20480K,   0% used [0x00000000cb400000, 0x00000000cb400000, 0x00000000cc800000)
 concurrent mark-sweep generation total 843776K, used 73255K [0x00000000cc800000, 0x0000000100000000, 0x0000000100000000)
 Metaspace       used 40629K, capacity 41840K, committed 41880K, reserved 1085440K
  class space    used 5475K, capacity 5749K, committed 5784K, reserved 1048576K
2022-04-05T22:55:46.206+0000: 13541.366: [GC (Allocation Failure) 2022-04-05T22:55:46.206+0000: 13541.366: [ParNew
Desired survivor size 10485760 bytes, new threshold 1 (max 1)
- age   1:    3161768 bytes,    3161768 total
: 173175K->5420K(184320K), 0.0196476 secs] 246430K->83754K(1028096K), 0.0197912 secs] [Times: user=0.04 sys=0.00, real=0.02 secs] 
Heap after GC invocations=13 (full 1):
 par new generation   total 184320K, used 5420K [0x00000000c0000000, 0x00000000cc800000, 0x00000000cc800000)
  eden space 163840K,   0% used [0x00000000c0000000, 0x00000000c0000000, 0x00000000ca000000)
  from space 20480K,  26% used [0x00000000cb400000, 0x00000000cb94b178, 0x00000000cc800000)
  to   space 20480K,   0% used [0x00000000ca000000, 0x00000000ca000000, 0x00000000cb400000)
 concurrent mark-sweep generation total 843776K, used 78334K [0x00000000cc800000, 0x0000000100000000, 0x0000000100000000)
 Metaspace       used 40629K, capacity 41840K, committed 41880K, reserved 1085440K
  class space    used 5475K, capacity 5749K, committed 5784K, reserved 1048576K
}
2022-04-05T22:55:46.225+0000: 13541.386: Total time for which application threads were stopped: 0.0201046 seconds, Stopping threads took: 0.0000750 seconds
2022-04-05T22:55:47.230+0000: 13542.391: Total time for which application threads were stopped: 0.0002001 seconds, Stopping threads took: 0.0000448 seconds
2022-04-05T23:00:47.269+0000: 13842.429: Total time for which application threads were stopped: 0.0002049 seconds, Stopping threads took: 0.0000594 seconds
2022-04-05T23:02:44.284+0000: 13959.445: Total time for which application threads were stopped: 0.0002105 seconds, Stopping threads took: 0.0000624 seconds
2022-04-05T23:02:49.285+0000: 13964.446: Total time for which application threads were stopped: 0.0001997 seconds, Stopping threads took: 0.0000455 seconds
2022-04-05T23:05:47.309+0000: 14142.469: Total time for which application threads were stopped: 0.0002675 seconds, Stopping threads took: 0.0000691 seconds
2022-04-05T23:10:10.343+0000: 14405.503: Total time for which application threads were stopped: 0.0002350 seconds, Stopping threads took: 0.0000600 seconds
2022-04-05T23:10:12.343+0000: 14407.504: Total time for which application threads were stopped: 0.0001781 seconds, Stopping threads took: 0.0000443 seconds
2022-04-05T23:20:14.421+0000: 15009.581: Total time for which application threads were stopped: 0.0002156 seconds, Stopping threads took: 0.0000649 seconds
{Heap before GC invocations=13 (full 1):
 par new generation   total 184320K, used 169260K [0x00000000c0000000, 0x00000000cc800000, 0x00000000cc800000)
  eden space 163840K, 100% used [0x00000000c0000000, 0x00000000ca000000, 0x00000000ca000000)
  from space 20480K,  26% used [0x00000000cb400000, 0x00000000cb94b178, 0x00000000cc800000)
  to   space 20480K,   0% used [0x00000000ca000000, 0x00000000ca000000, 0x00000000cb400000)
 concurrent mark-sweep generation total 843776K, used 78334K [0x00000000cc800000, 0x0000000100000000, 0x0000000100000000)
 Metaspace       used 40673K, capacity 41846K, committed 41880K, reserved 1085440K
  class space    used 5478K, capacity 5750K, committed 5784K, reserved 1048576K
2022-04-05T23:21:11.418+0000: 15066.579: [GC (Allocation Failure) 2022-04-05T23:21:11.418+0000: 15066.579: [ParNew
Desired survivor size 10485760 bytes, new threshold 1 (max 1)
- age   1:    8164240 bytes,    8164240 total
: 169260K->9259K(184320K), 0.0175622 secs] 247594K->87660K(1028096K), 0.0177152 secs] [Times: user=0.03 sys=0.01, real=0.02 secs] 
Heap after GC invocations=14 (full 1):
 par new generation   total 184320K, used 9259K [0x00000000c0000000, 0x00000000cc800000, 0x00000000cc800000)
  eden space 163840K,   0% used [0x00000000c0000000, 0x00000000c0000000, 0x00000000ca000000)
  from space 20480K,  45% used [0x00000000ca000000, 0x00000000ca90af88, 0x00000000cb400000)
  to   space 20480K,   0% used [0x00000000cb400000, 0x00000000cb400000, 0x00000000cc800000)
 concurrent mark-sweep generation total 843776K, used 78400K [0x00000000cc800000, 0x0000000100000000, 0x0000000100000000)
 Metaspace       used 40673K, capacity 41846K, committed 41880K, reserved 1085440K
  class space    used 5478K, capacity 5750K, committed 5784K, reserved 1048576K
}
2022-04-05T23:21:11.436+0000: 15066.597: Total time for which application threads were stopped: 0.0180105 seconds, Stopping threads took: 0.0000544 seconds
2022-04-05T23:30:47.509+0000: 15642.670: Total time for which application threads were stopped: 0.0002276 seconds, Stopping threads took: 0.0000643 seconds
2022-04-05T23:31:54.518+0000: 15709.678: Total time for which application threads were stopped: 0.0002099 seconds, Stopping threads took: 0.0000620 seconds
2022-04-05T23:38:14.567+0000: 16089.728: Total time for which application threads were stopped: 0.0002257 seconds, Stopping threads took: 0.0000646 seconds
{Heap before GC invocations=14 (full 1):
 par new generation   total 184320K, used 173099K [0x00000000c0000000, 0x00000000cc800000, 0x00000000cc800000)
  eden space 163840K, 100% used [0x00000000c0000000, 0x00000000ca000000, 0x00000000ca000000)
  from space 20480K,  45% used [0x00000000ca000000, 0x00000000ca90af88, 0x00000000cb400000)
  to   space 20480K,   0% used [0x00000000cb400000, 0x00000000cb400000, 0x00000000cc800000)
 concurrent mark-sweep generation total 843776K, used 78400K [0x00000000cc800000, 0x0000000100000000, 0x0000000100000000)
 Metaspace       used 40687K, capacity 41850K, committed 42136K, reserved 1085440K
  class space    used 5478K, capacity 5750K, committed 5784K, reserved 1048576K
2022-04-05T23:50:46.926+0000: 16842.087: [GC (Allocation Failure) 2022-04-05T23:50:46.926+0000: 16842.087: [ParNew
Desired survivor size 10485760 bytes, new threshold 1 (max 1)
- age   1:    4353128 bytes,    4353128 total
: 173099K->6146K(184320K), 0.0186341 secs] 251500K->89569K(1028096K), 0.0187785 secs] [Times: user=0.04 sys=0.00, real=0.02 secs] 
Heap after GC invocations=15 (full 1):
 par new generation   total 184320K, used 6146K [0x00000000c0000000, 0x00000000cc800000, 0x00000000cc800000)
  eden space 163840K,   0% used [0x00000000c0000000, 0x00000000c0000000, 0x00000000ca000000)
  from space 20480K,  30% used [0x00000000cb400000, 0x00000000cba009e0, 0x00000000cc800000)
  to   space 20480K,   0% used [0x00000000ca000000, 0x00000000ca000000, 0x00000000cb400000)
 concurrent mark-sweep generation total 843776K, used 83422K [0x00000000cc800000, 0x0000000100000000, 0x0000000100000000)
 Metaspace       used 40687K, capacity 41850K, committed 42136K, reserved 1085440K
  class space    used 5478K, capacity 5750K, committed 5784K, reserved 1048576K
}
2022-04-05T23:50:46.945+0000: 16842.106: Total time for which application threads were stopped: 0.0191457 seconds, Stopping threads took: 0.0000796 seconds
2022-04-05T23:50:47.946+0000: 16843.107: Total time for which application threads were stopped: 0.0001705 seconds, Stopping threads took: 0.0000466 seconds
2022-04-05T23:58:21.004+0000: 17296.165: Total time for which application threads were stopped: 0.0002160 seconds, Stopping threads took: 0.0000634 seconds
2022-04-06T00:00:48.024+0000: 17443.185: Total time for which application threads were stopped: 0.0003296 seconds, Stopping threads took: 0.0000656 seconds
2022-04-06T00:01:12.027+0000: 17467.188: Total time for which application threads were stopped: 0.0001836 seconds, Stopping threads took: 0.0000526 seconds
2022-04-06T00:06:58.074+0000: 17813.235: Total time for which application threads were stopped: 0.0002231 seconds, Stopping threads took: 0.0000630 seconds
2022-04-06T00:07:05.075+0000: 17820.236: Total time for which application threads were stopped: 0.0001888 seconds, Stopping threads took: 0.0000483 seconds
2022-04-06T00:09:25.094+0000: 17960.255: Total time for which application threads were stopped: 0.0002217 seconds, Stopping threads took: 0.0000645 seconds
2022-04-06T00:10:10.101+0000: 18005.262: Total time for which application threads were stopped: 0.0003268 seconds, Stopping threads took: 0.0000705 seconds
2022-04-06T00:10:13.101+0000: 18008.262: Total time for which application threads were stopped: 0.0001776 seconds, Stopping threads took: 0.0000482 seconds
2022-04-06T00:11:12.109+0000: 18067.270: Total time for which application threads were stopped: 0.0001851 seconds, Stopping threads took: 0.0000535 seconds
2022-04-06T00:14:22.134+0000: 18257.295: Total time for which application threads were stopped: 0.0002155 seconds, Stopping threads took: 0.0000711 seconds
{Heap before GC invocations=15 (full 1):
 par new generation   total 184320K, used 169986K [0x00000000c0000000, 0x00000000cc800000, 0x00000000cc800000)
  eden space 163840K, 100% used [0x00000000c0000000, 0x00000000ca000000, 0x00000000ca000000)
  from space 20480K,  30% used [0x00000000cb400000, 0x00000000cba009e0, 0x00000000cc800000)
  to   space 20480K,   0% used [0x00000000ca000000, 0x00000000ca000000, 0x00000000cb400000)
 concurrent mark-sweep generation total 843776K, used 83422K [0x00000000cc800000, 0x0000000100000000, 0x0000000100000000)
 Metaspace       used 40733K, capacity 41918K, committed 42136K, reserved 1085440K
  class space    used 5478K, capacity 5750K, committed 5784K, reserved 1048576K
2022-04-06T00:15:47.267+0000: 18342.428: [GC (Allocation Failure) 2022-04-06T00:15:47.267+0000: 18342.428: [ParNew
Desired survivor size 10485760 bytes, new threshold 1 (max 1)
- age   1:    8450440 bytes,    8450440 total
: 169986K->10239K(184320K), 0.0212304 secs] 253409K->93666K(1028096K), 0.0214447 secs] [Times: user=0.04 sys=0.00, real=0.03 secs] 
Heap after GC invocations=16 (full 1):
 par new generation   total 184320K, used 10239K [0x00000000c0000000, 0x00000000cc800000, 0x00000000cc800000)
  eden space 163840K,   0% used [0x00000000c0000000, 0x00000000c0000000, 0x00000000ca000000)
  from space 20480K,  49% used [0x00000000ca000000, 0x00000000ca9ffe30, 0x00000000cb400000)
  to   space 20480K,   0% used [0x00000000cb400000, 0x00000000cb400000, 0x00000000cc800000)
 concurrent mark-sweep generation total 843776K, used 83427K [0x00000000cc800000, 0x0000000100000000, 0x0000000100000000)
 Metaspace       used 40733K, capacity 41918K, committed 42136K, reserved 1085440K
  class space    used 5478K, capacity 5750K, committed 5784K, reserved 1048576K
}
2022-04-06T00:15:47.289+0000: 18342.449: Total time for which application threads were stopped: 0.0219095 seconds, Stopping threads took: 0.0000759 seconds
2022-04-06T00:25:48.369+0000: 18943.529: Total time for which application threads were stopped: 0.0002582 seconds, Stopping threads took: 0.0000712 seconds
2022-04-06T00:30:22.404+0000: 19217.565: Total time for which application threads were stopped: 0.0002519 seconds, Stopping threads took: 0.0000651 seconds
2022-04-06T00:31:12.411+0000: 19267.572: Total time for which application threads were stopped: 0.0002334 seconds, Stopping threads took: 0.0000967 seconds
2022-04-06T00:35:23.442+0000: 19518.603: Total time for which application threads were stopped: 0.0002271 seconds, Stopping threads took: 0.0000699 seconds
2022-04-06T00:38:57.470+0000: 19732.631: Total time for which application threads were stopped: 0.0002150 seconds, Stopping threads took: 0.0000647 seconds
{Heap before GC invocations=16 (full 1):
 par new generation   total 184320K, used 174079K [0x00000000c0000000, 0x00000000cc800000, 0x00000000cc800000)
  eden space 163840K, 100% used [0x00000000c0000000, 0x00000000ca000000, 0x00000000ca000000)
  from space 20480K,  49% used [0x00000000ca000000, 0x00000000ca9ffe30, 0x00000000cb400000)
  to   space 20480K,   0% used [0x00000000cb400000, 0x00000000cb400000, 0x00000000cc800000)
 concurrent mark-sweep generation total 843776K, used 83427K [0x00000000cc800000, 0x0000000100000000, 0x0000000100000000)
 Metaspace       used 40745K, capacity 41918K, committed 42136K, reserved 1085440K
  class space    used 5478K, capacity 5750K, committed 5784K, reserved 1048576K
2022-04-06T00:44:35.053+0000: 20070.214: [GC (Allocation Failure) 2022-04-06T00:44:35.053+0000: 20070.214: [ParNew
Desired survivor size 10485760 bytes, new threshold 1 (max 1)
- age   1:    3014920 bytes,    3014920 total
: 174079K->8200K(184320K), 0.0202331 secs] 257506K->97698K(1028096K), 0.0203963 secs] [Times: user=0.04 sys=0.00, real=0.02 secs] 
Heap after GC invocations=17 (full 1):
 par new generation   total 184320K, used 8200K [0x00000000c0000000, 0x00000000cc800000, 0x00000000cc800000)
  eden space 163840K,   0% used [0x00000000c0000000, 0x00000000c0000000, 0x00000000ca000000)
  from space 20480K,  40% used [0x00000000cb400000, 0x00000000cbc02218, 0x00000000cc800000)
  to   space 20480K,   0% used [0x00000000ca000000, 0x00000000ca000000, 0x00000000cb400000)
 concurrent mark-sweep generation total 843776K, used 89497K [0x00000000cc800000, 0x0000000100000000, 0x0000000100000000)
 Metaspace       used 40745K, capacity 41918K, committed 42136K, reserved 1085440K
  class space    used 5478K, capacity 5750K, committed 5784K, reserved 1048576K
}
2022-04-06T00:44:35.074+0000: 20070.235: Total time for which application threads were stopped: 0.0207502 seconds, Stopping threads took: 0.0000602 seconds
2022-04-06T00:45:15.079+0000: 20110.240: Total time for which application threads were stopped: 0.0001892 seconds, Stopping threads took: 0.0000561 seconds
2022-04-06T00:45:48.084+0000: 20143.245: Total time for which application threads were stopped: 0.0001951 seconds, Stopping threads took: 0.0000581 seconds
2022-04-06T00:48:58.110+0000: 20333.270: Total time for which application threads were stopped: 0.0002237 seconds, Stopping threads took: 0.0000659 seconds
2022-04-06T00:50:48.124+0000: 20443.285: Total time for which application threads were stopped: 0.0002290 seconds, Stopping threads took: 0.0000705 seconds
2022-04-06T00:50:54.125+0000: 20449.286: Total time for which application threads were stopped: 0.0002165 seconds, Stopping threads took: 0.0000489 seconds
2022-04-06T00:51:12.127+0000: 20467.288: Total time for which application threads were stopped: 0.0001799 seconds, Stopping threads took: 0.0000506 seconds
2022-04-06T00:51:15.128+0000: 20470.289: Total time for which application threads were stopped: 0.0001701 seconds, Stopping threads took: 0.0000452 seconds
2022-04-06T00:55:48.164+0000: 20743.325: Total time for which application threads were stopped: 0.0003347 seconds, Stopping threads took: 0.0001728 seconds
2022-04-06T01:05:48.239+0000: 21343.400: Total time for which application threads were stopped: 0.0002447 seconds, Stopping threads took: 0.0000610 seconds
2022-04-06T01:10:10.272+0000: 21605.432: Total time for which application threads were stopped: 0.0002638 seconds, Stopping threads took: 0.0000634 seconds
2022-04-06T01:10:12.272+0000: 21607.433: Total time for which application threads were stopped: 0.0001938 seconds, Stopping threads took: 0.0000424 seconds
{Heap before GC invocations=17 (full 1):
 par new generation   total 184320K, used 172040K [0x00000000c0000000, 0x00000000cc800000, 0x00000000cc800000)
  eden space 163840K, 100% used [0x00000000c0000000, 0x00000000ca000000, 0x00000000ca000000)
  from space 20480K,  40% used [0x00000000cb400000, 0x00000000cbc02218, 0x00000000cc800000)
  to   space 20480K,   0% used [0x00000000ca000000, 0x00000000ca000000, 0x00000000cb400000)
 concurrent mark-sweep generation total 843776K, used 89497K [0x00000000cc800000, 0x0000000100000000, 0x0000000100000000)
 Metaspace       used 40765K, capacity 41918K, committed 42136K, reserved 1085440K
  class space    used 5478K, capacity 5750K, committed 5784K, reserved 1048576K
2022-04-06T01:10:47.967+0000: 21643.128: [GC (Allocation Failure) 2022-04-06T01:10:47.967+0000: 21643.128: [ParNew
Desired survivor size 10485760 bytes, new threshold 1 (max 1)
- age   1:    6617200 bytes,    6617200 total
: 172040K->7307K(184320K), 0.0139605 secs] 261538K->96810K(1028096K), 0.0141061 secs] [Times: user=0.03 sys=0.00, real=0.02 secs] 
Heap after GC invocations=18 (full 1):
 par new generation   total 184320K, used 7307K [0x00000000c0000000, 0x00000000cc800000, 0x00000000cc800000)
  eden space 163840K,   0% used [0x00000000c0000000, 0x00000000c0000000, 0x00000000ca000000)
  from space 20480K,  35% used [0x00000000ca000000, 0x00000000ca722c50, 0x00000000cb400000)
  to   space 20480K,   0% used [0x00000000cb400000, 0x00000000cb400000, 0x00000000cc800000)
 concurrent mark-sweep generation total 843776K, used 89503K [0x00000000cc800000, 0x0000000100000000, 0x0000000100000000)
 Metaspace       used 40765K, capacity 41918K, committed 42136K, reserved 1085440K
  class space    used 5478K, capacity 5750K, committed 5784K, reserved 1048576K
}
2022-04-06T01:10:47.981+0000: 21643.142: Total time for which application threads were stopped: 0.0144079 seconds, Stopping threads took: 0.0000553 seconds
2022-04-06T01:10:48.982+0000: 21644.142: Total time for which application threads were stopped: 0.0001804 seconds, Stopping threads took: 0.0000526 seconds
2022-04-06T01:11:42.989+0000: 21698.149: Total time for which application threads were stopped: 0.0001992 seconds, Stopping threads took: 0.0000611 seconds
2022-04-06T01:15:48.021+0000: 21943.182: Total time for which application threads were stopped: 0.0024178 seconds, Stopping threads took: 0.0022621 seconds
2022-04-06T01:21:13.065+0000: 22268.226: Total time for which application threads were stopped: 0.0003178 seconds, Stopping threads took: 0.0000892 seconds
2022-04-06T01:22:13.074+0000: 22328.235: Total time for which application threads were stopped: 0.0003074 seconds, Stopping threads took: 0.0000554 seconds
2022-04-06T01:25:49.101+0000: 22544.262: Total time for which application threads were stopped: 0.0002973 seconds, Stopping threads took: 0.0000838 seconds
2022-04-06T01:26:12.104+0000: 22567.265: Total time for which application threads were stopped: 0.0002410 seconds, Stopping threads took: 0.0000762 seconds
2022-04-06T01:30:49.138+0000: 22844.299: Total time for which application threads were stopped: 0.0002293 seconds, Stopping threads took: 0.0000843 seconds
2022-04-06T01:35:49.177+0000: 23144.337: Total time for which application threads were stopped: 0.0002198 seconds, Stopping threads took: 0.0000683 seconds
{Heap before GC invocations=18 (full 1):
 par new generation   total 184320K, used 171147K [0x00000000c0000000, 0x00000000cc800000, 0x00000000cc800000)
  eden space 163840K, 100% used [0x00000000c0000000, 0x00000000ca000000, 0x00000000ca000000)
  from space 20480K,  35% used [0x00000000ca000000, 0x00000000ca722c50, 0x00000000cb400000)
  to   space 20480K,   0% used [0x00000000cb400000, 0x00000000cb400000, 0x00000000cc800000)
 concurrent mark-sweep generation total 843776K, used 89503K [0x00000000cc800000, 0x0000000100000000, 0x0000000100000000)
 Metaspace       used 40805K, capacity 41982K, committed 42136K, reserved 1085440K
  class space    used 5479K, capacity 5750K, committed 5784K, reserved 1048576K
2022-04-06T01:40:48.341+0000: 23443.502: [GC (Allocation Failure) 2022-04-06T01:40:48.341+0000: 23443.502: [ParNew
Desired survivor size 10485760 bytes, new threshold 1 (max 1)
- age   1:    5375984 bytes,    5375984 total
: 171147K->6776K(184320K), 0.0243773 secs] 260650K->100278K(1028096K), 0.0245664 secs] [Times: user=0.04 sys=0.00, real=0.02 secs] 
Heap after GC invocations=19 (full 1):
 par new generation   total 184320K, used 6776K [0x00000000c0000000, 0x00000000cc800000, 0x00000000cc800000)
  eden space 163840K,   0% used [0x00000000c0000000, 0x00000000c0000000, 0x00000000ca000000)
  from space 20480K,  33% used [0x00000000cb400000, 0x00000000cba9e0a8, 0x00000000cc800000)
  to   space 20480K,   0% used [0x00000000ca000000, 0x00000000ca000000, 0x00000000cb400000)
 concurrent mark-sweep generation total 843776K, used 93502K [0x00000000cc800000, 0x0000000100000000, 0x0000000100000000)
 Metaspace       used 40805K, capacity 41982K, committed 42136K, reserved 1085440K
  class space    used 5479K, capacity 5750K, committed 5784K, reserved 1048576K
}
2022-04-06T01:40:48.366+0000: 23443.527: Total time for which application threads were stopped: 0.0249937 seconds, Stopping threads took: 0.0000807 seconds
2022-04-06T01:40:49.366+0000: 23444.527: Total time for which application threads were stopped: 0.0002286 seconds, Stopping threads took: 0.0000549 seconds
2022-04-06T01:45:49.406+0000: 23744.567: Total time for which application threads were stopped: 0.0003404 seconds, Stopping threads took: 0.0000921 seconds
2022-04-06T01:51:13.447+0000: 24068.608: Total time for which application threads were stopped: 0.0003145 seconds, Stopping threads took: 0.0000718 seconds
2022-04-06T02:01:35.526+0000: 24690.687: Total time for which application threads were stopped: 0.0002182 seconds, Stopping threads took: 0.0000757 seconds
2022-04-06T02:04:30.547+0000: 24865.708: Total time for which application threads were stopped: 0.0002841 seconds, Stopping threads took: 0.0000873 seconds
{Heap before GC invocations=19 (full 1):
 par new generation   total 184320K, used 170616K [0x00000000c0000000, 0x00000000cc800000, 0x00000000cc800000)
  eden space 163840K, 100% used [0x00000000c0000000, 0x00000000ca000000, 0x00000000ca000000)
  from space 20480K,  33% used [0x00000000cb400000, 0x00000000cba9e0a8, 0x00000000cc800000)
  to   space 20480K,   0% used [0x00000000ca000000, 0x00000000ca000000, 0x00000000cb400000)
 concurrent mark-sweep generation total 843776K, used 93502K [0x00000000cc800000, 0x0000000100000000, 0x0000000100000000)
 Metaspace       used 40810K, capacity 41982K, committed 42136K, reserved 1085440K
  class space    used 5479K, capacity 5750K, committed 5784K, reserved 1048576K
2022-04-06T02:06:56.426+0000: 25011.587: [GC (Allocation Failure) 2022-04-06T02:06:56.426+0000: 25011.587: [ParNew
Desired survivor size 10485760 bytes, new threshold 1 (max 1)
- age   1:    3069656 bytes,    3069656 total
: 170616K->4129K(184320K), 0.0136821 secs] 264118K->98664K(1028096K), 0.0138495 secs] [Times: user=0.03 sys=0.00, real=0.02 secs] 
Heap after GC invocations=20 (full 1):
 par new generation   total 184320K, used 4129K [0x00000000c0000000, 0x00000000cc800000, 0x00000000cc800000)
  eden space 163840K,   0% used [0x00000000c0000000, 0x00000000c0000000, 0x00000000ca000000)
  from space 20480K,  20% used [0x00000000ca000000, 0x00000000ca408460, 0x00000000cb400000)
  to   space 20480K,   0% used [0x00000000cb400000, 0x00000000cb400000, 0x00000000cc800000)
 concurrent mark-sweep generation total 843776K, used 94534K [0x00000000cc800000, 0x0000000100000000, 0x0000000100000000)
 Metaspace       used 40810K, capacity 41982K, committed 42136K, reserved 1085440K
  class space    used 5479K, capacity 5750K, committed 5784K, reserved 1048576K
}
2022-04-06T02:06:56.440+0000: 25011.601: Total time for which application threads were stopped: 0.0142231 seconds, Stopping threads took: 0.0000750 seconds
2022-04-06T02:10:10.464+0000: 25205.625: Total time for which application threads were stopped: 0.0002156 seconds, Stopping threads took: 0.0000622 seconds
2022-04-06T02:10:12.465+0000: 25207.626: Total time for which application threads were stopped: 0.0001820 seconds, Stopping threads took: 0.0000427 seconds
2022-04-06T02:10:27.467+0000: 25222.628: Total time for which application threads were stopped: 0.0001814 seconds, Stopping threads took: 0.0000451 seconds
2022-04-06T02:16:30.516+0000: 25585.677: Total time for which application threads were stopped: 0.0002722 seconds, Stopping threads took: 0.0000872 seconds
2022-04-06T02:21:15.558+0000: 25870.719: Total time for which application threads were stopped: 0.0002268 seconds, Stopping threads took: 0.0000639 seconds
2022-04-06T02:22:01.564+0000: 25916.725: Total time for which application threads were stopped: 0.0001896 seconds, Stopping threads took: 0.0000517 seconds
2022-04-06T02:27:25.609+0000: 26240.770: Total time for which application threads were stopped: 0.0003017 seconds, Stopping threads took: 0.0000998 seconds
2022-04-06T02:30:49.636+0000: 26444.797: Total time for which application threads were stopped: 0.0002675 seconds, Stopping threads took: 0.0000719 seconds
2022-04-06T02:32:15.647+0000: 26530.808: Total time for which application threads were stopped: 0.0002010 seconds, Stopping threads took: 0.0000623 seconds
2022-04-06T02:33:35.657+0000: 26610.818: Total time for which application threads were stopped: 0.0002107 seconds, Stopping threads took: 0.0000643 seconds
{Heap before GC invocations=20 (full 1):
 par new generation   total 184320K, used 167969K [0x00000000c0000000, 0x00000000cc800000, 0x00000000cc800000)
  eden space 163840K, 100% used [0x00000000c0000000, 0x00000000ca000000, 0x00000000ca000000)
  from space 20480K,  20% used [0x00000000ca000000, 0x00000000ca408460, 0x00000000cb400000)
  to   space 20480K,   0% used [0x00000000cb400000, 0x00000000cb400000, 0x00000000cc800000)
 concurrent mark-sweep generation total 843776K, used 94534K [0x00000000cc800000, 0x0000000100000000, 0x0000000100000000)
 Metaspace       used 40836K, capacity 41982K, committed 42136K, reserved 1085440K
  class space    used 5480K, capacity 5750K, committed 5784K, reserved 1048576K
2022-04-06T02:35:49.050+0000: 26744.211: [GC (Allocation Failure) 2022-04-06T02:35:49.050+0000: 26744.211: [ParNew
Desired survivor size 10485760 bytes, new threshold 1 (max 1)
- age   1:    5268296 bytes,    5268296 total
: 167969K->5959K(184320K), 0.0218266 secs] 262504K->103461K(1028096K), 0.0220095 secs] [Times: user=0.04 sys=0.00, real=0.02 secs] 
Heap after GC invocations=21 (full 1):
 par new generation   total 184320K, used 5959K [0x00000000c0000000, 0x00000000cc800000, 0x00000000cc800000)
  eden space 163840K,   0% used [0x00000000c0000000, 0x00000000c0000000, 0x00000000ca000000)
  from space 20480K,  29% used [0x00000000cb400000, 0x00000000cb9d1d98, 0x00000000cc800000)
  to   space 20480K,   0% used [0x00000000ca000000, 0x00000000ca000000, 0x00000000cb400000)
 concurrent mark-sweep generation total 843776K, used 97501K [0x00000000cc800000, 0x0000000100000000, 0x0000000100000000)
 Metaspace       used 40836K, capacity 41982K, committed 42136K, reserved 1085440K
  class space    used 5480K, capacity 5750K, committed 5784K, reserved 1048576K
}
2022-04-06T02:35:49.072+0000: 26744.233: Total time for which application threads were stopped: 0.0223416 seconds, Stopping threads took: 0.0000856 seconds
2022-04-06T02:37:36.088+0000: 26851.249: Total time for which application threads were stopped: 0.0002126 seconds, Stopping threads took: 0.0000638 seconds
2022-04-06T02:38:08.092+0000: 26883.253: Total time for which application threads were stopped: 0.0001496 seconds, Stopping threads took: 0.0000394 seconds
2022-04-06T02:38:36.096+0000: 26911.257: Total time for which application threads were stopped: 0.0001700 seconds, Stopping threads took: 0.0000464 seconds
2022-04-06T02:38:58.099+0000: 26933.260: Total time for which application threads were stopped: 0.0002481 seconds, Stopping threads took: 0.0000561 seconds
2022-04-06T02:43:13.132+0000: 27188.293: Total time for which application threads were stopped: 0.0002703 seconds, Stopping threads took: 0.0000644 seconds
2022-04-06T02:46:12.156+0000: 27367.316: Total time for which application threads were stopped: 0.0003441 seconds, Stopping threads took: 0.0000866 seconds
2022-04-06T02:49:06.178+0000: 27541.339: Total time for which application threads were stopped: 0.0002922 seconds, Stopping threads took: 0.0000949 seconds
2022-04-06T02:49:16.179+0000: 27551.340: Total time for which application threads were stopped: 0.0002181 seconds, Stopping threads took: 0.0000537 seconds
2022-04-06T02:50:50.191+0000: 27645.352: Total time for which application threads were stopped: 0.0001896 seconds, Stopping threads took: 0.0000586 seconds
2022-04-06T02:52:26.203+0000: 27741.364: Total time for which application threads were stopped: 0.0001950 seconds, Stopping threads took: 0.0000584 seconds
2022-04-06T02:59:56.259+0000: 28191.420: Total time for which application threads were stopped: 0.0002051 seconds, Stopping threads took: 0.0000639 seconds
2022-04-06T03:00:06.261+0000: 28201.422: Total time for which application threads were stopped: 0.0002206 seconds, Stopping threads took: 0.0000614 seconds
{Heap before GC invocations=21 (full 1):
 par new generation   total 184320K, used 169799K [0x00000000c0000000, 0x00000000cc800000, 0x00000000cc800000)
  eden space 163840K, 100% used [0x00000000c0000000, 0x00000000ca000000, 0x00000000ca000000)
  from space 20480K,  29% used [0x00000000cb400000, 0x00000000cb9d1d98, 0x00000000cc800000)
  to   space 20480K,   0% used [0x00000000ca000000, 0x00000000ca000000, 0x00000000cb400000)
 concurrent mark-sweep generation total 843776K, used 97501K [0x00000000cc800000, 0x0000000100000000, 0x0000000100000000)
 Metaspace       used 40839K, capacity 41982K, committed 42136K, reserved 1085440K
  class space    used 5480K, capacity 5750K, committed 5784K, reserved 1048576K
2022-04-06T03:04:12.669+0000: 28447.830: [GC (Allocation Failure) 2022-04-06T03:04:12.669+0000: 28447.830: [ParNew
Desired survivor size 10485760 bytes, new threshold 1 (max 1)
- age   1:    4066384 bytes,    4066384 total
: 169799K->5847K(184320K), 0.0168558 secs] 267301K->105451K(1028096K), 0.0170161 secs] [Times: user=0.03 sys=0.00, real=0.01 secs] 
Heap after GC invocations=22 (full 1):
 par new generation   total 184320K, used 5847K [0x00000000c0000000, 0x00000000cc800000, 0x00000000cc800000)
  eden space 163840K,   0% used [0x00000000c0000000, 0x00000000c0000000, 0x00000000ca000000)
  from space 20480K,  28% used [0x00000000ca000000, 0x00000000ca5b5fa8, 0x00000000cb400000)
  to   space 20480K,   0% used [0x00000000cb400000, 0x00000000cb400000, 0x00000000cc800000)
 concurrent mark-sweep generation total 843776K, used 99604K [0x00000000cc800000, 0x0000000100000000, 0x0000000100000000)
 Metaspace       used 40839K, capacity 41982K, committed 42136K, reserved 1085440K
  class space    used 5480K, capacity 5750K, committed 5784K, reserved 1048576K
}
2022-04-06T03:04:12.686+0000: 28447.847: Total time for which application threads were stopped: 0.0174405 seconds, Stopping threads took: 0.0000744 seconds
2022-04-06T03:04:13.686+0000: 28448.847: Total time for which application threads were stopped: 0.0001622 seconds, Stopping threads took: 0.0000435 seconds
2022-04-06T03:05:49.699+0000: 28544.859: Total time for which application threads were stopped: 0.0002015 seconds, Stopping threads took: 0.0000596 seconds
2022-04-06T03:10:09.732+0000: 28804.893: Total time for which application threads were stopped: 0.0013490 seconds, Stopping threads took: 0.0011037 seconds
2022-04-06T03:10:10.732+0000: 28805.893: Total time for which application threads were stopped: 0.0001894 seconds, Stopping threads took: 0.0000462 seconds
2022-04-06T03:10:12.733+0000: 28807.894: Total time for which application threads were stopped: 0.0002456 seconds, Stopping threads took: 0.0001164 seconds
2022-04-06T03:10:49.737+0000: 28844.898: Total time for which application threads were stopped: 0.0001744 seconds, Stopping threads took: 0.0000478 seconds
{Heap before GC invocations=22 (full 1):
 par new generation   total 184320K, used 169687K [0x00000000c0000000, 0x00000000cc800000, 0x00000000cc800000)
  eden space 163840K, 100% used [0x00000000c0000000, 0x00000000ca000000, 0x00000000ca000000)
  from space 20480K,  28% used [0x00000000ca000000, 0x00000000ca5b5fa8, 0x00000000cb400000)
  to   space 20480K,   0% used [0x00000000cb400000, 0x00000000cb400000, 0x00000000cc800000)
 concurrent mark-sweep generation total 843776K, used 99604K [0x00000000cc800000, 0x0000000100000000, 0x0000000100000000)
 Metaspace       used 40887K, capacity 42114K, committed 42392K, reserved 1085440K
  class space    used 5480K, capacity 5750K, committed 5784K, reserved 1048576K
2022-04-06T03:25:49.701+0000: 29744.862: [GC (Allocation Failure) 2022-04-06T03:25:49.702+0000: 29744.862: [ParNew
Desired survivor size 10485760 bytes, new threshold 1 (max 1)
- age   1:    8477112 bytes,    8477112 total
: 169687K->9960K(184320K), 0.0188905 secs] 269291K->110594K(1028096K), 0.0190325 secs] [Times: user=0.04 sys=0.00, real=0.02 secs] 
Heap after GC invocations=23 (full 1):
 par new generation   total 184320K, used 9960K [0x00000000c0000000, 0x00000000cc800000, 0x00000000cc800000)
  eden space 163840K,   0% used [0x00000000c0000000, 0x00000000c0000000, 0x00000000ca000000)
  from space 20480K,  48% used [0x00000000cb400000, 0x00000000cbdba2a8, 0x00000000cc800000)
  to   space 20480K,   0% used [0x00000000ca000000, 0x00000000ca000000, 0x00000000cb400000)
 concurrent mark-sweep generation total 843776K, used 100633K [0x00000000cc800000, 0x0000000100000000, 0x0000000100000000)
 Metaspace       used 40887K, capacity 42114K, committed 42392K, reserved 1085440K
  class space    used 5480K, capacity 5750K, committed 5784K, reserved 1048576K
}
2022-04-06T03:25:49.721+0000: 29744.881: Total time for which application threads were stopped: 0.0193411 seconds, Stopping threads took: 0.0000604 seconds
2022-04-06T03:25:50.721+0000: 29745.882: Total time for which application threads were stopped: 0.0001784 seconds, Stopping threads took: 0.0000444 seconds
2022-04-06T03:36:11.800+0000: 30366.961: Total time for which application threads were stopped: 0.0002212 seconds, Stopping threads took: 0.0000654 seconds
2022-04-06T03:41:12.839+0000: 30668.000: Total time for which application threads were stopped: 0.0002437 seconds, Stopping threads took: 0.0000632 seconds
{Heap before GC invocations=23 (full 1):
 par new generation   total 184320K, used 173800K [0x00000000c0000000, 0x00000000cc800000, 0x00000000cc800000)
  eden space 163840K, 100% used [0x00000000c0000000, 0x00000000ca000000, 0x00000000ca000000)
  from space 20480K,  48% used [0x00000000cb400000, 0x00000000cbdba2a8, 0x00000000cc800000)
  to   space 20480K,   0% used [0x00000000ca000000, 0x00000000ca000000, 0x00000000cb400000)
 concurrent mark-sweep generation total 843776K, used 100633K [0x00000000cc800000, 0x0000000100000000, 0x0000000100000000)
 Metaspace       used 40890K, capacity 42114K, committed 42392K, reserved 1085440K
  class space    used 5480K, capacity 5750K, committed 5784K, reserved 1048576K
2022-04-06T03:55:50.051+0000: 31545.211: [GC (Allocation Failure) 2022-04-06T03:55:50.051+0000: 31545.211: [ParNew
Desired survivor size 10485760 bytes, new threshold 1 (max 1)
- age   1:    3061016 bytes,    3061016 total
: 173800K->8484K(184320K), 0.0260852 secs] 274434K->114158K(1028096K), 0.0262198 secs] [Times: user=0.05 sys=0.00, real=0.02 secs] 
Heap after GC invocations=24 (full 1):
 par new generation   total 184320K, used 8484K [0x00000000c0000000, 0x00000000cc800000, 0x00000000cc800000)
  eden space 163840K,   0% used [0x00000000c0000000, 0x00000000c0000000, 0x00000000ca000000)
  from space 20480K,  41% used [0x00000000ca000000, 0x00000000ca849060, 0x00000000cb400000)
  to   space 20480K,   0% used [0x00000000cb400000, 0x00000000cb400000, 0x00000000cc800000)
 concurrent mark-sweep generation total 843776K, used 105673K [0x00000000cc800000, 0x0000000100000000, 0x0000000100000000)
 Metaspace       used 40890K, capacity 42114K, committed 42392K, reserved 1085440K
  class space    used 5480K, capacity 5750K, committed 5784K, reserved 1048576K
}
2022-04-06T03:55:50.077+0000: 31545.238: Total time for which application threads were stopped: 0.0265358 seconds, Stopping threads took: 0.0000715 seconds
2022-04-06T03:56:12.080+0000: 31567.241: Total time for which application threads were stopped: 0.0001657 seconds, Stopping threads took: 0.0000480 seconds
2022-04-06T04:10:10.185+0000: 32405.346: Total time for which application threads were stopped: 0.0002597 seconds, Stopping threads took: 0.0000614 seconds
2022-04-06T04:10:12.185+0000: 32407.346: Total time for which application threads were stopped: 0.0001979 seconds, Stopping threads took: 0.0000908 seconds
2022-04-06T04:10:13.186+0000: 32408.347: Total time for which application threads were stopped: 0.0002134 seconds, Stopping threads took: 0.0000460 seconds
{Heap before GC invocations=24 (full 1):
 par new generation   total 184320K, used 172324K [0x00000000c0000000, 0x00000000cc800000, 0x00000000cc800000)
  eden space 163840K, 100% used [0x00000000c0000000, 0x00000000ca000000, 0x00000000ca000000)
  from space 20480K,  41% used [0x00000000ca000000, 0x00000000ca849060, 0x00000000cb400000)
  to   space 20480K,   0% used [0x00000000cb400000, 0x00000000cb400000, 0x00000000cc800000)
 concurrent mark-sweep generation total 843776K, used 105673K [0x00000000cc800000, 0x0000000100000000, 0x0000000100000000)
 Metaspace       used 40950K, capacity 42114K, committed 42392K, reserved 1085440K
  class space    used 5480K, capacity 5750K, committed 5784K, reserved 1048576K
2022-04-06T04:22:12.694+0000: 33127.855: [GC (Allocation Failure) 2022-04-06T04:22:12.694+0000: 33127.855: [ParNew
Desired survivor size 10485760 bytes, new threshold 1 (max 1)
- age   1:    8174552 bytes,    8174552 total
: 172324K->9619K(184320K), 0.0168124 secs] 277998K->115296K(1028096K), 0.0169679 secs] [Times: user=0.04 sys=0.00, real=0.02 secs] 
Heap after GC invocations=25 (full 1):
 par new generation   total 184320K, used 9619K [0x00000000c0000000, 0x00000000cc800000, 0x00000000cc800000)
  eden space 163840K,   0% used [0x00000000c0000000, 0x00000000c0000000, 0x00000000ca000000)
  from space 20480K,  46% used [0x00000000cb400000, 0x00000000cbd64c50, 0x00000000cc800000)
  to   space 20480K,   0% used [0x00000000ca000000, 0x00000000ca000000, 0x00000000cb400000)
 concurrent mark-sweep generation total 843776K, used 105677K [0x00000000cc800000, 0x0000000100000000, 0x0000000100000000)
 Metaspace       used 40950K, capacity 42114K, committed 42392K, reserved 1085440K
  class space    used 5480K, capacity 5750K, committed 5784K, reserved 1048576K
}
2022-04-06T04:22:12.711+0000: 33127.872: Total time for which application threads were stopped: 0.0173586 seconds, Stopping threads took: 0.0000791 seconds
2022-04-06T04:23:32.721+0000: 33207.882: Total time for which application threads were stopped: 0.0002281 seconds, Stopping threads took: 0.0000630 seconds
2022-04-06T04:25:03.734+0000: 33298.895: Total time for which application threads were stopped: 0.0002620 seconds, Stopping threads took: 0.0000746 seconds
2022-04-06T04:25:50.741+0000: 33345.901: Total time for which application threads were stopped: 0.0002548 seconds, Stopping threads took: 0.0000719 seconds
{Heap before GC invocations=25 (full 1):
 par new generation   total 184320K, used 173459K [0x00000000c0000000, 0x00000000cc800000, 0x00000000cc800000)
  eden space 163840K, 100% used [0x00000000c0000000, 0x00000000ca000000, 0x00000000ca000000)
  from space 20480K,  46% used [0x00000000cb400000, 0x00000000cbd64c50, 0x00000000cc800000)
  to   space 20480K,   0% used [0x00000000ca000000, 0x00000000ca000000, 0x00000000cb400000)
 concurrent mark-sweep generation total 843776K, used 105677K [0x00000000cc800000, 0x0000000100000000, 0x0000000100000000)
 Metaspace       used 40954K, capacity 42178K, committed 42392K, reserved 1085440K
  class space    used 5480K, capacity 5750K, committed 5784K, reserved 1048576K
2022-04-06T04:50:50.737+0000: 34845.897: [GC (Allocation Failure) 2022-04-06T04:50:50.737+0000: 34845.897: [ParNew
Desired survivor size 10485760 bytes, new threshold 1 (max 1)
- age   1:    4279224 bytes,    4279224 total
: 173459K->8504K(184320K), 0.0255766 secs] 279136K->119214K(1028096K), 0.0257271 secs] [Times: user=0.05 sys=0.00, real=0.03 secs] 
Heap after GC invocations=26 (full 1):
 par new generation   total 184320K, used 8504K [0x00000000c0000000, 0x00000000cc800000, 0x00000000cc800000)
  eden space 163840K,   0% used [0x00000000c0000000, 0x00000000c0000000, 0x00000000ca000000)
  from space 20480K,  41% used [0x00000000ca000000, 0x00000000ca84e090, 0x00000000cb400000)
  to   space 20480K,   0% used [0x00000000cb400000, 0x00000000cb400000, 0x00000000cc800000)
 concurrent mark-sweep generation total 843776K, used 110710K [0x00000000cc800000, 0x0000000100000000, 0x0000000100000000)
 Metaspace       used 40954K, capacity 42178K, committed 42392K, reserved 1085440K
  class space    used 5480K, capacity 5750K, committed 5784K, reserved 1048576K
}
2022-04-06T04:50:50.762+0000: 34845.923: Total time for which application threads were stopped: 0.0260983 seconds, Stopping threads took: 0.0000707 seconds
2022-04-06T05:10:09.910+0000: 36005.071: Total time for which application threads were stopped: 0.0002558 seconds, Stopping threads took: 0.0000907 seconds
2022-04-06T05:16:12.957+0000: 36368.118: Total time for which application threads were stopped: 0.0002063 seconds, Stopping threads took: 0.0000637 seconds
{Heap before GC invocations=26 (full 1):
 par new generation   total 184320K, used 172344K [0x00000000c0000000, 0x00000000cc800000, 0x00000000cc800000)
  eden space 163840K, 100% used [0x00000000c0000000, 0x00000000ca000000, 0x00000000ca000000)
  from space 20480K,  41% used [0x00000000ca000000, 0x00000000ca84e090, 0x00000000cb400000)
  to   space 20480K,   0% used [0x00000000cb400000, 0x00000000cb400000, 0x00000000cc800000)
 concurrent mark-sweep generation total 843776K, used 110710K [0x00000000cc800000, 0x0000000100000000, 0x0000000100000000)
 Metaspace       used 40962K, capacity 42178K, committed 42392K, reserved 1085440K
  class space    used 5480K, capacity 5750K, committed 5784K, reserved 1048576K
2022-04-06T05:20:51.106+0000: 36646.267: [GC (Allocation Failure) 2022-04-06T05:20:51.106+0000: 36646.267: [ParNew
Desired survivor size 10485760 bytes, new threshold 1 (max 1)
- age   1:    7190744 bytes,    7190744 total
: 172344K->8507K(184320K), 0.0172809 secs] 283054K->119220K(1028096K), 0.0174254 secs] [Times: user=0.03 sys=0.00, real=0.02 secs] 
Heap after GC invocations=27 (full 1):
 par new generation   total 184320K, used 8507K [0x00000000c0000000, 0x00000000cc800000, 0x00000000cc800000)
  eden space 163840K,   0% used [0x00000000c0000000, 0x00000000c0000000, 0x00000000ca000000)
  from space 20480K,  41% used [0x00000000cb400000, 0x00000000cbc4ed10, 0x00000000cc800000)
  to   space 20480K,   0% used [0x00000000ca000000, 0x00000000ca000000, 0x00000000cb400000)
 concurrent mark-sweep generation total 843776K, used 110713K [0x00000000cc800000, 0x0000000100000000, 0x0000000100000000)
 Metaspace       used 40962K, capacity 42178K, committed 42392K, reserved 1085440K
  class space    used 5480K, capacity 5750K, committed 5784K, reserved 1048576K
}
2022-04-06T05:20:51.124+0000: 36646.285: Total time for which application threads were stopped: 0.0177398 seconds, Stopping threads took: 0.0000762 seconds
2022-04-06T05:20:52.125+0000: 36647.286: Total time for which application threads were stopped: 0.0001769 seconds, Stopping threads took: 0.0000615 seconds
2022-04-06T05:23:57.148+0000: 36832.309: Total time for which application threads were stopped: 0.0002862 seconds, Stopping threads took: 0.0000609 seconds
2022-04-06T05:25:52.162+0000: 36947.323: Total time for which application threads were stopped: 0.0002150 seconds, Stopping threads took: 0.0000606 seconds
2022-04-06T05:26:12.165+0000: 36967.326: Total time for which application threads were stopped: 0.0001580 seconds, Stopping threads took: 0.0000433 seconds
2022-04-06T05:30:52.201+0000: 37247.362: Total time for which application threads were stopped: 0.0002306 seconds, Stopping threads took: 0.0000628 seconds
2022-04-06T05:45:07.311+0000: 38102.472: Total time for which application threads were stopped: 0.0003118 seconds, Stopping threads took: 0.0000646 seconds
{Heap before GC invocations=27 (full 1):
 par new generation   total 184320K, used 172347K [0x00000000c0000000, 0x00000000cc800000, 0x00000000cc800000)
  eden space 163840K, 100% used [0x00000000c0000000, 0x00000000ca000000, 0x00000000ca000000)
  from space 20480K,  41% used [0x00000000cb400000, 0x00000000cbc4ed10, 0x00000000cc800000)
  to   space 20480K,   0% used [0x00000000ca000000, 0x00000000ca000000, 0x00000000cb400000)
 concurrent mark-sweep generation total 843776K, used 110713K [0x00000000cc800000, 0x0000000100000000, 0x0000000100000000)
 Metaspace       used 40972K, capacity 42178K, committed 42392K, reserved 1085440K
  class space    used 5480K, capacity 5750K, committed 5784K, reserved 1048576K
2022-04-06T05:46:50.087+0000: 38205.248: [GC (Allocation Failure) 2022-04-06T05:46:50.087+0000: 38205.248: [ParNew
Desired survivor size 10485760 bytes, new threshold 1 (max 1)
- age   1:    3014760 bytes,    3014760 total
: 172347K->5871K(184320K), 0.0251918 secs] 283060K->121645K(1028096K), 0.0253761 secs] [Times: user=0.05 sys=0.00, real=0.03 secs] 
Heap after GC invocations=28 (full 1):
 par new generation   total 184320K, used 5871K [0x00000000c0000000, 0x00000000cc800000, 0x00000000cc800000)
  eden space 163840K,   0% used [0x00000000c0000000, 0x00000000c0000000, 0x00000000ca000000)
  from space 20480K,  28% used [0x00000000ca000000, 0x00000000ca5bbf60, 0x00000000cb400000)
  to   space 20480K,   0% used [0x00000000cb400000, 0x00000000cb400000, 0x00000000cc800000)
 concurrent mark-sweep generation total 843776K, used 115773K [0x00000000cc800000, 0x0000000100000000, 0x0000000100000000)
 Metaspace       used 40972K, capacity 42178K, committed 42392K, reserved 1085440K
  class space    used 5480K, capacity 5750K, committed 5784K, reserved 1048576K
}
2022-04-06T05:46:50.112+0000: 38205.273: Total time for which application threads were stopped: 0.0257376 seconds, Stopping threads took: 0.0000503 seconds
2022-04-06T05:51:12.146+0000: 38467.307: Total time for which application threads were stopped: 0.0002308 seconds, Stopping threads took: 0.0000628 seconds
2022-04-06T05:54:06.169+0000: 38641.329: Total time for which application threads were stopped: 0.0002142 seconds, Stopping threads took: 0.0000650 seconds
2022-04-06T05:54:13.170+0000: 38648.331: Total time for which application threads were stopped: 0.0002387 seconds, Stopping threads took: 0.0000616 seconds
2022-04-06T05:57:40.196+0000: 38855.357: Total time for which application threads were stopped: 0.0002869 seconds, Stopping threads took: 0.0000855 seconds
2022-04-06T05:58:10.200+0000: 38885.361: Total time for which application threads were stopped: 0.0001663 seconds, Stopping threads took: 0.0000470 seconds
2022-04-06T06:10:10.291+0000: 39605.452: Total time for which application threads were stopped: 0.0003381 seconds, Stopping threads took: 0.0000823 seconds
2022-04-06T06:10:12.292+0000: 39607.452: Total time for which application threads were stopped: 0.0002230 seconds, Stopping threads took: 0.0000497 seconds
{Heap before GC invocations=28 (full 1):
 par new generation   total 184320K, used 169711K [0x00000000c0000000, 0x00000000cc800000, 0x00000000cc800000)
  eden space 163840K, 100% used [0x00000000c0000000, 0x00000000ca000000, 0x00000000ca000000)
  from space 20480K,  28% used [0x00000000ca000000, 0x00000000ca5bbf60, 0x00000000cb400000)
  to   space 20480K,   0% used [0x00000000cb400000, 0x00000000cb400000, 0x00000000cc800000)
 concurrent mark-sweep generation total 843776K, used 115773K [0x00000000cc800000, 0x0000000100000000, 0x0000000100000000)
 Metaspace       used 41008K, capacity 42182K, committed 42392K, reserved 1085440K
  class space    used 5480K, capacity 5750K, committed 5784K, reserved 1048576K
2022-04-06T06:10:51.743+0000: 39646.903: [GC (Allocation Failure) 2022-04-06T06:10:51.743+0000: 39646.903: [ParNew
Desired survivor size 10485760 bytes, new threshold 1 (max 1)
- age   1:    7697800 bytes,    7697800 total
: 169711K->8484K(184320K), 0.0162966 secs] 285485K->124261K(1028096K), 0.0164373 secs] [Times: user=0.03 sys=0.00, real=0.01 secs] 
Heap after GC invocations=29 (full 1):
 par new generation   total 184320K, used 8484K [0x00000000c0000000, 0x00000000cc800000, 0x00000000cc800000)
  eden space 163840K,   0% used [0x00000000c0000000, 0x00000000c0000000, 0x00000000ca000000)
  from space 20480K,  41% used [0x00000000cb400000, 0x00000000cbc49198, 0x00000000cc800000)
  to   space 20480K,   0% used [0x00000000ca000000, 0x00000000ca000000, 0x00000000cb400000)
 concurrent mark-sweep generation total 843776K, used 115777K [0x00000000cc800000, 0x0000000100000000, 0x0000000100000000)
 Metaspace       used 41008K, capacity 42182K, committed 42392K, reserved 1085440K
  class space    used 5480K, capacity 5750K, committed 5784K, reserved 1048576K
}
2022-04-06T06:10:51.759+0000: 39646.920: Total time for which application threads were stopped: 0.0167343 seconds, Stopping threads took: 0.0000478 seconds
2022-04-06T06:16:11.798+0000: 39966.959: Total time for which application threads were stopped: 0.0002015 seconds, Stopping threads took: 0.0000637 seconds
2022-04-06T06:24:36.860+0000: 40472.021: Total time for which application threads were stopped: 0.0002160 seconds, Stopping threads took: 0.0000678 seconds
2022-04-06T06:35:12.940+0000: 41108.101: Total time for which application threads were stopped: 0.0002289 seconds, Stopping threads took: 0.0000620 seconds
{Heap before GC invocations=29 (full 1):
 par new generation   total 184320K, used 172324K [0x00000000c0000000, 0x00000000cc800000, 0x00000000cc800000)
  eden space 163840K, 100% used [0x00000000c0000000, 0x00000000ca000000, 0x00000000ca000000)
  from space 20480K,  41% used [0x00000000cb400000, 0x00000000cbc49198, 0x00000000cc800000)
  to   space 20480K,   0% used [0x00000000ca000000, 0x00000000ca000000, 0x00000000cb400000)
 concurrent mark-sweep generation total 843776K, used 115777K [0x00000000cc800000, 0x0000000100000000, 0x0000000100000000)
 Metaspace       used 41010K, capacity 42182K, committed 42392K, reserved 1085440K
  class space    used 5480K, capacity 5750K, committed 5784K, reserved 1048576K
2022-04-06T06:40:52.119+0000: 41447.280: [GC (Allocation Failure) 2022-04-06T06:40:52.119+0000: 41447.280: [ParNew
Desired survivor size 10485760 bytes, new threshold 1 (max 1)
- age   1:    4096904 bytes,    4096904 total
: 172324K->8134K(184320K), 0.0276237 secs] 288101K->129979K(1028096K), 0.0277650 secs] [Times: user=0.05 sys=0.00, real=0.03 secs] 
Heap after GC invocations=30 (full 1):
 par new generation   total 184320K, used 8134K [0x00000000c0000000, 0x00000000cc800000, 0x00000000cc800000)
  eden space 163840K,   0% used [0x00000000c0000000, 0x00000000c0000000, 0x00000000ca000000)
  from space 20480K,  39% used [0x00000000ca000000, 0x00000000ca7f1990, 0x00000000cb400000)
  to   space 20480K,   0% used [0x00000000cb400000, 0x00000000cb400000, 0x00000000cc800000)
 concurrent mark-sweep generation total 843776K, used 121844K [0x00000000cc800000, 0x0000000100000000, 0x0000000100000000)
 Metaspace       used 41010K, capacity 42182K, committed 42392K, reserved 1085440K
  class space    used 5480K, capacity 5750K, committed 5784K, reserved 1048576K
}
2022-04-06T06:40:52.147+0000: 41447.307: Total time for which application threads were stopped: 0.0281121 seconds, Stopping threads took: 0.0000593 seconds
2022-04-06T06:55:53.261+0000: 42348.422: Total time for which application threads were stopped: 0.0002177 seconds, Stopping threads took: 0.0000640 seconds
{Heap before GC invocations=30 (full 1):
 par new generation   total 184320K, used 171974K [0x00000000c0000000, 0x00000000cc800000, 0x00000000cc800000)
  eden space 163840K, 100% used [0x00000000c0000000, 0x00000000ca000000, 0x00000000ca000000)
  from space 20480K,  39% used [0x00000000ca000000, 0x00000000ca7f1990, 0x00000000cb400000)
  to   space 20480K,   0% used [0x00000000cb400000, 0x00000000cb400000, 0x00000000cc800000)
 concurrent mark-sweep generation total 843776K, used 121844K [0x00000000cc800000, 0x0000000100000000, 0x0000000100000000)
 Metaspace       used 41010K, capacity 42182K, committed 42392K, reserved 1085440K
  class space    used 5480K, capacity 5750K, committed 5784K, reserved 1048576K
2022-04-06T07:08:58.149+0000: 43133.310: [GC (Allocation Failure) 2022-04-06T07:08:58.149+0000: 43133.310: [ParNew
Desired survivor size 10485760 bytes, new threshold 1 (max 1)
- age   1:    4062208 bytes,    4062208 total
: 171974K->3452K(184320K), 0.0123145 secs] 293819K->125302K(1028096K), 0.0125009 secs] [Times: user=0.02 sys=0.00, real=0.01 secs] 
Heap after GC invocations=31 (full 1):
 par new generation   total 184320K, used 3452K [0x00000000c0000000, 0x00000000cc800000, 0x00000000cc800000)
  eden space 163840K,   0% used [0x00000000c0000000, 0x00000000c0000000, 0x00000000ca000000)
  from space 20480K,  16% used [0x00000000cb400000, 0x00000000cb75f058, 0x00000000cc800000)
  to   space 20480K,   0% used [0x00000000ca000000, 0x00000000ca000000, 0x00000000cb400000)
 concurrent mark-sweep generation total 843776K, used 121850K [0x00000000cc800000, 0x0000000100000000, 0x0000000100000000)
 Metaspace       used 41010K, capacity 42182K, committed 42392K, reserved 1085440K
  class space    used 5480K, capacity 5750K, committed 5784K, reserved 1048576K
}
2022-04-06T07:08:58.162+0000: 43133.322: Total time for which application threads were stopped: 0.0128528 seconds, Stopping threads took: 0.0000633 seconds
2022-04-06T07:10:10.171+0000: 43205.332: Total time for which application threads were stopped: 0.0002613 seconds, Stopping threads took: 0.0000549 seconds
2022-04-06T07:10:15.172+0000: 43210.333: Total time for which application threads were stopped: 0.0001906 seconds, Stopping threads took: 0.0000595 seconds
2022-04-06T07:11:43.184+0000: 43298.345: Total time for which application threads were stopped: 0.0002016 seconds, Stopping threads took: 0.0000638 seconds
{Heap before GC invocations=31 (full 1):
 par new generation   total 184320K, used 167292K [0x00000000c0000000, 0x00000000cc800000, 0x00000000cc800000)
  eden space 163840K, 100% used [0x00000000c0000000, 0x00000000ca000000, 0x00000000ca000000)
  from space 20480K,  16% used [0x00000000cb400000, 0x00000000cb75f058, 0x00000000cc800000)
  to   space 20480K,   0% used [0x00000000ca000000, 0x00000000ca000000, 0x00000000cb400000)
 concurrent mark-sweep generation total 843776K, used 121850K [0x00000000cc800000, 0x0000000100000000, 0x0000000100000000)
 Metaspace       used 41019K, capacity 42182K, committed 42392K, reserved 1085440K
  class space    used 5480K, capacity 5750K, committed 5784K, reserved 1048576K
2022-04-06T07:35:52.819+0000: 44747.980: [GC (Allocation Failure) 2022-04-06T07:35:52.819+0000: 44747.980: [ParNew
Desired survivor size 10485760 bytes, new threshold 1 (max 1)
- age   1:    6338712 bytes,    6338712 total
: 167292K->7617K(184320K), 0.0224716 secs] 289142K->132384K(1028096K), 0.0225952 secs] [Times: user=0.04 sys=0.00, real=0.03 secs] 
Heap after GC invocations=32 (full 1):
 par new generation   total 184320K, used 7617K [0x00000000c0000000, 0x00000000cc800000, 0x00000000cc800000)
  eden space 163840K,   0% used [0x00000000c0000000, 0x00000000c0000000, 0x00000000ca000000)
  from space 20480K,  37% used [0x00000000ca000000, 0x00000000ca770740, 0x00000000cb400000)
  to   space 20480K,   0% used [0x00000000cb400000, 0x00000000cb400000, 0x00000000cc800000)
 concurrent mark-sweep generation total 843776K, used 124766K [0x00000000cc800000, 0x0000000100000000, 0x0000000100000000)
 Metaspace       used 41019K, capacity 42182K, committed 42392K, reserved 1085440K
  class space    used 5480K, capacity 5750K, committed 5784K, reserved 1048576K
}
2022-04-06T07:35:52.842+0000: 44748.003: Total time for which application threads were stopped: 0.0229155 seconds, Stopping threads took: 0.0000761 seconds
2022-04-06T07:46:11.925+0000: 45367.086: Total time for which application threads were stopped: 0.0002165 seconds, Stopping threads took: 0.0000653 seconds
2022-04-06T07:46:17.926+0000: 45373.087: Total time for which application threads were stopped: 0.0001965 seconds, Stopping threads took: 0.0000417 seconds
{Heap before GC invocations=32 (full 1):
 par new generation   total 184320K, used 171457K [0x00000000c0000000, 0x00000000cc800000, 0x00000000cc800000)
  eden space 163840K, 100% used [0x00000000c0000000, 0x00000000ca000000, 0x00000000ca000000)
  from space 20480K,  37% used [0x00000000ca000000, 0x00000000ca770740, 0x00000000cb400000)
  to   space 20480K,   0% used [0x00000000cb400000, 0x00000000cb400000, 0x00000000cc800000)
 concurrent mark-sweep generation total 843776K, used 124766K [0x00000000cc800000, 0x0000000100000000, 0x0000000100000000)
 Metaspace       used 41020K, capacity 42182K, committed 42392K, reserved 1085440K
  class space    used 5480K, capacity 5750K, committed 5784K, reserved 1048576K
2022-04-06T08:05:53.189+0000: 46548.350: [GC (Allocation Failure) 2022-04-06T08:05:53.189+0000: 46548.350: [ParNew
Desired survivor size 10485760 bytes, new threshold 1 (max 1)
- age   1:    4226224 bytes,    4226224 total
: 171457K->7597K(184320K), 0.0180409 secs] 296224K->134475K(1028096K), 0.0182897 secs] [Times: user=0.04 sys=0.00, real=0.01 secs] 
Heap after GC invocations=33 (full 1):
 par new generation   total 184320K, used 7597K [0x00000000c0000000, 0x00000000cc800000, 0x00000000cc800000)
  eden space 163840K,   0% used [0x00000000c0000000, 0x00000000c0000000, 0x00000000ca000000)
  from space 20480K,  37% used [0x00000000cb400000, 0x00000000cbb6b6a0, 0x00000000cc800000)
  to   space 20480K,   0% used [0x00000000ca000000, 0x00000000ca000000, 0x00000000cb400000)
 concurrent mark-sweep generation total 843776K, used 126877K [0x00000000cc800000, 0x0000000100000000, 0x0000000100000000)
 Metaspace       used 41020K, capacity 42182K, committed 42392K, reserved 1085440K
  class space    used 5480K, capacity 5750K, committed 5784K, reserved 1048576K
}
2022-04-06T08:05:53.207+0000: 46548.368: Total time for which application threads were stopped: 0.0185989 seconds, Stopping threads took: 0.0000632 seconds
2022-04-06T08:07:15.218+0000: 46630.379: Total time for which application threads were stopped: 0.0002742 seconds, Stopping threads took: 0.0000826 seconds
2022-04-06T08:10:10.243+0000: 46805.404: Total time for which application threads were stopped: 0.0003540 seconds, Stopping threads took: 0.0000718 seconds
2022-04-06T08:16:13.292+0000: 47168.452: Total time for which application threads were stopped: 0.0002241 seconds, Stopping threads took: 0.0000735 seconds
2022-04-06T08:16:46.296+0000: 47201.457: Total time for which application threads were stopped: 0.0001734 seconds, Stopping threads took: 0.0000472 seconds
2022-04-06T08:18:12.308+0000: 47287.469: Total time for which application threads were stopped: 0.0002044 seconds, Stopping threads took: 0.0000644 seconds
2022-04-06T08:18:42.312+0000: 47317.473: Total time for which application threads were stopped: 0.0001930 seconds, Stopping threads took: 0.0000485 seconds
2022-04-06T08:26:12.373+0000: 47767.534: Total time for which application threads were stopped: 0.0002164 seconds, Stopping threads took: 0.0000654 seconds
{Heap before GC invocations=33 (full 1):
 par new generation   total 184320K, used 171437K [0x00000000c0000000, 0x00000000cc800000, 0x00000000cc800000)
  eden space 163840K, 100% used [0x00000000c0000000, 0x00000000ca000000, 0x00000000ca000000)
  from space 20480K,  37% used [0x00000000cb400000, 0x00000000cbb6b6a0, 0x00000000cc800000)
  to   space 20480K,   0% used [0x00000000ca000000, 0x00000000ca000000, 0x00000000cb400000)
 concurrent mark-sweep generation total 843776K, used 126877K [0x00000000cc800000, 0x0000000100000000, 0x0000000100000000)
 Metaspace       used 41026K, capacity 42182K, committed 42392K, reserved 1085440K
  class space    used 5480K, capacity 5750K, committed 5784K, reserved 1048576K
2022-04-06T08:30:53.558+0000: 48048.719: [GC (Allocation Failure) 2022-04-06T08:30:53.558+0000: 48048.719: [ParNew
Desired survivor size 10485760 bytes, new threshold 1 (max 1)
- age   1:    8044072 bytes,    8044072 total
: 171437K->8519K(184320K), 0.0273082 secs] 298315K->136667K(1028096K), 0.0274816 secs] [Times: user=0.05 sys=0.00, real=0.03 secs] 
Heap after GC invocations=34 (full 1):
 par new generation   total 184320K, used 8519K [0x00000000c0000000, 0x00000000cc800000, 0x00000000cc800000)
  eden space 163840K,   0% used [0x00000000c0000000, 0x00000000c0000000, 0x00000000ca000000)
  from space 20480K,  41% used [0x00000000ca000000, 0x00000000ca851ce0, 0x00000000cb400000)
  to   space 20480K,   0% used [0x00000000cb400000, 0x00000000cb400000, 0x00000000cc800000)
 concurrent mark-sweep generation total 843776K, used 128148K [0x00000000cc800000, 0x0000000100000000, 0x0000000100000000)
 Metaspace       used 41026K, capacity 42182K, committed 42392K, reserved 1085440K
  class space    used 5480K, capacity 5750K, committed 5784K, reserved 1048576K
}
2022-04-06T08:30:53.586+0000: 48048.747: Total time for which application threads were stopped: 0.0278859 seconds, Stopping threads took: 0.0000809 seconds
2022-04-06T08:38:16.643+0000: 48491.804: Total time for which application threads were stopped: 0.0002689 seconds, Stopping threads took: 0.0000821 seconds
2022-04-06T08:41:46.670+0000: 48701.831: Total time for which application threads were stopped: 0.0002369 seconds, Stopping threads took: 0.0000710 seconds
2022-04-06T08:55:48.779+0000: 49543.940: Total time for which application threads were stopped: 0.0002871 seconds, Stopping threads took: 0.0000861 seconds
2022-04-06T08:55:58.781+0000: 49553.942: Total time for which application threads were stopped: 0.0003010 seconds, Stopping threads took: 0.0001394 seconds
{Heap before GC invocations=34 (full 1):
 par new generation   total 184320K, used 172359K [0x00000000c0000000, 0x00000000cc800000, 0x00000000cc800000)
  eden space 163840K, 100% used [0x00000000c0000000, 0x00000000ca000000, 0x00000000ca000000)
  from space 20480K,  41% used [0x00000000ca000000, 0x00000000ca851ce0, 0x00000000cb400000)
  to   space 20480K,   0% used [0x00000000cb400000, 0x00000000cb400000, 0x00000000cc800000)
 concurrent mark-sweep generation total 843776K, used 128148K [0x00000000cc800000, 0x0000000100000000, 0x0000000100000000)
 Metaspace       used 41026K, capacity 42182K, committed 42392K, reserved 1085440K
  class space    used 5480K, capacity 5750K, committed 5784K, reserved 1048576K
2022-04-06T09:00:53.922+0000: 49849.083: [GC (Allocation Failure) 2022-04-06T09:00:53.923+0000: 49849.083: [ParNew
Desired survivor size 10485760 bytes, new threshold 1 (max 1)
- age   1:    3049608 bytes,    3049608 total
: 172359K->7466K(184320K), 0.0255491 secs] 300507K->139408K(1028096K), 0.0257122 secs] [Times: user=0.05 sys=0.01, real=0.03 secs] 
Heap after GC invocations=35 (full 1):
 par new generation   total 184320K, used 7466K [0x00000000c0000000, 0x00000000cc800000, 0x00000000cc800000)
  eden space 163840K,   0% used [0x00000000c0000000, 0x00000000c0000000, 0x00000000ca000000)
  from space 20480K,  36% used [0x00000000cb400000, 0x00000000cbb4aa50, 0x00000000cc800000)
  to   space 20480K,   0% used [0x00000000ca000000, 0x00000000ca000000, 0x00000000cb400000)
 concurrent mark-sweep generation total 843776K, used 131941K [0x00000000cc800000, 0x0000000100000000, 0x0000000100000000)
 Metaspace       used 41026K, capacity 42182K, committed 42392K, reserved 1085440K
  class space    used 5480K, capacity 5750K, committed 5784K, reserved 1048576K
}
2022-04-06T09:00:53.948+0000: 49849.109: Total time for which application threads were stopped: 0.0260509 seconds, Stopping threads took: 0.0000865 seconds
2022-04-06T09:00:54.949+0000: 49850.110: Total time for which application threads were stopped: 0.0002154 seconds, Stopping threads took: 0.0000642 seconds
2022-04-06T09:10:10.024+0000: 50405.185: Total time for which application threads were stopped: 0.0002513 seconds, Stopping threads took: 0.0000654 seconds
2022-04-06T09:10:13.025+0000: 50408.186: Total time for which application threads were stopped: 0.0001910 seconds, Stopping threads took: 0.0000446 seconds
2022-04-06T09:10:55.031+0000: 50450.192: Total time for which application threads were stopped: 0.0001967 seconds, Stopping threads took: 0.0000560 seconds
2022-04-06T09:15:55.073+0000: 50750.233: Total time for which application threads were stopped: 0.0002863 seconds, Stopping threads took: 0.0000864 seconds
{Heap before GC invocations=35 (full 1):
 par new generation   total 184320K, used 171306K [0x00000000c0000000, 0x00000000cc800000, 0x00000000cc800000)
  eden space 163840K, 100% used [0x00000000c0000000, 0x00000000ca000000, 0x00000000ca000000)
  from space 20480K,  36% used [0x00000000cb400000, 0x00000000cbb4aa50, 0x00000000cc800000)
  to   space 20480K,   0% used [0x00000000ca000000, 0x00000000ca000000, 0x00000000cb400000)
 concurrent mark-sweep generation total 843776K, used 131941K [0x00000000cc800000, 0x0000000100000000, 0x0000000100000000)
 Metaspace       used 41057K, capacity 42246K, committed 42392K, reserved 1085440K
  class space    used 5480K, capacity 5750K, committed 5784K, reserved 1048576K
2022-04-06T09:25:54.240+0000: 51349.401: [GC (Allocation Failure) 2022-04-06T09:25:54.240+0000: 51349.401: [ParNew
Desired survivor size 10485760 bytes, new threshold 1 (max 1)
- age   1:    9459376 bytes,    9459376 total
: 171306K->10099K(184320K), 0.0234778 secs] 303248K->142045K(1028096K), 0.0236592 secs] [Times: user=0.05 sys=0.00, real=0.02 secs] 
Heap after GC invocations=36 (full 1):
 par new generation   total 184320K, used 10099K [0x00000000c0000000, 0x00000000cc800000, 0x00000000cc800000)
  eden space 163840K,   0% used [0x00000000c0000000, 0x00000000c0000000, 0x00000000ca000000)
  from space 20480K,  49% used [0x00000000ca000000, 0x00000000ca9dcca8, 0x00000000cb400000)
  to   space 20480K,   0% used [0x00000000cb400000, 0x00000000cb400000, 0x00000000cc800000)
 concurrent mark-sweep generation total 843776K, used 131946K [0x00000000cc800000, 0x0000000100000000, 0x0000000100000000)
 Metaspace       used 41057K, capacity 42246K, committed 42392K, reserved 1085440K
  class space    used 5480K, capacity 5750K, committed 5784K, reserved 1048576K
}
2022-04-06T09:25:54.264+0000: 51349.425: Total time for which application threads were stopped: 0.0240885 seconds, Stopping threads took: 0.0000823 seconds
2022-04-06T09:26:48.272+0000: 51403.433: Total time for which application threads were stopped: 0.0002989 seconds, Stopping threads took: 0.0001361 seconds
{Heap before GC invocations=36 (full 1):
 par new generation   total 184320K, used 173939K [0x00000000c0000000, 0x00000000cc800000, 0x00000000cc800000)
  eden space 163840K, 100% used [0x00000000c0000000, 0x00000000ca000000, 0x00000000ca000000)
  from space 20480K,  49% used [0x00000000ca000000, 0x00000000ca9dcca8, 0x00000000cb400000)
  to   space 20480K,   0% used [0x00000000cb400000, 0x00000000cb400000, 0x00000000cc800000)
 concurrent mark-sweep generation total 843776K, used 131946K [0x00000000cc800000, 0x0000000100000000, 0x0000000100000000)
 Metaspace       used 41060K, capacity 42246K, committed 42392K, reserved 1085440K
  class space    used 5480K, capacity 5750K, committed 5784K, reserved 1048576K
2022-04-06T09:53:12.805+0000: 52987.966: [GC (Allocation Failure) 2022-04-06T09:53:12.805+0000: 52987.966: [ParNew
Desired survivor size 10485760 bytes, new threshold 1 (max 1)
- age   1:    4065096 bytes,    4065096 total
: 173939K->6394K(184320K), 0.0299000 secs] 305885K->144404K(1028096K), 0.0300462 secs] [Times: user=0.06 sys=0.00, real=0.03 secs] 
Heap after GC invocations=37 (full 1):
 par new generation   total 184320K, used 6394K [0x00000000c0000000, 0x00000000cc800000, 0x00000000cc800000)
  eden space 163840K,   0% used [0x00000000c0000000, 0x00000000c0000000, 0x00000000ca000000)
  from space 20480K,  31% used [0x00000000cb400000, 0x00000000cba3eac8, 0x00000000cc800000)
  to   space 20480K,   0% used [0x00000000ca000000, 0x00000000ca000000, 0x00000000cb400000)
 concurrent mark-sweep generation total 843776K, used 138009K [0x00000000cc800000, 0x0000000100000000, 0x0000000100000000)
 Metaspace       used 41060K, capacity 42246K, committed 42392K, reserved 1085440K
  class space    used 5480K, capacity 5750K, committed 5784K, reserved 1048576K
}
2022-04-06T09:53:12.835+0000: 52987.996: Total time for which application threads were stopped: 0.0303712 seconds, Stopping threads took: 0.0000618 seconds
2022-04-06T10:00:18.890+0000: 53414.050: Total time for which application threads were stopped: 0.0002090 seconds, Stopping threads took: 0.0000622 seconds
2022-04-06T10:06:38.938+0000: 53794.099: Total time for which application threads were stopped: 0.0002459 seconds, Stopping threads took: 0.0000800 seconds
2022-04-06T10:06:48.939+0000: 53804.100: Total time for which application threads were stopped: 0.0001759 seconds, Stopping threads took: 0.0000525 seconds
2022-04-06T10:10:09.965+0000: 54005.126: Total time for which application threads were stopped: 0.0002269 seconds, Stopping threads took: 0.0000690 seconds
2022-04-06T10:18:59.033+0000: 54534.194: Total time for which application threads were stopped: 0.0002176 seconds, Stopping threads took: 0.0000667 seconds
{Heap before GC invocations=37 (full 1):
 par new generation   total 184320K, used 170234K [0x00000000c0000000, 0x00000000cc800000, 0x00000000cc800000)
  eden space 163840K, 100% used [0x00000000c0000000, 0x00000000ca000000, 0x00000000ca000000)
  from space 20480K,  31% used [0x00000000cb400000, 0x00000000cba3eac8, 0x00000000cc800000)
  to   space 20480K,   0% used [0x00000000ca000000, 0x00000000ca000000, 0x00000000cb400000)
 concurrent mark-sweep generation total 843776K, used 138009K [0x00000000cc800000, 0x0000000100000000, 0x0000000100000000)
 Metaspace       used 41072K, capacity 42246K, committed 42392K, reserved 1085440K
  class space    used 5480K, capacity 5750K, committed 5784K, reserved 1048576K
2022-04-06T10:20:54.929+0000: 54650.090: [GC (Allocation Failure) 2022-04-06T10:20:54.929+0000: 54650.090: [ParNew
Desired survivor size 10485760 bytes, new threshold 1 (max 1)
- age   1:    7161440 bytes,    7161440 total
: 170234K->8084K(184320K), 0.0199375 secs] 308244K->146098K(1028096K), 0.0201137 secs] [Times: user=0.02 sys=0.00, real=0.02 secs] 
Heap after GC invocations=38 (full 1):
 par new generation   total 184320K, used 8084K [0x00000000c0000000, 0x00000000cc800000, 0x00000000cc800000)
  eden space 163840K,   0% used [0x00000000c0000000, 0x00000000c0000000, 0x00000000ca000000)
  from space 20480K,  39% used [0x00000000ca000000, 0x00000000ca7e5398, 0x00000000cb400000)
  to   space 20480K,   0% used [0x00000000cb400000, 0x00000000cb400000, 0x00000000cc800000)
 concurrent mark-sweep generation total 843776K, used 138013K [0x00000000cc800000, 0x0000000100000000, 0x0000000100000000)
 Metaspace       used 41072K, capacity 42246K, committed 42392K, reserved 1085440K
  class space    used 5480K, capacity 5750K, committed 5784K, reserved 1048576K
}
2022-04-06T10:20:54.949+0000: 54650.110: Total time for which application threads were stopped: 0.0204574 seconds, Stopping threads took: 0.0000768 seconds
2022-04-06T10:27:49.002+0000: 55064.163: Total time for which application threads were stopped: 0.0002036 seconds, Stopping threads took: 0.0000613 seconds
2022-04-06T10:33:51.050+0000: 55426.211: Total time for which application threads were stopped: 0.0002273 seconds, Stopping threads took: 0.0000743 seconds
2022-04-06T10:36:18.068+0000: 55573.229: Total time for which application threads were stopped: 0.0002213 seconds, Stopping threads took: 0.0000729 seconds
2022-04-06T10:39:52.094+0000: 55787.255: Total time for which application threads were stopped: 0.0002127 seconds, Stopping threads took: 0.0000661 seconds
2022-04-06T10:40:56.102+0000: 55851.263: Total time for which application threads were stopped: 0.0002559 seconds, Stopping threads took: 0.0000734 seconds
2022-04-06T10:49:19.167+0000: 56354.328: Total time for which application threads were stopped: 0.0002903 seconds, Stopping threads took: 0.0000805 seconds
{Heap before GC invocations=38 (full 1):
 par new generation   total 184320K, used 171924K [0x00000000c0000000, 0x00000000cc800000, 0x00000000cc800000)
  eden space 163840K, 100% used [0x00000000c0000000, 0x00000000ca000000, 0x00000000ca000000)
  from space 20480K,  39% used [0x00000000ca000000, 0x00000000ca7e5398, 0x00000000cb400000)
  to   space 20480K,   0% used [0x00000000cb400000, 0x00000000cb400000, 0x00000000cc800000)
 concurrent mark-sweep generation total 843776K, used 138013K [0x00000000cc800000, 0x0000000100000000, 0x0000000100000000)
 Metaspace       used 41075K, capacity 42246K, committed 42392K, reserved 1085440K
  class space    used 5482K, capacity 5750K, committed 5784K, reserved 1048576K
2022-04-06T10:50:55.317+0000: 56450.478: [GC (Allocation Failure) 2022-04-06T10:50:55.317+0000: 56450.478: [ParNew
Desired survivor size 10485760 bytes, new threshold 1 (max 1)
- age   1:    3053464 bytes,    3053464 total
: 171924K->5149K(184320K), 0.0255559 secs] 309938K->148196K(1028096K), 0.0256928 secs] [Times: user=0.05 sys=0.00, real=0.03 secs] 
Heap after GC invocations=39 (full 1):
 par new generation   total 184320K, used 5149K [0x00000000c0000000, 0x00000000cc800000, 0x00000000cc800000)
  eden space 163840K,   0% used [0x00000000c0000000, 0x00000000c0000000, 0x00000000ca000000)
  from space 20480K,  25% used [0x00000000cb400000, 0x00000000cb907580, 0x00000000cc800000)
  to   space 20480K,   0% used [0x00000000ca000000, 0x00000000ca000000, 0x00000000cb400000)
 concurrent mark-sweep generation total 843776K, used 143047K [0x00000000cc800000, 0x0000000100000000, 0x0000000100000000)
 Metaspace       used 41075K, capacity 42246K, committed 42392K, reserved 1085440K
  class space    used 5482K, capacity 5750K, committed 5784K, reserved 1048576K
}
2022-04-06T10:50:55.342+0000: 56450.503: Total time for which application threads were stopped: 0.0259745 seconds, Stopping threads took: 0.0000536 seconds
2022-04-06T11:01:43.428+0000: 57098.589: Total time for which application threads were stopped: 0.0002071 seconds, Stopping threads took: 0.0000658 seconds
2022-04-06T11:05:56.462+0000: 57351.623: Total time for which application threads were stopped: 0.0002144 seconds, Stopping threads took: 0.0000638 seconds
2022-04-06T11:06:13.465+0000: 57368.626: Total time for which application threads were stopped: 0.0002423 seconds, Stopping threads took: 0.0000458 seconds
2022-04-06T11:10:10.496+0000: 57605.657: Total time for which application threads were stopped: 0.0003062 seconds, Stopping threads took: 0.0001534 seconds
2022-04-06T11:10:12.496+0000: 57607.657: Total time for which application threads were stopped: 0.0001684 seconds, Stopping threads took: 0.0000479 seconds
2022-04-06T11:10:18.497+0000: 57613.658: Total time for which application threads were stopped: 0.0001770 seconds, Stopping threads took: 0.0000534 seconds
2022-04-06T11:10:22.498+0000: 57617.659: Total time for which application threads were stopped: 0.0001712 seconds, Stopping threads took: 0.0000466 seconds
2022-04-06T11:11:18.505+0000: 57673.666: Total time for which application threads were stopped: 0.0002107 seconds, Stopping threads took: 0.0000706 seconds
2022-04-06T11:15:23.539+0000: 57918.700: Total time for which application threads were stopped: 0.0003043 seconds, Stopping threads took: 0.0001077 seconds
{Heap before GC invocations=39 (full 1):
 par new generation   total 184320K, used 168989K [0x00000000c0000000, 0x00000000cc800000, 0x00000000cc800000)
  eden space 163840K, 100% used [0x00000000c0000000, 0x00000000ca000000, 0x00000000ca000000)
  from space 20480K,  25% used [0x00000000cb400000, 0x00000000cb907580, 0x00000000cc800000)
  to   space 20480K,   0% used [0x00000000ca000000, 0x00000000ca000000, 0x00000000cb400000)
 concurrent mark-sweep generation total 843776K, used 143047K [0x00000000cc800000, 0x0000000100000000, 0x0000000100000000)
 Metaspace       used 41087K, capacity 42246K, committed 42392K, reserved 1085440K
  class space    used 5482K, capacity 5750K, committed 5784K, reserved 1048576K
2022-04-06T11:15:55.670+0000: 57950.830: [GC (Allocation Failure) 2022-04-06T11:15:55.670+0000: 57950.831: [ParNew
Desired survivor size 10485760 bytes, new threshold 1 (max 1)
- age   1:    7253192 bytes,    7253192 total
: 168989K->8012K(184320K), 0.0210922 secs] 312036K->151063K(1028096K), 0.0212799 secs] [Times: user=0.04 sys=0.00, real=0.02 secs] 
Heap after GC invocations=40 (full 1):
 par new generation   total 184320K, used 8012K [0x00000000c0000000, 0x00000000cc800000, 0x00000000cc800000)
  eden space 163840K,   0% used [0x00000000c0000000, 0x00000000c0000000, 0x00000000ca000000)
  from space 20480K,  39% used [0x00000000ca000000, 0x00000000ca7d31b0, 0x00000000cb400000)
  to   space 20480K,   0% used [0x00000000cb400000, 0x00000000cb400000, 0x00000000cc800000)
 concurrent mark-sweep generation total 843776K, used 143051K [0x00000000cc800000, 0x0000000100000000, 0x0000000100000000)
 Metaspace       used 41087K, capacity 42246K, committed 42392K, reserved 1085440K
  class space    used 5482K, capacity 5750K, committed 5784K, reserved 1048576K
}
2022-04-06T11:15:55.691+0000: 57950.852: Total time for which application threads were stopped: 0.0216798 seconds, Stopping threads took: 0.0000927 seconds
2022-04-06T11:15:56.692+0000: 57951.853: Total time for which application threads were stopped: 0.0002218 seconds, Stopping threads took: 0.0000524 seconds
2022-04-06T11:19:23.719+0000: 58158.880: Total time for which application threads were stopped: 0.0002117 seconds, Stopping threads took: 0.0000725 seconds
2022-04-06T11:31:53.814+0000: 58908.975: Total time for which application threads were stopped: 0.0002435 seconds, Stopping threads took: 0.0000663 seconds
{Heap before GC invocations=40 (full 1):
 par new generation   total 184320K, used 171852K [0x00000000c0000000, 0x00000000cc800000, 0x00000000cc800000)
  eden space 163840K, 100% used [0x00000000c0000000, 0x00000000ca000000, 0x00000000ca000000)
  from space 20480K,  39% used [0x00000000ca000000, 0x00000000ca7d31b0, 0x00000000cb400000)
  to   space 20480K,   0% used [0x00000000cb400000, 0x00000000cb400000, 0x00000000cc800000)
 concurrent mark-sweep generation total 843776K, used 143051K [0x00000000cc800000, 0x0000000100000000, 0x0000000100000000)
 Metaspace       used 41094K, capacity 42246K, committed 42392K, reserved 1085440K
  class space    used 5482K, capacity 5750K, committed 5784K, reserved 1048576K
2022-04-06T11:45:56.028+0000: 59751.189: [GC (Allocation Failure) 2022-04-06T11:45:56.028+0000: 59751.189: [ParNew
Desired survivor size 10485760 bytes, new threshold 1 (max 1)
- age   1:    3047824 bytes,    3047824 total
: 171852K->5251K(184320K), 0.0297642 secs] 314903K->153309K(1028096K), 0.0299176 secs] [Times: user=0.05 sys=0.00, real=0.02 secs] 
Heap after GC invocations=41 (full 1):
 par new generation   total 184320K, used 5251K [0x00000000c0000000, 0x00000000cc800000, 0x00000000cc800000)
  eden space 163840K,   0% used [0x00000000c0000000, 0x00000000c0000000, 0x00000000ca000000)
  from space 20480K,  25% used [0x00000000cb400000, 0x00000000cb920cb8, 0x00000000cc800000)
  to   space 20480K,   0% used [0x00000000ca000000, 0x00000000ca000000, 0x00000000cb400000)
 concurrent mark-sweep generation total 843776K, used 148058K [0x00000000cc800000, 0x0000000100000000, 0x0000000100000000)
 Metaspace       used 41094K, capacity 42246K, committed 42392K, reserved 1085440K
  class space    used 5482K, capacity 5750K, committed 5784K, reserved 1048576K
}
2022-04-06T11:45:56.058+0000: 59751.219: Total time for which application threads were stopped: 0.0302509 seconds, Stopping threads took: 0.0000649 seconds
2022-04-06T11:45:57.058+0000: 59752.219: Total time for which application threads were stopped: 0.0001644 seconds, Stopping threads took: 0.0000442 seconds
2022-04-06T11:51:10.098+0000: 60065.259: Total time for which application threads were stopped: 0.0002256 seconds, Stopping threads took: 0.0000665 seconds
2022-04-06T12:07:13.223+0000: 61028.384: Total time for which application threads were stopped: 0.0002282 seconds, Stopping threads took: 0.0000780 seconds
2022-04-06T12:10:10.247+0000: 61205.407: Total time for which application threads were stopped: 0.0002929 seconds, Stopping threads took: 0.0000674 seconds
2022-04-06T12:10:12.247+0000: 61207.408: Total time for which application threads were stopped: 0.0001681 seconds, Stopping threads took: 0.0000434 seconds
{Heap before GC invocations=41 (full 1):
 par new generation   total 184320K, used 169091K [0x00000000c0000000, 0x00000000cc800000, 0x00000000cc800000)
  eden space 163840K, 100% used [0x00000000c0000000, 0x00000000ca000000, 0x00000000ca000000)
  from space 20480K,  25% used [0x00000000cb400000, 0x00000000cb920cb8, 0x00000000cc800000)
  to   space 20480K,   0% used [0x00000000ca000000, 0x00000000ca000000, 0x00000000cb400000)
 concurrent mark-sweep generation total 843776K, used 148058K [0x00000000cc800000, 0x0000000100000000, 0x0000000100000000)
 Metaspace       used 41106K, capacity 42246K, committed 42392K, reserved 1085440K
  class space    used 5482K, capacity 5750K, committed 5784K, reserved 1048576K
2022-04-06T12:10:12.852+0000: 61208.013: [GC (Allocation Failure) 2022-04-06T12:10:12.852+0000: 61208.013: [ParNew
Desired survivor size 10485760 bytes, new threshold 1 (max 1)
- age   1:    6336032 bytes,    6336032 total
: 169091K->7088K(184320K), 0.0151120 secs] 317149K->155153K(1028096K), 0.0152684 secs] [Times: user=0.03 sys=0.00, real=0.01 secs] 
Heap after GC invocations=42 (full 1):
 par new generation   total 184320K, used 7088K [0x00000000c0000000, 0x00000000cc800000, 0x00000000cc800000)
  eden space 163840K,   0% used [0x00000000c0000000, 0x00000000c0000000, 0x00000000ca000000)
  from space 20480K,  34% used [0x00000000ca000000, 0x00000000ca6ec118, 0x00000000cb400000)
  to   space 20480K,   0% used [0x00000000cb400000, 0x00000000cb400000, 0x00000000cc800000)
 concurrent mark-sweep generation total 843776K, used 148065K [0x00000000cc800000, 0x0000000100000000, 0x0000000100000000)
 Metaspace       used 41106K, capacity 42246K, committed 42392K, reserved 1085440K
  class space    used 5482K, capacity 5750K, committed 5784K, reserved 1048576K
}
2022-04-06T12:10:12.867+0000: 61208.028: Total time for which application threads were stopped: 0.0156184 seconds, Stopping threads took: 0.0000406 seconds
2022-04-06T12:14:12.897+0000: 61448.057: Total time for which application threads were stopped: 0.0002011 seconds, Stopping threads took: 0.0000625 seconds
{Heap before GC invocations=42 (full 1):
 par new generation   total 184320K, used 170928K [0x00000000c0000000, 0x00000000cc800000, 0x00000000cc800000)
  eden space 163840K, 100% used [0x00000000c0000000, 0x00000000ca000000, 0x00000000ca000000)
  from space 20480K,  34% used [0x00000000ca000000, 0x00000000ca6ec118, 0x00000000cb400000)
  to   space 20480K,   0% used [0x00000000cb400000, 0x00000000cb400000, 0x00000000cc800000)
 concurrent mark-sweep generation total 843776K, used 148065K [0x00000000cc800000, 0x0000000100000000, 0x0000000100000000)
 Metaspace       used 41110K, capacity 42246K, committed 42392K, reserved 1085440K
  class space    used 5483K, capacity 5750K, committed 5784K, reserved 1048576K
2022-04-06T12:35:56.668+0000: 62751.829: [GC (Allocation Failure) 2022-04-06T12:35:56.668+0000: 62751.829: [ParNew
Desired survivor size 10485760 bytes, new threshold 1 (max 1)
- age   1:    5407120 bytes,    5407120 total
: 170928K->7203K(184320K), 0.0274666 secs] 318993K->160359K(1028096K), 0.0276044 secs] [Times: user=0.06 sys=0.00, real=0.02 secs] 
Heap after GC invocations=43 (full 1):
 par new generation   total 184320K, used 7203K [0x00000000c0000000, 0x00000000cc800000, 0x00000000cc800000)
  eden space 163840K,   0% used [0x00000000c0000000, 0x00000000c0000000, 0x00000000ca000000)
  from space 20480K,  35% used [0x00000000cb400000, 0x00000000cbb08fb8, 0x00000000cc800000)
  to   space 20480K,   0% used [0x00000000ca000000, 0x00000000ca000000, 0x00000000cb400000)
 concurrent mark-sweep generation total 843776K, used 153155K [0x00000000cc800000, 0x0000000100000000, 0x0000000100000000)
 Metaspace       used 41110K, capacity 42246K, committed 42392K, reserved 1085440K
  class space    used 5483K, capacity 5750K, committed 5784K, reserved 1048576K
}
2022-04-06T12:35:56.696+0000: 62751.857: Total time for which application threads were stopped: 0.0279268 seconds, Stopping threads took: 0.0000603 seconds
{Heap before GC invocations=43 (full 1):
 par new generation   total 184320K, used 171043K [0x00000000c0000000, 0x00000000cc800000, 0x00000000cc800000)
  eden space 163840K, 100% used [0x00000000c0000000, 0x00000000ca000000, 0x00000000ca000000)
  from space 20480K,  35% used [0x00000000cb400000, 0x00000000cbb08fb8, 0x00000000cc800000)
  to   space 20480K,   0% used [0x00000000ca000000, 0x00000000ca000000, 0x00000000cb400000)
 concurrent mark-sweep generation total 843776K, used 153155K [0x00000000cc800000, 0x0000000100000000, 0x0000000100000000)
 Metaspace       used 41111K, capacity 42246K, committed 42392K, reserved 1085440K
  class space    used 5483K, capacity 5750K, committed 5784K, reserved 1048576K
2022-04-06T13:05:57.019+0000: 64552.179: [GC (Allocation Failure) 2022-04-06T13:05:57.019+0000: 64552.179: [ParNew
Desired survivor size 10485760 bytes, new threshold 1 (max 1)
- age   1:    4093472 bytes,    4093472 total
: 171043K->5876K(184320K), 0.0146989 secs] 324199K->160064K(1028096K), 0.0148355 secs] [Times: user=0.03 sys=0.00, real=0.02 secs] 
Heap after GC invocations=44 (full 1):
 par new generation   total 184320K, used 5876K [0x00000000c0000000, 0x00000000cc800000, 0x00000000cc800000)
  eden space 163840K,   0% used [0x00000000c0000000, 0x00000000c0000000, 0x00000000ca000000)
  from space 20480K,  28% used [0x00000000ca000000, 0x00000000ca5bd020, 0x00000000cb400000)
  to   space 20480K,   0% used [0x00000000cb400000, 0x00000000cb400000, 0x00000000cc800000)
 concurrent mark-sweep generation total 843776K, used 154188K [0x00000000cc800000, 0x0000000100000000, 0x0000000100000000)
 Metaspace       used 41111K, capacity 42246K, committed 42392K, reserved 1085440K
  class space    used 5483K, capacity 5750K, committed 5784K, reserved 1048576K
}
2022-04-06T13:05:57.033+0000: 64552.194: Total time for which application threads were stopped: 0.0151431 seconds, Stopping threads took: 0.0000589 seconds
2022-04-06T13:10:10.066+0000: 64805.227: Total time for which application threads were stopped: 0.0002334 seconds, Stopping threads took: 0.0000586 seconds
2022-04-06T13:10:13.067+0000: 64808.228: Total time for which application threads were stopped: 0.0002188 seconds, Stopping threads took: 0.0000433 seconds
2022-04-06T13:16:12.113+0000: 65167.274: Total time for which application threads were stopped: 0.0002135 seconds, Stopping threads took: 0.0000617 seconds
2022-04-06T13:20:58.150+0000: 65453.311: Total time for which application threads were stopped: 0.0002145 seconds, Stopping threads took: 0.0000638 seconds
2022-04-06T13:21:04.151+0000: 65459.312: Total time for which application threads were stopped: 0.0001627 seconds, Stopping threads took: 0.0000433 seconds
2022-04-06T13:28:58.211+0000: 65933.372: Total time for which application threads were stopped: 0.0002988 seconds, Stopping threads took: 0.0000888 seconds
{Heap before GC invocations=44 (full 1):
 par new generation   total 184320K, used 169716K [0x00000000c0000000, 0x00000000cc800000, 0x00000000cc800000)
  eden space 163840K, 100% used [0x00000000c0000000, 0x00000000ca000000, 0x00000000ca000000)
  from space 20480K,  28% used [0x00000000ca000000, 0x00000000ca5bd020, 0x00000000cb400000)
  to   space 20480K,   0% used [0x00000000cb400000, 0x00000000cb400000, 0x00000000cc800000)
 concurrent mark-sweep generation total 843776K, used 154188K [0x00000000cc800000, 0x0000000100000000, 0x0000000100000000)
 Metaspace       used 41125K, capacity 42246K, committed 42392K, reserved 1085440K
  class space    used 5483K, capacity 5750K, committed 5784K, reserved 1048576K
2022-04-06T13:31:29.727+0000: 66084.888: [GC (Allocation Failure) 2022-04-06T13:31:29.727+0000: 66084.888: [ParNew
Desired survivor size 10485760 bytes, new threshold 1 (max 1)
- age   1:    6174632 bytes,    6174632 total
: 169716K->6629K(184320K), 0.0218827 secs] 323904K->162789K(1028096K), 0.0220294 secs] [Times: user=0.04 sys=0.00, real=0.03 secs] 
Heap after GC invocations=45 (full 1):
 par new generation   total 184320K, used 6629K [0x00000000c0000000, 0x00000000cc800000, 0x00000000cc800000)
  eden space 163840K,   0% used [0x00000000c0000000, 0x00000000c0000000, 0x00000000ca000000)
  from space 20480K,  32% used [0x00000000cb400000, 0x00000000cba79478, 0x00000000cc800000)
  to   space 20480K,   0% used [0x00000000ca000000, 0x00000000ca000000, 0x00000000cb400000)
 concurrent mark-sweep generation total 843776K, used 156160K [0x00000000cc800000, 0x0000000100000000, 0x0000000100000000)
 Metaspace       used 41125K, capacity 42246K, committed 42392K, reserved 1085440K
  class space    used 5483K, capacity 5750K, committed 5784K, reserved 1048576K
}
2022-04-06T13:31:29.749+0000: 66084.910: Total time for which application threads were stopped: 0.0224038 seconds, Stopping threads took: 0.0000727 seconds
2022-04-06T13:57:12.952+0000: 67628.113: Total time for which application threads were stopped: 0.0002156 seconds, Stopping threads took: 0.0000674 seconds
{Heap before GC invocations=45 (full 1):
 par new generation   total 184320K, used 170469K [0x00000000c0000000, 0x00000000cc800000, 0x00000000cc800000)
  eden space 163840K, 100% used [0x00000000c0000000, 0x00000000ca000000, 0x00000000ca000000)
  from space 20480K,  32% used [0x00000000cb400000, 0x00000000cba79478, 0x00000000cc800000)
  to   space 20480K,   0% used [0x00000000ca000000, 0x00000000ca000000, 0x00000000cb400000)
 concurrent mark-sweep generation total 843776K, used 156160K [0x00000000cc800000, 0x0000000100000000, 0x0000000100000000)
 Metaspace       used 41125K, capacity 42246K, committed 42392K, reserved 1085440K
  class space    used 5483K, capacity 5750K, committed 5784K, reserved 1048576K
2022-04-06T14:00:57.680+0000: 67852.841: [GC (Allocation Failure) 2022-04-06T14:00:57.681+0000: 67852.841: [ParNew
Desired survivor size 10485760 bytes, new threshold 1 (max 1)
- age   1:    3219408 bytes,    3219408 total
: 170469K->7024K(184320K), 0.0191402 secs] 326629K->166269K(1028096K), 0.0192874 secs] [Times: user=0.03 sys=0.00, real=0.02 secs] 
Heap after GC invocations=46 (full 1):
 par new generation   total 184320K, used 7024K [0x00000000c0000000, 0x00000000cc800000, 0x00000000cc800000)
  eden space 163840K,   0% used [0x00000000c0000000, 0x00000000c0000000, 0x00000000ca000000)
  from space 20480K,  34% used [0x00000000ca000000, 0x00000000ca6dc230, 0x00000000cb400000)
  to   space 20480K,   0% used [0x00000000cb400000, 0x00000000cb400000, 0x00000000cc800000)
 concurrent mark-sweep generation total 843776K, used 159245K [0x00000000cc800000, 0x0000000100000000, 0x0000000100000000)
 Metaspace       used 41125K, capacity 42246K, committed 42392K, reserved 1085440K
  class space    used 5483K, capacity 5750K, committed 5784K, reserved 1048576K
}
2022-04-06T14:00:57.700+0000: 67852.861: Total time for which application threads were stopped: 0.0196426 seconds, Stopping threads took: 0.0000985 seconds
2022-04-06T14:00:58.700+0000: 67853.861: Total time for which application threads were stopped: 0.0001723 seconds, Stopping threads took: 0.0000464 seconds
2022-04-06T14:10:09.769+0000: 68404.930: Total time for which application threads were stopped: 0.0002607 seconds, Stopping threads took: 0.0000638 seconds
{Heap before GC invocations=46 (full 1):
 par new generation   total 184320K, used 170864K [0x00000000c0000000, 0x00000000cc800000, 0x00000000cc800000)
  eden space 163840K, 100% used [0x00000000c0000000, 0x00000000ca000000, 0x00000000ca000000)
  from space 20480K,  34% used [0x00000000ca000000, 0x00000000ca6dc230, 0x00000000cb400000)
  to   space 20480K,   0% used [0x00000000cb400000, 0x00000000cb400000, 0x00000000cc800000)
 concurrent mark-sweep generation total 843776K, used 159245K [0x00000000cc800000, 0x0000000100000000, 0x0000000100000000)
 Metaspace       used 41146K, capacity 42314K, committed 42392K, reserved 1085440K
  class space    used 5483K, capacity 5750K, committed 5784K, reserved 1048576K
2022-04-06T14:30:58.018+0000: 69653.179: [GC (Allocation Failure) 2022-04-06T14:30:58.018+0000: 69653.179: [ParNew
Desired survivor size 10485760 bytes, new threshold 1 (max 1)
- age   1:    8259328 bytes,    8259328 total
: 170864K->9252K(184320K), 0.0173538 secs] 330109K->168500K(1028096K), 0.0175086 secs] [Times: user=0.03 sys=0.00, real=0.02 secs] 
Heap after GC invocations=47 (full 1):
 par new generation   total 184320K, used 9252K [0x00000000c0000000, 0x00000000cc800000, 0x00000000cc800000)
  eden space 163840K,   0% used [0x00000000c0000000, 0x00000000c0000000, 0x00000000ca000000)
  from space 20480K,  45% used [0x00000000cb400000, 0x00000000cbd092d0, 0x00000000cc800000)
  to   space 20480K,   0% used [0x00000000ca000000, 0x00000000ca000000, 0x00000000cb400000)
 concurrent mark-sweep generation total 843776K, used 159248K [0x00000000cc800000, 0x0000000100000000, 0x0000000100000000)
 Metaspace       used 41146K, capacity 42314K, committed 42392K, reserved 1085440K
  class space    used 5483K, capacity 5750K, committed 5784K, reserved 1048576K
}
2022-04-06T14:30:58.036+0000: 69653.197: Total time for which application threads were stopped: 0.0178460 seconds, Stopping threads took: 0.0000623 seconds
2022-04-06T14:37:27.087+0000: 70042.247: Total time for which application threads were stopped: 0.0002867 seconds, Stopping threads took: 0.0000872 seconds
{Heap before GC invocations=47 (full 1):
 par new generation   total 184320K, used 173092K [0x00000000c0000000, 0x00000000cc800000, 0x00000000cc800000)
  eden space 163840K, 100% used [0x00000000c0000000, 0x00000000ca000000, 0x00000000ca000000)
  from space 20480K,  45% used [0x00000000cb400000, 0x00000000cbd092d0, 0x00000000cc800000)
  to   space 20480K,   0% used [0x00000000ca000000, 0x00000000ca000000, 0x00000000cb400000)
 concurrent mark-sweep generation total 843776K, used 159248K [0x00000000cc800000, 0x0000000100000000, 0x0000000100000000)
 Metaspace       used 41146K, capacity 42314K, committed 42392K, reserved 1085440K
  class space    used 5483K, capacity 5750K, committed 5784K, reserved 1048576K
2022-04-06T14:55:58.387+0000: 71153.548: [GC (Allocation Failure) 2022-04-06T14:55:58.387+0000: 71153.548: [ParNew
Desired survivor size 10485760 bytes, new threshold 1 (max 1)
- age   1:    3307480 bytes,    3307480 total
: 173092K->8797K(184320K), 0.0256849 secs] 332340K->173058K(1028096K), 0.0258396 secs] [Times: user=0.05 sys=0.00, real=0.03 secs] 
Heap after GC invocations=48 (full 1):
 par new generation   total 184320K, used 8797K [0x00000000c0000000, 0x00000000cc800000, 0x00000000cc800000)
  eden space 163840K,   0% used [0x00000000c0000000, 0x00000000c0000000, 0x00000000ca000000)
  from space 20480K,  42% used [0x00000000ca000000, 0x00000000ca8977b0, 0x00000000cb400000)
  to   space 20480K,   0% used [0x00000000cb400000, 0x00000000cb400000, 0x00000000cc800000)
 concurrent mark-sweep generation total 843776K, used 164260K [0x00000000cc800000, 0x0000000100000000, 0x0000000100000000)
 Metaspace       used 41146K, capacity 42314K, committed 42392K, reserved 1085440K
  class space    used 5483K, capacity 5750K, committed 5784K, reserved 1048576K
}
2022-04-06T14:55:58.413+0000: 71153.574: Total time for which application threads were stopped: 0.0261969 seconds, Stopping threads took: 0.0000663 seconds
2022-04-06T15:10:10.520+0000: 72005.681: Total time for which application threads were stopped: 0.0002601 seconds, Stopping threads took: 0.0000624 seconds
2022-04-06T15:11:10.528+0000: 72065.689: Total time for which application threads were stopped: 0.0002703 seconds, Stopping threads took: 0.0000784 seconds
2022-04-06T15:11:13.529+0000: 72068.690: Total time for which application threads were stopped: 0.0002425 seconds, Stopping threads took: 0.0000670 seconds
2022-04-06T15:16:11.566+0000: 72366.727: Total time for which application threads were stopped: 0.0003449 seconds, Stopping threads took: 0.0001389 seconds
{Heap before GC invocations=48 (full 1):
 par new generation   total 184320K, used 172637K [0x00000000c0000000, 0x00000000cc800000, 0x00000000cc800000)
  eden space 163840K, 100% used [0x00000000c0000000, 0x00000000ca000000, 0x00000000ca000000)
  from space 20480K,  42% used [0x00000000ca000000, 0x00000000ca8977b0, 0x00000000cb400000)
  to   space 20480K,   0% used [0x00000000cb400000, 0x00000000cb400000, 0x00000000cc800000)
 concurrent mark-sweep generation total 843776K, used 164260K [0x00000000cc800000, 0x0000000100000000, 0x0000000100000000)
 Metaspace       used 41175K, capacity 42390K, committed 42648K, reserved 1085440K
  class space    used 5483K, capacity 5750K, committed 5784K, reserved 1048576K
2022-04-06T15:20:58.683+0000: 72653.843: [GC (Allocation Failure) 2022-04-06T15:20:58.683+0000: 72653.843: [ParNew
Desired survivor size 10485760 bytes, new threshold 1 (max 1)
- age   1:    9328016 bytes,    9328016 total
: 172637K->11149K(184320K), 0.0208011 secs] 336898K->175413K(1028096K), 0.0209850 secs] [Times: user=0.04 sys=0.00, real=0.02 secs] 
Heap after GC invocations=49 (full 1):
 par new generation   total 184320K, used 11149K [0x00000000c0000000, 0x00000000cc800000, 0x00000000cc800000)
  eden space 163840K,   0% used [0x00000000c0000000, 0x00000000c0000000, 0x00000000ca000000)
  from space 20480K,  54% used [0x00000000cb400000, 0x00000000cbee37c8, 0x00000000cc800000)
  to   space 20480K,   0% used [0x00000000ca000000, 0x00000000ca000000, 0x00000000cb400000)
 concurrent mark-sweep generation total 843776K, used 164263K [0x00000000cc800000, 0x0000000100000000, 0x0000000100000000)
 Metaspace       used 41175K, capacity 42390K, committed 42648K, reserved 1085440K
  class space    used 5483K, capacity 5750K, committed 5784K, reserved 1048576K
}
2022-04-06T15:20:58.704+0000: 72653.865: Total time for which application threads were stopped: 0.0214670 seconds, Stopping threads took: 0.0000815 seconds
2022-04-06T15:26:13.746+0000: 72968.907: Total time for which application threads were stopped: 0.0003048 seconds, Stopping threads took: 0.0000975 seconds
{Heap before GC invocations=49 (full 1):
 par new generation   total 184320K, used 174989K [0x00000000c0000000, 0x00000000cc800000, 0x00000000cc800000)
  eden space 163840K, 100% used [0x00000000c0000000, 0x00000000ca000000, 0x00000000ca000000)
  from space 20480K,  54% used [0x00000000cb400000, 0x00000000cbee37c8, 0x00000000cc800000)
  to   space 20480K,   0% used [0x00000000ca000000, 0x00000000ca000000, 0x00000000cb400000)
 concurrent mark-sweep generation total 843776K, used 164263K [0x00000000cc800000, 0x0000000100000000, 0x0000000100000000)
 Metaspace       used 41181K, capacity 42390K, committed 42648K, reserved 1085440K
  class space    used 5483K, capacity 5750K, committed 5784K, reserved 1048576K
2022-04-06T15:50:59.046+0000: 74454.206: [GC (Allocation Failure) 2022-04-06T15:50:59.046+0000: 74454.206: [ParNew
Desired survivor size 10485760 bytes, new threshold 1 (max 1)
- age   1:    4251488 bytes,    4251488 total
: 174989K->8789K(184320K), 0.0288931 secs] 339253K->179161K(1028096K), 0.0290358 secs] [Times: user=0.06 sys=0.00, real=0.03 secs] 
Heap after GC invocations=50 (full 1):
 par new generation   total 184320K, used 8789K [0x00000000c0000000, 0x00000000cc800000, 0x00000000cc800000)
  eden space 163840K,   0% used [0x00000000c0000000, 0x00000000c0000000, 0x00000000ca000000)
  from space 20480K,  42% used [0x00000000ca000000, 0x00000000ca8954e8, 0x00000000cb400000)
  to   space 20480K,   0% used [0x00000000cb400000, 0x00000000cb400000, 0x00000000cc800000)
 concurrent mark-sweep generation total 843776K, used 170371K [0x00000000cc800000, 0x0000000100000000, 0x0000000100000000)
 Metaspace       used 41181K, capacity 42390K, committed 42648K, reserved 1085440K
  class space    used 5483K, capacity 5750K, committed 5784K, reserved 1048576K
}
2022-04-06T15:50:59.075+0000: 74454.235: Total time for which application threads were stopped: 0.0294102 seconds, Stopping threads took: 0.0000727 seconds
2022-04-06T16:10:10.222+0000: 75605.383: Total time for which application threads were stopped: 0.0003067 seconds, Stopping threads took: 0.0000604 seconds
2022-04-06T16:10:13.222+0000: 75608.383: Total time for which application threads were stopped: 0.0001731 seconds, Stopping threads took: 0.0000468 seconds
2022-04-06T16:10:15.223+0000: 75610.384: Total time for which application threads were stopped: 0.0001842 seconds, Stopping threads took: 0.0000459 seconds
{Heap before GC invocations=50 (full 1):
 par new generation   total 184320K, used 172629K [0x00000000c0000000, 0x00000000cc800000, 0x00000000cc800000)
  eden space 163840K, 100% used [0x00000000c0000000, 0x00000000ca000000, 0x00000000ca000000)
  from space 20480K,  42% used [0x00000000ca000000, 0x00000000ca8954e8, 0x00000000cb400000)
  to   space 20480K,   0% used [0x00000000cb400000, 0x00000000cb400000, 0x00000000cc800000)
 concurrent mark-sweep generation total 843776K, used 170371K [0x00000000cc800000, 0x0000000100000000, 0x0000000100000000)
 Metaspace       used 41185K, capacity 42390K, committed 42648K, reserved 1085440K
  class space    used 5483K, capacity 5750K, committed 5784K, reserved 1048576K
2022-04-06T16:16:12.940+0000: 75968.101: [GC (Allocation Failure) 2022-04-06T16:16:12.940+0000: 75968.101: [ParNew
Desired survivor size 10485760 bytes, new threshold 1 (max 1)
- age   1:    7111848 bytes,    7111848 total
: 172629K->8583K(184320K), 0.0165584 secs] 343001K->178962K(1028096K), 0.0167154 secs] [Times: user=0.03 sys=0.00, real=0.01 secs] 
Heap after GC invocations=51 (full 1):
 par new generation   total 184320K, used 8583K [0x00000000c0000000, 0x00000000cc800000, 0x00000000cc800000)
  eden space 163840K,   0% used [0x00000000c0000000, 0x00000000c0000000, 0x00000000ca000000)
  from space 20480K,  41% used [0x00000000cb400000, 0x00000000cbc61c70, 0x00000000cc800000)
  to   space 20480K,   0% used [0x00000000ca000000, 0x00000000ca000000, 0x00000000cb400000)
 concurrent mark-sweep generation total 843776K, used 170379K [0x00000000cc800000, 0x0000000100000000, 0x0000000100000000)
 Metaspace       used 41185K, capacity 42390K, committed 42648K, reserved 1085440K
  class space    used 5483K, capacity 5750K, committed 5784K, reserved 1048576K
}
2022-04-06T16:16:12.957+0000: 75968.118: Total time for which application threads were stopped: 0.0171093 seconds, Stopping threads took: 0.0000766 seconds
2022-04-06T16:16:13.957+0000: 75969.118: Total time for which application threads were stopped: 0.0001642 seconds, Stopping threads took: 0.0000429 seconds
2022-04-06T16:16:35.960+0000: 75991.121: Total time for which application threads were stopped: 0.0001605 seconds, Stopping threads took: 0.0000410 seconds
2022-04-06T16:17:31.968+0000: 76047.129: Total time for which application threads were stopped: 0.0003275 seconds, Stopping threads took: 0.0000852 seconds
2022-04-06T16:20:59.993+0000: 76255.154: Total time for which application threads were stopped: 0.0002587 seconds, Stopping threads took: 0.0000677 seconds
2022-04-06T16:31:12.071+0000: 76867.232: Total time for which application threads were stopped: 0.0002411 seconds, Stopping threads took: 0.0000641 seconds
2022-04-06T16:36:00.108+0000: 77155.269: Total time for which application threads were stopped: 0.0002270 seconds, Stopping threads took: 0.0000699 seconds
2022-04-06T16:38:32.127+0000: 77307.288: Total time for which application threads were stopped: 0.0002093 seconds, Stopping threads took: 0.0000639 seconds
{Heap before GC invocations=51 (full 1):
 par new generation   total 184320K, used 172423K [0x00000000c0000000, 0x00000000cc800000, 0x00000000cc800000)
  eden space 163840K, 100% used [0x00000000c0000000, 0x00000000ca000000, 0x00000000ca000000)
  from space 20480K,  41% used [0x00000000cb400000, 0x00000000cbc61c70, 0x00000000cc800000)
  to   space 20480K,   0% used [0x00000000ca000000, 0x00000000ca000000, 0x00000000cb400000)
 concurrent mark-sweep generation total 843776K, used 170379K [0x00000000cc800000, 0x0000000100000000, 0x0000000100000000)
 Metaspace       used 41185K, capacity 42390K, committed 42648K, reserved 1085440K
  class space    used 5483K, capacity 5750K, committed 5784K, reserved 1048576K
2022-04-06T16:45:59.748+0000: 77754.909: [GC (Allocation Failure) 2022-04-06T16:45:59.748+0000: 77754.909: [ParNew
Desired survivor size 10485760 bytes, new threshold 1 (max 1)
- age   1:    3147112 bytes,    3147112 total
: 172423K->7789K(184320K), 0.0271480 secs] 342802K->183191K(1028096K), 0.0272824 secs] [Times: user=0.06 sys=0.00, real=0.02 secs] 
Heap after GC invocations=52 (full 1):
 par new generation   total 184320K, used 7789K [0x00000000c0000000, 0x00000000cc800000, 0x00000000cc800000)
  eden space 163840K,   0% used [0x00000000c0000000, 0x00000000c0000000, 0x00000000ca000000)
  from space 20480K,  38% used [0x00000000ca000000, 0x00000000ca79b570, 0x00000000cb400000)
  to   space 20480K,   0% used [0x00000000cb400000, 0x00000000cb400000, 0x00000000cc800000)
 concurrent mark-sweep generation total 843776K, used 175402K [0x00000000cc800000, 0x0000000100000000, 0x0000000100000000)
 Metaspace       used 41185K, capacity 42390K, committed 42648K, reserved 1085440K
  class space    used 5483K, capacity 5750K, committed 5784K, reserved 1048576K
}
2022-04-06T16:45:59.775+0000: 77754.936: Total time for which application threads were stopped: 0.0276466 seconds, Stopping threads took: 0.0000959 seconds
2022-04-06T16:48:13.793+0000: 77888.954: Total time for which application threads were stopped: 0.0002602 seconds, Stopping threads took: 0.0000639 seconds
2022-04-06T16:51:00.816+0000: 78055.977: Total time for which application threads were stopped: 0.0002396 seconds, Stopping threads took: 0.0000687 seconds
2022-04-06T16:55:06.847+0000: 78302.008: Total time for which application threads were stopped: 0.0003918 seconds, Stopping threads took: 0.0000863 seconds
2022-04-06T16:56:00.854+0000: 78356.015: Total time for which application threads were stopped: 0.0002568 seconds, Stopping threads took: 0.0000582 seconds
2022-04-06T17:10:09.962+0000: 79205.123: Total time for which application threads were stopped: 0.0002686 seconds, Stopping threads took: 0.0000630 seconds
{Heap before GC invocations=52 (full 1):
 par new generation   total 184320K, used 171629K [0x00000000c0000000, 0x00000000cc800000, 0x00000000cc800000)
  eden space 163840K, 100% used [0x00000000c0000000, 0x00000000ca000000, 0x00000000ca000000)
  from space 20480K,  38% used [0x00000000ca000000, 0x00000000ca79b570, 0x00000000cb400000)
  to   space 20480K,   0% used [0x00000000cb400000, 0x00000000cb400000, 0x00000000cc800000)
 concurrent mark-sweep generation total 843776K, used 175402K [0x00000000cc800000, 0x0000000100000000, 0x0000000100000000)
 Metaspace       used 41196K, capacity 42390K, committed 42648K, reserved 1085440K
  class space    used 5484K, capacity 5750K, committed 5784K, reserved 1048576K
2022-04-06T17:11:37.222+0000: 79292.383: [GC (Allocation Failure) 2022-04-06T17:11:37.222+0000: 79292.383: [ParNew
Desired survivor size 10485760 bytes, new threshold 1 (max 1)
- age   1:    9217616 bytes,    9217616 total
: 171629K->9259K(184320K), 0.0155694 secs] 347031K->184665K(1028096K), 0.0157404 secs] [Times: user=0.03 sys=0.00, real=0.01 secs] 
Heap after GC invocations=53 (full 1):
 par new generation   total 184320K, used 9259K [0x00000000c0000000, 0x00000000cc800000, 0x00000000cc800000)
  eden space 163840K,   0% used [0x00000000c0000000, 0x00000000c0000000, 0x00000000ca000000)
  from space 20480K,  45% used [0x00000000cb400000, 0x00000000cbd0ae88, 0x00000000cc800000)
  to   space 20480K,   0% used [0x00000000ca000000, 0x00000000ca000000, 0x00000000cb400000)
 concurrent mark-sweep generation total 843776K, used 175405K [0x00000000cc800000, 0x0000000100000000, 0x0000000100000000)
 Metaspace       used 41196K, capacity 42390K, committed 42648K, reserved 1085440K
  class space    used 5484K, capacity 5750K, committed 5784K, reserved 1048576K
}
2022-04-06T17:11:37.237+0000: 79292.398: Total time for which application threads were stopped: 0.0160721 seconds, Stopping threads took: 0.0000758 seconds
2022-04-06T17:14:13.257+0000: 79448.418: Total time for which application threads were stopped: 0.0002236 seconds, Stopping threads took: 0.0000744 seconds
2022-04-06T17:14:38.261+0000: 79473.421: Total time for which application threads were stopped: 0.0001833 seconds, Stopping threads took: 0.0000533 seconds
2022-04-06T17:15:34.268+0000: 79529.429: Total time for which application threads were stopped: 0.0002352 seconds, Stopping threads took: 0.0000679 seconds
2022-04-06T17:19:13.295+0000: 79748.456: Total time for which application threads were stopped: 0.0002143 seconds, Stopping threads took: 0.0000608 seconds
2022-04-06T17:23:04.324+0000: 79979.485: Total time for which application threads were stopped: 0.0002385 seconds, Stopping threads took: 0.0000612 seconds
2022-04-06T17:36:35.425+0000: 80790.586: Total time for which application threads were stopped: 0.0002875 seconds, Stopping threads took: 0.0001347 seconds
2022-04-06T17:37:35.434+0000: 80850.595: Total time for which application threads were stopped: 0.0002721 seconds, Stopping threads took: 0.0001167 seconds
{Heap before GC invocations=53 (full 1):
 par new generation   total 184320K, used 173099K [0x00000000c0000000, 0x00000000cc800000, 0x00000000cc800000)
  eden space 163840K, 100% used [0x00000000c0000000, 0x00000000ca000000, 0x00000000ca000000)
  from space 20480K,  45% used [0x00000000cb400000, 0x00000000cbd0ae88, 0x00000000cc800000)
  to   space 20480K,   0% used [0x00000000ca000000, 0x00000000ca000000, 0x00000000cb400000)
 concurrent mark-sweep generation total 843776K, used 175405K [0x00000000cc800000, 0x0000000100000000, 0x0000000100000000)
 Metaspace       used 41197K, capacity 42390K, committed 42648K, reserved 1085440K
  class space    used 5485K, capacity 5750K, committed 5784K, reserved 1048576K
2022-04-06T17:41:00.463+0000: 81055.623: [GC (Allocation Failure) 2022-04-06T17:41:00.463+0000: 81055.624: [ParNew
Desired survivor size 10485760 bytes, new threshold 1 (max 1)
- age   1:    3157976 bytes,    3157976 total
: 173099K->5135K(184320K), 0.0275085 secs] 348505K->186593K(1028096K), 0.0276461 secs] [Times: user=0.05 sys=0.00, real=0.03 secs] 
Heap after GC invocations=54 (full 1):
 par new generation   total 184320K, used 5135K [0x00000000c0000000, 0x00000000cc800000, 0x00000000cc800000)
  eden space 163840K,   0% used [0x00000000c0000000, 0x00000000c0000000, 0x00000000ca000000)
  from space 20480K,  25% used [0x00000000ca000000, 0x00000000ca503d50, 0x00000000cb400000)
  to   space 20480K,   0% used [0x00000000cb400000, 0x00000000cb400000, 0x00000000cc800000)
 concurrent mark-sweep generation total 843776K, used 181457K [0x00000000cc800000, 0x0000000100000000, 0x0000000100000000)
 Metaspace       used 41197K, capacity 42390K, committed 42648K, reserved 1085440K
  class space    used 5485K, capacity 5750K, committed 5784K, reserved 1048576K
}
2022-04-06T17:41:00.490+0000: 81055.651: Total time for which application threads were stopped: 0.0279683 seconds, Stopping threads took: 0.0000746 seconds
2022-04-06T17:41:01.491+0000: 81056.652: Total time for which application threads were stopped: 0.0001678 seconds, Stopping threads took: 0.0000455 seconds
2022-04-06T17:42:39.504+0000: 81154.664: Total time for which application threads were stopped: 0.0001979 seconds, Stopping threads took: 0.0000513 seconds
2022-04-06T17:43:09.508+0000: 81184.669: Total time for which application threads were stopped: 0.0002031 seconds, Stopping threads took: 0.0000576 seconds
2022-04-06T17:45:35.526+0000: 81330.687: Total time for which application threads were stopped: 0.0002319 seconds, Stopping threads took: 0.0000630 seconds
2022-04-06T17:46:01.529+0000: 81356.690: Total time for which application threads were stopped: 0.0001760 seconds, Stopping threads took: 0.0000517 seconds
2022-04-06T17:51:01.568+0000: 81656.729: Total time for which application threads were stopped: 0.0002421 seconds, Stopping threads took: 0.0000749 seconds
2022-04-06T17:51:05.569+0000: 81660.730: Total time for which application threads were stopped: 0.0001863 seconds, Stopping threads took: 0.0000499 seconds
2022-04-06T18:02:05.653+0000: 82320.813: Total time for which application threads were stopped: 0.0002438 seconds, Stopping threads took: 0.0000668 seconds
{Heap before GC invocations=54 (full 1):
 par new generation   total 184320K, used 168919K [0x00000000c0000000, 0x00000000cc800000, 0x00000000cc800000)
  eden space 163840K,  99% used [0x00000000c0000000, 0x00000000c9ff2158, 0x00000000ca000000)
  from space 20480K,  25% used [0x00000000ca000000, 0x00000000ca503d50, 0x00000000cb400000)
  to   space 20480K,   0% used [0x00000000cb400000, 0x00000000cb400000, 0x00000000cc800000)
 concurrent mark-sweep generation total 843776K, used 181457K [0x00000000cc800000, 0x0000000100000000, 0x0000000100000000)
 Metaspace       used 41202K, capacity 42390K, committed 42648K, reserved 1085440K
  class space    used 5485K, capacity 5750K, committed 5784K, reserved 1048576K
2022-04-06T18:10:09.710+0000: 82804.871: [GC (Allocation Failure) 2022-04-06T18:10:09.710+0000: 82804.871: [ParNew
Desired survivor size 10485760 bytes, new threshold 1 (max 1)
- age   1:    3218760 bytes,    3218760 total
: 168919K->4754K(184320K), 0.0127320 secs] 350377K->186219K(1028096K), 0.0128740 secs] [Times: user=0.03 sys=0.00, real=0.01 secs] 
Heap after GC invocations=55 (full 1):
 par new generation   total 184320K, used 4754K [0x00000000c0000000, 0x00000000cc800000, 0x00000000cc800000)
  eden space 163840K,   0% used [0x00000000c0000000, 0x00000000c0000000, 0x00000000ca000000)
  from space 20480K,  23% used [0x00000000cb400000, 0x00000000cb8a4be8, 0x00000000cc800000)
  to   space 20480K,   0% used [0x00000000ca000000, 0x00000000ca000000, 0x00000000cb400000)
 concurrent mark-sweep generation total 843776K, used 181464K [0x00000000cc800000, 0x0000000100000000, 0x0000000100000000)
 Metaspace       used 41202K, capacity 42390K, committed 42648K, reserved 1085440K
  class space    used 5485K, capacity 5750K, committed 5784K, reserved 1048576K
}
2022-04-06T18:10:09.723+0000: 82804.884: Total time for which application threads were stopped: 0.0133074 seconds, Stopping threads took: 0.0000701 seconds
2022-04-06T18:10:10.725+0000: 82805.885: Total time for which application threads were stopped: 0.0002131 seconds, Stopping threads took: 0.0000458 seconds
2022-04-06T18:10:12.725+0000: 82807.886: Total time for which application threads were stopped: 0.0001722 seconds, Stopping threads took: 0.0000458 seconds
2022-04-06T18:31:01.878+0000: 84057.039: Total time for which application threads were stopped: 0.0002275 seconds, Stopping threads took: 0.0000632 seconds
{Heap before GC invocations=55 (full 1):
 par new generation   total 184320K, used 168594K [0x00000000c0000000, 0x00000000cc800000, 0x00000000cc800000)
  eden space 163840K, 100% used [0x00000000c0000000, 0x00000000ca000000, 0x00000000ca000000)
  from space 20480K,  23% used [0x00000000cb400000, 0x00000000cb8a4be8, 0x00000000cc800000)
  to   space 20480K,   0% used [0x00000000ca000000, 0x00000000ca000000, 0x00000000cb400000)
 concurrent mark-sweep generation total 843776K, used 181464K [0x00000000cc800000, 0x0000000100000000, 0x0000000100000000)
 Metaspace       used 41209K, capacity 42390K, committed 42648K, reserved 1085440K
  class space    used 5485K, capacity 5750K, committed 5784K, reserved 1048576K
2022-04-06T18:33:12.986+0000: 84188.147: [GC (Allocation Failure) 2022-04-06T18:33:12.986+0000: 84188.147: [ParNew
Desired survivor size 10485760 bytes, new threshold 1 (max 1)
- age   1:    6251080 bytes,    6251080 total
: 168594K->6770K(184320K), 0.0239565 secs] 350059K->191192K(1028096K), 0.0241116 secs] [Times: user=0.05 sys=0.00, real=0.03 secs] 
Heap after GC invocations=56 (full 1):
 par new generation   total 184320K, used 6770K [0x00000000c0000000, 0x00000000cc800000, 0x00000000cc800000)
  eden space 163840K,   0% used [0x00000000c0000000, 0x00000000c0000000, 0x00000000ca000000)
  from space 20480K,  33% used [0x00000000ca000000, 0x00000000ca69ca20, 0x00000000cb400000)
  to   space 20480K,   0% used [0x00000000cb400000, 0x00000000cb400000, 0x00000000cc800000)
 concurrent mark-sweep generation total 843776K, used 184421K [0x00000000cc800000, 0x0000000100000000, 0x0000000100000000)
 Metaspace       used 41209K, capacity 42390K, committed 42648K, reserved 1085440K
  class space    used 5485K, capacity 5750K, committed 5784K, reserved 1048576K
}
2022-04-06T18:33:13.011+0000: 84188.171: Total time for which application threads were stopped: 0.0244948 seconds, Stopping threads took: 0.0001144 seconds
2022-04-06T18:33:14.011+0000: 84189.172: Total time for which application threads were stopped: 0.0001714 seconds, Stopping threads took: 0.0000491 seconds
2022-04-06T18:34:13.019+0000: 84248.179: Total time for which application threads were stopped: 0.0003480 seconds, Stopping threads took: 0.0001570 seconds
{Heap before GC invocations=56 (full 1):
 par new generation   total 184320K, used 170610K [0x00000000c0000000, 0x00000000cc800000, 0x00000000cc800000)
  eden space 163840K, 100% used [0x00000000c0000000, 0x00000000ca000000, 0x00000000ca000000)
  from space 20480K,  33% used [0x00000000ca000000, 0x00000000ca69ca20, 0x00000000cb400000)
  to   space 20480K,   0% used [0x00000000cb400000, 0x00000000cb400000, 0x00000000cc800000)
 concurrent mark-sweep generation total 843776K, used 184421K [0x00000000cc800000, 0x0000000100000000, 0x0000000100000000)
 Metaspace       used 41209K, capacity 42390K, committed 42648K, reserved 1085440K
  class space    used 5485K, capacity 5750K, committed 5784K, reserved 1048576K
2022-04-06T19:01:01.481+0000: 85856.642: [GC (Allocation Failure) 2022-04-06T19:01:01.481+0000: 85856.642: [ParNew
Desired survivor size 10485760 bytes, new threshold 1 (max 1)
- age   1:    3211960 bytes,    3211960 total
: 170610K->5742K(184320K), 0.0192706 secs] 355032K->193324K(1028096K), 0.0194179 secs] [Times: user=0.04 sys=0.00, real=0.02 secs] 
Heap after GC invocations=57 (full 1):
 par new generation   total 184320K, used 5742K [0x00000000c0000000, 0x00000000cc800000, 0x00000000cc800000)
  eden space 163840K,   0% used [0x00000000c0000000, 0x00000000c0000000, 0x00000000ca000000)
  from space 20480K,  28% used [0x00000000cb400000, 0x00000000cb99b8c0, 0x00000000cc800000)
  to   space 20480K,   0% used [0x00000000ca000000, 0x00000000ca000000, 0x00000000cb400000)
 concurrent mark-sweep generation total 843776K, used 187582K [0x00000000cc800000, 0x0000000100000000, 0x0000000100000000)
 Metaspace       used 41209K, capacity 42390K, committed 42648K, reserved 1085440K
  class space    used 5485K, capacity 5750K, committed 5784K, reserved 1048576K
}
2022-04-06T19:01:01.501+0000: 85856.662: Total time for which application threads were stopped: 0.0197948 seconds, Stopping threads took: 0.0000848 seconds
2022-04-06T19:10:10.572+0000: 86405.732: Total time for which application threads were stopped: 0.0002495 seconds, Stopping threads took: 0.0000599 seconds
2022-04-06T19:11:01.578+0000: 86456.739: Total time for which application threads were stopped: 0.0003023 seconds, Stopping threads took: 0.0001445 seconds
{Heap before GC invocations=57 (full 1):
 par new generation   total 184320K, used 169582K [0x00000000c0000000, 0x00000000cc800000, 0x00000000cc800000)
  eden space 163840K, 100% used [0x00000000c0000000, 0x00000000ca000000, 0x00000000ca000000)
  from space 20480K,  28% used [0x00000000cb400000, 0x00000000cb99b8c0, 0x00000000cc800000)
  to   space 20480K,   0% used [0x00000000ca000000, 0x00000000ca000000, 0x00000000cb400000)
 concurrent mark-sweep generation total 843776K, used 187582K [0x00000000cc800000, 0x0000000100000000, 0x0000000100000000)
 Metaspace       used 41220K, capacity 42390K, committed 42648K, reserved 1085440K
  class space    used 5485K, capacity 5750K, committed 5784K, reserved 1048576K
2022-04-06T19:30:10.373+0000: 87605.534: [GC (Allocation Failure) 2022-04-06T19:30:10.374+0000: 87605.534: [ParNew
Desired survivor size 10485760 bytes, new threshold 1 (max 1)
- age   1:    8188544 bytes,    8188544 total
: 169582K->9477K(184320K), 0.0224789 secs] 357164K->197064K(1028096K), 0.0226782 secs] [Times: user=0.04 sys=0.00, real=0.02 secs] 
Heap after GC invocations=58 (full 1):
 par new generation   total 184320K, used 9477K [0x00000000c0000000, 0x00000000cc800000, 0x00000000cc800000)
  eden space 163840K,   0% used [0x00000000c0000000, 0x00000000c0000000, 0x00000000ca000000)
  from space 20480K,  46% used [0x00000000ca000000, 0x00000000ca9417f0, 0x00000000cb400000)
  to   space 20480K,   0% used [0x00000000cb400000, 0x00000000cb400000, 0x00000000cc800000)
 concurrent mark-sweep generation total 843776K, used 187586K [0x00000000cc800000, 0x0000000100000000, 0x0000000100000000)
 Metaspace       used 41220K, capacity 42390K, committed 42648K, reserved 1085440K
  class space    used 5485K, capacity 5750K, committed 5784K, reserved 1048576K
}
2022-04-06T19:30:10.396+0000: 87605.557: Total time for which application threads were stopped: 0.0231025 seconds, Stopping threads took: 0.0000901 seconds
2022-04-06T19:30:11.397+0000: 87606.557: Total time for which application threads were stopped: 0.0002146 seconds, Stopping threads took: 0.0000492 seconds
{Heap before GC invocations=58 (full 1):
 par new generation   total 184320K, used 173317K [0x00000000c0000000, 0x00000000cc800000, 0x00000000cc800000)
  eden space 163840K, 100% used [0x00000000c0000000, 0x00000000ca000000, 0x00000000ca000000)
  from space 20480K,  46% used [0x00000000ca000000, 0x00000000ca9417f0, 0x00000000cb400000)
  to   space 20480K,   0% used [0x00000000cb400000, 0x00000000cb400000, 0x00000000cc800000)
 concurrent mark-sweep generation total 843776K, used 187586K [0x00000000cc800000, 0x0000000100000000, 0x0000000100000000)
 Metaspace       used 41221K, capacity 42390K, committed 42648K, reserved 1085440K
  class space    used 5486K, capacity 5750K, committed 5784K, reserved 1048576K
2022-04-06T19:56:02.175+0000: 89157.335: [GC (Allocation Failure) 2022-04-06T19:56:02.175+0000: 89157.335: [ParNew
Desired survivor size 10485760 bytes, new threshold 1 (max 1)
- age   1:    3200224 bytes,    3200224 total
: 173317K->6335K(184320K), 0.0288374 secs] 360904K->198966K(1028096K), 0.0289883 secs] [Times: user=0.06 sys=0.00, real=0.03 secs] 
Heap after GC invocations=59 (full 1):
 par new generation   total 184320K, used 6335K [0x00000000c0000000, 0x00000000cc800000, 0x00000000cc800000)
  eden space 163840K,   0% used [0x00000000c0000000, 0x00000000c0000000, 0x00000000ca000000)
  from space 20480K,  30% used [0x00000000cb400000, 0x00000000cba2fcb0, 0x00000000cc800000)
  to   space 20480K,   0% used [0x00000000ca000000, 0x00000000ca000000, 0x00000000cb400000)
 concurrent mark-sweep generation total 843776K, used 192631K [0x00000000cc800000, 0x0000000100000000, 0x0000000100000000)
 Metaspace       used 41221K, capacity 42390K, committed 42648K, reserved 1085440K
  class space    used 5486K, capacity 5750K, committed 5784K, reserved 1048576K
}
2022-04-06T19:56:02.204+0000: 89157.364: Total time for which application threads were stopped: 0.0294177 seconds, Stopping threads took: 0.0000859 seconds
2022-04-06T20:10:10.314+0000: 90005.475: Total time for which application threads were stopped: 0.0002600 seconds, Stopping threads took: 0.0000973 seconds
2022-04-06T20:10:12.315+0000: 90007.476: Total time for which application threads were stopped: 0.0001778 seconds, Stopping threads took: 0.0000454 seconds
2022-04-06T20:14:13.346+0000: 90248.507: Total time for which application threads were stopped: 0.0002334 seconds, Stopping threads took: 0.0000754 seconds
{Heap before GC invocations=59 (full 1):
 par new generation   total 184320K, used 170175K [0x00000000c0000000, 0x00000000cc800000, 0x00000000cc800000)
  eden space 163840K, 100% used [0x00000000c0000000, 0x00000000ca000000, 0x00000000ca000000)
  from space 20480K,  30% used [0x00000000cb400000, 0x00000000cba2fcb0, 0x00000000cc800000)
  to   space 20480K,   0% used [0x00000000ca000000, 0x00000000ca000000, 0x00000000cb400000)
 concurrent mark-sweep generation total 843776K, used 192631K [0x00000000cc800000, 0x0000000100000000, 0x0000000100000000)
 Metaspace       used 41224K, capacity 42390K, committed 42648K, reserved 1085440K
  class space    used 5486K, capacity 5750K, committed 5784K, reserved 1048576K
2022-04-06T20:26:02.522+0000: 90957.683: [GC (Allocation Failure) 2022-04-06T20:26:02.523+0000: 90957.683: [ParNew
Desired survivor size 10485760 bytes, new threshold 1 (max 1)
- age   1:    8324768 bytes,    8324768 total
: 170175K->9844K(184320K), 0.0173488 secs] 362806K->202481K(1028096K), 0.0174704 secs] [Times: user=0.03 sys=0.00, real=0.02 secs] 
Heap after GC invocations=60 (full 1):
 par new generation   total 184320K, used 9844K [0x00000000c0000000, 0x00000000cc800000, 0x00000000cc800000)
  eden space 163840K,   0% used [0x00000000c0000000, 0x00000000c0000000, 0x00000000ca000000)
  from space 20480K,  48% used [0x00000000ca000000, 0x00000000ca99d3a0, 0x00000000cb400000)
  to   space 20480K,   0% used [0x00000000cb400000, 0x00000000cb400000, 0x00000000cc800000)
 concurrent mark-sweep generation total 843776K, used 192637K [0x00000000cc800000, 0x0000000100000000, 0x0000000100000000)
 Metaspace       used 41224K, capacity 42390K, committed 42648K, reserved 1085440K
  class space    used 5486K, capacity 5750K, committed 5784K, reserved 1048576K
}
2022-04-06T20:26:02.540+0000: 90957.701: Total time for which application threads were stopped: 0.0177952 seconds, Stopping threads took: 0.0000606 seconds
{Heap before GC invocations=60 (full 1):
 par new generation   total 184320K, used 173684K [0x00000000c0000000, 0x00000000cc800000, 0x00000000cc800000)
  eden space 163840K, 100% used [0x00000000c0000000, 0x00000000ca000000, 0x00000000ca000000)
  from space 20480K,  48% used [0x00000000ca000000, 0x00000000ca99d3a0, 0x00000000cb400000)
  to   space 20480K,   0% used [0x00000000cb400000, 0x00000000cb400000, 0x00000000cc800000)
 concurrent mark-sweep generation total 843776K, used 192637K [0x00000000cc800000, 0x0000000100000000, 0x0000000100000000)
 Metaspace       used 41224K, capacity 42390K, committed 42648K, reserved 1085440K
  class space    used 5486K, capacity 5750K, committed 5784K, reserved 1048576K
2022-04-06T20:53:51.613+0000: 92626.774: [GC (Allocation Failure) 2022-04-06T20:53:51.613+0000: 92626.774: [ParNew
Desired survivor size 10485760 bytes, new threshold 1 (max 1)
- age   1:    4063976 bytes,    4063976 total
: 173684K->7673K(184320K), 0.0253281 secs] 366321K->205317K(1028096K), 0.0254774 secs] [Times: user=0.05 sys=0.00, real=0.02 secs] 
Heap after GC invocations=61 (full 1):
 par new generation   total 184320K, used 7673K [0x00000000c0000000, 0x00000000cc800000, 0x00000000cc800000)
  eden space 163840K,   0% used [0x00000000c0000000, 0x00000000c0000000, 0x00000000ca000000)
  from space 20480K,  37% used [0x00000000cb400000, 0x00000000cbb7e608, 0x00000000cc800000)
  to   space 20480K,   0% used [0x00000000ca000000, 0x00000000ca000000, 0x00000000cb400000)
 concurrent mark-sweep generation total 843776K, used 197644K [0x00000000cc800000, 0x0000000100000000, 0x0000000100000000)
 Metaspace       used 41224K, capacity 42390K, committed 42648K, reserved 1085440K
  class space    used 5486K, capacity 5750K, committed 5784K, reserved 1048576K
}
2022-04-06T20:53:51.639+0000: 92626.800: Total time for which application threads were stopped: 0.0258182 seconds, Stopping threads took: 0.0000711 seconds
2022-04-06T21:10:09.756+0000: 93604.917: Total time for which application threads were stopped: 0.0002672 seconds, Stopping threads took: 0.0000670 seconds
2022-04-06T21:10:10.757+0000: 93605.917: Total time for which application threads were stopped: 0.0002546 seconds, Stopping threads took: 0.0000431 seconds
{Heap before GC invocations=61 (full 1):
 par new generation   total 184320K, used 171513K [0x00000000c0000000, 0x00000000cc800000, 0x00000000cc800000)
  eden space 163840K, 100% used [0x00000000c0000000, 0x00000000ca000000, 0x00000000ca000000)
  from space 20480K,  37% used [0x00000000cb400000, 0x00000000cbb7e608, 0x00000000cc800000)
  to   space 20480K,   0% used [0x00000000ca000000, 0x00000000ca000000, 0x00000000cb400000)
 concurrent mark-sweep generation total 843776K, used 197644K [0x00000000cc800000, 0x0000000100000000, 0x0000000100000000)
 Metaspace       used 41237K, capacity 42390K, committed 42648K, reserved 1085440K
  class space    used 5486K, capacity 5750K, committed 5784K, reserved 1048576K
2022-04-06T21:16:03.158+0000: 93958.319: [GC (Allocation Failure) 2022-04-06T21:16:03.158+0000: 93958.319: [ParNew
Desired survivor size 10485760 bytes, new threshold 1 (max 1)
- age   1:    8359184 bytes,    8359184 total
: 171513K->8972K(184320K), 0.0167277 secs] 369157K->206621K(1028096K), 0.0168643 secs] [Times: user=0.03 sys=0.00, real=0.02 secs] 
Heap after GC invocations=62 (full 1):
 par new generation   total 184320K, used 8972K [0x00000000c0000000, 0x00000000cc800000, 0x00000000cc800000)
  eden space 163840K,   0% used [0x00000000c0000000, 0x00000000c0000000, 0x00000000ca000000)
  from space 20480K,  43% used [0x00000000ca000000, 0x00000000ca8c32a8, 0x00000000cb400000)
  to   space 20480K,   0% used [0x00000000cb400000, 0x00000000cb400000, 0x00000000cc800000)
 concurrent mark-sweep generation total 843776K, used 197648K [0x00000000cc800000, 0x0000000100000000, 0x0000000100000000)
 Metaspace       used 41237K, capacity 42390K, committed 42648K, reserved 1085440K
  class space    used 5486K, capacity 5750K, committed 5784K, reserved 1048576K
}
2022-04-06T21:16:03.175+0000: 93958.336: Total time for which application threads were stopped: 0.0171962 seconds, Stopping threads took: 0.0000781 seconds
{Heap before GC invocations=62 (full 1):
 par new generation   total 184320K, used 172812K [0x00000000c0000000, 0x00000000cc800000, 0x00000000cc800000)
  eden space 163840K, 100% used [0x00000000c0000000, 0x00000000ca000000, 0x00000000ca000000)
  from space 20480K,  43% used [0x00000000ca000000, 0x00000000ca8c32a8, 0x00000000cb400000)
  to   space 20480K,   0% used [0x00000000cb400000, 0x00000000cb400000, 0x00000000cc800000)
 concurrent mark-sweep generation total 843776K, used 197648K [0x00000000cc800000, 0x0000000100000000, 0x0000000100000000)
 Metaspace       used 41237K, capacity 42390K, committed 42648K, reserved 1085440K
  class space    used 5486K, capacity 5750K, committed 5784K, reserved 1048576K
2022-04-06T21:46:03.505+0000: 95758.666: [GC (Allocation Failure) 2022-04-06T21:46:03.505+0000: 95758.666: [ParNew
Desired survivor size 10485760 bytes, new threshold 1 (max 1)
- age   1:    3139048 bytes,    3139048 total
: 172812K->5273K(184320K), 0.0308259 secs] 370461K->208988K(1028096K), 0.0310148 secs] [Times: user=0.06 sys=0.00, real=0.03 secs] 
Heap after GC invocations=63 (full 1):
 par new generation   total 184320K, used 5273K [0x00000000c0000000, 0x00000000cc800000, 0x00000000cc800000)
  eden space 163840K,   0% used [0x00000000c0000000, 0x00000000c0000000, 0x00000000ca000000)
  from space 20480K,  25% used [0x00000000cb400000, 0x00000000cb9264f0, 0x00000000cc800000)
  to   space 20480K,   0% used [0x00000000ca000000, 0x00000000ca000000, 0x00000000cb400000)
 concurrent mark-sweep generation total 843776K, used 203714K [0x00000000cc800000, 0x0000000100000000, 0x0000000100000000)
 Metaspace       used 41237K, capacity 42390K, committed 42648K, reserved 1085440K
  class space    used 5486K, capacity 5750K, committed 5784K, reserved 1048576K
}
2022-04-06T21:46:03.536+0000: 95758.697: Total time for which application threads were stopped: 0.0314699 seconds, Stopping threads took: 0.0000840 seconds
2022-04-06T21:46:04.537+0000: 95759.697: Total time for which application threads were stopped: 0.0002324 seconds, Stopping threads took: 0.0000554 seconds
2022-04-06T22:06:04.688+0000: 96959.849: Total time for which application threads were stopped: 0.0002531 seconds, Stopping threads took: 0.0000629 seconds
2022-04-06T22:10:09.717+0000: 97204.878: Total time for which application threads were stopped: 0.0002190 seconds, Stopping threads took: 0.0000630 seconds
{Heap before GC invocations=63 (full 1):
 par new generation   total 184320K, used 169113K [0x00000000c0000000, 0x00000000cc800000, 0x00000000cc800000)
  eden space 163840K, 100% used [0x00000000c0000000, 0x00000000ca000000, 0x00000000ca000000)
  from space 20480K,  25% used [0x00000000cb400000, 0x00000000cb9264f0, 0x00000000cc800000)
  to   space 20480K,   0% used [0x00000000ca000000, 0x00000000ca000000, 0x00000000cb400000)
 concurrent mark-sweep generation total 843776K, used 203714K [0x00000000cc800000, 0x0000000100000000, 0x0000000100000000)
 Metaspace       used 41244K, capacity 42390K, committed 42648K, reserved 1085440K
  class space    used 5486K, capacity 5750K, committed 5784K, reserved 1048576K
2022-04-06T22:14:49.718+0000: 97484.879: [GC (Allocation Failure) 2022-04-06T22:14:49.719+0000: 97484.879: [ParNew
Desired survivor size 10485760 bytes, new threshold 1 (max 1)
- age   1:    7107096 bytes,    7107096 total
: 169113K->8432K(184320K), 0.0183171 secs] 372828K->212201K(1028096K), 0.0184554 secs] [Times: user=0.03 sys=0.00, real=0.02 secs] 
Heap after GC invocations=64 (full 1):
 par new generation   total 184320K, used 8432K [0x00000000c0000000, 0x00000000cc800000, 0x00000000cc800000)
  eden space 163840K,   0% used [0x00000000c0000000, 0x00000000c0000000, 0x00000000ca000000)
  from space 20480K,  41% used [0x00000000ca000000, 0x00000000ca83c0a0, 0x00000000cb400000)
  to   space 20480K,   0% used [0x00000000cb400000, 0x00000000cb400000, 0x00000000cc800000)
 concurrent mark-sweep generation total 843776K, used 203768K [0x00000000cc800000, 0x0000000100000000, 0x0000000100000000)
 Metaspace       used 41244K, capacity 42390K, committed 42648K, reserved 1085440K
  class space    used 5486K, capacity 5750K, committed 5784K, reserved 1048576K
}
2022-04-06T22:14:49.737+0000: 97484.898: Total time for which application threads were stopped: 0.0188039 seconds, Stopping threads took: 0.0000623 seconds
{Heap before GC invocations=64 (full 1):
 par new generation   total 184320K, used 172272K [0x00000000c0000000, 0x00000000cc800000, 0x00000000cc800000)
  eden space 163840K, 100% used [0x00000000c0000000, 0x00000000ca000000, 0x00000000ca000000)
  from space 20480K,  41% used [0x00000000ca000000, 0x00000000ca83c0a0, 0x00000000cb400000)
  to   space 20480K,   0% used [0x00000000cb400000, 0x00000000cb400000, 0x00000000cc800000)
 concurrent mark-sweep generation total 843776K, used 203768K [0x00000000cc800000, 0x0000000100000000, 0x0000000100000000)
 Metaspace       used 41244K, capacity 42390K, committed 42648K, reserved 1085440K
  class space    used 5486K, capacity 5750K, committed 5784K, reserved 1048576K
2022-04-06T22:41:04.217+0000: 99059.378: [GC (Allocation Failure) 2022-04-06T22:41:04.217+0000: 99059.378: [ParNew
Desired survivor size 10485760 bytes, new threshold 1 (max 1)
- age   1:    3052712 bytes,    3052712 total
: 172272K->7576K(184320K), 0.0266212 secs] 376041K->216367K(1028096K), 0.0267653 secs] [Times: user=0.05 sys=0.00, real=0.03 secs] 
Heap after GC invocations=65 (full 1):
 par new generation   total 184320K, used 7576K [0x00000000c0000000, 0x00000000cc800000, 0x00000000cc800000)
  eden space 163840K,   0% used [0x00000000c0000000, 0x00000000c0000000, 0x00000000ca000000)
  from space 20480K,  36% used [0x00000000cb400000, 0x00000000cbb661a0, 0x00000000cc800000)
  to   space 20480K,   0% used [0x00000000ca000000, 0x00000000ca000000, 0x00000000cb400000)
 concurrent mark-sweep generation total 843776K, used 208791K [0x00000000cc800000, 0x0000000100000000, 0x0000000100000000)
 Metaspace       used 41244K, capacity 42390K, committed 42648K, reserved 1085440K
  class space    used 5486K, capacity 5750K, committed 5784K, reserved 1048576K
}
2022-04-06T22:41:04.244+0000: 99059.405: Total time for which application threads were stopped: 0.0271063 seconds, Stopping threads took: 0.0000796 seconds
2022-04-06T22:46:05.281+0000: 99360.442: Total time for which application threads were stopped: 0.0002252 seconds, Stopping threads took: 0.0000645 seconds
2022-04-06T22:56:05.356+0000: 99960.517: Total time for which application threads were stopped: 0.0002433 seconds, Stopping threads took: 0.0000869 seconds
2022-04-06T23:06:05.429+0000: 100560.590: Total time for which application threads were stopped: 0.0002209 seconds, Stopping threads took: 0.0000736 seconds
2022-04-06T23:10:10.460+0000: 100805.621: Total time for which application threads were stopped: 0.0002339 seconds, Stopping threads took: 0.0000636 seconds
{Heap before GC invocations=65 (full 1):
 par new generation   total 184320K, used 171416K [0x00000000c0000000, 0x00000000cc800000, 0x00000000cc800000)
  eden space 163840K, 100% used [0x00000000c0000000, 0x00000000ca000000, 0x00000000ca000000)
  from space 20480K,  36% used [0x00000000cb400000, 0x00000000cbb661a0, 0x00000000cc800000)
  to   space 20480K,   0% used [0x00000000ca000000, 0x00000000ca000000, 0x00000000cb400000)
 concurrent mark-sweep generation total 843776K, used 208791K [0x00000000cc800000, 0x0000000100000000, 0x0000000100000000)
 Metaspace       used 41244K, capacity 42390K, committed 42648K, reserved 1085440K
  class space    used 5486K, capacity 5750K, committed 5784K, reserved 1048576K
2022-04-06T23:11:04.571+0000: 100859.732: [GC (Allocation Failure) 2022-04-06T23:11:04.571+0000: 100859.732: [ParNew
Desired survivor size 10485760 bytes, new threshold 1 (max 1)
- age   1:    4732664 bytes,    4732664 total
: 171416K->5061K(184320K), 0.0129339 secs] 380207K->213855K(1028096K), 0.0130765 secs] [Times: user=0.02 sys=0.00, real=0.01 secs] 
Heap after GC invocations=66 (full 1):
 par new generation   total 184320K, used 5061K [0x00000000c0000000, 0x00000000cc800000, 0x00000000cc800000)
  eden space 163840K,   0% used [0x00000000c0000000, 0x00000000c0000000, 0x00000000ca000000)
  from space 20480K,  24% used [0x00000000ca000000, 0x00000000ca4f1598, 0x00000000cb400000)
  to   space 20480K,   0% used [0x00000000cb400000, 0x00000000cb400000, 0x00000000cc800000)
 concurrent mark-sweep generation total 843776K, used 208793K [0x00000000cc800000, 0x0000000100000000, 0x0000000100000000)
 Metaspace       used 41244K, capacity 42390K, committed 42648K, reserved 1085440K
  class space    used 5486K, capacity 5750K, committed 5784K, reserved 1048576K
}
2022-04-06T23:11:04.584+0000: 100859.745: Total time for which application threads were stopped: 0.0134150 seconds, Stopping threads took: 0.0000700 seconds
2022-04-06T23:26:19.697+0000: 101774.858: Total time for which application threads were stopped: 0.0002863 seconds, Stopping threads took: 0.0001281 seconds
2022-04-06T23:34:19.756+0000: 102254.916: Total time for which application threads were stopped: 0.0002348 seconds, Stopping threads took: 0.0000633 seconds
{Heap before GC invocations=66 (full 1):
 par new generation   total 184320K, used 168901K [0x00000000c0000000, 0x00000000cc800000, 0x00000000cc800000)
  eden space 163840K, 100% used [0x00000000c0000000, 0x00000000ca000000, 0x00000000ca000000)
  from space 20480K,  24% used [0x00000000ca000000, 0x00000000ca4f1598, 0x00000000cb400000)
  to   space 20480K,   0% used [0x00000000cb400000, 0x00000000cb400000, 0x00000000cc800000)
 concurrent mark-sweep generation total 843776K, used 208793K [0x00000000cc800000, 0x0000000100000000, 0x0000000100000000)
 Metaspace       used 41246K, capacity 42390K, committed 42648K, reserved 1085440K
  class space    used 5486K, capacity 5750K, committed 5784K, reserved 1048576K
2022-04-06T23:38:26.666+0000: 102501.827: [GC (Allocation Failure) 2022-04-06T23:38:26.666+0000: 102501.827: [ParNew
Desired survivor size 10485760 bytes, new threshold 1 (max 1)
- age   1:    5116328 bytes,    5116328 total
: 168901K->6078K(184320K), 0.0241357 secs] 377695K->218854K(1028096K), 0.0242827 secs] [Times: user=0.05 sys=0.00, real=0.03 secs] 
Heap after GC invocations=67 (full 1):
 par new generation   total 184320K, used 6078K [0x00000000c0000000, 0x00000000cc800000, 0x00000000cc800000)
  eden space 163840K,   0% used [0x00000000c0000000, 0x00000000c0000000, 0x00000000ca000000)
  from space 20480K,  29% used [0x00000000cb400000, 0x00000000cb9ef8f8, 0x00000000cc800000)
  to   space 20480K,   0% used [0x00000000ca000000, 0x00000000ca000000, 0x00000000cb400000)
 concurrent mark-sweep generation total 843776K, used 212776K [0x00000000cc800000, 0x0000000100000000, 0x0000000100000000)
 Metaspace       used 41246K, capacity 42390K, committed 42648K, reserved 1085440K
  class space    used 5486K, capacity 5750K, committed 5784K, reserved 1048576K
}
2022-04-06T23:38:26.690+0000: 102501.851: Total time for which application threads were stopped: 0.0246228 seconds, Stopping threads took: 0.0000603 seconds
{Heap before GC invocations=67 (full 1):
 par new generation   total 184320K, used 169918K [0x00000000c0000000, 0x00000000cc800000, 0x00000000cc800000)
  eden space 163840K, 100% used [0x00000000c0000000, 0x00000000ca000000, 0x00000000ca000000)
  from space 20480K,  29% used [0x00000000cb400000, 0x00000000cb9ef8f8, 0x00000000cc800000)
  to   space 20480K,   0% used [0x00000000ca000000, 0x00000000ca000000, 0x00000000cb400000)
 concurrent mark-sweep generation total 843776K, used 212776K [0x00000000cc800000, 0x0000000100000000, 0x0000000100000000)
 Metaspace       used 41247K, capacity 42390K, committed 42648K, reserved 1085440K
  class space    used 5486K, capacity 5750K, committed 5784K, reserved 1048576K
2022-04-07T00:06:05.274+0000: 104160.434: [GC (Allocation Failure) 2022-04-07T00:06:05.274+0000: 104160.435: [ParNew
Desired survivor size 10485760 bytes, new threshold 1 (max 1)
- age   1:    4243504 bytes,    4243504 total
: 169918K->6532K(184320K), 0.0131657 secs] 382694K->220341K(1028096K), 0.0133245 secs] [Times: user=0.02 sys=0.00, real=0.01 secs] 
Heap after GC invocations=68 (full 1):
 par new generation   total 184320K, used 6532K [0x00000000c0000000, 0x00000000cc800000, 0x00000000cc800000)
  eden space 163840K,   0% used [0x00000000c0000000, 0x00000000c0000000, 0x00000000ca000000)
  from space 20480K,  31% used [0x00000000ca000000, 0x00000000ca6612d8, 0x00000000cb400000)
  to   space 20480K,   0% used [0x00000000cb400000, 0x00000000cb400000, 0x00000000cc800000)
 concurrent mark-sweep generation total 843776K, used 213808K [0x00000000cc800000, 0x0000000100000000, 0x0000000100000000)
 Metaspace       used 41247K, capacity 42390K, committed 42648K, reserved 1085440K
  class space    used 5486K, capacity 5750K, committed 5784K, reserved 1048576K
}
2022-04-07T00:06:05.287+0000: 104160.448: Total time for which application threads were stopped: 0.0136979 seconds, Stopping threads took: 0.0000819 seconds
2022-04-07T00:10:10.318+0000: 104405.478: Total time for which application threads were stopped: 0.0002566 seconds, Stopping threads took: 0.0000664 seconds
{Heap before GC invocations=68 (full 1):
 par new generation   total 184320K, used 170372K [0x00000000c0000000, 0x00000000cc800000, 0x00000000cc800000)
  eden space 163840K, 100% used [0x00000000c0000000, 0x00000000ca000000, 0x00000000ca000000)
  from space 20480K,  31% used [0x00000000ca000000, 0x00000000ca6612d8, 0x00000000cb400000)
  to   space 20480K,   0% used [0x00000000cb400000, 0x00000000cb400000, 0x00000000cc800000)
 concurrent mark-sweep generation total 843776K, used 213808K [0x00000000cc800000, 0x0000000100000000, 0x0000000100000000)
 Metaspace       used 41263K, capacity 42454K, committed 42648K, reserved 1085440K
  class space    used 5486K, capacity 5750K, committed 5784K, reserved 1048576K
2022-04-07T00:31:05.549+0000: 105660.710: [GC (Allocation Failure) 2022-04-07T00:31:05.549+0000: 105660.710: [ParNew
Desired survivor size 10485760 bytes, new threshold 1 (max 1)
- age   1:    6801992 bytes,    6801992 total
: 170372K->9424K(184320K), 0.0228751 secs] 384181K->225681K(1028096K), 0.0230252 secs] [Times: user=0.04 sys=0.00, real=0.02 secs] 
Heap after GC invocations=69 (full 1):
 par new generation   total 184320K, used 9424K [0x00000000c0000000, 0x00000000cc800000, 0x00000000cc800000)
  eden space 163840K,   0% used [0x00000000c0000000, 0x00000000c0000000, 0x00000000ca000000)
  from space 20480K,  46% used [0x00000000cb400000, 0x00000000cbd34178, 0x00000000cc800000)
  to   space 20480K,   0% used [0x00000000ca000000, 0x00000000ca000000, 0x00000000cb400000)
 concurrent mark-sweep generation total 843776K, used 216257K [0x00000000cc800000, 0x0000000100000000, 0x0000000100000000)
 Metaspace       used 41263K, capacity 42454K, committed 42648K, reserved 1085440K
  class space    used 5486K, capacity 5750K, committed 5784K, reserved 1048576K
}
2022-04-07T00:31:05.572+0000: 105660.733: Total time for which application threads were stopped: 0.0233642 seconds, Stopping threads took: 0.0000847 seconds
2022-04-07T00:31:06.573+0000: 105661.734: Total time for which application threads were stopped: 0.0001661 seconds, Stopping threads took: 0.0000434 seconds
{Heap before GC invocations=69 (full 1):
 par new generation   total 184320K, used 173264K [0x00000000c0000000, 0x00000000cc800000, 0x00000000cc800000)
  eden space 163840K, 100% used [0x00000000c0000000, 0x00000000ca000000, 0x00000000ca000000)
  from space 20480K,  46% used [0x00000000cb400000, 0x00000000cbd34178, 0x00000000cc800000)
  to   space 20480K,   0% used [0x00000000ca000000, 0x00000000ca000000, 0x00000000cb400000)
 concurrent mark-sweep generation total 843776K, used 216257K [0x00000000cc800000, 0x0000000100000000, 0x0000000100000000)
 Metaspace       used 41263K, capacity 42454K, committed 42648K, reserved 1085440K
  class space    used 5486K, capacity 5750K, committed 5784K, reserved 1048576K
2022-04-07T01:01:05.926+0000: 107461.087: [GC (Allocation Failure) 2022-04-07T01:01:05.926+0000: 107461.087: [ParNew
Desired survivor size 10485760 bytes, new threshold 1 (max 1)
- age   1:    3201104 bytes,    3201104 total
: 173264K->7887K(184320K), 0.0216484 secs] 389521K->227758K(1028096K), 0.0218069 secs] [Times: user=0.04 sys=0.00, real=0.03 secs] 
Heap after GC invocations=70 (full 1):
 par new generation   total 184320K, used 7887K [0x00000000c0000000, 0x00000000cc800000, 0x00000000cc800000)
  eden space 163840K,   0% used [0x00000000c0000000, 0x00000000c0000000, 0x00000000ca000000)
  from space 20480K,  38% used [0x00000000ca000000, 0x00000000ca7b3cd8, 0x00000000cb400000)
  to   space 20480K,   0% used [0x00000000cb400000, 0x00000000cb400000, 0x00000000cc800000)
 concurrent mark-sweep generation total 843776K, used 219871K [0x00000000cc800000, 0x0000000100000000, 0x0000000100000000)
 Metaspace       used 41263K, capacity 42454K, committed 42648K, reserved 1085440K
  class space    used 5486K, capacity 5750K, committed 5784K, reserved 1048576K
}
2022-04-07T01:01:05.948+0000: 107461.109: Total time for which application threads were stopped: 0.0221331 seconds, Stopping threads took: 0.0000626 seconds
2022-04-07T01:10:10.017+0000: 108005.178: Total time for which application threads were stopped: 0.0003054 seconds, Stopping threads took: 0.0000968 seconds
{Heap before GC invocations=70 (full 1):
 par new generation   total 184320K, used 171727K [0x00000000c0000000, 0x00000000cc800000, 0x00000000cc800000)
  eden space 163840K, 100% used [0x00000000c0000000, 0x00000000ca000000, 0x00000000ca000000)
  from space 20480K,  38% used [0x00000000ca000000, 0x00000000ca7b3cd8, 0x00000000cb400000)
  to   space 20480K,   0% used [0x00000000cb400000, 0x00000000cb400000, 0x00000000cc800000)
 concurrent mark-sweep generation total 843776K, used 219871K [0x00000000cc800000, 0x0000000100000000, 0x0000000100000000)
 Metaspace       used 41275K, capacity 42454K, committed 42648K, reserved 1085440K
  class space    used 5486K, capacity 5750K, committed 5784K, reserved 1048576K
2022-04-07T01:26:06.272+0000: 108961.433: [GC (Allocation Failure) 2022-04-07T01:26:06.272+0000: 108961.433: [ParNew
Desired survivor size 10485760 bytes, new threshold 1 (max 1)
- age   1:    8427488 bytes,    8427488 total
: 171727K->9340K(184320K), 0.0162945 secs] 391598K->229219K(1028096K), 0.0164201 secs] [Times: user=0.03 sys=0.00, real=0.02 secs] 
Heap after GC invocations=71 (full 1):
 par new generation   total 184320K, used 9340K [0x00000000c0000000, 0x00000000cc800000, 0x00000000cc800000)
  eden space 163840K,   0% used [0x00000000c0000000, 0x00000000c0000000, 0x00000000ca000000)
  from space 20480K,  45% used [0x00000000cb400000, 0x00000000cbd1f2f8, 0x00000000cc800000)
  to   space 20480K,   0% used [0x00000000ca000000, 0x00000000ca000000, 0x00000000cb400000)
 concurrent mark-sweep generation total 843776K, used 219878K [0x00000000cc800000, 0x0000000100000000, 0x0000000100000000)
 Metaspace       used 41275K, capacity 42454K, committed 42648K, reserved 1085440K
  class space    used 5486K, capacity 5750K, committed 5784K, reserved 1048576K
}
2022-04-07T01:26:06.288+0000: 108961.449: Total time for which application threads were stopped: 0.0168071 seconds, Stopping threads took: 0.0000789 seconds
{Heap before GC invocations=71 (full 1):
 par new generation   total 184320K, used 173180K [0x00000000c0000000, 0x00000000cc800000, 0x00000000cc800000)
  eden space 163840K, 100% used [0x00000000c0000000, 0x00000000ca000000, 0x00000000ca000000)
  from space 20480K,  45% used [0x00000000cb400000, 0x00000000cbd1f2f8, 0x00000000cc800000)
  to   space 20480K,   0% used [0x00000000ca000000, 0x00000000ca000000, 0x00000000cb400000)
 concurrent mark-sweep generation total 843776K, used 219878K [0x00000000cc800000, 0x0000000100000000, 0x0000000100000000)
 Metaspace       used 41275K, capacity 42454K, committed 42648K, reserved 1085440K
  class space    used 5486K, capacity 5750K, committed 5784K, reserved 1048576K
2022-04-07T01:56:06.614+0000: 110761.775: [GC (Allocation Failure) 2022-04-07T01:56:06.614+0000: 110761.775: [ParNew
Desired survivor size 10485760 bytes, new threshold 1 (max 1)
- age   1:    3043752 bytes,    3043752 total
: 173180K->5431K(184320K), 0.0249146 secs] 393059K->230384K(1028096K), 0.0250560 secs] [Times: user=0.05 sys=0.00, real=0.02 secs] 
Heap after GC invocations=72 (full 1):
 par new generation   total 184320K, used 5431K [0x00000000c0000000, 0x00000000cc800000, 0x00000000cc800000)
  eden space 163840K,   0% used [0x00000000c0000000, 0x00000000c0000000, 0x00000000ca000000)
  from space 20480K,  26% used [0x00000000ca000000, 0x00000000ca54de30, 0x00000000cb400000)
  to   space 20480K,   0% used [0x00000000cb400000, 0x00000000cb400000, 0x00000000cc800000)
 concurrent mark-sweep generation total 843776K, used 224952K [0x00000000cc800000, 0x0000000100000000, 0x0000000100000000)
 Metaspace       used 41275K, capacity 42454K, committed 42648K, reserved 1085440K
  class space    used 5486K, capacity 5750K, committed 5784K, reserved 1048576K
}
2022-04-07T01:56:06.639+0000: 110761.800: Total time for which application threads were stopped: 0.0253822 seconds, Stopping threads took: 0.0000661 seconds
{Heap before GC invocations=72 (full 1):
 par new generation   total 184320K, used 169271K [0x00000000c0000000, 0x00000000cc800000, 0x00000000cc800000)
  eden space 163840K, 100% used [0x00000000c0000000, 0x00000000ca000000, 0x00000000ca000000)
  from space 20480K,  26% used [0x00000000ca000000, 0x00000000ca54de30, 0x00000000cb400000)
  to   space 20480K,   0% used [0x00000000cb400000, 0x00000000cb400000, 0x00000000cc800000)
 concurrent mark-sweep generation total 843776K, used 224952K [0x00000000cc800000, 0x0000000100000000, 0x0000000100000000)
 Metaspace       used 41279K, capacity 42454K, committed 42648K, reserved 1085440K
  class space    used 5486K, capacity 5750K, committed 5784K, reserved 1048576K
2022-04-07T02:22:20.844+0000: 112336.005: [GC (Allocation Failure) 2022-04-07T02:22:20.844+0000: 112336.005: [ParNew
Desired survivor size 10485760 bytes, new threshold 1 (max 1)
- age   1:    8143112 bytes,    8143112 total
: 169271K->8138K(184320K), 0.0167182 secs] 394224K->233094K(1028096K), 0.0168567 secs] [Times: user=0.03 sys=0.00, real=0.02 secs] 
Heap after GC invocations=73 (full 1):
 par new generation   total 184320K, used 8138K [0x00000000c0000000, 0x00000000cc800000, 0x00000000cc800000)
  eden space 163840K,   0% used [0x00000000c0000000, 0x00000000c0000000, 0x00000000ca000000)
  from space 20480K,  39% used [0x00000000cb400000, 0x00000000cbbf2bc0, 0x00000000cc800000)
  to   space 20480K,   0% used [0x00000000ca000000, 0x00000000ca000000, 0x00000000cb400000)
 concurrent mark-sweep generation total 843776K, used 224956K [0x00000000cc800000, 0x0000000100000000, 0x0000000100000000)
 Metaspace       used 41279K, capacity 42454K, committed 42648K, reserved 1085440K
  class space    used 5486K, capacity 5750K, committed 5784K, reserved 1048576K
}
2022-04-07T02:22:20.861+0000: 112336.021: Total time for which application threads were stopped: 0.0171881 seconds, Stopping threads took: 0.0000609 seconds
{Heap before GC invocations=73 (full 1):
 par new generation   total 184320K, used 171978K [0x00000000c0000000, 0x00000000cc800000, 0x00000000cc800000)
  eden space 163840K, 100% used [0x00000000c0000000, 0x00000000ca000000, 0x00000000ca000000)
  from space 20480K,  39% used [0x00000000cb400000, 0x00000000cbbf2bc0, 0x00000000cc800000)
  to   space 20480K,   0% used [0x00000000ca000000, 0x00000000ca000000, 0x00000000cb400000)
 concurrent mark-sweep generation total 843776K, used 224956K [0x00000000cc800000, 0x0000000100000000, 0x0000000100000000)
 Metaspace       used 41279K, capacity 42454K, committed 42648K, reserved 1085440K
  class space    used 5486K, capacity 5750K, committed 5784K, reserved 1048576K
2022-04-07T02:51:07.282+0000: 114062.443: [GC (Allocation Failure) 2022-04-07T02:51:07.282+0000: 114062.443: [ParNew
Desired survivor size 10485760 bytes, new threshold 1 (max 1)
- age   1:    4156720 bytes,    4156720 total
: 171978K->6116K(184320K), 0.0255459 secs] 396934K->236080K(1028096K), 0.0256727 secs] [Times: user=0.05 sys=0.00, real=0.02 secs] 
Heap after GC invocations=74 (full 1):
 par new generation   total 184320K, used 6116K [0x00000000c0000000, 0x00000000cc800000, 0x00000000cc800000)
  eden space 163840K,   0% used [0x00000000c0000000, 0x00000000c0000000, 0x00000000ca000000)
  from space 20480K,  29% used [0x00000000ca000000, 0x00000000ca5f9138, 0x00000000cb400000)
  to   space 20480K,   0% used [0x00000000cb400000, 0x00000000cb400000, 0x00000000cc800000)
 concurrent mark-sweep generation total 843776K, used 229963K [0x00000000cc800000, 0x0000000100000000, 0x0000000100000000)
 Metaspace       used 41279K, capacity 42454K, committed 42648K, reserved 1085440K
  class space    used 5486K, capacity 5750K, committed 5784K, reserved 1048576K
}
2022-04-07T02:51:07.308+0000: 114062.468: Total time for which application threads were stopped: 0.0260352 seconds, Stopping threads took: 0.0000630 seconds
2022-04-07T03:10:10.449+0000: 115205.610: Total time for which application threads were stopped: 0.0003444 seconds, Stopping threads took: 0.0000817 seconds
2022-04-07T03:10:12.450+0000: 115207.611: Total time for which application threads were stopped: 0.0002555 seconds, Stopping threads took: 0.0000661 seconds
{Heap before GC invocations=74 (full 1):
 par new generation   total 184320K, used 169956K [0x00000000c0000000, 0x00000000cc800000, 0x00000000cc800000)
  eden space 163840K, 100% used [0x00000000c0000000, 0x00000000ca000000, 0x00000000ca000000)
  from space 20480K,  29% used [0x00000000ca000000, 0x00000000ca5f9138, 0x00000000cb400000)
  to   space 20480K,   0% used [0x00000000cb400000, 0x00000000cb400000, 0x00000000cc800000)
 concurrent mark-sweep generation total 843776K, used 229963K [0x00000000cc800000, 0x0000000100000000, 0x0000000100000000)
 Metaspace       used 41321K, capacity 42478K, committed 42648K, reserved 1085440K
  class space    used 5486K, capacity 5750K, committed 5784K, reserved 1048576K
2022-04-07T03:16:07.584+0000: 115562.745: [GC (Allocation Failure) 2022-04-07T03:16:07.584+0000: 115562.745: [ParNew
Desired survivor size 10485760 bytes, new threshold 1 (max 1)
- age   1:    8352440 bytes,    8352440 total
: 169956K->9070K(184320K), 0.0173345 secs] 399920K->239038K(1028096K), 0.0174878 secs] [Times: user=0.04 sys=0.00, real=0.02 secs] 
Heap after GC invocations=75 (full 1):
 par new generation   total 184320K, used 9070K [0x00000000c0000000, 0x00000000cc800000, 0x00000000cc800000)
  eden space 163840K,   0% used [0x00000000c0000000, 0x00000000c0000000, 0x00000000ca000000)
  from space 20480K,  44% used [0x00000000cb400000, 0x00000000cbcdb870, 0x00000000cc800000)
  to   space 20480K,   0% used [0x00000000ca000000, 0x00000000ca000000, 0x00000000cb400000)
 concurrent mark-sweep generation total 843776K, used 229968K [0x00000000cc800000, 0x0000000100000000, 0x0000000100000000)
 Metaspace       used 41321K, capacity 42478K, committed 42648K, reserved 1085440K
  class space    used 5486K, capacity 5750K, committed 5784K, reserved 1048576K
}
2022-04-07T03:16:07.601+0000: 115562.762: Total time for which application threads were stopped: 0.0178232 seconds, Stopping threads took: 0.0000640 seconds
2022-04-07T03:21:07.638+0000: 115862.799: Total time for which application threads were stopped: 0.0002467 seconds, Stopping threads took: 0.0000982 seconds
2022-04-07T03:26:08.674+0000: 116163.835: Total time for which application threads were stopped: 0.0002272 seconds, Stopping threads took: 0.0000664 seconds
{Heap before GC invocations=75 (full 1):
 par new generation   total 184320K, used 172910K [0x00000000c0000000, 0x00000000cc800000, 0x00000000cc800000)
  eden space 163840K, 100% used [0x00000000c0000000, 0x00000000ca000000, 0x00000000ca000000)
  from space 20480K,  44% used [0x00000000cb400000, 0x00000000cbcdb870, 0x00000000cc800000)
  to   space 20480K,   0% used [0x00000000ca000000, 0x00000000ca000000, 0x00000000cb400000)
 concurrent mark-sweep generation total 843776K, used 229968K [0x00000000cc800000, 0x0000000100000000, 0x0000000100000000)
 Metaspace       used 41321K, capacity 42478K, committed 42648K, reserved 1085440K
  class space    used 5486K, capacity 5750K, committed 5784K, reserved 1048576K
2022-04-07T03:46:07.923+0000: 117363.084: [GC (Allocation Failure) 2022-04-07T03:46:07.923+0000: 117363.084: [ParNew
Desired survivor size 10485760 bytes, new threshold 1 (max 1)
- age   1:    3036296 bytes,    3036296 total
: 172910K->5305K(184320K), 0.0283582 secs] 402878K->241328K(1028096K), 0.0284920 secs] [Times: user=0.06 sys=0.00, real=0.03 secs] 
Heap after GC invocations=76 (full 1):
 par new generation   total 184320K, used 5305K [0x00000000c0000000, 0x00000000cc800000, 0x00000000cc800000)
  eden space 163840K,   0% used [0x00000000c0000000, 0x00000000c0000000, 0x00000000ca000000)
  from space 20480K,  25% used [0x00000000ca000000, 0x00000000ca52e750, 0x00000000cb400000)
  to   space 20480K,   0% used [0x00000000cb400000, 0x00000000cb400000, 0x00000000cc800000)
 concurrent mark-sweep generation total 843776K, used 236022K [0x00000000cc800000, 0x0000000100000000, 0x0000000100000000)
 Metaspace       used 41321K, capacity 42478K, committed 42648K, reserved 1085440K
  class space    used 5486K, capacity 5750K, committed 5784K, reserved 1048576K
}
2022-04-07T03:46:07.952+0000: 117363.112: Total time for which application threads were stopped: 0.0288034 seconds, Stopping threads took: 0.0000621 seconds
2022-04-07T03:46:08.952+0000: 117364.113: Total time for which application threads were stopped: 0.0001644 seconds, Stopping threads took: 0.0000397 seconds
2022-04-07T03:56:09.027+0000: 117964.187: Total time for which application threads were stopped: 0.0002186 seconds, Stopping threads took: 0.0000652 seconds
2022-04-07T04:10:10.130+0000: 118805.291: Total time for which application threads were stopped: 0.0002407 seconds, Stopping threads took: 0.0000608 seconds
{Heap before GC invocations=76 (full 1):
 par new generation   total 184320K, used 169145K [0x00000000c0000000, 0x00000000cc800000, 0x00000000cc800000)
  eden space 163840K, 100% used [0x00000000c0000000, 0x00000000ca000000, 0x00000000ca000000)
  from space 20480K,  25% used [0x00000000ca000000, 0x00000000ca52e750, 0x00000000cb400000)
  to   space 20480K,   0% used [0x00000000cb400000, 0x00000000cb400000, 0x00000000cc800000)
 concurrent mark-sweep generation total 843776K, used 236022K [0x00000000cc800000, 0x0000000100000000, 0x0000000100000000)
 Metaspace       used 41324K, capacity 42478K, committed 42648K, reserved 1085440K
  class space    used 5486K, capacity 5750K, committed 5784K, reserved 1048576K
2022-04-07T04:11:08.271+0000: 118863.432: [GC (Allocation Failure) 2022-04-07T04:11:08.271+0000: 118863.432: [ParNew
Desired survivor size 10485760 bytes, new threshold 1 (max 1)
- age   1:    6392464 bytes,    6392464 total
: 169145K->8069K(184320K), 0.0143015 secs] 405168K->244097K(1028096K), 0.0144339 secs] [Times: user=0.03 sys=0.00, real=0.01 secs] 
Heap after GC invocations=77 (full 1):
 par new generation   total 184320K, used 8069K [0x00000000c0000000, 0x00000000cc800000, 0x00000000cc800000)
  eden space 163840K,   0% used [0x00000000c0000000, 0x00000000c0000000, 0x00000000ca000000)
  from space 20480K,  39% used [0x00000000cb400000, 0x00000000cbbe1698, 0x00000000cc800000)
  to   space 20480K,   0% used [0x00000000ca000000, 0x00000000ca000000, 0x00000000cb400000)
 concurrent mark-sweep generation total 843776K, used 236028K [0x00000000cc800000, 0x0000000100000000, 0x0000000100000000)
 Metaspace       used 41324K, capacity 42478K, committed 42648K, reserved 1085440K
  class space    used 5486K, capacity 5750K, committed 5784K, reserved 1048576K
}
2022-04-07T04:11:08.285+0000: 118863.446: Total time for which application threads were stopped: 0.0147612 seconds, Stopping threads took: 0.0000705 seconds
{Heap before GC invocations=77 (full 1):
 par new generation   total 184320K, used 171909K [0x00000000c0000000, 0x00000000cc800000, 0x00000000cc800000)
  eden space 163840K, 100% used [0x00000000c0000000, 0x00000000ca000000, 0x00000000ca000000)
  from space 20480K,  39% used [0x00000000cb400000, 0x00000000cbbe1698, 0x00000000cc800000)
  to   space 20480K,   0% used [0x00000000ca000000, 0x00000000ca000000, 0x00000000cb400000)
 concurrent mark-sweep generation total 843776K, used 236028K [0x00000000cc800000, 0x0000000100000000, 0x0000000100000000)
 Metaspace       used 41324K, capacity 42478K, committed 42648K, reserved 1085440K
  class space    used 5486K, capacity 5750K, committed 5784K, reserved 1048576K
2022-04-07T04:41:08.632+0000: 120663.793: [GC (Allocation Failure) 2022-04-07T04:41:08.632+0000: 120663.793: [ParNew
Desired survivor size 10485760 bytes, new threshold 1 (max 1)
- age   1:    4189376 bytes,    4189376 total
: 171909K->6767K(184320K), 0.0266067 secs] 407937K->247831K(1028096K), 0.0267467 secs] [Times: user=0.05 sys=0.00, real=0.02 secs] 
Heap after GC invocations=78 (full 1):
 par new generation   total 184320K, used 6767K [0x00000000c0000000, 0x00000000cc800000, 0x00000000cc800000)
  eden space 163840K,   0% used [0x00000000c0000000, 0x00000000c0000000, 0x00000000ca000000)
  from space 20480K,  33% used [0x00000000ca000000, 0x00000000ca69be30, 0x00000000cb400000)
  to   space 20480K,   0% used [0x00000000cb400000, 0x00000000cb400000, 0x00000000cc800000)
 concurrent mark-sweep generation total 843776K, used 241064K [0x00000000cc800000, 0x0000000100000000, 0x0000000100000000)
 Metaspace       used 41324K, capacity 42478K, committed 42648K, reserved 1085440K
  class space    used 5486K, capacity 5750K, committed 5784K, reserved 1048576K
}
2022-04-07T04:41:08.659+0000: 120663.819: Total time for which application threads were stopped: 0.0271346 seconds, Stopping threads took: 0.0000920 seconds
2022-04-07T05:06:11.853+0000: 122167.014: Total time for which application threads were stopped: 0.0002127 seconds, Stopping threads took: 0.0000620 seconds
{Heap before GC invocations=78 (full 1):
 par new generation   total 184320K, used 170607K [0x00000000c0000000, 0x00000000cc800000, 0x00000000cc800000)
  eden space 163840K, 100% used [0x00000000c0000000, 0x00000000ca000000, 0x00000000ca000000)
  from space 20480K,  33% used [0x00000000ca000000, 0x00000000ca69be30, 0x00000000cb400000)
  to   space 20480K,   0% used [0x00000000cb400000, 0x00000000cb400000, 0x00000000cc800000)
 concurrent mark-sweep generation total 843776K, used 241064K [0x00000000cc800000, 0x0000000100000000, 0x0000000100000000)
 Metaspace       used 41324K, capacity 42478K, committed 42648K, reserved 1085440K
  class space    used 5486K, capacity 5750K, committed 5784K, reserved 1048576K
2022-04-07T05:08:10.295+0000: 122285.456: [GC (Allocation Failure) 2022-04-07T05:08:10.295+0000: 122285.456: [ParNew
Desired survivor size 10485760 bytes, new threshold 1 (max 1)
- age   1:    3013736 bytes,    3013736 total
: 170607K->4760K(184320K), 0.0123370 secs] 411671K->245881K(1028096K), 0.0125517 secs] [Times: user=0.03 sys=0.00, real=0.01 secs] 
Heap after GC invocations=79 (full 1):
 par new generation   total 184320K, used 4760K [0x00000000c0000000, 0x00000000cc800000, 0x00000000cc800000)
  eden space 163840K,   0% used [0x00000000c0000000, 0x00000000c0000000, 0x00000000ca000000)
  from space 20480K,  23% used [0x00000000cb400000, 0x00000000cb8a6110, 0x00000000cc800000)
  to   space 20480K,   0% used [0x00000000ca000000, 0x00000000ca000000, 0x00000000cb400000)
 concurrent mark-sweep generation total 843776K, used 241120K [0x00000000cc800000, 0x0000000100000000, 0x0000000100000000)
 Metaspace       used 41324K, capacity 42478K, committed 42648K, reserved 1085440K
  class space    used 5486K, capacity 5750K, committed 5784K, reserved 1048576K
}
2022-04-07T05:08:10.307+0000: 122285.468: Total time for which application threads were stopped: 0.0128689 seconds, Stopping threads took: 0.0000622 seconds
2022-04-07T05:10:10.323+0000: 122405.484: Total time for which application threads were stopped: 0.0002823 seconds, Stopping threads took: 0.0001191 seconds
2022-04-07T05:10:12.323+0000: 122407.484: Total time for which application threads were stopped: 0.0001943 seconds, Stopping threads took: 0.0000430 seconds
2022-04-07T05:15:08.360+0000: 122703.521: Total time for which application threads were stopped: 0.0002552 seconds, Stopping threads took: 0.0000754 seconds
2022-04-07T05:18:15.383+0000: 122890.544: Total time for which application threads were stopped: 0.0002177 seconds, Stopping threads took: 0.0000687 seconds
{Heap before GC invocations=79 (full 1):
 par new generation   total 184320K, used 168600K [0x00000000c0000000, 0x00000000cc800000, 0x00000000cc800000)
  eden space 163840K, 100% used [0x00000000c0000000, 0x00000000ca000000, 0x00000000ca000000)
  from space 20480K,  23% used [0x00000000cb400000, 0x00000000cb8a6110, 0x00000000cc800000)
  to   space 20480K,   0% used [0x00000000ca000000, 0x00000000ca000000, 0x00000000cb400000)
 concurrent mark-sweep generation total 843776K, used 241120K [0x00000000cc800000, 0x0000000100000000, 0x0000000100000000)
 Metaspace       used 41325K, capacity 42478K, committed 42648K, reserved 1085440K
  class space    used 5486K, capacity 5750K, committed 5784K, reserved 1048576K
2022-04-07T05:36:09.305+0000: 123964.465: [GC (Allocation Failure) 2022-04-07T05:36:09.305+0000: 123964.465: [ParNew
Desired survivor size 10485760 bytes, new threshold 1 (max 1)
- age   1:    7271952 bytes,    7271952 total
: 168600K->7496K(184320K), 0.0229025 secs] 409721K->251534K(1028096K), 0.0230470 secs] [Times: user=0.05 sys=0.00, real=0.02 secs] 
Heap after GC invocations=80 (full 1):
 par new generation   total 184320K, used 7496K [0x00000000c0000000, 0x00000000cc800000, 0x00000000cc800000)
  eden space 163840K,   0% used [0x00000000c0000000, 0x00000000c0000000, 0x00000000ca000000)
  from space 20480K,  36% used [0x00000000ca000000, 0x00000000ca7521f0, 0x00000000cb400000)
  to   space 20480K,   0% used [0x00000000cb400000, 0x00000000cb400000, 0x00000000cc800000)
 concurrent mark-sweep generation total 843776K, used 244038K [0x00000000cc800000, 0x0000000100000000, 0x0000000100000000)
 Metaspace       used 41325K, capacity 42478K, committed 42648K, reserved 1085440K
  class space    used 5486K, capacity 5750K, committed 5784K, reserved 1048576K
}
2022-04-07T05:36:09.328+0000: 123964.488: Total time for which application threads were stopped: 0.0233902 seconds, Stopping threads took: 0.0000606 seconds
{Heap before GC invocations=80 (full 1):
 par new generation   total 184320K, used 171336K [0x00000000c0000000, 0x00000000cc800000, 0x00000000cc800000)
  eden space 163840K, 100% used [0x00000000c0000000, 0x00000000ca000000, 0x00000000ca000000)
  from space 20480K,  36% used [0x00000000ca000000, 0x00000000ca7521f0, 0x00000000cb400000)
  to   space 20480K,   0% used [0x00000000cb400000, 0x00000000cb400000, 0x00000000cc800000)
 concurrent mark-sweep generation total 843776K, used 244038K [0x00000000cc800000, 0x0000000100000000, 0x0000000100000000)
 Metaspace       used 41325K, capacity 42478K, committed 42648K, reserved 1085440K
  class space    used 5486K, capacity 5750K, committed 5784K, reserved 1048576K
2022-04-07T06:06:09.664+0000: 125764.825: [GC (Allocation Failure) 2022-04-07T06:06:09.664+0000: 125764.825: [ParNew
Desired survivor size 10485760 bytes, new threshold 1 (max 1)
- age   1:    4157208 bytes,    4157208 total
: 171336K->5609K(184320K), 0.0185247 secs] 415374K->251741K(1028096K), 0.0186818 secs] [Times: user=0.04 sys=0.00, real=0.02 secs] 
Heap after GC invocations=81 (full 1):
 par new generation   total 184320K, used 5609K [0x00000000c0000000, 0x00000000cc800000, 0x00000000cc800000)
  eden space 163840K,   0% used [0x00000000c0000000, 0x00000000c0000000, 0x00000000ca000000)
  from space 20480K,  27% used [0x00000000cb400000, 0x00000000cb97a420, 0x00000000cc800000)
  to   space 20480K,   0% used [0x00000000ca000000, 0x00000000ca000000, 0x00000000cb400000)
 concurrent mark-sweep generation total 843776K, used 246132K [0x00000000cc800000, 0x0000000100000000, 0x0000000100000000)
 Metaspace       used 41325K, capacity 42478K, committed 42648K, reserved 1085440K
  class space    used 5486K, capacity 5750K, committed 5784K, reserved 1048576K
}
2022-04-07T06:06:09.683+0000: 125764.843: Total time for which application threads were stopped: 0.0190053 seconds, Stopping threads took: 0.0000625 seconds
2022-04-07T06:10:09.712+0000: 126004.873: Total time for which application threads were stopped: 0.0003281 seconds, Stopping threads took: 0.0001121 seconds
2022-04-07T06:10:10.712+0000: 126005.873: Total time for which application threads were stopped: 0.0001939 seconds, Stopping threads took: 0.0000463 seconds
2022-04-07T06:13:37.740+0000: 126212.901: Total time for which application threads were stopped: 0.0002616 seconds, Stopping threads took: 0.0000659 seconds
2022-04-07T06:14:40.747+0000: 126275.908: Total time for which application threads were stopped: 0.0001663 seconds, Stopping threads took: 0.0000424 seconds
2022-04-07T06:22:40.806+0000: 126755.967: Total time for which application threads were stopped: 0.0002260 seconds, Stopping threads took: 0.0000676 seconds
{Heap before GC invocations=81 (full 1):
 par new generation   total 184320K, used 169449K [0x00000000c0000000, 0x00000000cc800000, 0x00000000cc800000)
  eden space 163840K, 100% used [0x00000000c0000000, 0x00000000ca000000, 0x00000000ca000000)
  from space 20480K,  27% used [0x00000000cb400000, 0x00000000cb97a420, 0x00000000cc800000)
  to   space 20480K,   0% used [0x00000000ca000000, 0x00000000ca000000, 0x00000000cb400000)
 concurrent mark-sweep generation total 843776K, used 246132K [0x00000000cc800000, 0x0000000100000000, 0x0000000100000000)
 Metaspace       used 41335K, capacity 42482K, committed 42648K, reserved 1085440K
  class space    used 5486K, capacity 5750K, committed 5784K, reserved 1048576K
2022-04-07T06:27:56.991+0000: 127072.152: [GC (Allocation Failure) 2022-04-07T06:27:56.991+0000: 127072.152: [ParNew
Desired survivor size 10485760 bytes, new threshold 1 (max 1)
- age   1:    7939080 bytes,    7939080 total
: 169449K->8300K(184320K), 0.0193871 secs] 415581K->255698K(1028096K), 0.0195612 secs] [Times: user=0.03 sys=0.00, real=0.02 secs] 
Heap after GC invocations=82 (full 1):
 par new generation   total 184320K, used 8300K [0x00000000c0000000, 0x00000000cc800000, 0x00000000cc800000)
  eden space 163840K,   0% used [0x00000000c0000000, 0x00000000c0000000, 0x00000000ca000000)
  from space 20480K,  40% used [0x00000000ca000000, 0x00000000ca81b328, 0x00000000cb400000)
  to   space 20480K,   0% used [0x00000000cb400000, 0x00000000cb400000, 0x00000000cc800000)
 concurrent mark-sweep generation total 843776K, used 247397K [0x00000000cc800000, 0x0000000100000000, 0x0000000100000000)
 Metaspace       used 41335K, capacity 42482K, committed 42648K, reserved 1085440K
  class space    used 5486K, capacity 5750K, committed 5784K, reserved 1048576K
}
2022-04-07T06:27:57.011+0000: 127072.172: Total time for which application threads were stopped: 0.0198993 seconds, Stopping threads took: 0.0000591 seconds
{Heap before GC invocations=82 (full 1):
 par new generation   total 184320K, used 172140K [0x00000000c0000000, 0x00000000cc800000, 0x00000000cc800000)
  eden space 163840K, 100% used [0x00000000c0000000, 0x00000000ca000000, 0x00000000ca000000)
  from space 20480K,  40% used [0x00000000ca000000, 0x00000000ca81b328, 0x00000000cb400000)
  to   space 20480K,   0% used [0x00000000cb400000, 0x00000000cb400000, 0x00000000cc800000)
 concurrent mark-sweep generation total 843776K, used 247397K [0x00000000cc800000, 0x0000000100000000, 0x0000000100000000)
 Metaspace       used 41335K, capacity 42482K, committed 42648K, reserved 1085440K
  class space    used 5486K, capacity 5750K, committed 5784K, reserved 1048576K
2022-04-07T06:56:10.304+0000: 128765.465: [GC (Allocation Failure) 2022-04-07T06:56:10.304+0000: 128765.465: [ParNew
Desired survivor size 10485760 bytes, new threshold 1 (max 1)
- age   1:    3148464 bytes,    3148464 total
: 172140K->6075K(184320K), 0.0258535 secs] 419538K->258275K(1028096K), 0.0259887 secs] [Times: user=0.05 sys=0.00, real=0.03 secs] 
Heap after GC invocations=83 (full 1):
 par new generation   total 184320K, used 6075K [0x00000000c0000000, 0x00000000cc800000, 0x00000000cc800000)
  eden space 163840K,   0% used [0x00000000c0000000, 0x00000000c0000000, 0x00000000ca000000)
  from space 20480K,  29% used [0x00000000cb400000, 0x00000000cb9eeea0, 0x00000000cc800000)
  to   space 20480K,   0% used [0x00000000ca000000, 0x00000000ca000000, 0x00000000cb400000)
 concurrent mark-sweep generation total 843776K, used 252199K [0x00000000cc800000, 0x0000000100000000, 0x0000000100000000)
 Metaspace       used 41335K, capacity 42482K, committed 42648K, reserved 1085440K
  class space    used 5486K, capacity 5750K, committed 5784K, reserved 1048576K
}
2022-04-07T06:56:10.330+0000: 128765.491: Total time for which application threads were stopped: 0.0263642 seconds, Stopping threads took: 0.0000836 seconds
2022-04-07T07:10:10.439+0000: 129605.600: Total time for which application threads were stopped: 0.0002358 seconds, Stopping threads took: 0.0000608 seconds
2022-04-07T07:10:12.439+0000: 129607.600: Total time for which application threads were stopped: 0.0002626 seconds, Stopping threads took: 0.0000660 seconds
{Heap before GC invocations=83 (full 1):
 par new generation   total 184320K, used 169915K [0x00000000c0000000, 0x00000000cc800000, 0x00000000cc800000)
  eden space 163840K, 100% used [0x00000000c0000000, 0x00000000ca000000, 0x00000000ca000000)
  from space 20480K,  29% used [0x00000000cb400000, 0x00000000cb9eeea0, 0x00000000cc800000)
  to   space 20480K,   0% used [0x00000000ca000000, 0x00000000ca000000, 0x00000000cb400000)
 concurrent mark-sweep generation total 843776K, used 252199K [0x00000000cc800000, 0x0000000100000000, 0x0000000100000000)
 Metaspace       used 41338K, capacity 42482K, committed 42648K, reserved 1085440K
  class space    used 5486K, capacity 5750K, committed 5784K, reserved 1048576K
2022-04-07T07:26:10.641+0000: 130565.802: [GC (Allocation Failure) 2022-04-07T07:26:10.641+0000: 130565.802: [ParNew
Desired survivor size 10485760 bytes, new threshold 1 (max 1)
- age   1:    8179528 bytes,    8179528 total
: 169915K->9837K(184320K), 0.0167226 secs] 422115K->262040K(1028096K), 0.0169283 secs] [Times: user=0.03 sys=0.00, real=0.01 secs] 
Heap after GC invocations=84 (full 1):
 par new generation   total 184320K, used 9837K [0x00000000c0000000, 0x00000000cc800000, 0x00000000cc800000)
  eden space 163840K,   0% used [0x00000000c0000000, 0x00000000c0000000, 0x00000000ca000000)
  from space 20480K,  48% used [0x00000000ca000000, 0x00000000ca99b7f0, 0x00000000cb400000)
  to   space 20480K,   0% used [0x00000000cb400000, 0x00000000cb400000, 0x00000000cc800000)
 concurrent mark-sweep generation total 843776K, used 252202K [0x00000000cc800000, 0x0000000100000000, 0x0000000100000000)
 Metaspace       used 41338K, capacity 42482K, committed 42648K, reserved 1085440K
  class space    used 5486K, capacity 5750K, committed 5784K, reserved 1048576K
}
2022-04-07T07:26:10.658+0000: 130565.819: Total time for which application threads were stopped: 0.0172998 seconds, Stopping threads took: 0.0000693 seconds
2022-04-07T07:36:15.731+0000: 131170.892: Total time for which application threads were stopped: 0.0002091 seconds, Stopping threads took: 0.0000626 seconds
{Heap before GC invocations=84 (full 1):
 par new generation   total 184320K, used 173677K [0x00000000c0000000, 0x00000000cc800000, 0x00000000cc800000)
  eden space 163840K, 100% used [0x00000000c0000000, 0x00000000ca000000, 0x00000000ca000000)
  from space 20480K,  48% used [0x00000000ca000000, 0x00000000ca99b7f0, 0x00000000cb400000)
  to   space 20480K,   0% used [0x00000000cb400000, 0x00000000cb400000, 0x00000000cc800000)
 concurrent mark-sweep generation total 843776K, used 252202K [0x00000000cc800000, 0x0000000100000000, 0x0000000100000000)
 Metaspace       used 41338K, capacity 42482K, committed 42648K, reserved 1085440K
  class space    used 5486K, capacity 5750K, committed 5784K, reserved 1048576K
2022-04-07T07:51:13.280+0000: 132068.441: [GC (Allocation Failure) 2022-04-07T07:51:13.280+0000: 132068.441: [ParNew
Desired survivor size 10485760 bytes, new threshold 1 (max 1)
- age   1:    4120472 bytes,    4120472 total
: 173677K->6114K(184320K), 0.0249765 secs] 425880K->263339K(1028096K), 0.0251065 secs] [Times: user=0.05 sys=0.00, real=0.02 secs] 
Heap after GC invocations=85 (full 1):
 par new generation   total 184320K, used 6114K [0x00000000c0000000, 0x00000000cc800000, 0x00000000cc800000)
  eden space 163840K,   0% used [0x00000000c0000000, 0x00000000c0000000, 0x00000000ca000000)
  from space 20480K,  29% used [0x00000000cb400000, 0x00000000cb9f8928, 0x00000000cc800000)
  to   space 20480K,   0% used [0x00000000ca000000, 0x00000000ca000000, 0x00000000cb400000)
 concurrent mark-sweep generation total 843776K, used 257224K [0x00000000cc800000, 0x0000000100000000, 0x0000000100000000)
 Metaspace       used 41338K, capacity 42482K, committed 42648K, reserved 1085440K
  class space    used 5486K, capacity 5750K, committed 5784K, reserved 1048576K
}
2022-04-07T07:51:13.305+0000: 132068.466: Total time for which application threads were stopped: 0.0254602 seconds, Stopping threads took: 0.0000792 seconds
2022-04-07T08:10:10.445+0000: 133205.606: Total time for which application threads were stopped: 0.0002196 seconds, Stopping threads took: 0.0000637 seconds
{Heap before GC invocations=85 (full 1):
 par new generation   total 184320K, used 169954K [0x00000000c0000000, 0x00000000cc800000, 0x00000000cc800000)
  eden space 163840K, 100% used [0x00000000c0000000, 0x00000000ca000000, 0x00000000ca000000)
  from space 20480K,  29% used [0x00000000cb400000, 0x00000000cb9f8928, 0x00000000cc800000)
  to   space 20480K,   0% used [0x00000000ca000000, 0x00000000ca000000, 0x00000000cb400000)
 concurrent mark-sweep generation total 843776K, used 257224K [0x00000000cc800000, 0x0000000100000000, 0x0000000100000000)
 Metaspace       used 41340K, capacity 42482K, committed 42648K, reserved 1085440K
  class space    used 5486K, capacity 5750K, committed 5784K, reserved 1048576K
2022-04-07T08:21:11.308+0000: 133866.469: [GC (Allocation Failure) 2022-04-07T08:21:11.308+0000: 133866.469: [ParNew
Desired survivor size 10485760 bytes, new threshold 1 (max 1)
- age   1:    7240200 bytes,    7240200 total
: 169954K->8008K(184320K), 0.0171548 secs] 427179K->265287K(1028096K), 0.0173144 secs] [Times: user=0.03 sys=0.00, real=0.01 secs] 
Heap after GC invocations=86 (full 1):
 par new generation   total 184320K, used 8008K [0x00000000c0000000, 0x00000000cc800000, 0x00000000cc800000)
  eden space 163840K,   0% used [0x00000000c0000000, 0x00000000c0000000, 0x00000000ca000000)
  from space 20480K,  39% used [0x00000000ca000000, 0x00000000ca7d21c0, 0x00000000cb400000)
  to   space 20480K,   0% used [0x00000000cb400000, 0x00000000cb400000, 0x00000000cc800000)
 concurrent mark-sweep generation total 843776K, used 257278K [0x00000000cc800000, 0x0000000100000000, 0x0000000100000000)
 Metaspace       used 41340K, capacity 42482K, committed 42648K, reserved 1085440K
  class space    used 5486K, capacity 5750K, committed 5784K, reserved 1048576K
}
2022-04-07T08:21:11.325+0000: 133866.486: Total time for which application threads were stopped: 0.0176606 seconds, Stopping threads took: 0.0000865 seconds
{Heap before GC invocations=86 (full 1):
 par new generation   total 184320K, used 171848K [0x00000000c0000000, 0x00000000cc800000, 0x00000000cc800000)
  eden space 163840K, 100% used [0x00000000c0000000, 0x00000000ca000000, 0x00000000ca000000)
  from space 20480K,  39% used [0x00000000ca000000, 0x00000000ca7d21c0, 0x00000000cb400000)
  to   space 20480K,   0% used [0x00000000cb400000, 0x00000000cb400000, 0x00000000cc800000)
 concurrent mark-sweep generation total 843776K, used 257278K [0x00000000cc800000, 0x0000000100000000, 0x0000000100000000)
 Metaspace       used 41340K, capacity 42482K, committed 42648K, reserved 1085440K
  class space    used 5486K, capacity 5750K, committed 5784K, reserved 1048576K
2022-04-07T08:49:48.708+0000: 135583.869: [GC (Allocation Failure) 2022-04-07T08:49:48.708+0000: 135583.869: [ParNew
Desired survivor size 10485760 bytes, new threshold 1 (max 1)
- age   1:    3017368 bytes,    3017368 total
: 171848K->5234K(184320K), 0.0258411 secs] 429127K->267520K(1028096K), 0.0259781 secs] [Times: user=0.05 sys=0.00, real=0.02 secs] 
Heap after GC invocations=87 (full 1):
 par new generation   total 184320K, used 5234K [0x00000000c0000000, 0x00000000cc800000, 0x00000000cc800000)
  eden space 163840K,   0% used [0x00000000c0000000, 0x00000000c0000000, 0x00000000ca000000)
  from space 20480K,  25% used [0x00000000cb400000, 0x00000000cb91cb88, 0x00000000cc800000)
  to   space 20480K,   0% used [0x00000000ca000000, 0x00000000ca000000, 0x00000000cb400000)
 concurrent mark-sweep generation total 843776K, used 262285K [0x00000000cc800000, 0x0000000100000000, 0x0000000100000000)
 Metaspace       used 41340K, capacity 42482K, committed 42648K, reserved 1085440K
  class space    used 5486K, capacity 5750K, committed 5784K, reserved 1048576K
}
2022-04-07T08:49:48.734+0000: 135583.895: Total time for which application threads were stopped: 0.0262895 seconds, Stopping threads took: 0.0000622 seconds
2022-04-07T09:10:09.882+0000: 136805.043: Total time for which application threads were stopped: 0.0002364 seconds, Stopping threads took: 0.0000656 seconds
{Heap before GC invocations=87 (full 1):
 par new generation   total 184320K, used 169074K [0x00000000c0000000, 0x00000000cc800000, 0x00000000cc800000)
  eden space 163840K, 100% used [0x00000000c0000000, 0x00000000ca000000, 0x00000000ca000000)
  from space 20480K,  25% used [0x00000000cb400000, 0x00000000cb91cb88, 0x00000000cc800000)
  to   space 20480K,   0% used [0x00000000ca000000, 0x00000000ca000000, 0x00000000cb400000)
 concurrent mark-sweep generation total 843776K, used 262285K [0x00000000cc800000, 0x0000000100000000, 0x0000000100000000)
 Metaspace       used 41346K, capacity 42554K, committed 42648K, reserved 1085440K
  class space    used 5486K, capacity 5750K, committed 5784K, reserved 1048576K
2022-04-07T09:11:11.932+0000: 136867.093: [GC (Allocation Failure) 2022-04-07T09:11:11.932+0000: 136867.093: [ParNew
Desired survivor size 10485760 bytes, new threshold 1 (max 1)
- age   1:    8030376 bytes,    8030376 total
: 169074K->8057K(184320K), 0.0194304 secs] 431360K->270345K(1028096K), 0.0196259 secs] [Times: user=0.04 sys=0.00, real=0.02 secs] 
Heap after GC invocations=88 (full 1):
 par new generation   total 184320K, used 8057K [0x00000000c0000000, 0x00000000cc800000, 0x00000000cc800000)
  eden space 163840K,   0% used [0x00000000c0000000, 0x00000000c0000000, 0x00000000ca000000)
  from space 20480K,  39% used [0x00000000ca000000, 0x00000000ca7de578, 0x00000000cb400000)
  to   space 20480K,   0% used [0x00000000cb400000, 0x00000000cb400000, 0x00000000cc800000)
 concurrent mark-sweep generation total 843776K, used 262288K [0x00000000cc800000, 0x0000000100000000, 0x0000000100000000)
 Metaspace       used 41346K, capacity 42554K, committed 42648K, reserved 1085440K
  class space    used 5486K, capacity 5750K, committed 5784K, reserved 1048576K
}
2022-04-07T09:11:11.952+0000: 136867.113: Total time for which application threads were stopped: 0.0200477 seconds, Stopping threads took: 0.0000912 seconds
{Heap before GC invocations=88 (full 1):
 par new generation   total 184320K, used 171897K [0x00000000c0000000, 0x00000000cc800000, 0x00000000cc800000)
  eden space 163840K, 100% used [0x00000000c0000000, 0x00000000ca000000, 0x00000000ca000000)
  from space 20480K,  39% used [0x00000000ca000000, 0x00000000ca7de578, 0x00000000cb400000)
  to   space 20480K,   0% used [0x00000000cb400000, 0x00000000cb400000, 0x00000000cc800000)
 concurrent mark-sweep generation total 843776K, used 262288K [0x00000000cc800000, 0x0000000100000000, 0x0000000100000000)
 Metaspace       used 41346K, capacity 42554K, committed 42648K, reserved 1085440K
  class space    used 5486K, capacity 5750K, committed 5784K, reserved 1048576K
2022-04-07T09:41:12.269+0000: 138667.430: [GC (Allocation Failure) 2022-04-07T09:41:12.269+0000: 138667.430: [ParNew
Desired survivor size 10485760 bytes, new threshold 1 (max 1)
- age   1:    3194888 bytes,    3194888 total
: 171897K->4948K(184320K), 0.0297768 secs] 434185K->273293K(1028096K), 0.0299103 secs] [Times: user=0.06 sys=0.00, real=0.02 secs] 
Heap after GC invocations=89 (full 1):
 par new generation   total 184320K, used 4948K [0x00000000c0000000, 0x00000000cc800000, 0x00000000cc800000)
  eden space 163840K,   0% used [0x00000000c0000000, 0x00000000c0000000, 0x00000000ca000000)
  from space 20480K,  24% used [0x00000000cb400000, 0x00000000cb8d5320, 0x00000000cc800000)
  to   space 20480K,   0% used [0x00000000ca000000, 0x00000000ca000000, 0x00000000cb400000)
 concurrent mark-sweep generation total 843776K, used 268344K [0x00000000cc800000, 0x0000000100000000, 0x0000000100000000)
 Metaspace       used 41346K, capacity 42554K, committed 42648K, reserved 1085440K
  class space    used 5486K, capacity 5750K, committed 5784K, reserved 1048576K
}
2022-04-07T09:41:12.299+0000: 138667.460: Total time for which application threads were stopped: 0.0302916 seconds, Stopping threads took: 0.0000871 seconds
2022-04-07T10:10:10.522+0000: 140405.683: Total time for which application threads were stopped: 0.0002580 seconds, Stopping threads took: 0.0000983 seconds
{Heap before GC invocations=89 (full 1):
 par new generation   total 184320K, used 168788K [0x00000000c0000000, 0x00000000cc800000, 0x00000000cc800000)
  eden space 163840K, 100% used [0x00000000c0000000, 0x00000000ca000000, 0x00000000ca000000)
  from space 20480K,  24% used [0x00000000cb400000, 0x00000000cb8d5320, 0x00000000cc800000)
  to   space 20480K,   0% used [0x00000000ca000000, 0x00000000ca000000, 0x00000000cb400000)
 concurrent mark-sweep generation total 843776K, used 268344K [0x00000000cc800000, 0x0000000100000000, 0x0000000100000000)
 Metaspace       used 41347K, capacity 42554K, committed 42648K, reserved 1085440K
  class space    used 5486K, capacity 5750K, committed 5784K, reserved 1048576K
2022-04-07T10:10:12.315+0000: 140407.476: [GC (Allocation Failure) 2022-04-07T10:10:12.315+0000: 140407.476: [ParNew
Desired survivor size 10485760 bytes, new threshold 1 (max 1)
- age   1:    3175424 bytes,    3175424 total
: 168788K->4749K(184320K), 0.0136227 secs] 437133K->273097K(1028096K), 0.0137706 secs] [Times: user=0.03 sys=0.00, real=0.02 secs] 
Heap after GC invocations=90 (full 1):
 par new generation   total 184320K, used 4749K [0x00000000c0000000, 0x00000000cc800000, 0x00000000cc800000)
  eden space 163840K,   0% used [0x00000000c0000000, 0x00000000c0000000, 0x00000000ca000000)
  from space 20480K,  23% used [0x00000000ca000000, 0x00000000ca4a34f0, 0x00000000cb400000)
  to   space 20480K,   0% used [0x00000000cb400000, 0x00000000cb400000, 0x00000000cc800000)
 concurrent mark-sweep generation total 843776K, used 268348K [0x00000000cc800000, 0x0000000100000000, 0x0000000100000000)
 Metaspace       used 41347K, capacity 42554K, committed 42648K, reserved 1085440K
  class space    used 5486K, capacity 5750K, committed 5784K, reserved 1048576K
}
2022-04-07T10:10:12.329+0000: 140407.490: Total time for which application threads were stopped: 0.0140454 seconds, Stopping threads took: 0.0000381 seconds
2022-04-07T10:10:13.329+0000: 140408.490: Total time for which application threads were stopped: 0.0001771 seconds, Stopping threads took: 0.0000433 seconds
2022-04-07T10:16:03.373+0000: 140758.534: Total time for which application threads were stopped: 0.0002174 seconds, Stopping threads took: 0.0000622 seconds
2022-04-07T10:26:11.451+0000: 141366.612: Total time for which application threads were stopped: 0.0002273 seconds, Stopping threads took: 0.0000615 seconds
{Heap before GC invocations=90 (full 1):
 par new generation   total 184320K, used 168589K [0x00000000c0000000, 0x00000000cc800000, 0x00000000cc800000)
  eden space 163840K, 100% used [0x00000000c0000000, 0x00000000ca000000, 0x00000000ca000000)
  from space 20480K,  23% used [0x00000000ca000000, 0x00000000ca4a34f0, 0x00000000cb400000)
  to   space 20480K,   0% used [0x00000000cb400000, 0x00000000cb400000, 0x00000000cc800000)
 concurrent mark-sweep generation total 843776K, used 268348K [0x00000000cc800000, 0x0000000100000000, 0x0000000100000000)
 Metaspace       used 41347K, capacity 42554K, committed 42648K, reserved 1085440K
  class space    used 5486K, capacity 5750K, committed 5784K, reserved 1048576K
2022-04-07T10:36:12.945+0000: 141968.106: [GC (Allocation Failure) 2022-04-07T10:36:12.945+0000: 141968.106: [ParNew
Desired survivor size 10485760 bytes, new threshold 1 (max 1)
- age   1:    6330416 bytes,    6330416 total
: 168589K->7254K(184320K), 0.0230922 secs] 436937K->278572K(1028096K), 0.0232628 secs] [Times: user=0.05 sys=0.00, real=0.03 secs] 
Heap after GC invocations=91 (full 1):
 par new generation   total 184320K, used 7254K [0x00000000c0000000, 0x00000000cc800000, 0x00000000cc800000)
  eden space 163840K,   0% used [0x00000000c0000000, 0x00000000c0000000, 0x00000000ca000000)
  from space 20480K,  35% used [0x00000000cb400000, 0x00000000cbb15bb0, 0x00000000cc800000)
  to   space 20480K,   0% used [0x00000000ca000000, 0x00000000ca000000, 0x00000000cb400000)
 concurrent mark-sweep generation total 843776K, used 271317K [0x00000000cc800000, 0x0000000100000000, 0x0000000100000000)
 Metaspace       used 41347K, capacity 42554K, committed 42648K, reserved 1085440K
  class space    used 5486K, capacity 5750K, committed 5784K, reserved 1048576K
}
2022-04-07T10:36:12.968+0000: 141968.129: Total time for which application threads were stopped: 0.0236081 seconds, Stopping threads took: 0.0000836 seconds
{Heap before GC invocations=91 (full 1):
 par new generation   total 184320K, used 171094K [0x00000000c0000000, 0x00000000cc800000, 0x00000000cc800000)
  eden space 163840K, 100% used [0x00000000c0000000, 0x00000000ca000000, 0x00000000ca000000)
  from space 20480K,  35% used [0x00000000cb400000, 0x00000000cbb15bb0, 0x00000000cc800000)
  to   space 20480K,   0% used [0x00000000ca000000, 0x00000000ca000000, 0x00000000cb400000)
 concurrent mark-sweep generation total 843776K, used 271317K [0x00000000cc800000, 0x0000000100000000, 0x0000000100000000)
 Metaspace       used 41347K, capacity 42554K, committed 42648K, reserved 1085440K
  class space    used 5486K, capacity 5750K, committed 5784K, reserved 1048576K
2022-04-07T11:06:13.290+0000: 143768.451: [GC (Allocation Failure) 2022-04-07T11:06:13.290+0000: 143768.451: [ParNew
Desired survivor size 10485760 bytes, new threshold 1 (max 1)
- age   1:    4247808 bytes,    4247808 total
: 171094K->6971K(184320K), 0.0158259 secs] 442412K->280346K(1028096K), 0.0159469 secs] [Times: user=0.03 sys=0.00, real=0.01 secs] 
Heap after GC invocations=92 (full 1):
 par new generation   total 184320K, used 6971K [0x00000000c0000000, 0x00000000cc800000, 0x00000000cc800000)
  eden space 163840K,   0% used [0x00000000c0000000, 0x00000000c0000000, 0x00000000ca000000)
  from space 20480K,  34% used [0x00000000ca000000, 0x00000000ca6cec70, 0x00000000cb400000)
  to   space 20480K,   0% used [0x00000000cb400000, 0x00000000cb400000, 0x00000000cc800000)
 concurrent mark-sweep generation total 843776K, used 273375K [0x00000000cc800000, 0x0000000100000000, 0x0000000100000000)
 Metaspace       used 41347K, capacity 42554K, committed 42648K, reserved 1085440K
  class space    used 5486K, capacity 5750K, committed 5784K, reserved 1048576K
}
2022-04-07T11:06:13.306+0000: 143768.467: Total time for which application threads were stopped: 0.0162804 seconds, Stopping threads took: 0.0000745 seconds
2022-04-07T11:10:10.337+0000: 144005.498: Total time for which application threads were stopped: 0.0002206 seconds, Stopping threads took: 0.0000627 seconds
{Heap before GC invocations=92 (full 1):
 par new generation   total 184320K, used 170811K [0x00000000c0000000, 0x00000000cc800000, 0x00000000cc800000)
  eden space 163840K, 100% used [0x00000000c0000000, 0x00000000ca000000, 0x00000000ca000000)
  from space 20480K,  34% used [0x00000000ca000000, 0x00000000ca6cec70, 0x00000000cb400000)
  to   space 20480K,   0% used [0x00000000cb400000, 0x00000000cb400000, 0x00000000cc800000)
 concurrent mark-sweep generation total 843776K, used 273375K [0x00000000cc800000, 0x0000000100000000, 0x0000000100000000)
 Metaspace       used 41353K, capacity 42554K, committed 42648K, reserved 1085440K
  class space    used 5486K, capacity 5750K, committed 5784K, reserved 1048576K
2022-04-07T11:31:20.146+0000: 145275.307: [GC (Allocation Failure) 2022-04-07T11:31:20.146+0000: 145275.307: [ParNew
Desired survivor size 10485760 bytes, new threshold 1 (max 1)
- age   1:    6366744 bytes,    6366744 total
: 170811K->6796K(184320K), 0.0199369 secs] 444186K->281961K(1028096K), 0.0200864 secs] [Times: user=0.04 sys=0.00, real=0.02 secs] 
Heap after GC invocations=93 (full 1):
 par new generation   total 184320K, used 6796K [0x00000000c0000000, 0x00000000cc800000, 0x00000000cc800000)
  eden space 163840K,   0% used [0x00000000c0000000, 0x00000000c0000000, 0x00000000ca000000)
  from space 20480K,  33% used [0x00000000cb400000, 0x00000000cbaa32a8, 0x00000000cc800000)
  to   space 20480K,   0% used [0x00000000ca000000, 0x00000000ca000000, 0x00000000cb400000)
 concurrent mark-sweep generation total 843776K, used 275165K [0x00000000cc800000, 0x0000000100000000, 0x0000000100000000)
 Metaspace       used 41353K, capacity 42554K, committed 42648K, reserved 1085440K
  class space    used 5486K, capacity 5750K, committed 5784K, reserved 1048576K
}
2022-04-07T11:31:20.166+0000: 145275.327: Total time for which application threads were stopped: 0.0203999 seconds, Stopping threads took: 0.0000597 seconds
{Heap before GC invocations=93 (full 1):
 par new generation   total 184320K, used 170636K [0x00000000c0000000, 0x00000000cc800000, 0x00000000cc800000)
  eden space 163840K, 100% used [0x00000000c0000000, 0x00000000ca000000, 0x00000000ca000000)
  from space 20480K,  33% used [0x00000000cb400000, 0x00000000cbaa32a8, 0x00000000cc800000)
  to   space 20480K,   0% used [0x00000000ca000000, 0x00000000ca000000, 0x00000000cb400000)
 concurrent mark-sweep generation total 843776K, used 275165K [0x00000000cc800000, 0x0000000100000000, 0x0000000100000000)
 Metaspace       used 41353K, capacity 42554K, committed 42648K, reserved 1085440K
  class space    used 5486K, capacity 5750K, committed 5784K, reserved 1048576K
2022-04-07T12:01:13.948+0000: 147069.109: [GC (Allocation Failure) 2022-04-07T12:01:13.949+0000: 147069.109: [ParNew
Desired survivor size 10485760 bytes, new threshold 1 (max 1)
- age   1:    3087632 bytes,    3087632 total
: 170636K->8010K(184320K), 0.0214360 secs] 445801K->286446K(1028096K), 0.0215720 secs] [Times: user=0.04 sys=0.00, real=0.02 secs] 
Heap after GC invocations=94 (full 1):
 par new generation   total 184320K, used 8010K [0x00000000c0000000, 0x00000000cc800000, 0x00000000cc800000)
  eden space 163840K,   0% used [0x00000000c0000000, 0x00000000c0000000, 0x00000000ca000000)
  from space 20480K,  39% used [0x00000000ca000000, 0x00000000ca7d2980, 0x00000000cb400000)
  to   space 20480K,   0% used [0x00000000cb400000, 0x00000000cb400000, 0x00000000cc800000)
 concurrent mark-sweep generation total 843776K, used 278436K [0x00000000cc800000, 0x0000000100000000, 0x0000000100000000)
 Metaspace       used 41353K, capacity 42554K, committed 42648K, reserved 1085440K
  class space    used 5486K, capacity 5750K, committed 5784K, reserved 1048576K
}
2022-04-07T12:01:13.970+0000: 147069.131: Total time for which application threads were stopped: 0.0219478 seconds, Stopping threads took: 0.0001283 seconds
2022-04-07T12:01:14.971+0000: 147070.132: Total time for which application threads were stopped: 0.0001899 seconds, Stopping threads took: 0.0000404 seconds
2022-04-07T12:10:10.037+0000: 147605.198: Total time for which application threads were stopped: 0.0002154 seconds, Stopping threads took: 0.0000602 seconds
{Heap before GC invocations=94 (full 1):
 par new generation   total 184320K, used 171850K [0x00000000c0000000, 0x00000000cc800000, 0x00000000cc800000)
  eden space 163840K, 100% used [0x00000000c0000000, 0x00000000ca000000, 0x00000000ca000000)
  from space 20480K,  39% used [0x00000000ca000000, 0x00000000ca7d2980, 0x00000000cb400000)
  to   space 20480K,   0% used [0x00000000cb400000, 0x00000000cb400000, 0x00000000cc800000)
 concurrent mark-sweep generation total 843776K, used 278436K [0x00000000cc800000, 0x0000000100000000, 0x0000000100000000)
 Metaspace       used 41367K, capacity 42554K, committed 42648K, reserved 1085440K
  class space    used 5486K, capacity 5750K, committed 5784K, reserved 1048576K
2022-04-07T12:26:14.255+0000: 148569.416: [GC (Allocation Failure) 2022-04-07T12:26:14.255+0000: 148569.416: [ParNew
Desired survivor size 10485760 bytes, new threshold 1 (max 1)
- age   1:    9378216 bytes,    9378216 total
: 171850K->9324K(184320K), 0.0175983 secs] 450286K->287763K(1028096K), 0.0177269 secs] [Times: user=0.04 sys=0.00, real=0.02 secs] 
Heap after GC invocations=95 (full 1):
 par new generation   total 184320K, used 9324K [0x00000000c0000000, 0x00000000cc800000, 0x00000000cc800000)
  eden space 163840K,   0% used [0x00000000c0000000, 0x00000000c0000000, 0x00000000ca000000)
  from space 20480K,  45% used [0x00000000cb400000, 0x00000000cbd1b278, 0x00000000cc800000)
  to   space 20480K,   0% used [0x00000000ca000000, 0x00000000ca000000, 0x00000000cb400000)
 concurrent mark-sweep generation total 843776K, used 278438K [0x00000000cc800000, 0x0000000100000000, 0x0000000100000000)
 Metaspace       used 41367K, capacity 42554K, committed 42648K, reserved 1085440K
  class space    used 5486K, capacity 5750K, committed 5784K, reserved 1048576K
}
2022-04-07T12:26:14.273+0000: 148569.433: Total time for which application threads were stopped: 0.0180407 seconds, Stopping threads took: 0.0000577 seconds
{Heap before GC invocations=95 (full 1):
 par new generation   total 184320K, used 173164K [0x00000000c0000000, 0x00000000cc800000, 0x00000000cc800000)
  eden space 163840K, 100% used [0x00000000c0000000, 0x00000000ca000000, 0x00000000ca000000)
  from space 20480K,  45% used [0x00000000cb400000, 0x00000000cbd1b278, 0x00000000cc800000)
  to   space 20480K,   0% used [0x00000000ca000000, 0x00000000ca000000, 0x00000000cb400000)
 concurrent mark-sweep generation total 843776K, used 278438K [0x00000000cc800000, 0x0000000100000000, 0x0000000100000000)
 Metaspace       used 41367K, capacity 42554K, committed 42648K, reserved 1085440K
  class space    used 5486K, capacity 5750K, committed 5784K, reserved 1048576K
2022-04-07T12:52:53.473+0000: 150168.634: [GC (Allocation Failure) 2022-04-07T12:52:53.474+0000: 150168.634: [ParNew
Desired survivor size 10485760 bytes, new threshold 1 (max 1)
- age   1:    4066016 bytes,    4066016 total
: 173164K->7495K(184320K), 0.0279669 secs] 451603K->291988K(1028096K), 0.0281987 secs] [Times: user=0.06 sys=0.00, real=0.03 secs] 
Heap after GC invocations=96 (full 1):
 par new generation   total 184320K, used 7495K [0x00000000c0000000, 0x00000000cc800000, 0x00000000cc800000)
  eden space 163840K,   0% used [0x00000000c0000000, 0x00000000c0000000, 0x00000000ca000000)
  from space 20480K,  36% used [0x00000000ca000000, 0x00000000ca751d60, 0x00000000cb400000)
  to   space 20480K,   0% used [0x00000000cb400000, 0x00000000cb400000, 0x00000000cc800000)
 concurrent mark-sweep generation total 843776K, used 284493K [0x00000000cc800000, 0x0000000100000000, 0x0000000100000000)
 Metaspace       used 41367K, capacity 42554K, committed 42648K, reserved 1085440K
  class space    used 5486K, capacity 5750K, committed 5784K, reserved 1048576K
}
2022-04-07T12:52:53.502+0000: 150168.663: Total time for which application threads were stopped: 0.0285340 seconds, Stopping threads took: 0.0000729 seconds
2022-04-07T12:56:15.526+0000: 150370.687: Total time for which application threads were stopped: 0.0002085 seconds, Stopping threads took: 0.0000637 seconds
2022-04-07T13:10:09.635+0000: 151204.796: Total time for which application threads were stopped: 0.0002497 seconds, Stopping threads took: 0.0000819 seconds
2022-04-07T13:10:10.635+0000: 151205.796: Total time for which application threads were stopped: 0.0002233 seconds, Stopping threads took: 0.0000495 seconds
{Heap before GC invocations=96 (full 1):
 par new generation   total 184320K, used 171335K [0x00000000c0000000, 0x00000000cc800000, 0x00000000cc800000)
  eden space 163840K, 100% used [0x00000000c0000000, 0x00000000ca000000, 0x00000000ca000000)
  from space 20480K,  36% used [0x00000000ca000000, 0x00000000ca751d60, 0x00000000cb400000)
  to   space 20480K,   0% used [0x00000000cb400000, 0x00000000cb400000, 0x00000000cc800000)
 concurrent mark-sweep generation total 843776K, used 284493K [0x00000000cc800000, 0x0000000100000000, 0x0000000100000000)
 Metaspace       used 41390K, capacity 42558K, committed 42648K, reserved 1085440K
  class space    used 5486K, capacity 5750K, committed 5784K, reserved 1048576K
2022-04-07T13:21:14.911+0000: 151870.072: [GC (Allocation Failure) 2022-04-07T13:21:14.911+0000: 151870.072: [ParNew
Desired survivor size 10485760 bytes, new threshold 1 (max 1)
- age   1:    7199912 bytes,    7199912 total
: 171335K->7581K(184320K), 0.0165138 secs] 455828K->292077K(1028096K), 0.0166517 secs] [Times: user=0.03 sys=0.00, real=0.01 secs] 
Heap after GC invocations=97 (full 1):
 par new generation   total 184320K, used 7581K [0x00000000c0000000, 0x00000000cc800000, 0x00000000cc800000)
  eden space 163840K,   0% used [0x00000000c0000000, 0x00000000c0000000, 0x00000000ca000000)
  from space 20480K,  37% used [0x00000000cb400000, 0x00000000cbb67468, 0x00000000cc800000)
  to   space 20480K,   0% used [0x00000000ca000000, 0x00000000ca000000, 0x00000000cb400000)
 concurrent mark-sweep generation total 843776K, used 284496K [0x00000000cc800000, 0x0000000100000000, 0x0000000100000000)
 Metaspace       used 41390K, capacity 42558K, committed 42648K, reserved 1085440K
  class space    used 5486K, capacity 5750K, committed 5784K, reserved 1048576K
}
2022-04-07T13:21:14.928+0000: 151870.088: Total time for which application threads were stopped: 0.0169803 seconds, Stopping threads took: 0.0000839 seconds
{Heap before GC invocations=97 (full 1):
 par new generation   total 184320K, used 171421K [0x00000000c0000000, 0x00000000cc800000, 0x00000000cc800000)
  eden space 163840K, 100% used [0x00000000c0000000, 0x00000000ca000000, 0x00000000ca000000)
  from space 20480K,  37% used [0x00000000cb400000, 0x00000000cbb67468, 0x00000000cc800000)
  to   space 20480K,   0% used [0x00000000ca000000, 0x00000000ca000000, 0x00000000cb400000)
 concurrent mark-sweep generation total 843776K, used 284496K [0x00000000cc800000, 0x0000000100000000, 0x0000000100000000)
 Metaspace       used 41390K, capacity 42558K, committed 42648K, reserved 1085440K
  class space    used 5486K, capacity 5750K, committed 5784K, reserved 1048576K
2022-04-07T13:49:56.002+0000: 153591.163: [GC (Allocation Failure) 2022-04-07T13:49:56.002+0000: 153591.163: [ParNew
Desired survivor size 10485760 bytes, new threshold 1 (max 1)
- age   1:    3016816 bytes,    3016816 total
: 171421K->7569K(184320K), 0.0267102 secs] 455917K->297098K(1028096K), 0.0268415 secs] [Times: user=0.05 sys=0.00, real=0.03 secs] 
Heap after GC invocations=98 (full 1):
 par new generation   total 184320K, used 7569K [0x00000000c0000000, 0x00000000cc800000, 0x00000000cc800000)
  eden space 163840K,   0% used [0x00000000c0000000, 0x00000000c0000000, 0x00000000ca000000)
  from space 20480K,  36% used [0x00000000ca000000, 0x00000000ca7646d0, 0x00000000cb400000)
  to   space 20480K,   0% used [0x00000000cb400000, 0x00000000cb400000, 0x00000000cc800000)
 concurrent mark-sweep generation total 843776K, used 289528K [0x00000000cc800000, 0x0000000100000000, 0x0000000100000000)
 Metaspace       used 41390K, capacity 42558K, committed 42648K, reserved 1085440K
  class space    used 5486K, capacity 5750K, committed 5784K, reserved 1048576K
}
2022-04-07T13:49:56.029+0000: 153591.190: Total time for which application threads were stopped: 0.0271612 seconds, Stopping threads took: 0.0000612 seconds
{Heap before GC invocations=98 (full 1):
 par new generation   total 184320K, used 171409K [0x00000000c0000000, 0x00000000cc800000, 0x00000000cc800000)
  eden space 163840K, 100% used [0x00000000c0000000, 0x00000000ca000000, 0x00000000ca000000)
  from space 20480K,  36% used [0x00000000ca000000, 0x00000000ca7646d0, 0x00000000cb400000)
  to   space 20480K,   0% used [0x00000000cb400000, 0x00000000cb400000, 0x00000000cc800000)
 concurrent mark-sweep generation total 843776K, used 289528K [0x00000000cc800000, 0x0000000100000000, 0x0000000100000000)
 Metaspace       used 41391K, capacity 42558K, committed 42648K, reserved 1085440K
  class space    used 5486K, capacity 5750K, committed 5784K, reserved 1048576K
2022-04-07T14:16:15.567+0000: 155170.728: [GC (Allocation Failure) 2022-04-07T14:16:15.567+0000: 155170.728: [ParNew
Desired survivor size 10485760 bytes, new threshold 1 (max 1)
- age   1:    7225496 bytes,    7225496 total
: 171409K->8070K(184320K), 0.0161280 secs] 460938K->297601K(1028096K), 0.0162622 secs] [Times: user=0.03 sys=0.00, real=0.02 secs] 
Heap after GC invocations=99 (full 1):
 par new generation   total 184320K, used 8070K [0x00000000c0000000, 0x00000000cc800000, 0x00000000cc800000)
  eden space 163840K,   0% used [0x00000000c0000000, 0x00000000c0000000, 0x00000000ca000000)
  from space 20480K,  39% used [0x00000000cb400000, 0x00000000cbbe19b8, 0x00000000cc800000)
  to   space 20480K,   0% used [0x00000000ca000000, 0x00000000ca000000, 0x00000000cb400000)
 concurrent mark-sweep generation total 843776K, used 289531K [0x00000000cc800000, 0x0000000100000000, 0x0000000100000000)
 Metaspace       used 41391K, capacity 42558K, committed 42648K, reserved 1085440K
  class space    used 5486K, capacity 5750K, committed 5784K, reserved 1048576K
}
2022-04-07T14:16:15.583+0000: 155170.744: Total time for which application threads were stopped: 0.0165747 seconds, Stopping threads took: 0.0000758 seconds
2022-04-07T14:36:16.732+0000: 156371.893: Total time for which application threads were stopped: 0.0002087 seconds, Stopping threads took: 0.0000597 seconds
{Heap before GC invocations=99 (full 1):
 par new generation   total 184320K, used 171910K [0x00000000c0000000, 0x00000000cc800000, 0x00000000cc800000)
  eden space 163840K, 100% used [0x00000000c0000000, 0x00000000ca000000, 0x00000000ca000000)
  from space 20480K,  39% used [0x00000000cb400000, 0x00000000cbbe19b8, 0x00000000cc800000)
  to   space 20480K,   0% used [0x00000000ca000000, 0x00000000ca000000, 0x00000000cb400000)
 concurrent mark-sweep generation total 843776K, used 289531K [0x00000000cc800000, 0x0000000100000000, 0x0000000100000000)
 Metaspace       used 41392K, capacity 42558K, committed 42648K, reserved 1085440K
  class space    used 5486K, capacity 5750K, committed 5784K, reserved 1048576K
2022-04-07T14:46:15.927+0000: 156971.088: [GC (Allocation Failure) 2022-04-07T14:46:15.927+0000: 156971.088: [ParNew
Desired survivor size 10485760 bytes, new threshold 1 (max 1)
- age   1:    3175448 bytes,    3175448 total
: 171910K->5228K(184320K), 0.0273704 secs] 461441K->299766K(1028096K), 0.0275045 secs] [Times: user=0.06 sys=0.00, real=0.03 secs] 
Heap after GC invocations=100 (full 1):
 par new generation   total 184320K, used 5228K [0x00000000c0000000, 0x00000000cc800000, 0x00000000cc800000)
  eden space 163840K,   0% used [0x00000000c0000000, 0x00000000c0000000, 0x00000000ca000000)
  from space 20480K,  25% used [0x00000000ca000000, 0x00000000ca51b010, 0x00000000cb400000)
  to   space 20480K,   0% used [0x00000000cb400000, 0x00000000cb400000, 0x00000000cc800000)
 concurrent mark-sweep generation total 843776K, used 294538K [0x00000000cc800000, 0x0000000100000000, 0x0000000100000000)
 Metaspace       used 41392K, capacity 42558K, committed 42648K, reserved 1085440K
  class space    used 5486K, capacity 5750K, committed 5784K, reserved 1048576K
}
2022-04-07T14:46:15.955+0000: 156971.115: Total time for which application threads were stopped: 0.0278433 seconds, Stopping threads took: 0.0000766 seconds
{Heap before GC invocations=100 (full 1):
 par new generation   total 184320K, used 169068K [0x00000000c0000000, 0x00000000cc800000, 0x00000000cc800000)
  eden space 163840K, 100% used [0x00000000c0000000, 0x00000000ca000000, 0x00000000ca000000)
  from space 20480K,  25% used [0x00000000ca000000, 0x00000000ca51b010, 0x00000000cb400000)
  to   space 20480K,   0% used [0x00000000cb400000, 0x00000000cb400000, 0x00000000cc800000)
 concurrent mark-sweep generation total 843776K, used 294538K [0x00000000cc800000, 0x0000000100000000, 0x0000000100000000)
 Metaspace       used 41393K, capacity 42558K, committed 42648K, reserved 1085440K
  class space    used 5486K, capacity 5750K, committed 5784K, reserved 1048576K
2022-04-07T15:10:09.771+0000: 158404.931: [GC (Allocation Failure) 2022-04-07T15:10:09.771+0000: 158404.931: [ParNew
Desired survivor size 10485760 bytes, new threshold 1 (max 1)
- age   1:    5295128 bytes,    5295128 total
: 169068K->6128K(184320K), 0.0145415 secs] 463606K->300721K(1028096K), 0.0146854 secs] [Times: user=0.02 sys=0.00, real=0.01 secs] 
Heap after GC invocations=101 (full 1):
 par new generation   total 184320K, used 6128K [0x00000000c0000000, 0x00000000cc800000, 0x00000000cc800000)
  eden space 163840K,   0% used [0x00000000c0000000, 0x00000000c0000000, 0x00000000ca000000)
  from space 20480K,  29% used [0x00000000cb400000, 0x00000000cb9fc100, 0x00000000cc800000)
  to   space 20480K,   0% used [0x00000000ca000000, 0x00000000ca000000, 0x00000000cb400000)
 concurrent mark-sweep generation total 843776K, used 294592K [0x00000000cc800000, 0x0000000100000000, 0x0000000100000000)
 Metaspace       used 41393K, capacity 42558K, committed 42648K, reserved 1085440K
  class space    used 5486K, capacity 5750K, committed 5784K, reserved 1048576K
}
2022-04-07T15:10:09.785+0000: 158404.946: Total time for which application threads were stopped: 0.0151180 seconds, Stopping threads took: 0.0000757 seconds
2022-04-07T15:22:03.875+0000: 159119.036: Total time for which application threads were stopped: 0.0002134 seconds, Stopping threads took: 0.0000608 seconds
{Heap before GC invocations=101 (full 1):
 par new generation   total 184320K, used 169968K [0x00000000c0000000, 0x00000000cc800000, 0x00000000cc800000)
  eden space 163840K, 100% used [0x00000000c0000000, 0x00000000ca000000, 0x00000000ca000000)
  from space 20480K,  29% used [0x00000000cb400000, 0x00000000cb9fc100, 0x00000000cc800000)
  to   space 20480K,   0% used [0x00000000ca000000, 0x00000000ca000000, 0x00000000cb400000)
 concurrent mark-sweep generation total 843776K, used 294592K [0x00000000cc800000, 0x0000000100000000, 0x0000000100000000)
 Metaspace       used 41400K, capacity 42558K, committed 42648K, reserved 1085440K
  class space    used 5486K, capacity 5750K, committed 5784K, reserved 1048576K
2022-04-07T15:36:16.536+0000: 159971.697: [GC (Allocation Failure) 2022-04-07T15:36:16.536+0000: 159971.697: [ParNew
Desired survivor size 10485760 bytes, new threshold 1 (max 1)
- age   1:    5270216 bytes,    5270216 total
: 169968K->6207K(184320K), 0.0258483 secs] 464561K->305814K(1028096K), 0.0259675 secs] [Times: user=0.05 sys=0.00, real=0.03 secs] 
Heap after GC invocations=102 (full 1):
 par new generation   total 184320K, used 6207K [0x00000000c0000000, 0x00000000cc800000, 0x00000000cc800000)
  eden space 163840K,   0% used [0x00000000c0000000, 0x00000000c0000000, 0x00000000ca000000)
  from space 20480K,  30% used [0x00000000ca000000, 0x00000000ca60ff48, 0x00000000cb400000)
  to   space 20480K,   0% used [0x00000000cb400000, 0x00000000cb400000, 0x00000000cc800000)
 concurrent mark-sweep generation total 843776K, used 299606K [0x00000000cc800000, 0x0000000100000000, 0x0000000100000000)
 Metaspace       used 41400K, capacity 42558K, committed 42648K, reserved 1085440K
  class space    used 5486K, capacity 5750K, committed 5784K, reserved 1048576K
}
2022-04-07T15:36:16.562+0000: 159971.723: Total time for which application threads were stopped: 0.0262920 seconds, Stopping threads took: 0.0000567 seconds
{Heap before GC invocations=102 (full 1):
 par new generation   total 184320K, used 170047K [0x00000000c0000000, 0x00000000cc800000, 0x00000000cc800000)
  eden space 163840K, 100% used [0x00000000c0000000, 0x00000000ca000000, 0x00000000ca000000)
  from space 20480K,  30% used [0x00000000ca000000, 0x00000000ca60ff48, 0x00000000cb400000)
  to   space 20480K,   0% used [0x00000000cb400000, 0x00000000cb400000, 0x00000000cc800000)
 concurrent mark-sweep generation total 843776K, used 299606K [0x00000000cc800000, 0x0000000100000000, 0x0000000100000000)
 Metaspace       used 41401K, capacity 42558K, committed 42648K, reserved 1085440K
  class space    used 5486K, capacity 5750K, committed 5784K, reserved 1048576K
2022-04-07T16:06:16.900+0000: 161772.061: [GC (Allocation Failure) 2022-04-07T16:06:16.900+0000: 161772.061: [ParNew
Desired survivor size 10485760 bytes, new threshold 1 (max 1)
- age   1:    4088296 bytes,    4088296 total
: 170047K->5288K(184320K), 0.0147946 secs] 469654K->305945K(1028096K), 0.0149257 secs] [Times: user=0.03 sys=0.00, real=0.01 secs] 
Heap after GC invocations=103 (full 1):
 par new generation   total 184320K, used 5288K [0x00000000c0000000, 0x00000000cc800000, 0x00000000cc800000)
  eden space 163840K,   0% used [0x00000000c0000000, 0x00000000c0000000, 0x00000000ca000000)
  from space 20480K,  25% used [0x00000000cb400000, 0x00000000cb92a018, 0x00000000cc800000)
  to   space 20480K,   0% used [0x00000000ca000000, 0x00000000ca000000, 0x00000000cb400000)
 concurrent mark-sweep generation total 843776K, used 300657K [0x00000000cc800000, 0x0000000100000000, 0x0000000100000000)
 Metaspace       used 41401K, capacity 42558K, committed 42648K, reserved 1085440K
  class space    used 5486K, capacity 5750K, committed 5784K, reserved 1048576K
}
2022-04-07T16:06:16.915+0000: 161772.076: Total time for which application threads were stopped: 0.0152349 seconds, Stopping threads took: 0.0000714 seconds
2022-04-07T16:06:17.916+0000: 161773.077: Total time for which application threads were stopped: 0.0001637 seconds, Stopping threads took: 0.0000414 seconds
2022-04-07T16:10:09.945+0000: 162005.106: Total time for which application threads were stopped: 0.0002275 seconds, Stopping threads took: 0.0000559 seconds
2022-04-07T16:19:37.015+0000: 162572.176: Total time for which application threads were stopped: 0.0002294 seconds, Stopping threads took: 0.0000648 seconds
2022-04-07T16:21:33.029+0000: 162688.190: Total time for which application threads were stopped: 0.0002117 seconds, Stopping threads took: 0.0000591 seconds
{Heap before GC invocations=103 (full 1):
 par new generation   total 184320K, used 169128K [0x00000000c0000000, 0x00000000cc800000, 0x00000000cc800000)
  eden space 163840K, 100% used [0x00000000c0000000, 0x00000000ca000000, 0x00000000ca000000)
  from space 20480K,  25% used [0x00000000cb400000, 0x00000000cb92a018, 0x00000000cc800000)
  to   space 20480K,   0% used [0x00000000ca000000, 0x00000000ca000000, 0x00000000cb400000)
 concurrent mark-sweep generation total 843776K, used 300657K [0x00000000cc800000, 0x0000000100000000, 0x0000000100000000)
 Metaspace       used 41408K, capacity 42558K, committed 42648K, reserved 1085440K
  class space    used 5486K, capacity 5750K, committed 5784K, reserved 1048576K
2022-04-07T16:31:17.230+0000: 163272.391: [GC (Allocation Failure) 2022-04-07T16:31:17.230+0000: 163272.391: [ParNew
Desired survivor size 10485760 bytes, new threshold 1 (max 1)
- age   1:    6759200 bytes,    6759200 total
: 169128K->8371K(184320K), 0.0186569 secs] 469785K->310531K(1028096K), 0.0187890 secs] [Times: user=0.04 sys=0.00, real=0.02 secs] 
Heap after GC invocations=104 (full 1):
 par new generation   total 184320K, used 8371K [0x00000000c0000000, 0x00000000cc800000, 0x00000000cc800000)
  eden space 163840K,   0% used [0x00000000c0000000, 0x00000000c0000000, 0x00000000ca000000)
  from space 20480K,  40% used [0x00000000ca000000, 0x00000000ca82cca8, 0x00000000cb400000)
  to   space 20480K,   0% used [0x00000000cb400000, 0x00000000cb400000, 0x00000000cc800000)
 concurrent mark-sweep generation total 843776K, used 302160K [0x00000000cc800000, 0x0000000100000000, 0x0000000100000000)
 Metaspace       used 41408K, capacity 42558K, committed 42648K, reserved 1085440K
  class space    used 5486K, capacity 5750K, committed 5784K, reserved 1048576K
}
2022-04-07T16:31:17.249+0000: 163272.410: Total time for which application threads were stopped: 0.0190997 seconds, Stopping threads took: 0.0000602 seconds
{Heap before GC invocations=104 (full 1):
 par new generation   total 184320K, used 172211K [0x00000000c0000000, 0x00000000cc800000, 0x00000000cc800000)
  eden space 163840K, 100% used [0x00000000c0000000, 0x00000000ca000000, 0x00000000ca000000)
  from space 20480K,  40% used [0x00000000ca000000, 0x00000000ca82cca8, 0x00000000cb400000)
  to   space 20480K,   0% used [0x00000000cb400000, 0x00000000cb400000, 0x00000000cc800000)
 concurrent mark-sweep generation total 843776K, used 302160K [0x00000000cc800000, 0x0000000100000000, 0x0000000100000000)
 Metaspace       used 41412K, capacity 42558K, committed 42648K, reserved 1085440K
  class space    used 5486K, capacity 5750K, committed 5784K, reserved 1048576K
2022-04-07T17:01:17.568+0000: 165072.728: [GC (Allocation Failure) 2022-04-07T17:01:17.568+0000: 165072.729: [ParNew
Desired survivor size 10485760 bytes, new threshold 1 (max 1)
- age   1:    3034832 bytes,    3034832 total
: 172211K->7370K(184320K), 0.0227709 secs] 474371K->313056K(1028096K), 0.0229438 secs] [Times: user=0.04 sys=0.00, real=0.03 secs] 
Heap after GC invocations=105 (full 1):
 par new generation   total 184320K, used 7370K [0x00000000c0000000, 0x00000000cc800000, 0x00000000cc800000)
  eden space 163840K,   0% used [0x00000000c0000000, 0x00000000c0000000, 0x00000000ca000000)
  from space 20480K,  35% used [0x00000000cb400000, 0x00000000cbb32888, 0x00000000cc800000)
  to   space 20480K,   0% used [0x00000000ca000000, 0x00000000ca000000, 0x00000000cb400000)
 concurrent mark-sweep generation total 843776K, used 305685K [0x00000000cc800000, 0x0000000100000000, 0x0000000100000000)
 Metaspace       used 41412K, capacity 42558K, committed 42648K, reserved 1085440K
  class space    used 5486K, capacity 5750K, committed 5784K, reserved 1048576K
}
2022-04-07T17:01:17.591+0000: 165072.751: Total time for which application threads were stopped: 0.0232790 seconds, Stopping threads took: 0.0000756 seconds
2022-04-07T17:10:10.656+0000: 165605.817: Total time for which application threads were stopped: 0.0002229 seconds, Stopping threads took: 0.0000602 seconds
{Heap before GC invocations=105 (full 1):
 par new generation   total 184320K, used 171210K [0x00000000c0000000, 0x00000000cc800000, 0x00000000cc800000)
  eden space 163840K, 100% used [0x00000000c0000000, 0x00000000ca000000, 0x00000000ca000000)
  from space 20480K,  35% used [0x00000000cb400000, 0x00000000cbb32888, 0x00000000cc800000)
  to   space 20480K,   0% used [0x00000000ca000000, 0x00000000ca000000, 0x00000000cb400000)
 concurrent mark-sweep generation total 843776K, used 305685K [0x00000000cc800000, 0x0000000100000000, 0x0000000100000000)
 Metaspace       used 41420K, capacity 42562K, committed 42648K, reserved 1085440K
  class space    used 5486K, capacity 5750K, committed 5784K, reserved 1048576K
2022-04-07T17:28:04.896+0000: 166680.057: [GC (Allocation Failure) 2022-04-07T17:28:04.896+0000: 166680.057: [ParNew
Desired survivor size 10485760 bytes, new threshold 1 (max 1)
- age   1:    8143608 bytes,    8143608 total
: 171210K->9216K(184320K), 0.0168473 secs] 476896K->314905K(1028096K), 0.0169778 secs] [Times: user=0.03 sys=0.00, real=0.02 secs] 
Heap after GC invocations=106 (full 1):
 par new generation   total 184320K, used 9216K [0x00000000c0000000, 0x00000000cc800000, 0x00000000cc800000)
  eden space 163840K,   0% used [0x00000000c0000000, 0x00000000c0000000, 0x00000000ca000000)
  from space 20480K,  45% used [0x00000000ca000000, 0x00000000ca9000b8, 0x00000000cb400000)
  to   space 20480K,   0% used [0x00000000cb400000, 0x00000000cb400000, 0x00000000cc800000)
 concurrent mark-sweep generation total 843776K, used 305689K [0x00000000cc800000, 0x0000000100000000, 0x0000000100000000)
 Metaspace       used 41420K, capacity 42562K, committed 42648K, reserved 1085440K
  class space    used 5486K, capacity 5750K, committed 5784K, reserved 1048576K
}
2022-04-07T17:28:04.913+0000: 166680.074: Total time for which application threads were stopped: 0.0173433 seconds, Stopping threads took: 0.0000870 seconds
2022-04-07T17:41:12.010+0000: 167467.171: Total time for which application threads were stopped: 0.0002264 seconds, Stopping threads took: 0.0000636 seconds
2022-04-07T17:46:12.048+0000: 167767.209: Total time for which application threads were stopped: 0.0002225 seconds, Stopping threads took: 0.0000641 seconds
2022-04-07T17:46:19.049+0000: 167774.210: Total time for which application threads were stopped: 0.0001643 seconds, Stopping threads took: 0.0000428 seconds
{Heap before GC invocations=106 (full 1):
 par new generation   total 184320K, used 173056K [0x00000000c0000000, 0x00000000cc800000, 0x00000000cc800000)
  eden space 163840K, 100% used [0x00000000c0000000, 0x00000000ca000000, 0x00000000ca000000)
  from space 20480K,  45% used [0x00000000ca000000, 0x00000000ca9000b8, 0x00000000cb400000)
  to   space 20480K,   0% used [0x00000000cb400000, 0x00000000cb400000, 0x00000000cc800000)
 concurrent mark-sweep generation total 843776K, used 305689K [0x00000000cc800000, 0x0000000100000000, 0x0000000100000000)
 Metaspace       used 41424K, capacity 42568K, committed 42648K, reserved 1085440K
  class space    used 5487K, capacity 5751K, committed 5784K, reserved 1048576K
2022-04-07T17:56:18.218+0000: 168373.378: [GC (Allocation Failure) 2022-04-07T17:56:18.218+0000: 168373.378: [ParNew
Desired survivor size 10485760 bytes, new threshold 1 (max 1)
- age   1:    3105392 bytes,    3105392 total
: 173056K->8668K(184320K), 0.0262831 secs] 478745K->319365K(1028096K), 0.0264302 secs] [Times: user=0.05 sys=0.00, real=0.03 secs] 
Heap after GC invocations=107 (full 1):
 par new generation   total 184320K, used 8668K [0x00000000c0000000, 0x00000000cc800000, 0x00000000cc800000)
  eden space 163840K,   0% used [0x00000000c0000000, 0x00000000c0000000, 0x00000000ca000000)
  from space 20480K,  42% used [0x00000000cb400000, 0x00000000cbc77350, 0x00000000cc800000)
  to   space 20480K,   0% used [0x00000000ca000000, 0x00000000ca000000, 0x00000000cb400000)
 concurrent mark-sweep generation total 843776K, used 310696K [0x00000000cc800000, 0x0000000100000000, 0x0000000100000000)
 Metaspace       used 41424K, capacity 42568K, committed 42648K, reserved 1085440K
  class space    used 5487K, capacity 5751K, committed 5784K, reserved 1048576K
}
2022-04-07T17:56:18.244+0000: 168373.405: Total time for which application threads were stopped: 0.0267517 seconds, Stopping threads took: 0.0000573 seconds
2022-04-07T18:10:10.346+0000: 169205.507: Total time for which application threads were stopped: 0.0003122 seconds, Stopping threads took: 0.0000651 seconds
{Heap before GC invocations=107 (full 1):
 par new generation   total 184320K, used 172508K [0x00000000c0000000, 0x00000000cc800000, 0x00000000cc800000)
  eden space 163840K, 100% used [0x00000000c0000000, 0x00000000ca000000, 0x00000000ca000000)
  from space 20480K,  42% used [0x00000000cb400000, 0x00000000cbc77350, 0x00000000cc800000)
  to   space 20480K,   0% used [0x00000000ca000000, 0x00000000ca000000, 0x00000000cb400000)
 concurrent mark-sweep generation total 843776K, used 310696K [0x00000000cc800000, 0x0000000100000000, 0x0000000100000000)
 Metaspace       used 41441K, capacity 42696K, committed 42904K, reserved 1087488K
  class space    used 5487K, capacity 5751K, committed 5784K, reserved 1048576K
2022-04-07T18:21:18.519+0000: 169873.680: [GC (Allocation Failure) 2022-04-07T18:21:18.519+0000: 169873.680: [ParNew
Desired survivor size 10485760 bytes, new threshold 1 (max 1)
- age   1:    8240584 bytes,    8240584 total
: 172508K->8663K(184320K), 0.0172557 secs] 483205K->319415K(1028096K), 0.0173855 secs] [Times: user=0.03 sys=0.00, real=0.02 secs] 
Heap after GC invocations=108 (full 1):
 par new generation   total 184320K, used 8663K [0x00000000c0000000, 0x00000000cc800000, 0x00000000cc800000)
  eden space 163840K,   0% used [0x00000000c0000000, 0x00000000c0000000, 0x00000000ca000000)
  from space 20480K,  42% used [0x00000000ca000000, 0x00000000ca875d28, 0x00000000cb400000)
  to   space 20480K,   0% used [0x00000000cb400000, 0x00000000cb400000, 0x00000000cc800000)
 concurrent mark-sweep generation total 843776K, used 310751K [0x00000000cc800000, 0x0000000100000000, 0x0000000100000000)
 Metaspace       used 41441K, capacity 42696K, committed 42904K, reserved 1087488K
  class space    used 5487K, capacity 5751K, committed 5784K, reserved 1048576K
}
2022-04-07T18:21:18.537+0000: 169873.697: Total time for which application threads were stopped: 0.0177112 seconds, Stopping threads took: 0.0000733 seconds
2022-04-07T18:35:42.641+0000: 170737.802: Total time for which application threads were stopped: 0.0002423 seconds, Stopping threads took: 0.0000641 seconds
{Heap before GC invocations=108 (full 1):
 par new generation   total 184320K, used 172503K [0x00000000c0000000, 0x00000000cc800000, 0x00000000cc800000)
  eden space 163840K, 100% used [0x00000000c0000000, 0x00000000ca000000, 0x00000000ca000000)
  from space 20480K,  42% used [0x00000000ca000000, 0x00000000ca875d28, 0x00000000cb400000)
  to   space 20480K,   0% used [0x00000000cb400000, 0x00000000cb400000, 0x00000000cc800000)
 concurrent mark-sweep generation total 843776K, used 310751K [0x00000000cc800000, 0x0000000100000000, 0x0000000100000000)
 Metaspace       used 41441K, capacity 42696K, committed 42904K, reserved 1087488K
  class space    used 5487K, capacity 5751K, committed 5784K, reserved 1048576K
2022-04-07T18:51:18.855+0000: 171674.016: [GC (Allocation Failure) 2022-04-07T18:51:18.855+0000: 171674.016: [ParNew
Desired survivor size 10485760 bytes, new threshold 1 (max 1)
- age   1:    3180208 bytes,    3180208 total
: 172503K->7568K(184320K), 0.0275768 secs] 483255K->324374K(1028096K), 0.0277541 secs] [Times: user=0.05 sys=0.00, real=0.03 secs] 
Heap after GC invocations=109 (full 1):
 par new generation   total 184320K, used 7568K [0x00000000c0000000, 0x00000000cc800000, 0x00000000cc800000)
  eden space 163840K,   0% used [0x00000000c0000000, 0x00000000c0000000, 0x00000000ca000000)
  from space 20480K,  36% used [0x00000000cb400000, 0x00000000cbb64118, 0x00000000cc800000)
  to   space 20480K,   0% used [0x00000000ca000000, 0x00000000ca000000, 0x00000000cb400000)
 concurrent mark-sweep generation total 843776K, used 316805K [0x00000000cc800000, 0x0000000100000000, 0x0000000100000000)
 Metaspace       used 41441K, capacity 42696K, committed 42904K, reserved 1087488K
  class space    used 5487K, capacity 5751K, committed 5784K, reserved 1048576K
}
2022-04-07T18:51:18.883+0000: 171674.043: Total time for which application threads were stopped: 0.0281146 seconds, Stopping threads took: 0.0000602 seconds
2022-04-07T19:10:10.017+0000: 172805.177: Total time for which application threads were stopped: 0.0002372 seconds, Stopping threads took: 0.0000632 seconds
2022-04-07T19:10:13.017+0000: 172808.178: Total time for which application threads were stopped: 0.0001728 seconds, Stopping threads took: 0.0000412 seconds
2022-04-07T19:11:10.024+0000: 172865.185: Total time for which application threads were stopped: 0.0002039 seconds, Stopping threads took: 0.0000555 seconds
{Heap before GC invocations=109 (full 1):
 par new generation   total 184320K, used 171408K [0x00000000c0000000, 0x00000000cc800000, 0x00000000cc800000)
  eden space 163840K, 100% used [0x00000000c0000000, 0x00000000ca000000, 0x00000000ca000000)
  from space 20480K,  36% used [0x00000000cb400000, 0x00000000cbb64118, 0x00000000cc800000)
  to   space 20480K,   0% used [0x00000000ca000000, 0x00000000ca000000, 0x00000000cb400000)
 concurrent mark-sweep generation total 843776K, used 316805K [0x00000000cc800000, 0x0000000100000000, 0x0000000100000000)
 Metaspace       used 41443K, capacity 42696K, committed 42904K, reserved 1087488K
  class space    used 5487K, capacity 5751K, committed 5784K, reserved 1048576K
2022-04-07T19:16:19.196+0000: 173174.357: [GC (Allocation Failure) 2022-04-07T19:16:19.197+0000: 173174.357: [ParNew
Desired survivor size 10485760 bytes, new threshold 1 (max 1)
- age   1:    7296232 bytes,    7296232 total
: 171408K->8306K(184320K), 0.0160442 secs] 488214K->325115K(1028096K), 0.0161747 secs] [Times: user=0.03 sys=0.00, real=0.02 secs] 
Heap after GC invocations=110 (full 1):
 par new generation   total 184320K, used 8306K [0x00000000c0000000, 0x00000000cc800000, 0x00000000cc800000)
  eden space 163840K,   0% used [0x00000000c0000000, 0x00000000c0000000, 0x00000000ca000000)
  from space 20480K,  40% used [0x00000000ca000000, 0x00000000ca81ca60, 0x00000000cb400000)
  to   space 20480K,   0% used [0x00000000cb400000, 0x00000000cb400000, 0x00000000cc800000)
 concurrent mark-sweep generation total 843776K, used 316809K [0x00000000cc800000, 0x0000000100000000, 0x0000000100000000)
 Metaspace       used 41443K, capacity 42696K, committed 42904K, reserved 1087488K
  class space    used 5487K, capacity 5751K, committed 5784K, reserved 1048576K
}
2022-04-07T19:16:19.213+0000: 173174.374: Total time for which application threads were stopped: 0.0164940 seconds, Stopping threads took: 0.0000686 seconds
{Heap before GC invocations=110 (full 1):
 par new generation   total 184320K, used 172146K [0x00000000c0000000, 0x00000000cc800000, 0x00000000cc800000)
  eden space 163840K, 100% used [0x00000000c0000000, 0x00000000ca000000, 0x00000000ca000000)
  from space 20480K,  40% used [0x00000000ca000000, 0x00000000ca81ca60, 0x00000000cb400000)
  to   space 20480K,   0% used [0x00000000cb400000, 0x00000000cb400000, 0x00000000cc800000)
 concurrent mark-sweep generation total 843776K, used 316809K [0x00000000cc800000, 0x0000000100000000, 0x0000000100000000)
 Metaspace       used 41443K, capacity 42696K, committed 42904K, reserved 1087488K
  class space    used 5487K, capacity 5751K, committed 5784K, reserved 1048576K
2022-04-07T19:46:19.544+0000: 174974.705: [GC (Allocation Failure) 2022-04-07T19:46:19.545+0000: 174974.705: [ParNew
Desired survivor size 10485760 bytes, new threshold 1 (max 1)
- age   1:    3211552 bytes,    3211552 total
: 172146K->7768K(184320K), 0.0244708 secs] 488955K->329601K(1028096K), 0.0245972 secs] [Times: user=0.05 sys=0.00, real=0.03 secs] 
Heap after GC invocations=111 (full 1):
 par new generation   total 184320K, used 7768K [0x00000000c0000000, 0x00000000cc800000, 0x00000000cc800000)
  eden space 163840K,   0% used [0x00000000c0000000, 0x00000000c0000000, 0x00000000ca000000)
  from space 20480K,  37% used [0x00000000cb400000, 0x00000000cbb961e8, 0x00000000cc800000)
  to   space 20480K,   0% used [0x00000000ca000000, 0x00000000ca000000, 0x00000000cb400000)
 concurrent mark-sweep generation total 843776K, used 321832K [0x00000000cc800000, 0x0000000100000000, 0x0000000100000000)
 Metaspace       used 41443K, capacity 42696K, committed 42904K, reserved 1087488K
  class space    used 5487K, capacity 5751K, committed 5784K, reserved 1048576K
}
2022-04-07T19:46:19.569+0000: 174974.730: Total time for which application threads were stopped: 0.0249885 seconds, Stopping threads took: 0.0000794 seconds
2022-04-07T20:10:12.744+0000: 176407.905: Total time for which application threads were stopped: 0.0002460 seconds, Stopping threads took: 0.0000590 seconds
{Heap before GC invocations=111 (full 1):
 par new generation   total 184320K, used 171608K [0x00000000c0000000, 0x00000000cc800000, 0x00000000cc800000)
  eden space 163840K, 100% used [0x00000000c0000000, 0x00000000ca000000, 0x00000000ca000000)
  from space 20480K,  37% used [0x00000000cb400000, 0x00000000cbb961e8, 0x00000000cc800000)
  to   space 20480K,   0% used [0x00000000ca000000, 0x00000000ca000000, 0x00000000cb400000)
 concurrent mark-sweep generation total 843776K, used 321832K [0x00000000cc800000, 0x0000000100000000, 0x0000000100000000)
 Metaspace       used 41443K, capacity 42696K, committed 42904K, reserved 1087488K
  class space    used 5487K, capacity 5751K, committed 5784K, reserved 1048576K
2022-04-07T20:11:19.886+0000: 176475.047: [GC (Allocation Failure) 2022-04-07T20:11:19.886+0000: 176475.047: [ParNew
Desired survivor size 10485760 bytes, new threshold 1 (max 1)
- age   1:    7254096 bytes,    7254096 total
: 171608K->8437K(184320K), 0.0154183 secs] 493441K->330273K(1028096K), 0.0155485 secs] [Times: user=0.03 sys=0.00, real=0.02 secs] 
Heap after GC invocations=112 (full 1):
 par new generation   total 184320K, used 8437K [0x00000000c0000000, 0x00000000cc800000, 0x00000000cc800000)
  eden space 163840K,   0% used [0x00000000c0000000, 0x00000000c0000000, 0x00000000ca000000)
  from space 20480K,  41% used [0x00000000ca000000, 0x00000000ca83d7c0, 0x00000000cb400000)
  to   space 20480K,   0% used [0x00000000cb400000, 0x00000000cb400000, 0x00000000cc800000)
 concurrent mark-sweep generation total 843776K, used 321835K [0x00000000cc800000, 0x0000000100000000, 0x0000000100000000)
 Metaspace       used 41443K, capacity 42696K, committed 42904K, reserved 1087488K
  class space    used 5487K, capacity 5751K, committed 5784K, reserved 1048576K
}
2022-04-07T20:11:19.902+0000: 176475.063: Total time for which application threads were stopped: 0.0158727 seconds, Stopping threads took: 0.0000719 seconds
{Heap before GC invocations=112 (full 1):
 par new generation   total 184320K, used 172277K [0x00000000c0000000, 0x00000000cc800000, 0x00000000cc800000)
  eden space 163840K, 100% used [0x00000000c0000000, 0x00000000ca000000, 0x00000000ca000000)
  from space 20480K,  41% used [0x00000000ca000000, 0x00000000ca83d7c0, 0x00000000cb400000)
  to   space 20480K,   0% used [0x00000000cb400000, 0x00000000cb400000, 0x00000000cc800000)
 concurrent mark-sweep generation total 843776K, used 321835K [0x00000000cc800000, 0x0000000100000000, 0x0000000100000000)
 Metaspace       used 41443K, capacity 42696K, committed 42904K, reserved 1087488K
  class space    used 5487K, capacity 5751K, committed 5784K, reserved 1048576K
2022-04-07T20:41:20.210+0000: 178275.371: [GC (Allocation Failure) 2022-04-07T20:41:20.210+0000: 178275.371: [ParNew
Desired survivor size 10485760 bytes, new threshold 1 (max 1)
- age   1:    3068400 bytes,    3068400 total
: 172277K->7742K(184320K), 0.0454651 secs] 494113K->334585K(1028096K), 0.0456962 secs] [Times: user=0.09 sys=0.00, real=0.04 secs] 
Heap after GC invocations=113 (full 1):
 par new generation   total 184320K, used 7742K [0x00000000c0000000, 0x00000000cc800000, 0x00000000cc800000)
  eden space 163840K,   0% used [0x00000000c0000000, 0x00000000c0000000, 0x00000000ca000000)
  from space 20480K,  37% used [0x00000000cb400000, 0x00000000cbb8fa98, 0x00000000cc800000)
  to   space 20480K,   0% used [0x00000000ca000000, 0x00000000ca000000, 0x00000000cb400000)
 concurrent mark-sweep generation total 843776K, used 326842K [0x00000000cc800000, 0x0000000100000000, 0x0000000100000000)
 Metaspace       used 41443K, capacity 42696K, committed 42904K, reserved 1087488K
  class space    used 5487K, capacity 5751K, committed 5784K, reserved 1048576K
}
2022-04-07T20:41:20.256+0000: 178275.416: Total time for which application threads were stopped: 0.0467774 seconds, Stopping threads took: 0.0002531 seconds
{Heap before GC invocations=113 (full 1):
 par new generation   total 184320K, used 171582K [0x00000000c0000000, 0x00000000cc800000, 0x00000000cc800000)
  eden space 163840K, 100% used [0x00000000c0000000, 0x00000000ca000000, 0x00000000ca000000)
  from space 20480K,  37% used [0x00000000cb400000, 0x00000000cbb8fa98, 0x00000000cc800000)
  to   space 20480K,   0% used [0x00000000ca000000, 0x00000000ca000000, 0x00000000cb400000)
 concurrent mark-sweep generation total 843776K, used 326842K [0x00000000cc800000, 0x0000000100000000, 0x0000000100000000)
 Metaspace       used 41445K, capacity 42696K, committed 42904K, reserved 1087488K
  class space    used 5487K, capacity 5751K, committed 5784K, reserved 1048576K
2022-04-07T21:10:09.692+0000: 180004.853: [GC (Allocation Failure) 2022-04-07T21:10:09.692+0000: 180004.853: [ParNew
Desired survivor size 10485760 bytes, new threshold 1 (max 1)
- age   1:    4298856 bytes,    4298856 total
: 171582K->6127K(184320K), 0.0123513 secs] 498425K->332973K(1028096K), 0.0124727 secs] [Times: user=0.02 sys=0.00, real=0.01 secs] 
Heap after GC invocations=114 (full 1):
 par new generation   total 184320K, used 6127K [0x00000000c0000000, 0x00000000cc800000, 0x00000000cc800000)
  eden space 163840K,   0% used [0x00000000c0000000, 0x00000000c0000000, 0x00000000ca000000)
  from space 20480K,  29% used [0x00000000ca000000, 0x00000000ca5fbf50, 0x00000000cb400000)
  to   space 20480K,   0% used [0x00000000cb400000, 0x00000000cb400000, 0x00000000cc800000)
 concurrent mark-sweep generation total 843776K, used 326845K [0x00000000cc800000, 0x0000000100000000, 0x0000000100000000)
 Metaspace       used 41445K, capacity 42696K, committed 42904K, reserved 1087488K
  class space    used 5487K, capacity 5751K, committed 5784K, reserved 1048576K
}
2022-04-07T21:10:09.705+0000: 180004.866: Total time for which application threads were stopped: 0.0179421 seconds, Stopping threads took: 0.0048869 seconds
2022-04-07T21:10:10.705+0000: 180005.866: Total time for which application threads were stopped: 0.0001888 seconds, Stopping threads took: 0.0000443 seconds
{Heap before GC invocations=114 (full 1):
 par new generation   total 184320K, used 169967K [0x00000000c0000000, 0x00000000cc800000, 0x00000000cc800000)
  eden space 163840K, 100% used [0x00000000c0000000, 0x00000000ca000000, 0x00000000ca000000)
  from space 20480K,  29% used [0x00000000ca000000, 0x00000000ca5fbf50, 0x00000000cb400000)
  to   space 20480K,   0% used [0x00000000cb400000, 0x00000000cb400000, 0x00000000cc800000)
 concurrent mark-sweep generation total 843776K, used 326845K [0x00000000cc800000, 0x0000000100000000, 0x0000000100000000)
 Metaspace       used 41445K, capacity 42696K, committed 42904K, reserved 1087488K
  class space    used 5487K, capacity 5751K, committed 5784K, reserved 1048576K
2022-04-07T21:31:20.825+0000: 181275.986: [GC (Allocation Failure) 2022-04-07T21:31:20.825+0000: 181275.986: [ParNew
Desired survivor size 10485760 bytes, new threshold 1 (max 1)
- age   1:    6233328 bytes,    6233328 total
: 169967K->6732K(184320K), 0.0229839 secs] 496813K->336562K(1028096K), 0.0231434 secs] [Times: user=0.05 sys=0.00, real=0.03 secs] 
Heap after GC invocations=115 (full 1):
 par new generation   total 184320K, used 6732K [0x00000000c0000000, 0x00000000cc800000, 0x00000000cc800000)
  eden space 163840K,   0% used [0x00000000c0000000, 0x00000000c0000000, 0x00000000ca000000)
  from space 20480K,  32% used [0x00000000cb400000, 0x00000000cba931c0, 0x00000000cc800000)
  to   space 20480K,   0% used [0x00000000ca000000, 0x00000000ca000000, 0x00000000cb400000)
 concurrent mark-sweep generation total 843776K, used 329829K [0x00000000cc800000, 0x0000000100000000, 0x0000000100000000)
 Metaspace       used 41445K, capacity 42696K, committed 42904K, reserved 1087488K
  class space    used 5487K, capacity 5751K, committed 5784K, reserved 1048576K
}
2022-04-07T21:31:20.848+0000: 181276.009: Total time for which application threads were stopped: 0.0235679 seconds, Stopping threads took: 0.0001138 seconds
{Heap before GC invocations=115 (full 1):
 par new generation   total 184320K, used 170572K [0x00000000c0000000, 0x00000000cc800000, 0x00000000cc800000)
  eden space 163840K, 100% used [0x00000000c0000000, 0x00000000ca000000, 0x00000000ca000000)
  from space 20480K,  32% used [0x00000000cb400000, 0x00000000cba931c0, 0x00000000cc800000)
  to   space 20480K,   0% used [0x00000000ca000000, 0x00000000ca000000, 0x00000000cb400000)
 concurrent mark-sweep generation total 843776K, used 329829K [0x00000000cc800000, 0x0000000100000000, 0x0000000100000000)
 Metaspace       used 41445K, capacity 42696K, committed 42904K, reserved 1087488K
  class space    used 5487K, capacity 5751K, committed 5784K, reserved 1048576K
2022-04-07T22:01:21.126+0000: 183076.287: [GC (Allocation Failure) 2022-04-07T22:01:21.126+0000: 183076.287: [ParNew
Desired survivor size 10485760 bytes, new threshold 1 (max 1)
- age   1:    3139576 bytes,    3139576 total
: 170572K->3752K(184320K), 0.0168579 secs] 500402K->336720K(1028096K), 0.0169771 secs] [Times: user=0.03 sys=0.00, real=0.02 secs] 
Heap after GC invocations=116 (full 1):
 par new generation   total 184320K, used 3752K [0x00000000c0000000, 0x00000000cc800000, 0x00000000cc800000)
  eden space 163840K,   0% used [0x00000000c0000000, 0x00000000c0000000, 0x00000000ca000000)
  from space 20480K,  18% used [0x00000000ca000000, 0x00000000ca3aa1c8, 0x00000000cb400000)
  to   space 20480K,   0% used [0x00000000cb400000, 0x00000000cb400000, 0x00000000cc800000)
 concurrent mark-sweep generation total 843776K, used 332968K [0x00000000cc800000, 0x0000000100000000, 0x0000000100000000)
 Metaspace       used 41445K, capacity 42696K, committed 42904K, reserved 1087488K
  class space    used 5487K, capacity 5751K, committed 5784K, reserved 1048576K
}
2022-04-07T22:01:21.143+0000: 183076.304: Total time for which application threads were stopped: 0.0173216 seconds, Stopping threads took: 0.0000701 seconds
2022-04-07T22:10:10.212+0000: 183605.373: Total time for which application threads were stopped: 0.0002227 seconds, Stopping threads took: 0.0000593 seconds
{Heap before GC invocations=116 (full 1):
 par new generation   total 184320K, used 167592K [0x00000000c0000000, 0x00000000cc800000, 0x00000000cc800000)
  eden space 163840K, 100% used [0x00000000c0000000, 0x00000000ca000000, 0x00000000ca000000)
  from space 20480K,  18% used [0x00000000ca000000, 0x00000000ca3aa1c8, 0x00000000cb400000)
  to   space 20480K,   0% used [0x00000000cb400000, 0x00000000cb400000, 0x00000000cc800000)
 concurrent mark-sweep generation total 843776K, used 332968K [0x00000000cc800000, 0x0000000100000000, 0x0000000100000000)
 Metaspace       used 41451K, capacity 42696K, committed 42904K, reserved 1087488K
  class space    used 5487K, capacity 5751K, committed 5784K, reserved 1048576K
2022-04-07T22:26:32.750+0000: 184587.910: [GC (Allocation Failure) 2022-04-07T22:26:32.750+0000: 184587.911: [ParNew
Desired survivor size 10485760 bytes, new threshold 1 (max 1)
- age   1:    8170808 bytes,    8170808 total
: 167592K->9068K(184320K), 0.0150201 secs] 500560K->342040K(1028096K), 0.0151892 secs] [Times: user=0.03 sys=0.00, real=0.01 secs] 
Heap after GC invocations=117 (full 1):
 par new generation   total 184320K, used 9068K [0x00000000c0000000, 0x00000000cc800000, 0x00000000cc800000)
  eden space 163840K,   0% used [0x00000000c0000000, 0x00000000c0000000, 0x00000000ca000000)
  from space 20480K,  44% used [0x00000000cb400000, 0x00000000cbcdb040, 0x00000000cc800000)
  to   space 20480K,   0% used [0x00000000ca000000, 0x00000000ca000000, 0x00000000cb400000)
 concurrent mark-sweep generation total 843776K, used 332972K [0x00000000cc800000, 0x0000000100000000, 0x0000000100000000)
 Metaspace       used 41451K, capacity 42696K, committed 42904K, reserved 1087488K
  class space    used 5487K, capacity 5751K, committed 5784K, reserved 1048576K
}
2022-04-07T22:26:32.765+0000: 184587.926: Total time for which application threads were stopped: 0.0154957 seconds, Stopping threads took: 0.0000583 seconds
2022-04-07T22:36:11.836+0000: 185166.997: Total time for which application threads were stopped: 0.0002219 seconds, Stopping threads took: 0.0000595 seconds
2022-04-07T22:46:21.912+0000: 185777.072: Total time for which application threads were stopped: 0.0002059 seconds, Stopping threads took: 0.0000565 seconds
{Heap before GC invocations=117 (full 1):
 par new generation   total 184320K, used 172908K [0x00000000c0000000, 0x00000000cc800000, 0x00000000cc800000)
  eden space 163840K, 100% used [0x00000000c0000000, 0x00000000ca000000, 0x00000000ca000000)
  from space 20480K,  44% used [0x00000000cb400000, 0x00000000cbcdb040, 0x00000000cc800000)
  to   space 20480K,   0% used [0x00000000ca000000, 0x00000000ca000000, 0x00000000cb400000)
 concurrent mark-sweep generation total 843776K, used 332972K [0x00000000cc800000, 0x0000000100000000, 0x0000000100000000)
 Metaspace       used 41451K, capacity 42696K, committed 42904K, reserved 1087488K
  class space    used 5487K, capacity 5751K, committed 5784K, reserved 1048576K
2022-04-07T22:56:21.747+0000: 186376.908: [GC (Allocation Failure) 2022-04-07T22:56:21.747+0000: 186376.908: [ParNew
Desired survivor size 10485760 bytes, new threshold 1 (max 1)
- age   1:    3164984 bytes,    3164984 total
: 172908K->5106K(184320K), 0.0260978 secs] 505880K->343111K(1028096K), 0.0263076 secs] [Times: user=0.06 sys=0.00, real=0.03 secs] 
Heap after GC invocations=118 (full 1):
 par new generation   total 184320K, used 5106K [0x00000000c0000000, 0x00000000cc800000, 0x00000000cc800000)
  eden space 163840K,   0% used [0x00000000c0000000, 0x00000000c0000000, 0x00000000ca000000)
  from space 20480K,  24% used [0x00000000ca000000, 0x00000000ca4fc938, 0x00000000cb400000)
  to   space 20480K,   0% used [0x00000000cb400000, 0x00000000cb400000, 0x00000000cc800000)
 concurrent mark-sweep generation total 843776K, used 338004K [0x00000000cc800000, 0x0000000100000000, 0x0000000100000000)
 Metaspace       used 41451K, capacity 42696K, committed 42904K, reserved 1087488K
  class space    used 5487K, capacity 5751K, committed 5784K, reserved 1048576K
}
2022-04-07T22:56:21.774+0000: 186376.935: Total time for which application threads were stopped: 0.0266363 seconds, Stopping threads took: 0.0000730 seconds
2022-04-07T23:10:09.876+0000: 187205.037: Total time for which application threads were stopped: 0.0003175 seconds, Stopping threads took: 0.0000872 seconds
2022-04-07T23:11:22.886+0000: 187278.047: Total time for which application threads were stopped: 0.0002783 seconds, Stopping threads took: 0.0000681 seconds
{Heap before GC invocations=118 (full 1):
 par new generation   total 184320K, used 168946K [0x00000000c0000000, 0x00000000cc800000, 0x00000000cc800000)
  eden space 163840K, 100% used [0x00000000c0000000, 0x00000000ca000000, 0x00000000ca000000)
  from space 20480K,  24% used [0x00000000ca000000, 0x00000000ca4fc938, 0x00000000cb400000)
  to   space 20480K,   0% used [0x00000000cb400000, 0x00000000cb400000, 0x00000000cc800000)
 concurrent mark-sweep generation total 843776K, used 338004K [0x00000000cc800000, 0x0000000100000000, 0x0000000100000000)
 Metaspace       used 41461K, capacity 42696K, committed 42904K, reserved 1087488K
  class space    used 5487K, capacity 5751K, committed 5784K, reserved 1048576K
2022-04-07T23:24:39.182+0000: 188074.343: [GC (Allocation Failure) 2022-04-07T23:24:39.182+0000: 188074.343: [ParNew
Desired survivor size 10485760 bytes, new threshold 1 (max 1)
- age   1:    8142704 bytes,    8142704 total
: 168946K->10534K(184320K), 0.0157870 secs] 506951K->348542K(1028096K), 0.0159358 secs] [Times: user=0.03 sys=0.00, real=0.01 secs] 
Heap after GC invocations=119 (full 1):
 par new generation   total 184320K, used 10534K [0x00000000c0000000, 0x00000000cc800000, 0x00000000cc800000)
  eden space 163840K,   0% used [0x00000000c0000000, 0x00000000c0000000, 0x00000000ca000000)
  from space 20480K,  51% used [0x00000000cb400000, 0x00000000cbe49a50, 0x00000000cc800000)
  to   space 20480K,   0% used [0x00000000ca000000, 0x00000000ca000000, 0x00000000cb400000)
 concurrent mark-sweep generation total 843776K, used 338007K [0x00000000cc800000, 0x0000000100000000, 0x0000000100000000)
 Metaspace       used 41461K, capacity 42696K, committed 42904K, reserved 1087488K
  class space    used 5487K, capacity 5751K, committed 5784K, reserved 1048576K
}
2022-04-07T23:24:39.198+0000: 188074.359: Total time for which application threads were stopped: 0.0162569 seconds, Stopping threads took: 0.0000586 seconds
2022-04-07T23:24:40.199+0000: 188075.359: Total time for which application threads were stopped: 0.0001620 seconds, Stopping threads took: 0.0000419 seconds
{Heap before GC invocations=119 (full 1):
 par new generation   total 184320K, used 174374K [0x00000000c0000000, 0x00000000cc800000, 0x00000000cc800000)
  eden space 163840K, 100% used [0x00000000c0000000, 0x00000000ca000000, 0x00000000ca000000)
  from space 20480K,  51% used [0x00000000cb400000, 0x00000000cbe49a50, 0x00000000cc800000)
  to   space 20480K,   0% used [0x00000000ca000000, 0x00000000ca000000, 0x00000000cb400000)
 concurrent mark-sweep generation total 843776K, used 338007K [0x00000000cc800000, 0x0000000100000000, 0x0000000100000000)
 Metaspace       used 41461K, capacity 42696K, committed 42904K, reserved 1087488K
  class space    used 5487K, capacity 5751K, committed 5784K, reserved 1048576K
2022-04-07T23:51:22.384+0000: 189677.545: [GC (Allocation Failure) 2022-04-07T23:51:22.384+0000: 189677.545: [ParNew
Desired survivor size 10485760 bytes, new threshold 1 (max 1)
- age   1:    4357504 bytes,    4357504 total
: 174374K->8978K(184320K), 0.0266788 secs] 512382K->351993K(1028096K), 0.0268083 secs] [Times: user=0.05 sys=0.00, real=0.03 secs] 
Heap after GC invocations=120 (full 1):
 par new generation   total 184320K, used 8978K [0x00000000c0000000, 0x00000000cc800000, 0x00000000cc800000)
  eden space 163840K,   0% used [0x00000000c0000000, 0x00000000c0000000, 0x00000000ca000000)
  from space 20480K,  43% used [0x00000000ca000000, 0x00000000ca8c4b70, 0x00000000cb400000)
  to   space 20480K,   0% used [0x00000000cb400000, 0x00000000cb400000, 0x00000000cc800000)
 concurrent mark-sweep generation total 843776K, used 343014K [0x00000000cc800000, 0x0000000100000000, 0x0000000100000000)
 Metaspace       used 41461K, capacity 42696K, committed 42904K, reserved 1087488K
  class space    used 5487K, capacity 5751K, committed 5784K, reserved 1048576K
}
2022-04-07T23:51:22.411+0000: 189677.571: Total time for which application threads were stopped: 0.0272438 seconds, Stopping threads took: 0.0000742 seconds
2022-04-08T00:01:23.485+0000: 190278.646: Total time for which application threads were stopped: 0.0003001 seconds, Stopping threads took: 0.0000871 seconds
2022-04-08T00:10:10.551+0000: 190805.712: Total time for which application threads were stopped: 0.0004811 seconds, Stopping threads took: 0.0000709 seconds
{Heap before GC invocations=120 (full 1):
 par new generation   total 184320K, used 172818K [0x00000000c0000000, 0x00000000cc800000, 0x00000000cc800000)
  eden space 163840K, 100% used [0x00000000c0000000, 0x00000000ca000000, 0x00000000ca000000)
  from space 20480K,  43% used [0x00000000ca000000, 0x00000000ca8c4b70, 0x00000000cb400000)
  to   space 20480K,   0% used [0x00000000cb400000, 0x00000000cb400000, 0x00000000cc800000)
 concurrent mark-sweep generation total 843776K, used 343014K [0x00000000cc800000, 0x0000000100000000, 0x0000000100000000)
 Metaspace       used 41462K, capacity 42700K, committed 42904K, reserved 1087488K
  class space    used 5487K, capacity 5751K, committed 5784K, reserved 1048576K
2022-04-08T00:16:22.664+0000: 191177.825: [GC (Allocation Failure) 2022-04-08T00:16:22.664+0000: 191177.825: [ParNew
Desired survivor size 10485760 bytes, new threshold 1 (max 1)
- age   1:    8337672 bytes,    8337672 total
: 172818K->9785K(184320K), 0.0148146 secs] 515833K->352803K(1028096K), 0.0149415 secs] [Times: user=0.03 sys=0.00, real=0.01 secs] 
Heap after GC invocations=121 (full 1):
 par new generation   total 184320K, used 9785K [0x00000000c0000000, 0x00000000cc800000, 0x00000000cc800000)
  eden space 163840K,   0% used [0x00000000c0000000, 0x00000000c0000000, 0x00000000ca000000)
  from space 20480K,  47% used [0x00000000cb400000, 0x00000000cbd8e568, 0x00000000cc800000)
  to   space 20480K,   0% used [0x00000000ca000000, 0x00000000ca000000, 0x00000000cb400000)
 concurrent mark-sweep generation total 843776K, used 343017K [0x00000000cc800000, 0x0000000100000000, 0x0000000100000000)
 Metaspace       used 41462K, capacity 42700K, committed 42904K, reserved 1087488K
  class space    used 5487K, capacity 5751K, committed 5784K, reserved 1048576K
}
2022-04-08T00:16:22.679+0000: 191177.840: Total time for which application threads were stopped: 0.0152535 seconds, Stopping threads took: 0.0000563 seconds
2022-04-08T00:16:23.680+0000: 191178.840: Total time for which application threads were stopped: 0.0001716 seconds, Stopping threads took: 0.0000426 seconds
{Heap before GC invocations=121 (full 1):
 par new generation   total 184320K, used 173625K [0x00000000c0000000, 0x00000000cc800000, 0x00000000cc800000)
  eden space 163840K, 100% used [0x00000000c0000000, 0x00000000ca000000, 0x00000000ca000000)
  from space 20480K,  47% used [0x00000000cb400000, 0x00000000cbd8e568, 0x00000000cc800000)
  to   space 20480K,   0% used [0x00000000ca000000, 0x00000000ca000000, 0x00000000cb400000)
 concurrent mark-sweep generation total 843776K, used 343017K [0x00000000cc800000, 0x0000000100000000, 0x0000000100000000)
 Metaspace       used 41462K, capacity 42700K, committed 42904K, reserved 1087488K
  class space    used 5487K, capacity 5751K, committed 5784K, reserved 1048576K
2022-04-08T00:46:22.997+0000: 192978.158: [GC (Allocation Failure) 2022-04-08T00:46:22.997+0000: 192978.158: [ParNew
Desired survivor size 10485760 bytes, new threshold 1 (max 1)
- age   1:    3082368 bytes,    3082368 total
: 173625K->8008K(184320K), 0.0273239 secs] 516643K->357073K(1028096K), 0.0274568 secs] [Times: user=0.05 sys=0.00, real=0.03 secs] 
Heap after GC invocations=122 (full 1):
 par new generation   total 184320K, used 8008K [0x00000000c0000000, 0x00000000cc800000, 0x00000000cc800000)
  eden space 163840K,   0% used [0x00000000c0000000, 0x00000000c0000000, 0x00000000ca000000)
  from space 20480K,  39% used [0x00000000ca000000, 0x00000000ca7d2068, 0x00000000cb400000)
  to   space 20480K,   0% used [0x00000000cb400000, 0x00000000cb400000, 0x00000000cc800000)
 concurrent mark-sweep generation total 843776K, used 349065K [0x00000000cc800000, 0x0000000100000000, 0x0000000100000000)
 Metaspace       used 41462K, capacity 42700K, committed 42904K, reserved 1087488K
  class space    used 5487K, capacity 5751K, committed 5784K, reserved 1048576K
}
2022-04-08T00:46:23.024+0000: 192978.185: Total time for which application threads were stopped: 0.0277842 seconds, Stopping threads took: 0.0000705 seconds
2022-04-08T01:10:10.205+0000: 194405.366: Total time for which application threads were stopped: 0.0002260 seconds, Stopping threads took: 0.0000603 seconds
{Heap before GC invocations=122 (full 1):
 par new generation   total 184320K, used 171848K [0x00000000c0000000, 0x00000000cc800000, 0x00000000cc800000)
  eden space 163840K, 100% used [0x00000000c0000000, 0x00000000ca000000, 0x00000000ca000000)
  from space 20480K,  39% used [0x00000000ca000000, 0x00000000ca7d2068, 0x00000000cb400000)
  to   space 20480K,   0% used [0x00000000cb400000, 0x00000000cb400000, 0x00000000cc800000)
 concurrent mark-sweep generation total 843776K, used 349065K [0x00000000cc800000, 0x0000000100000000, 0x0000000100000000)
 Metaspace       used 41464K, capacity 42700K, committed 42904K, reserved 1087488K
  class space    used 5487K, capacity 5751K, committed 5784K, reserved 1048576K
2022-04-08T01:11:23.319+0000: 194478.480: [GC (Allocation Failure) 2022-04-08T01:11:23.319+0000: 194478.480: [ParNew
Desired survivor size 10485760 bytes, new threshold 1 (max 1)
- age   1:    6789416 bytes,    6789416 total
: 171848K->7268K(184320K), 0.0141927 secs] 520913K->356387K(1028096K), 0.0143373 secs] [Times: user=0.02 sys=0.00, real=0.02 secs] 
Heap after GC invocations=123 (full 1):
 par new generation   total 184320K, used 7268K [0x00000000c0000000, 0x00000000cc800000, 0x00000000cc800000)
  eden space 163840K,   0% used [0x00000000c0000000, 0x00000000c0000000, 0x00000000ca000000)
  from space 20480K,  35% used [0x00000000cb400000, 0x00000000cbb19038, 0x00000000cc800000)
  to   space 20480K,   0% used [0x00000000ca000000, 0x00000000ca000000, 0x00000000cb400000)
 concurrent mark-sweep generation total 843776K, used 349119K [0x00000000cc800000, 0x0000000100000000, 0x0000000100000000)
 Metaspace       used 41464K, capacity 42700K, committed 42904K, reserved 1087488K
  class space    used 5487K, capacity 5751K, committed 5784K, reserved 1048576K
}
2022-04-08T01:11:23.334+0000: 194478.494: Total time for which application threads were stopped: 0.0146815 seconds, Stopping threads took: 0.0000968 seconds
{Heap before GC invocations=123 (full 1):
 par new generation   total 184320K, used 171108K [0x00000000c0000000, 0x00000000cc800000, 0x00000000cc800000)
  eden space 163840K, 100% used [0x00000000c0000000, 0x00000000ca000000, 0x00000000ca000000)
  from space 20480K,  35% used [0x00000000cb400000, 0x00000000cbb19038, 0x00000000cc800000)
  to   space 20480K,   0% used [0x00000000ca000000, 0x00000000ca000000, 0x00000000cb400000)
 concurrent mark-sweep generation total 843776K, used 349119K [0x00000000cc800000, 0x0000000100000000, 0x0000000100000000)
 Metaspace       used 41464K, capacity 42700K, committed 42904K, reserved 1087488K
  class space    used 5487K, capacity 5751K, committed 5784K, reserved 1048576K
2022-04-08T01:41:23.642+0000: 196278.803: [GC (Allocation Failure) 2022-04-08T01:41:23.642+0000: 196278.803: [ParNew
Desired survivor size 10485760 bytes, new threshold 1 (max 1)
- age   1:    4242528 bytes,    4242528 total
: 171108K->7914K(184320K), 0.0259686 secs] 520227K->362055K(1028096K), 0.0261021 secs] [Times: user=0.05 sys=0.00, real=0.03 secs] 
Heap after GC invocations=124 (full 1):
 par new generation   total 184320K, used 7914K [0x00000000c0000000, 0x00000000cc800000, 0x00000000cc800000)
  eden space 163840K,   0% used [0x00000000c0000000, 0x00000000c0000000, 0x00000000ca000000)
  from space 20480K,  38% used [0x00000000ca000000, 0x00000000ca7ba800, 0x00000000cb400000)
  to   space 20480K,   0% used [0x00000000cb400000, 0x00000000cb400000, 0x00000000cc800000)
 concurrent mark-sweep generation total 843776K, used 354141K [0x00000000cc800000, 0x0000000100000000, 0x0000000100000000)
 Metaspace       used 41464K, capacity 42700K, committed 42904K, reserved 1087488K
  class space    used 5487K, capacity 5751K, committed 5784K, reserved 1048576K
}
2022-04-08T01:41:23.668+0000: 196278.829: Total time for which application threads were stopped: 0.0264423 seconds, Stopping threads took: 0.0000842 seconds
2022-04-08T01:56:15.779+0000: 197170.940: Total time for which application threads were stopped: 0.0002390 seconds, Stopping threads took: 0.0000646 seconds
2022-04-08T01:56:27.781+0000: 197182.942: Total time for which application threads were stopped: 0.0001964 seconds, Stopping threads took: 0.0000423 seconds
{Heap before GC invocations=124 (full 1):
 par new generation   total 184320K, used 171754K [0x00000000c0000000, 0x00000000cc800000, 0x00000000cc800000)
  eden space 163840K, 100% used [0x00000000c0000000, 0x00000000ca000000, 0x00000000ca000000)
  from space 20480K,  38% used [0x00000000ca000000, 0x00000000ca7ba800, 0x00000000cb400000)
  to   space 20480K,   0% used [0x00000000cb400000, 0x00000000cb400000, 0x00000000cc800000)
 concurrent mark-sweep generation total 843776K, used 354141K [0x00000000cc800000, 0x0000000100000000, 0x0000000100000000)
 Metaspace       used 41464K, capacity 42700K, committed 42904K, reserved 1087488K
  class space    used 5487K, capacity 5751K, committed 5784K, reserved 1048576K
2022-04-08T02:09:26.120+0000: 197961.281: [GC (Allocation Failure) 2022-04-08T02:09:26.120+0000: 197961.281: [ParNew
Desired survivor size 10485760 bytes, new threshold 1 (max 1)
- age   1:    3016216 bytes,    3016216 total
: 171754K->3814K(184320K), 0.0106737 secs] 525895K->357958K(1028096K), 0.0108212 secs] [Times: user=0.02 sys=0.00, real=0.01 secs] 
Heap after GC invocations=125 (full 1):
 par new generation   total 184320K, used 3814K [0x00000000c0000000, 0x00000000cc800000, 0x00000000cc800000)
  eden space 163840K,   0% used [0x00000000c0000000, 0x00000000c0000000, 0x00000000ca000000)
  from space 20480K,  18% used [0x00000000cb400000, 0x00000000cb7b9988, 0x00000000cc800000)
  to   space 20480K,   0% used [0x00000000ca000000, 0x00000000ca000000, 0x00000000cb400000)
 concurrent mark-sweep generation total 843776K, used 354144K [0x00000000cc800000, 0x0000000100000000, 0x0000000100000000)
 Metaspace       used 41464K, capacity 42700K, committed 42904K, reserved 1087488K
  class space    used 5487K, capacity 5751K, committed 5784K, reserved 1048576K
}
2022-04-08T02:09:26.131+0000: 197961.292: Total time for which application threads were stopped: 0.0111437 seconds, Stopping threads took: 0.0000619 seconds
{Heap before GC invocations=125 (full 1):
 par new generation   total 184320K, used 167654K [0x00000000c0000000, 0x00000000cc800000, 0x00000000cc800000)
  eden space 163840K, 100% used [0x00000000c0000000, 0x00000000ca000000, 0x00000000ca000000)
  from space 20480K,  18% used [0x00000000cb400000, 0x00000000cb7b9988, 0x00000000cc800000)
  to   space 20480K,   0% used [0x00000000ca000000, 0x00000000ca000000, 0x00000000cb400000)
 concurrent mark-sweep generation total 843776K, used 354144K [0x00000000cc800000, 0x0000000100000000, 0x0000000100000000)
 Metaspace       used 41464K, capacity 42700K, committed 42904K, reserved 1087488K
  class space    used 5487K, capacity 5751K, committed 5784K, reserved 1048576K
2022-04-08T02:36:24.256+0000: 199579.417: [GC (Allocation Failure) 2022-04-08T02:36:24.256+0000: 199579.417: [ParNew
Desired survivor size 10485760 bytes, new threshold 1 (max 1)
- age   1:    6326496 bytes,    6326496 total
: 167654K->8764K(184320K), 0.0222387 secs] 521798K->365824K(1028096K), 0.0223742 secs] [Times: user=0.04 sys=0.00, real=0.02 secs] 
Heap after GC invocations=126 (full 1):
 par new generation   total 184320K, used 8764K [0x00000000c0000000, 0x00000000cc800000, 0x00000000cc800000)
  eden space 163840K,   0% used [0x00000000c0000000, 0x00000000c0000000, 0x00000000ca000000)
  from space 20480K,  42% used [0x00000000ca000000, 0x00000000ca88f380, 0x00000000cb400000)
  to   space 20480K,   0% used [0x00000000cb400000, 0x00000000cb400000, 0x00000000cc800000)
 concurrent mark-sweep generation total 843776K, used 357060K [0x00000000cc800000, 0x0000000100000000, 0x0000000100000000)
 Metaspace       used 41464K, capacity 42700K, committed 42904K, reserved 1087488K
  class space    used 5487K, capacity 5751K, committed 5784K, reserved 1048576K
}
2022-04-08T02:36:24.279+0000: 199579.439: Total time for which application threads were stopped: 0.0227437 seconds, Stopping threads took: 0.0000584 seconds
{Heap before GC invocations=126 (full 1):
 par new generation   total 184320K, used 172604K [0x00000000c0000000, 0x00000000cc800000, 0x00000000cc800000)
  eden space 163840K, 100% used [0x00000000c0000000, 0x00000000ca000000, 0x00000000ca000000)
  from space 20480K,  42% used [0x00000000ca000000, 0x00000000ca88f380, 0x00000000cb400000)
  to   space 20480K,   0% used [0x00000000cb400000, 0x00000000cb400000, 0x00000000cc800000)
 concurrent mark-sweep generation total 843776K, used 357060K [0x00000000cc800000, 0x0000000100000000, 0x0000000100000000)
 Metaspace       used 41464K, capacity 42700K, committed 42904K, reserved 1087488K
  class space    used 5487K, capacity 5751K, committed 5784K, reserved 1048576K
2022-04-08T03:06:24.607+0000: 201379.768: [GC (Allocation Failure) 2022-04-08T03:06:24.607+0000: 201379.768: [ParNew
Desired survivor size 10485760 bytes, new threshold 1 (max 1)
- age   1:    4097904 bytes,    4097904 total
: 172604K->5797K(184320K), 0.0178099 secs] 529664K->364951K(1028096K), 0.0179702 secs] [Times: user=0.03 sys=0.00, real=0.02 secs] 
Heap after GC invocations=127 (full 1):
 par new generation   total 184320K, used 5797K [0x00000000c0000000, 0x00000000cc800000, 0x00000000cc800000)
  eden space 163840K,   0% used [0x00000000c0000000, 0x00000000c0000000, 0x00000000ca000000)
  from space 20480K,  28% used [0x00000000cb400000, 0x00000000cb9a9760, 0x00000000cc800000)
  to   space 20480K,   0% used [0x00000000ca000000, 0x00000000ca000000, 0x00000000cb400000)
 concurrent mark-sweep generation total 843776K, used 359154K [0x00000000cc800000, 0x0000000100000000, 0x0000000100000000)
 Metaspace       used 41464K, capacity 42700K, committed 42904K, reserved 1087488K
  class space    used 5487K, capacity 5751K, committed 5784K, reserved 1048576K
}
2022-04-08T03:06:24.625+0000: 201379.786: Total time for which application threads were stopped: 0.0183072 seconds, Stopping threads took: 0.0000788 seconds
2022-04-08T03:06:25.626+0000: 201380.787: Total time for which application threads were stopped: 0.0002439 seconds, Stopping threads took: 0.0001193 seconds
2022-04-08T03:10:10.654+0000: 201605.815: Total time for which application threads were stopped: 0.0002482 seconds, Stopping threads took: 0.0000639 seconds
2022-04-08T03:10:12.655+0000: 201607.816: Total time for which application threads were stopped: 0.0001796 seconds, Stopping threads took: 0.0000430 seconds
2022-04-08T03:11:25.664+0000: 201680.825: Total time for which application threads were stopped: 0.0002063 seconds, Stopping threads took: 0.0000575 seconds
{Heap before GC invocations=127 (full 1):
 par new generation   total 184320K, used 169637K [0x00000000c0000000, 0x00000000cc800000, 0x00000000cc800000)
  eden space 163840K, 100% used [0x00000000c0000000, 0x00000000ca000000, 0x00000000ca000000)
  from space 20480K,  28% used [0x00000000cb400000, 0x00000000cb9a9760, 0x00000000cc800000)
  to   space 20480K,   0% used [0x00000000ca000000, 0x00000000ca000000, 0x00000000cb400000)
 concurrent mark-sweep generation total 843776K, used 359154K [0x00000000cc800000, 0x0000000100000000, 0x0000000100000000)
 Metaspace       used 41485K, capacity 42700K, committed 42904K, reserved 1087488K
  class space    used 5487K, capacity 5751K, committed 5784K, reserved 1048576K
2022-04-08T03:27:24.878+0000: 202640.039: [GC (Allocation Failure) 2022-04-08T03:27:24.878+0000: 202640.039: [ParNew
Desired survivor size 10485760 bytes, new threshold 1 (max 1)
- age   1:    7923304 bytes,    7923304 total
: 169637K->8307K(184320K), 0.0191815 secs] 528791K->368725K(1028096K), 0.0193331 secs] [Times: user=0.04 sys=0.00, real=0.02 secs] 
Heap after GC invocations=128 (full 1):
 par new generation   total 184320K, used 8307K [0x00000000c0000000, 0x00000000cc800000, 0x00000000cc800000)
  eden space 163840K,   0% used [0x00000000c0000000, 0x00000000c0000000, 0x00000000ca000000)
  from space 20480K,  40% used [0x00000000ca000000, 0x00000000ca81cd88, 0x00000000cb400000)
  to   space 20480K,   0% used [0x00000000cb400000, 0x00000000cb400000, 0x00000000cc800000)
 concurrent mark-sweep generation total 843776K, used 360417K [0x00000000cc800000, 0x0000000100000000, 0x0000000100000000)
 Metaspace       used 41485K, capacity 42700K, committed 42904K, reserved 1087488K
  class space    used 5487K, capacity 5751K, committed 5784K, reserved 1048576K
}
2022-04-08T03:27:24.898+0000: 202640.059: Total time for which application threads were stopped: 0.0197304 seconds, Stopping threads took: 0.0001303 seconds
2022-04-08T03:41:26.004+0000: 203481.164: Total time for which application threads were stopped: 0.0002530 seconds, Stopping threads took: 0.0000629 seconds
{Heap before GC invocations=128 (full 1):
 par new generation   total 184320K, used 172147K [0x00000000c0000000, 0x00000000cc800000, 0x00000000cc800000)
  eden space 163840K, 100% used [0x00000000c0000000, 0x00000000ca000000, 0x00000000ca000000)
  from space 20480K,  40% used [0x00000000ca000000, 0x00000000ca81cd88, 0x00000000cb400000)
  to   space 20480K,   0% used [0x00000000cb400000, 0x00000000cb400000, 0x00000000cc800000)
 concurrent mark-sweep generation total 843776K, used 360417K [0x00000000cc800000, 0x0000000100000000, 0x0000000100000000)
 Metaspace       used 41485K, capacity 42700K, committed 42904K, reserved 1087488K
  class space    used 5487K, capacity 5751K, committed 5784K, reserved 1048576K
2022-04-08T03:56:25.175+0000: 204380.336: [GC (Allocation Failure) 2022-04-08T03:56:25.175+0000: 204380.336: [ParNew
Desired survivor size 10485760 bytes, new threshold 1 (max 1)
- age   1:    3204272 bytes,    3204272 total
: 172147K->4540K(184320K), 0.0239470 secs] 532565K->369748K(1028096K), 0.0240862 secs] [Times: user=0.05 sys=0.01, real=0.02 secs] 
Heap after GC invocations=129 (full 1):
 par new generation   total 184320K, used 4540K [0x00000000c0000000, 0x00000000cc800000, 0x00000000cc800000)
  eden space 163840K,   0% used [0x00000000c0000000, 0x00000000c0000000, 0x00000000ca000000)
  from space 20480K,  22% used [0x00000000cb400000, 0x00000000cb86f050, 0x00000000cc800000)
  to   space 20480K,   0% used [0x00000000ca000000, 0x00000000ca000000, 0x00000000cb400000)
 concurrent mark-sweep generation total 843776K, used 365208K [0x00000000cc800000, 0x0000000100000000, 0x0000000100000000)
 Metaspace       used 41485K, capacity 42700K, committed 42904K, reserved 1087488K
  class space    used 5487K, capacity 5751K, committed 5784K, reserved 1048576K
}
2022-04-08T03:56:25.200+0000: 204380.360: Total time for which application threads were stopped: 0.0244242 seconds, Stopping threads took: 0.0000879 seconds
2022-04-08T04:01:26.240+0000: 204681.401: Total time for which application threads were stopped: 0.0002131 seconds, Stopping threads took: 0.0000586 seconds
2022-04-08T04:10:10.306+0000: 205205.467: Total time for which application threads were stopped: 0.0003129 seconds, Stopping threads took: 0.0000794 seconds
{Heap before GC invocations=129 (full 1):
 par new generation   total 184320K, used 168380K [0x00000000c0000000, 0x00000000cc800000, 0x00000000cc800000)
  eden space 163840K, 100% used [0x00000000c0000000, 0x00000000ca000000, 0x00000000ca000000)
  from space 20480K,  22% used [0x00000000cb400000, 0x00000000cb86f050, 0x00000000cc800000)
  to   space 20480K,   0% used [0x00000000ca000000, 0x00000000ca000000, 0x00000000cb400000)
 concurrent mark-sweep generation total 843776K, used 365208K [0x00000000cc800000, 0x0000000100000000, 0x0000000100000000)
 Metaspace       used 41486K, capacity 42700K, committed 42904K, reserved 1087488K
  class space    used 5487K, capacity 5751K, committed 5784K, reserved 1048576K
2022-04-08T04:25:40.709+0000: 206135.870: [GC (Allocation Failure) 2022-04-08T04:25:40.709+0000: 206135.870: [ParNew
Desired survivor size 10485760 bytes, new threshold 1 (max 1)
- age   1:    8160448 bytes,    8160448 total
: 168380K->9811K(184320K), 0.0194127 secs] 533588K->375073K(1028096K), 0.0196336 secs] [Times: user=0.04 sys=0.00, real=0.02 secs] 
Heap after GC invocations=130 (full 1):
 par new generation   total 184320K, used 9811K [0x00000000c0000000, 0x00000000cc800000, 0x00000000cc800000)
  eden space 163840K,   0% used [0x00000000c0000000, 0x00000000c0000000, 0x00000000ca000000)
  from space 20480K,  47% used [0x00000000ca000000, 0x00000000ca994e38, 0x00000000cb400000)
  to   space 20480K,   0% used [0x00000000cb400000, 0x00000000cb400000, 0x00000000cc800000)
 concurrent mark-sweep generation total 843776K, used 365261K [0x00000000cc800000, 0x0000000100000000, 0x0000000100000000)
 Metaspace       used 41486K, capacity 42700K, committed 42904K, reserved 1087488K
  class space    used 5487K, capacity 5751K, committed 5784K, reserved 1048576K
}
2022-04-08T04:25:40.728+0000: 206135.889: Total time for which application threads were stopped: 0.0201950 seconds, Stopping threads took: 0.0000794 seconds
2022-04-08T04:26:25.734+0000: 206180.895: Total time for which application threads were stopped: 0.0002172 seconds, Stopping threads took: 0.0000493 seconds
2022-04-08T04:36:25.809+0000: 206780.970: Total time for which application threads were stopped: 0.0002821 seconds, Stopping threads took: 0.0000580 seconds
2022-04-08T04:46:25.885+0000: 207381.046: Total time for which application threads were stopped: 0.0003288 seconds, Stopping threads took: 0.0001182 seconds
{Heap before GC invocations=130 (full 1):
 par new generation   total 184320K, used 173651K [0x00000000c0000000, 0x00000000cc800000, 0x00000000cc800000)
  eden space 163840K, 100% used [0x00000000c0000000, 0x00000000ca000000, 0x00000000ca000000)
  from space 20480K,  47% used [0x00000000ca000000, 0x00000000ca994e38, 0x00000000cb400000)
  to   space 20480K,   0% used [0x00000000cb400000, 0x00000000cb400000, 0x00000000cc800000)
 concurrent mark-sweep generation total 843776K, used 365261K [0x00000000cc800000, 0x0000000100000000, 0x0000000100000000)
 Metaspace       used 41486K, capacity 42700K, committed 42904K, reserved 1087488K
  class space    used 5487K, capacity 5751K, committed 5784K, reserved 1048576K
2022-04-08T04:51:25.836+0000: 207680.997: [GC (Allocation Failure) 2022-04-08T04:51:25.836+0000: 207680.997: [ParNew
Desired survivor size 10485760 bytes, new threshold 1 (max 1)
- age   1:    4099672 bytes,    4099672 total
: 173651K->7820K(184320K), 0.0308513 secs] 538913K->378104K(1028096K), 0.0310297 secs] [Times: user=0.07 sys=0.00, real=0.03 secs] 
Heap after GC invocations=131 (full 1):
 par new generation   total 184320K, used 7820K [0x00000000c0000000, 0x00000000cc800000, 0x00000000cc800000)
  eden space 163840K,   0% used [0x00000000c0000000, 0x00000000c0000000, 0x00000000ca000000)
  from space 20480K,  38% used [0x00000000cb400000, 0x00000000cbba3010, 0x00000000cc800000)
  to   space 20480K,   0% used [0x00000000ca000000, 0x00000000ca000000, 0x00000000cb400000)
 concurrent mark-sweep generation total 843776K, used 370284K [0x00000000cc800000, 0x0000000100000000, 0x0000000100000000)
 Metaspace       used 41486K, capacity 42700K, committed 42904K, reserved 1087488K
  class space    used 5487K, capacity 5751K, committed 5784K, reserved 1048576K
}
2022-04-08T04:51:25.867+0000: 207681.028: Total time for which application threads were stopped: 0.0314813 seconds, Stopping threads took: 0.0000712 seconds
2022-04-08T04:56:25.906+0000: 207981.067: Total time for which application threads were stopped: 0.0013029 seconds, Stopping threads took: 0.0010452 seconds
{Heap before GC invocations=131 (full 1):
 par new generation   total 184320K, used 171660K [0x00000000c0000000, 0x00000000cc800000, 0x00000000cc800000)
  eden space 163840K, 100% used [0x00000000c0000000, 0x00000000ca000000, 0x00000000ca000000)
  from space 20480K,  38% used [0x00000000cb400000, 0x00000000cbba3010, 0x00000000cc800000)
  to   space 20480K,   0% used [0x00000000ca000000, 0x00000000ca000000, 0x00000000cb400000)
 concurrent mark-sweep generation total 843776K, used 370284K [0x00000000cc800000, 0x0000000100000000, 0x0000000100000000)
 Metaspace       used 41487K, capacity 42700K, committed 42904K, reserved 1087488K
  class space    used 5487K, capacity 5751K, committed 5784K, reserved 1048576K
2022-04-08T05:21:26.162+0000: 209481.323: [GC (Allocation Failure) 2022-04-08T05:21:26.162+0000: 209481.323: [ParNew
Desired survivor size 10485760 bytes, new threshold 1 (max 1)
- age   1:    8159328 bytes,    8159328 total
: 171660K->10465K(184320K), 0.0161074 secs] 541944K->380752K(1028096K), 0.0162471 secs] [Times: user=0.03 sys=0.00, real=0.01 secs] 
Heap after GC invocations=132 (full 1):
 par new generation   total 184320K, used 10465K [0x00000000c0000000, 0x00000000cc800000, 0x00000000cc800000)
  eden space 163840K,   0% used [0x00000000c0000000, 0x00000000c0000000, 0x00000000ca000000)
  from space 20480K,  51% used [0x00000000ca000000, 0x00000000caa38460, 0x00000000cb400000)
  to   space 20480K,   0% used [0x00000000cb400000, 0x00000000cb400000, 0x00000000cc800000)
 concurrent mark-sweep generation total 843776K, used 370287K [0x00000000cc800000, 0x0000000100000000, 0x0000000100000000)
 Metaspace       used 41487K, capacity 42700K, committed 42904K, reserved 1087488K
  class space    used 5487K, capacity 5751K, committed 5784K, reserved 1048576K
}
2022-04-08T05:21:26.179+0000: 209481.340: Total time for which application threads were stopped: 0.0165637 seconds, Stopping threads took: 0.0000585 seconds
{Heap before GC invocations=132 (full 1):
 par new generation   total 184320K, used 174305K [0x00000000c0000000, 0x00000000cc800000, 0x00000000cc800000)
  eden space 163840K, 100% used [0x00000000c0000000, 0x00000000ca000000, 0x00000000ca000000)
  from space 20480K,  51% used [0x00000000ca000000, 0x00000000caa38460, 0x00000000cb400000)
  to   space 20480K,   0% used [0x00000000cb400000, 0x00000000cb400000, 0x00000000cc800000)
 concurrent mark-sweep generation total 843776K, used 370287K [0x00000000cc800000, 0x0000000100000000, 0x0000000100000000)
 Metaspace       used 41488K, capacity 42700K, committed 42904K, reserved 1087488K
  class space    used 5487K, capacity 5751K, committed 5784K, reserved 1048576K
2022-04-08T05:48:36.483+0000: 211111.644: [GC (Allocation Failure) 2022-04-08T05:48:36.483+0000: 211111.644: [ParNew
Desired survivor size 10485760 bytes, new threshold 1 (max 1)
- age   1:    3018176 bytes,    3018176 total
: 174305K->7708K(184320K), 0.0242664 secs] 544592K->383002K(1028096K), 0.0244082 secs] [Times: user=0.05 sys=0.00, real=0.03 secs] 
Heap after GC invocations=133 (full 1):
 par new generation   total 184320K, used 7708K [0x00000000c0000000, 0x00000000cc800000, 0x00000000cc800000)
  eden space 163840K,   0% used [0x00000000c0000000, 0x00000000c0000000, 0x00000000ca000000)
  from space 20480K,  37% used [0x00000000cb400000, 0x00000000cbb871b8, 0x00000000cc800000)
  to   space 20480K,   0% used [0x00000000ca000000, 0x00000000ca000000, 0x00000000cb400000)
 concurrent mark-sweep generation total 843776K, used 375294K [0x00000000cc800000, 0x0000000100000000, 0x0000000100000000)
 Metaspace       used 41488K, capacity 42700K, committed 42904K, reserved 1087488K
  class space    used 5487K, capacity 5751K, committed 5784K, reserved 1048576K
}
2022-04-08T05:48:36.508+0000: 211111.669: Total time for which application threads were stopped: 0.0247469 seconds, Stopping threads took: 0.0000810 seconds
2022-04-08T06:10:10.670+0000: 212405.831: Total time for which application threads were stopped: 0.0002539 seconds, Stopping threads took: 0.0000595 seconds
{Heap before GC invocations=133 (full 1):
 par new generation   total 184320K, used 171548K [0x00000000c0000000, 0x00000000cc800000, 0x00000000cc800000)
  eden space 163840K, 100% used [0x00000000c0000000, 0x00000000ca000000, 0x00000000ca000000)
  from space 20480K,  37% used [0x00000000cb400000, 0x00000000cbb871b8, 0x00000000cc800000)
  to   space 20480K,   0% used [0x00000000ca000000, 0x00000000ca000000, 0x00000000cb400000)
 concurrent mark-sweep generation total 843776K, used 375294K [0x00000000cc800000, 0x0000000100000000, 0x0000000100000000)
 Metaspace       used 41490K, capacity 42704K, committed 42904K, reserved 1087488K
  class space    used 5487K, capacity 5751K, committed 5784K, reserved 1048576K
2022-04-08T06:11:26.740+0000: 212481.900: [GC (Allocation Failure) 2022-04-08T06:11:26.740+0000: 212481.901: [ParNew
Desired survivor size 10485760 bytes, new threshold 1 (max 1)
- age   1:    7764104 bytes,    7764104 total
: 171548K->9156K(184320K), 0.0138604 secs] 546842K->384453K(1028096K), 0.0140153 secs] [Times: user=0.03 sys=0.00, real=0.02 secs] 
Heap after GC invocations=134 (full 1):
 par new generation   total 184320K, used 9156K [0x00000000c0000000, 0x00000000cc800000, 0x00000000cc800000)
  eden space 163840K,   0% used [0x00000000c0000000, 0x00000000c0000000, 0x00000000ca000000)
  from space 20480K,  44% used [0x00000000ca000000, 0x00000000ca8f11c8, 0x00000000cb400000)
  to   space 20480K,   0% used [0x00000000cb400000, 0x00000000cb400000, 0x00000000cc800000)
 concurrent mark-sweep generation total 843776K, used 375296K [0x00000000cc800000, 0x0000000100000000, 0x0000000100000000)
 Metaspace       used 41490K, capacity 42704K, committed 42904K, reserved 1087488K
  class space    used 5487K, capacity 5751K, committed 5784K, reserved 1048576K
}
2022-04-08T06:11:26.754+0000: 212481.915: Total time for which application threads were stopped: 0.0143284 seconds, Stopping threads took: 0.0000583 seconds
{Heap before GC invocations=134 (full 1):
 par new generation   total 184320K, used 172996K [0x00000000c0000000, 0x00000000cc800000, 0x00000000cc800000)
  eden space 163840K, 100% used [0x00000000c0000000, 0x00000000ca000000, 0x00000000ca000000)
  from space 20480K,  44% used [0x00000000ca000000, 0x00000000ca8f11c8, 0x00000000cb400000)
  to   space 20480K,   0% used [0x00000000cb400000, 0x00000000cb400000, 0x00000000cc800000)
 concurrent mark-sweep generation total 843776K, used 375296K [0x00000000cc800000, 0x0000000100000000, 0x0000000100000000)
 Metaspace       used 41490K, capacity 42704K, committed 42904K, reserved 1087488K
  class space    used 5487K, capacity 5751K, committed 5784K, reserved 1048576K
2022-04-08T06:41:27.051+0000: 214282.212: [GC (Allocation Failure) 2022-04-08T06:41:27.051+0000: 214282.212: [ParNew
Desired survivor size 10485760 bytes, new threshold 1 (max 1)
- age   1:    5243424 bytes,    5243424 total
: 172996K->5696K(184320K), 0.0264864 secs] 548293K->387043K(1028096K), 0.0266139 secs] [Times: user=0.05 sys=0.00, real=0.02 secs] 
Heap after GC invocations=135 (full 1):
 par new generation   total 184320K, used 5696K [0x00000000c0000000, 0x00000000cc800000, 0x00000000cc800000)
  eden space 163840K,   0% used [0x00000000c0000000, 0x00000000c0000000, 0x00000000ca000000)
  from space 20480K,  27% used [0x00000000cb400000, 0x00000000cb990318, 0x00000000cc800000)
  to   space 20480K,   0% used [0x00000000ca000000, 0x00000000ca000000, 0x00000000cb400000)
 concurrent mark-sweep generation total 843776K, used 381347K [0x00000000cc800000, 0x0000000100000000, 0x0000000100000000)
 Metaspace       used 41490K, capacity 42704K, committed 42904K, reserved 1087488K
  class space    used 5487K, capacity 5751K, committed 5784K, reserved 1048576K
}
2022-04-08T06:41:27.077+0000: 214282.238: Total time for which application threads were stopped: 0.0269276 seconds, Stopping threads took: 0.0000727 seconds
2022-04-08T07:01:28.230+0000: 215483.391: Total time for which application threads were stopped: 0.0002405 seconds, Stopping threads took: 0.0000638 seconds
{Heap before GC invocations=135 (full 1):
 par new generation   total 184320K, used 169536K [0x00000000c0000000, 0x00000000cc800000, 0x00000000cc800000)
  eden space 163840K, 100% used [0x00000000c0000000, 0x00000000ca000000, 0x00000000ca000000)
  from space 20480K,  27% used [0x00000000cb400000, 0x00000000cb990318, 0x00000000cc800000)
  to   space 20480K,   0% used [0x00000000ca000000, 0x00000000ca000000, 0x00000000cb400000)
 concurrent mark-sweep generation total 843776K, used 381347K [0x00000000cc800000, 0x0000000100000000, 0x0000000100000000)
 Metaspace       used 41490K, capacity 42704K, committed 42904K, reserved 1087488K
  class space    used 5487K, capacity 5751K, committed 5784K, reserved 1048576K
2022-04-08T07:09:47.383+0000: 215982.544: [GC (Allocation Failure) 2022-04-08T07:09:47.383+0000: 215982.544: [ParNew
Desired survivor size 10485760 bytes, new threshold 1 (max 1)
- age   1:    3065056 bytes,    3065056 total
: 169536K->4624K(184320K), 0.0110135 secs] 550883K->385975K(1028096K), 0.0112197 secs] [Times: user=0.03 sys=0.00, real=0.01 secs] 
Heap after GC invocations=136 (full 1):
 par new generation   total 184320K, used 4624K [0x00000000c0000000, 0x00000000cc800000, 0x00000000cc800000)
  eden space 163840K,   0% used [0x00000000c0000000, 0x00000000c0000000, 0x00000000ca000000)
  from space 20480K,  22% used [0x00000000ca000000, 0x00000000ca484320, 0x00000000cb400000)
  to   space 20480K,   0% used [0x00000000cb400000, 0x00000000cb400000, 0x00000000cc800000)
 concurrent mark-sweep generation total 843776K, used 381350K [0x00000000cc800000, 0x0000000100000000, 0x0000000100000000)
 Metaspace       used 41490K, capacity 42704K, committed 42904K, reserved 1087488K
  class space    used 5487K, capacity 5751K, committed 5784K, reserved 1048576K
}
2022-04-08T07:09:47.394+0000: 215982.555: Total time for which application threads were stopped: 0.0115459 seconds, Stopping threads took: 0.0000593 seconds
2022-04-08T07:10:10.398+0000: 216005.558: Total time for which application threads were stopped: 0.0001808 seconds, Stopping threads took: 0.0000434 seconds
2022-04-08T07:10:13.398+0000: 216008.559: Total time for which application threads were stopped: 0.0001735 seconds, Stopping threads took: 0.0000437 seconds
{Heap before GC invocations=136 (full 1):
 par new generation   total 184320K, used 168464K [0x00000000c0000000, 0x00000000cc800000, 0x00000000cc800000)
  eden space 163840K, 100% used [0x00000000c0000000, 0x00000000ca000000, 0x00000000ca000000)
  from space 20480K,  22% used [0x00000000ca000000, 0x00000000ca484320, 0x00000000cb400000)
  to   space 20480K,   0% used [0x00000000cb400000, 0x00000000cb400000, 0x00000000cc800000)
 concurrent mark-sweep generation total 843776K, used 381350K [0x00000000cc800000, 0x0000000100000000, 0x0000000100000000)
 Metaspace       used 41498K, capacity 42704K, committed 42904K, reserved 1087488K
  class space    used 5487K, capacity 5751K, committed 5784K, reserved 1048576K
2022-04-08T07:36:27.670+0000: 217582.831: [GC (Allocation Failure) 2022-04-08T07:36:27.670+0000: 217582.831: [ParNew
Desired survivor size 10485760 bytes, new threshold 1 (max 1)
- age   1:    5432888 bytes,    5432888 total
: 168464K->7061K(184320K), 0.0219298 secs] 549815K->391377K(1028096K), 0.0220661 secs] [Times: user=0.04 sys=0.00, real=0.02 secs] 
Heap after GC invocations=137 (full 1):
 par new generation   total 184320K, used 7061K [0x00000000c0000000, 0x00000000cc800000, 0x00000000cc800000)
  eden space 163840K,   0% used [0x00000000c0000000, 0x00000000c0000000, 0x00000000ca000000)
  from space 20480K,  34% used [0x00000000cb400000, 0x00000000cbae5798, 0x00000000cc800000)
  to   space 20480K,   0% used [0x00000000ca000000, 0x00000000ca000000, 0x00000000cb400000)
 concurrent mark-sweep generation total 843776K, used 384315K [0x00000000cc800000, 0x0000000100000000, 0x0000000100000000)
 Metaspace       used 41498K, capacity 42704K, committed 42904K, reserved 1087488K
  class space    used 5487K, capacity 5751K, committed 5784K, reserved 1048576K
}
2022-04-08T07:36:27.692+0000: 217582.853: Total time for which application threads were stopped: 0.0223991 seconds, Stopping threads took: 0.0000756 seconds
{Heap before GC invocations=137 (full 1):
 par new generation   total 184320K, used 170901K [0x00000000c0000000, 0x00000000cc800000, 0x00000000cc800000)
  eden space 163840K, 100% used [0x00000000c0000000, 0x00000000ca000000, 0x00000000ca000000)
  from space 20480K,  34% used [0x00000000cb400000, 0x00000000cbae5798, 0x00000000cc800000)
  to   space 20480K,   0% used [0x00000000ca000000, 0x00000000ca000000, 0x00000000cb400000)
 concurrent mark-sweep generation total 843776K, used 384315K [0x00000000cc800000, 0x0000000100000000, 0x0000000100000000)
 Metaspace       used 41498K, capacity 42704K, committed 42904K, reserved 1087488K
  class space    used 5487K, capacity 5751K, committed 5784K, reserved 1048576K
2022-04-08T08:04:27.990+0000: 219263.151: [GC (Allocation Failure) 2022-04-08T08:04:27.990+0000: 219263.151: [ParNew
Desired survivor size 10485760 bytes, new threshold 1 (max 1)
- age   1:    4068632 bytes,    4068632 total
: 170901K->5940K(184320K), 0.0207523 secs] 555217K->392376K(1028096K), 0.0209623 secs] [Times: user=0.04 sys=0.00, real=0.02 secs] 
Heap after GC invocations=138 (full 1):
 par new generation   total 184320K, used 5940K [0x00000000c0000000, 0x00000000cc800000, 0x00000000cc800000)
  eden space 163840K,   0% used [0x00000000c0000000, 0x00000000c0000000, 0x00000000ca000000)
  from space 20480K,  29% used [0x00000000ca000000, 0x00000000ca5cd1c8, 0x00000000cb400000)
  to   space 20480K,   0% used [0x00000000cb400000, 0x00000000cb400000, 0x00000000cc800000)
 concurrent mark-sweep generation total 843776K, used 386436K [0x00000000cc800000, 0x0000000100000000, 0x0000000100000000)
 Metaspace       used 41498K, capacity 42704K, committed 42904K, reserved 1087488K
  class space    used 5487K, capacity 5751K, committed 5784K, reserved 1048576K
}
2022-04-08T08:04:28.011+0000: 219263.172: Total time for which application threads were stopped: 0.0214164 seconds, Stopping threads took: 0.0000964 seconds
2022-04-08T08:10:10.056+0000: 219605.217: Total time for which application threads were stopped: 0.0003184 seconds, Stopping threads took: 0.0000942 seconds
{Heap before GC invocations=138 (full 1):
 par new generation   total 184320K, used 169780K [0x00000000c0000000, 0x00000000cc800000, 0x00000000cc800000)
  eden space 163840K, 100% used [0x00000000c0000000, 0x00000000ca000000, 0x00000000ca000000)
  from space 20480K,  29% used [0x00000000ca000000, 0x00000000ca5cd1c8, 0x00000000cb400000)
  to   space 20480K,   0% used [0x00000000cb400000, 0x00000000cb400000, 0x00000000cc800000)
 concurrent mark-sweep generation total 843776K, used 386436K [0x00000000cc800000, 0x0000000100000000, 0x0000000100000000)
 Metaspace       used 41498K, capacity 42704K, committed 42904K, reserved 1087488K
  class space    used 5487K, capacity 5751K, committed 5784K, reserved 1048576K
2022-04-08T08:31:28.279+0000: 220883.440: [GC (Allocation Failure) 2022-04-08T08:31:28.279+0000: 220883.440: [ParNew
Desired survivor size 10485760 bytes, new threshold 1 (max 1)
- age   1:    7266104 bytes,    7266104 total
: 169780K->8967K(184320K), 0.0187887 secs] 556216K->396431K(1028096K), 0.0189247 secs] [Times: user=0.04 sys=0.00, real=0.02 secs] 
Heap after GC invocations=139 (full 1):
 par new generation   total 184320K, used 8967K [0x00000000c0000000, 0x00000000cc800000, 0x00000000cc800000)
  eden space 163840K,   0% used [0x00000000c0000000, 0x00000000c0000000, 0x00000000ca000000)
  from space 20480K,  43% used [0x00000000cb400000, 0x00000000cbcc1ca0, 0x00000000cc800000)
  to   space 20480K,   0% used [0x00000000ca000000, 0x00000000ca000000, 0x00000000cb400000)
 concurrent mark-sweep generation total 843776K, used 387464K [0x00000000cc800000, 0x0000000100000000, 0x0000000100000000)
 Metaspace       used 41498K, capacity 42704K, committed 42904K, reserved 1087488K
  class space    used 5487K, capacity 5751K, committed 5784K, reserved 1048576K
}
2022-04-08T08:31:28.298+0000: 220883.459: Total time for which application threads were stopped: 0.0192341 seconds, Stopping threads took: 0.0000541 seconds
2022-04-08T08:50:15.440+0000: 222010.601: Total time for which application threads were stopped: 0.0002906 seconds, Stopping threads took: 0.0000823 seconds
{Heap before GC invocations=139 (full 1):
 par new generation   total 184320K, used 172807K [0x00000000c0000000, 0x00000000cc800000, 0x00000000cc800000)
  eden space 163840K, 100% used [0x00000000c0000000, 0x00000000ca000000, 0x00000000ca000000)
  from space 20480K,  43% used [0x00000000cb400000, 0x00000000cbcc1ca0, 0x00000000cc800000)
  to   space 20480K,   0% used [0x00000000ca000000, 0x00000000ca000000, 0x00000000cb400000)
 concurrent mark-sweep generation total 843776K, used 387464K [0x00000000cc800000, 0x0000000100000000, 0x0000000100000000)
 Metaspace       used 41498K, capacity 42704K, committed 42904K, reserved 1087488K
  class space    used 5487K, capacity 5751K, committed 5784K, reserved 1048576K
2022-04-08T09:01:28.610+0000: 222683.771: [GC (Allocation Failure) 2022-04-08T09:01:28.610+0000: 222683.771: [ParNew
Desired survivor size 10485760 bytes, new threshold 1 (max 1)
- age   1:    3181712 bytes,    3181712 total
: 172807K->8316K(184320K), 0.0239774 secs] 560271K->399763K(1028096K), 0.0241106 secs] [Times: user=0.04 sys=0.00, real=0.02 secs] 
Heap after GC invocations=140 (full 1):
 par new generation   total 184320K, used 8316K [0x00000000c0000000, 0x00000000cc800000, 0x00000000cc800000)
  eden space 163840K,   0% used [0x00000000c0000000, 0x00000000c0000000, 0x00000000ca000000)
  from space 20480K,  40% used [0x00000000ca000000, 0x00000000ca81f078, 0x00000000cb400000)
  to   space 20480K,   0% used [0x00000000cb400000, 0x00000000cb400000, 0x00000000cc800000)
 concurrent mark-sweep generation total 843776K, used 391447K [0x00000000cc800000, 0x0000000100000000, 0x0000000100000000)
 Metaspace       used 41498K, capacity 42704K, committed 42904K, reserved 1087488K
  class space    used 5487K, capacity 5751K, committed 5784K, reserved 1048576K
}
2022-04-08T09:01:28.635+0000: 222683.795: Total time for which application threads were stopped: 0.0244612 seconds, Stopping threads took: 0.0000652 seconds
2022-04-08T09:10:09.700+0000: 223204.861: Total time for which application threads were stopped: 0.0003319 seconds, Stopping threads took: 0.0000539 seconds
2022-04-08T09:10:10.700+0000: 223205.861: Total time for which application threads were stopped: 0.0002023 seconds, Stopping threads took: 0.0000504 seconds
{Heap before GC invocations=140 (full 1):
 par new generation   total 184320K, used 172156K [0x00000000c0000000, 0x00000000cc800000, 0x00000000cc800000)
  eden space 163840K, 100% used [0x00000000c0000000, 0x00000000ca000000, 0x00000000ca000000)
  from space 20480K,  40% used [0x00000000ca000000, 0x00000000ca81f078, 0x00000000cb400000)
  to   space 20480K,   0% used [0x00000000cb400000, 0x00000000cb400000, 0x00000000cc800000)
 concurrent mark-sweep generation total 843776K, used 391447K [0x00000000cc800000, 0x0000000100000000, 0x0000000100000000)
 Metaspace       used 41498K, capacity 42704K, committed 42904K, reserved 1087488K
  class space    used 5487K, capacity 5751K, committed 5784K, reserved 1048576K
2022-04-08T09:22:46.850+0000: 223962.011: [GC (Allocation Failure) 2022-04-08T09:22:46.850+0000: 223962.011: [ParNew
Desired survivor size 10485760 bytes, new threshold 1 (max 1)
- age   1:   10263984 bytes,   10263984 total
: 172156K->10590K(184320K), 0.0163155 secs] 563603K->402041K(1028096K), 0.0164653 secs] [Times: user=0.04 sys=0.00, real=0.01 secs] 
Heap after GC invocations=141 (full 1):
 par new generation   total 184320K, used 10590K [0x00000000c0000000, 0x00000000cc800000, 0x00000000cc800000)
  eden space 163840K,   0% used [0x00000000c0000000, 0x00000000c0000000, 0x00000000ca000000)
  from space 20480K,  51% used [0x00000000cb400000, 0x00000000cbe57b68, 0x00000000cc800000)
  to   space 20480K,   0% used [0x00000000ca000000, 0x00000000ca000000, 0x00000000cb400000)
 concurrent mark-sweep generation total 843776K, used 391450K [0x00000000cc800000, 0x0000000100000000, 0x0000000100000000)
 Metaspace       used 41498K, capacity 42704K, committed 42904K, reserved 1087488K
  class space    used 5487K, capacity 5751K, committed 5784K, reserved 1048576K
}
2022-04-08T09:22:46.866+0000: 223962.027: Total time for which application threads were stopped: 0.0168013 seconds, Stopping threads took: 0.0000600 seconds
{Heap before GC invocations=141 (full 1):
 par new generation   total 184320K, used 174430K [0x00000000c0000000, 0x00000000cc800000, 0x00000000cc800000)
  eden space 163840K, 100% used [0x00000000c0000000, 0x00000000ca000000, 0x00000000ca000000)
  from space 20480K,  51% used [0x00000000cb400000, 0x00000000cbe57b68, 0x00000000cc800000)
  to   space 20480K,   0% used [0x00000000ca000000, 0x00000000ca000000, 0x00000000cb400000)
 concurrent mark-sweep generation total 843776K, used 391450K [0x00000000cc800000, 0x0000000100000000, 0x0000000100000000)
 Metaspace       used 41498K, capacity 42704K, committed 42904K, reserved 1087488K
  class space    used 5487K, capacity 5751K, committed 5784K, reserved 1048576K
2022-04-08T09:51:29.180+0000: 225684.341: [GC (Allocation Failure) 2022-04-08T09:51:29.180+0000: 225684.341: [ParNew
Desired survivor size 10485760 bytes, new threshold 1 (max 1)
- age   1:    4242944 bytes,    4242944 total
: 174430K->7472K(184320K), 0.0276985 secs] 565881K->404976K(1028096K), 0.0279021 secs] [Times: user=0.05 sys=0.00, real=0.03 secs] 
Heap after GC invocations=142 (full 1):
 par new generation   total 184320K, used 7472K [0x00000000c0000000, 0x00000000cc800000, 0x00000000cc800000)
  eden space 163840K,   0% used [0x00000000c0000000, 0x00000000c0000000, 0x00000000ca000000)
  from space 20480K,  36% used [0x00000000ca000000, 0x00000000ca74c0a0, 0x00000000cb400000)
  to   space 20480K,   0% used [0x00000000cb400000, 0x00000000cb400000, 0x00000000cc800000)
 concurrent mark-sweep generation total 843776K, used 397503K [0x00000000cc800000, 0x0000000100000000, 0x0000000100000000)
 Metaspace       used 41498K, capacity 42704K, committed 42904K, reserved 1087488K
  class space    used 5487K, capacity 5751K, committed 5784K, reserved 1048576K
}
2022-04-08T09:51:29.208+0000: 225684.369: Total time for which application threads were stopped: 0.0283087 seconds, Stopping threads took: 0.0000747 seconds
2022-04-08T10:10:13.357+0000: 226808.517: Total time for which application threads were stopped: 0.0002627 seconds, Stopping threads took: 0.0000613 seconds
{Heap before GC invocations=142 (full 1):
 par new generation   total 184320K, used 171312K [0x00000000c0000000, 0x00000000cc800000, 0x00000000cc800000)
  eden space 163840K, 100% used [0x00000000c0000000, 0x00000000ca000000, 0x00000000ca000000)
  from space 20480K,  36% used [0x00000000ca000000, 0x00000000ca74c0a0, 0x00000000cb400000)
  to   space 20480K,   0% used [0x00000000cb400000, 0x00000000cb400000, 0x00000000cc800000)
 concurrent mark-sweep generation total 843776K, used 397503K [0x00000000cc800000, 0x0000000100000000, 0x0000000100000000)
 Metaspace       used 41500K, capacity 42704K, committed 42904K, reserved 1087488K
  class space    used 5487K, capacity 5751K, committed 5784K, reserved 1048576K
2022-04-08T10:21:29.499+0000: 227484.660: [GC (Allocation Failure) 2022-04-08T10:21:29.499+0000: 227484.660: [ParNew
Desired survivor size 10485760 bytes, new threshold 1 (max 1)
- age   1:    7291136 bytes,    7291136 total
: 171312K->9426K(184320K), 0.0145189 secs] 568816K->406933K(1028096K), 0.0146539 secs] [Times: user=0.03 sys=0.00, real=0.02 secs] 
Heap after GC invocations=143 (full 1):
 par new generation   total 184320K, used 9426K [0x00000000c0000000, 0x00000000cc800000, 0x00000000cc800000)
  eden space 163840K,   0% used [0x00000000c0000000, 0x00000000c0000000, 0x00000000ca000000)
  from space 20480K,  46% used [0x00000000cb400000, 0x00000000cbd34870, 0x00000000cc800000)
  to   space 20480K,   0% used [0x00000000ca000000, 0x00000000ca000000, 0x00000000cb400000)
 concurrent mark-sweep generation total 843776K, used 397507K [0x00000000cc800000, 0x0000000100000000, 0x0000000100000000)
 Metaspace       used 41500K, capacity 42704K, committed 42904K, reserved 1087488K
  class space    used 5487K, capacity 5751K, committed 5784K, reserved 1048576K
}
2022-04-08T10:21:29.513+0000: 227484.674: Total time for which application threads were stopped: 0.0149833 seconds, Stopping threads took: 0.0000711 seconds
2022-04-08T10:40:32.659+0000: 228627.820: Total time for which application threads were stopped: 0.0002249 seconds, Stopping threads took: 0.0000625 seconds
{Heap before GC invocations=143 (full 1):
 par new generation   total 184320K, used 173266K [0x00000000c0000000, 0x00000000cc800000, 0x00000000cc800000)
  eden space 163840K, 100% used [0x00000000c0000000, 0x00000000ca000000, 0x00000000ca000000)
  from space 20480K,  46% used [0x00000000cb400000, 0x00000000cbd34870, 0x00000000cc800000)
  to   space 20480K,   0% used [0x00000000ca000000, 0x00000000ca000000, 0x00000000cb400000)
 concurrent mark-sweep generation total 843776K, used 397507K [0x00000000cc800000, 0x0000000100000000, 0x0000000100000000)
 Metaspace       used 41500K, capacity 42704K, committed 42904K, reserved 1087488K
  class space    used 5487K, capacity 5751K, committed 5784K, reserved 1048576K
2022-04-08T10:46:29.841+0000: 228985.002: [GC (Allocation Failure) 2022-04-08T10:46:29.841+0000: 228985.002: [ParNew
Desired survivor size 10485760 bytes, new threshold 1 (max 1)
- age   1:    3067648 bytes,    3067648 total
: 173266K->7902K(184320K), 0.0254390 secs] 570773K->410432K(1028096K), 0.0255671 secs] [Times: user=0.05 sys=0.00, real=0.02 secs] 
Heap after GC invocations=144 (full 1):
 par new generation   total 184320K, used 7902K [0x00000000c0000000, 0x00000000cc800000, 0x00000000cc800000)
  eden space 163840K,   0% used [0x00000000c0000000, 0x00000000c0000000, 0x00000000ca000000)
  from space 20480K,  38% used [0x00000000ca000000, 0x00000000ca7b7b48, 0x00000000cb400000)
  to   space 20480K,   0% used [0x00000000cb400000, 0x00000000cb400000, 0x00000000cc800000)
 concurrent mark-sweep generation total 843776K, used 402529K [0x00000000cc800000, 0x0000000100000000, 0x0000000100000000)
 Metaspace       used 41500K, capacity 42704K, committed 42904K, reserved 1087488K
  class space    used 5487K, capacity 5751K, committed 5784K, reserved 1048576K
}
2022-04-08T10:46:29.867+0000: 228985.027: Total time for which application threads were stopped: 0.0259212 seconds, Stopping threads took: 0.0000802 seconds
2022-04-08T10:49:15.888+0000: 229151.049: Total time for which application threads were stopped: 0.0002235 seconds, Stopping threads took: 0.0000623 seconds
{Heap before GC invocations=144 (full 1):
 par new generation   total 184320K, used 171742K [0x00000000c0000000, 0x00000000cc800000, 0x00000000cc800000)
  eden space 163840K, 100% used [0x00000000c0000000, 0x00000000ca000000, 0x00000000ca000000)
  from space 20480K,  38% used [0x00000000ca000000, 0x00000000ca7b7b48, 0x00000000cb400000)
  to   space 20480K,   0% used [0x00000000cb400000, 0x00000000cb400000, 0x00000000cc800000)
 concurrent mark-sweep generation total 843776K, used 402529K [0x00000000cc800000, 0x0000000100000000, 0x0000000100000000)
 Metaspace       used 41503K, capacity 42704K, committed 42904K, reserved 1087488K
  class space    used 5487K, capacity 5751K, committed 5784K, reserved 1048576K
2022-04-08T11:16:30.135+0000: 230785.296: [GC (Allocation Failure) 2022-04-08T11:16:30.135+0000: 230785.296: [ParNew
Desired survivor size 10485760 bytes, new threshold 1 (max 1)
- age   1:    7209472 bytes,    7209472 total
: 171742K->8249K(184320K), 0.0145949 secs] 574272K->410832K(1028096K), 0.0147218 secs] [Times: user=0.03 sys=0.00, real=0.02 secs] 
Heap after GC invocations=145 (full 1):
 par new generation   total 184320K, used 8249K [0x00000000c0000000, 0x00000000cc800000, 0x00000000cc800000)
  eden space 163840K,   0% used [0x00000000c0000000, 0x00000000c0000000, 0x00000000ca000000)
  from space 20480K,  40% used [0x00000000cb400000, 0x00000000cbc0e540, 0x00000000cc800000)
  to   space 20480K,   0% used [0x00000000ca000000, 0x00000000ca000000, 0x00000000cb400000)
 concurrent mark-sweep generation total 843776K, used 402583K [0x00000000cc800000, 0x0000000100000000, 0x0000000100000000)
 Metaspace       used 41503K, capacity 42704K, committed 42904K, reserved 1087488K
  class space    used 5487K, capacity 5751K, committed 5784K, reserved 1048576K
}
2022-04-08T11:16:30.150+0000: 230785.311: Total time for which application threads were stopped: 0.0150351 seconds, Stopping threads took: 0.0000578 seconds
{Heap before GC invocations=145 (full 1):
 par new generation   total 184320K, used 172089K [0x00000000c0000000, 0x00000000cc800000, 0x00000000cc800000)
  eden space 163840K, 100% used [0x00000000c0000000, 0x00000000ca000000, 0x00000000ca000000)
  from space 20480K,  40% used [0x00000000cb400000, 0x00000000cbc0e540, 0x00000000cc800000)
  to   space 20480K,   0% used [0x00000000ca000000, 0x00000000ca000000, 0x00000000cb400000)
 concurrent mark-sweep generation total 843776K, used 402583K [0x00000000cc800000, 0x0000000100000000, 0x0000000100000000)
 Metaspace       used 41503K, capacity 42704K, committed 42904K, reserved 1087488K
  class space    used 5487K, capacity 5751K, committed 5784K, reserved 1048576K
2022-04-08T11:44:30.450+0000: 232465.611: [GC (Allocation Failure) 2022-04-08T11:44:30.451+0000: 232465.611: [ParNew
Desired survivor size 10485760 bytes, new threshold 1 (max 1)
- age   1:    3021384 bytes,    3021384 total
: 172089K->6387K(184320K), 0.0282806 secs] 574672K->413978K(1028096K), 0.0284999 secs] [Times: user=0.06 sys=0.00, real=0.02 secs] 
Heap after GC invocations=146 (full 1):
 par new generation   total 184320K, used 6387K [0x00000000c0000000, 0x00000000cc800000, 0x00000000cc800000)
  eden space 163840K,   0% used [0x00000000c0000000, 0x00000000c0000000, 0x00000000ca000000)
  from space 20480K,  31% used [0x00000000ca000000, 0x00000000ca63cfa8, 0x00000000cb400000)
  to   space 20480K,   0% used [0x00000000cb400000, 0x00000000cb400000, 0x00000000cc800000)
 concurrent mark-sweep generation total 843776K, used 407590K [0x00000000cc800000, 0x0000000100000000, 0x0000000100000000)
 Metaspace       used 41503K, capacity 42704K, committed 42904K, reserved 1087488K
  class space    used 5487K, capacity 5751K, committed 5784K, reserved 1048576K
}
2022-04-08T11:44:30.479+0000: 232465.640: Total time for which application threads were stopped: 0.0290246 seconds, Stopping threads took: 0.0000937 seconds
{Heap before GC invocations=146 (full 1):
 par new generation   total 184320K, used 170227K [0x00000000c0000000, 0x00000000cc800000, 0x00000000cc800000)
  eden space 163840K, 100% used [0x00000000c0000000, 0x00000000ca000000, 0x00000000ca000000)
  from space 20480K,  31% used [0x00000000ca000000, 0x00000000ca63cfa8, 0x00000000cb400000)
  to   space 20480K,   0% used [0x00000000cb400000, 0x00000000cb400000, 0x00000000cc800000)
 concurrent mark-sweep generation total 843776K, used 407590K [0x00000000cc800000, 0x0000000100000000, 0x0000000100000000)
 Metaspace       used 41503K, capacity 42704K, committed 42904K, reserved 1087488K
  class space    used 5487K, capacity 5751K, committed 5784K, reserved 1048576K
2022-04-08T12:10:09.760+0000: 234004.921: [GC (Allocation Failure) 2022-04-08T12:10:09.760+0000: 234004.921: [ParNew
Desired survivor size 10485760 bytes, new threshold 1 (max 1)
- age   1:    5336096 bytes,    5336096 total
: 170227K->5309K(184320K), 0.0135079 secs] 577818K->412902K(1028096K), 0.0136371 secs] [Times: user=0.02 sys=0.00, real=0.01 secs] 
Heap after GC invocations=147 (full 1):
 par new generation   total 184320K, used 5309K [0x00000000c0000000, 0x00000000cc800000, 0x00000000cc800000)
  eden space 163840K,   0% used [0x00000000c0000000, 0x00000000c0000000, 0x00000000ca000000)
  from space 20480K,  25% used [0x00000000cb400000, 0x00000000cb92f530, 0x00000000cc800000)
  to   space 20480K,   0% used [0x00000000ca000000, 0x00000000ca000000, 0x00000000cb400000)
 concurrent mark-sweep generation total 843776K, used 407593K [0x00000000cc800000, 0x0000000100000000, 0x0000000100000000)
 Metaspace       used 41503K, capacity 42704K, committed 42904K, reserved 1087488K
  class space    used 5487K, capacity 5751K, committed 5784K, reserved 1048576K
}
2022-04-08T12:10:09.774+0000: 234004.935: Total time for which application threads were stopped: 0.0141108 seconds, Stopping threads took: 0.0001006 seconds
2022-04-08T12:10:10.774+0000: 234005.935: Total time for which application threads were stopped: 0.0001845 seconds, Stopping threads took: 0.0000447 seconds
2022-04-08T12:10:30.777+0000: 234025.938: Total time for which application threads were stopped: 0.0002246 seconds, Stopping threads took: 0.0000851 seconds
2022-04-08T12:11:30.785+0000: 234085.946: Total time for which application threads were stopped: 0.0002351 seconds, Stopping threads took: 0.0000594 seconds
2022-04-08T12:19:30.846+0000: 234566.007: Total time for which application threads were stopped: 0.0002377 seconds, Stopping threads took: 0.0000606 seconds
2022-04-08T12:21:11.859+0000: 234667.020: Total time for which application threads were stopped: 0.0002228 seconds, Stopping threads took: 0.0000572 seconds
2022-04-08T12:21:30.864+0000: 234686.025: Total time for which application threads were stopped: 0.0021339 seconds, Stopping threads took: 0.0020026 seconds
{Heap before GC invocations=147 (full 1):
 par new generation   total 184320K, used 169149K [0x00000000c0000000, 0x00000000cc800000, 0x00000000cc800000)
  eden space 163840K, 100% used [0x00000000c0000000, 0x00000000ca000000, 0x00000000ca000000)
  from space 20480K,  25% used [0x00000000cb400000, 0x00000000cb92f530, 0x00000000cc800000)
  to   space 20480K,   0% used [0x00000000ca000000, 0x00000000ca000000, 0x00000000cb400000)
 concurrent mark-sweep generation total 843776K, used 407593K [0x00000000cc800000, 0x0000000100000000, 0x0000000100000000)
 Metaspace       used 41504K, capacity 42704K, committed 42904K, reserved 1087488K
  class space    used 5487K, capacity 5751K, committed 5784K, reserved 1048576K
2022-04-08T12:36:31.004+0000: 235586.164: [GC (Allocation Failure) 2022-04-08T12:36:31.004+0000: 235586.164: [ParNew
Desired survivor size 10485760 bytes, new threshold 1 (max 1)
- age   1:    5325464 bytes,    5325464 total
: 169149K->6336K(184320K), 0.0237115 secs] 576742K->417902K(1028096K), 0.0238474 secs] [Times: user=0.05 sys=0.00, real=0.02 secs] 
Heap after GC invocations=148 (full 1):
 par new generation   total 184320K, used 6336K [0x00000000c0000000, 0x00000000cc800000, 0x00000000cc800000)
  eden space 163840K,   0% used [0x00000000c0000000, 0x00000000c0000000, 0x00000000ca000000)
  from space 20480K,  30% used [0x00000000ca000000, 0x00000000ca630310, 0x00000000cb400000)
  to   space 20480K,   0% used [0x00000000cb400000, 0x00000000cb400000, 0x00000000cc800000)
 concurrent mark-sweep generation total 843776K, used 411565K [0x00000000cc800000, 0x0000000100000000, 0x0000000100000000)
 Metaspace       used 41504K, capacity 42704K, committed 42904K, reserved 1087488K
  class space    used 5487K, capacity 5751K, committed 5784K, reserved 1048576K
}
2022-04-08T12:36:31.027+0000: 235586.188: Total time for which application threads were stopped: 0.0241637 seconds, Stopping threads took: 0.0000750 seconds
2022-04-08T12:49:58.129+0000: 236393.290: Total time for which application threads were stopped: 0.0002483 seconds, Stopping threads took: 0.0000640 seconds
{Heap before GC invocations=148 (full 1):
 par new generation   total 184320K, used 170176K [0x00000000c0000000, 0x00000000cc800000, 0x00000000cc800000)
  eden space 163840K, 100% used [0x00000000c0000000, 0x00000000ca000000, 0x00000000ca000000)
  from space 20480K,  30% used [0x00000000ca000000, 0x00000000ca630310, 0x00000000cb400000)
  to   space 20480K,   0% used [0x00000000cb400000, 0x00000000cb400000, 0x00000000cc800000)
 concurrent mark-sweep generation total 843776K, used 411565K [0x00000000cc800000, 0x0000000100000000, 0x0000000100000000)
 Metaspace       used 41504K, capacity 42704K, committed 42904K, reserved 1087488K
  class space    used 5487K, capacity 5751K, committed 5784K, reserved 1048576K
2022-04-08T13:04:58.509+0000: 237293.670: [GC (Allocation Failure) 2022-04-08T13:04:58.509+0000: 237293.670: [ParNew
Desired survivor size 10485760 bytes, new threshold 1 (max 1)
- age   1:    4063608 bytes,    4063608 total
: 170176K->5372K(184320K), 0.0158869 secs] 581742K->419018K(1028096K), 0.0160678 secs] [Times: user=0.03 sys=0.00, real=0.01 secs] 
Heap after GC invocations=149 (full 1):
 par new generation   total 184320K, used 5372K [0x00000000c0000000, 0x00000000cc800000, 0x00000000cc800000)
  eden space 163840K,   0% used [0x00000000c0000000, 0x00000000c0000000, 0x00000000ca000000)
  from space 20480K,  26% used [0x00000000cb400000, 0x00000000cb93f378, 0x00000000cc800000)
  to   space 20480K,   0% used [0x00000000ca000000, 0x00000000ca000000, 0x00000000cb400000)
 concurrent mark-sweep generation total 843776K, used 413645K [0x00000000cc800000, 0x0000000100000000, 0x0000000100000000)
 Metaspace       used 41504K, capacity 42704K, committed 42904K, reserved 1087488K
  class space    used 5487K, capacity 5751K, committed 5784K, reserved 1048576K
}
2022-04-08T13:04:58.525+0000: 237293.686: Total time for which application threads were stopped: 0.0165463 seconds, Stopping threads took: 0.0001789 seconds
2022-04-08T13:10:10.565+0000: 237605.726: Total time for which application threads were stopped: 0.0002252 seconds, Stopping threads took: 0.0000640 seconds
{Heap before GC invocations=149 (full 1):
 par new generation   total 184320K, used 169212K [0x00000000c0000000, 0x00000000cc800000, 0x00000000cc800000)
  eden space 163840K, 100% used [0x00000000c0000000, 0x00000000ca000000, 0x00000000ca000000)
  from space 20480K,  26% used [0x00000000cb400000, 0x00000000cb93f378, 0x00000000cc800000)
  to   space 20480K,   0% used [0x00000000ca000000, 0x00000000ca000000, 0x00000000cb400000)
 concurrent mark-sweep generation total 843776K, used 413645K [0x00000000cc800000, 0x0000000100000000, 0x0000000100000000)
 Metaspace       used 41504K, capacity 42704K, committed 42904K, reserved 1087488K
  class space    used 5487K, capacity 5751K, committed 5784K, reserved 1048576K
2022-04-08T13:31:31.613+0000: 238886.774: [GC (Allocation Failure) 2022-04-08T13:31:31.613+0000: 238886.774: [ParNew
Desired survivor size 10485760 bytes, new threshold 1 (max 1)
- age   1:    7335832 bytes,    7335832 total
: 169212K->7918K(184320K), 0.0164030 secs] 582858K->422591K(1028096K), 0.0165349 secs] [Times: user=0.03 sys=0.00, real=0.02 secs] 
Heap after GC invocations=150 (full 1):
 par new generation   total 184320K, used 7918K [0x00000000c0000000, 0x00000000cc800000, 0x00000000cc800000)
  eden space 163840K,   0% used [0x00000000c0000000, 0x00000000c0000000, 0x00000000ca000000)
  from space 20480K,  38% used [0x00000000ca000000, 0x00000000ca7bbb10, 0x00000000cb400000)
  to   space 20480K,   0% used [0x00000000cb400000, 0x00000000cb400000, 0x00000000cc800000)
 concurrent mark-sweep generation total 843776K, used 414672K [0x00000000cc800000, 0x0000000100000000, 0x0000000100000000)
 Metaspace       used 41504K, capacity 42704K, committed 42904K, reserved 1087488K
  class space    used 5487K, capacity 5751K, committed 5784K, reserved 1048576K
}
2022-04-08T13:31:31.630+0000: 238886.791: Total time for which application threads were stopped: 0.0168817 seconds, Stopping threads took: 0.0000745 seconds
2022-04-08T13:57:30.826+0000: 240445.987: Total time for which application threads were stopped: 0.0002510 seconds, Stopping threads took: 0.0000694 seconds
2022-04-08T14:01:00.853+0000: 240656.013: Total time for which application threads were stopped: 0.0002277 seconds, Stopping threads took: 0.0000637 seconds
{Heap before GC invocations=150 (full 1):
 par new generation   total 184320K, used 171758K [0x00000000c0000000, 0x00000000cc800000, 0x00000000cc800000)
  eden space 163840K, 100% used [0x00000000c0000000, 0x00000000ca000000, 0x00000000ca000000)
  from space 20480K,  38% used [0x00000000ca000000, 0x00000000ca7bbb10, 0x00000000cb400000)
  to   space 20480K,   0% used [0x00000000cb400000, 0x00000000cb400000, 0x00000000cc800000)
 concurrent mark-sweep generation total 843776K, used 414672K [0x00000000cc800000, 0x0000000100000000, 0x0000000100000000)
 Metaspace       used 41505K, capacity 42704K, committed 42904K, reserved 1087488K
  class space    used 5487K, capacity 5751K, committed 5784K, reserved 1048576K
2022-04-08T14:01:31.948+0000: 240687.109: [GC (Allocation Failure) 2022-04-08T14:01:31.948+0000: 240687.109: [ParNew
Desired survivor size 10485760 bytes, new threshold 1 (max 1)
- age   1:    3101792 bytes,    3101792 total
: 171758K->6850K(184320K), 0.0228271 secs] 586431K->425521K(1028096K), 0.0229839 secs] [Times: user=0.04 sys=0.00, real=0.02 secs] 
Heap after GC invocations=151 (full 1):
 par new generation   total 184320K, used 6850K [0x00000000c0000000, 0x00000000cc800000, 0x00000000cc800000)
  eden space 163840K,   0% used [0x00000000c0000000, 0x00000000c0000000, 0x00000000ca000000)
  from space 20480K,  33% used [0x00000000cb400000, 0x00000000cbab0880, 0x00000000cc800000)
  to   space 20480K,   0% used [0x00000000ca000000, 0x00000000ca000000, 0x00000000cb400000)
 concurrent mark-sweep generation total 843776K, used 418671K [0x00000000cc800000, 0x0000000100000000, 0x0000000100000000)
 Metaspace       used 41505K, capacity 42704K, committed 42904K, reserved 1087488K
  class space    used 5487K, capacity 5751K, committed 5784K, reserved 1048576K
}
2022-04-08T14:01:31.971+0000: 240687.132: Total time for which application threads were stopped: 0.0233140 seconds, Stopping threads took: 0.0000685 seconds
2022-04-08T14:10:10.040+0000: 241205.201: Total time for which application threads were stopped: 0.0003249 seconds, Stopping threads took: 0.0000624 seconds
{Heap before GC invocations=151 (full 1):
 par new generation   total 184320K, used 170690K [0x00000000c0000000, 0x00000000cc800000, 0x00000000cc800000)
  eden space 163840K, 100% used [0x00000000c0000000, 0x00000000ca000000, 0x00000000ca000000)
  from space 20480K,  33% used [0x00000000cb400000, 0x00000000cbab0880, 0x00000000cc800000)
  to   space 20480K,   0% used [0x00000000ca000000, 0x00000000ca000000, 0x00000000cb400000)
 concurrent mark-sweep generation total 843776K, used 418671K [0x00000000cc800000, 0x0000000100000000, 0x0000000100000000)
 Metaspace       used 41505K, capacity 42704K, committed 42904K, reserved 1087488K
  class space    used 5487K, capacity 5751K, committed 5784K, reserved 1048576K
2022-04-08T14:26:32.270+0000: 242187.430: [GC (Allocation Failure) 2022-04-08T14:26:32.270+0000: 242187.430: [ParNew
Desired survivor size 10485760 bytes, new threshold 1 (max 1)
- age   1:    9284200 bytes,    9284200 total
: 170690K->9907K(184320K), 0.0190380 secs] 589361K->428633K(1028096K), 0.0191646 secs] [Times: user=0.03 sys=0.00, real=0.02 secs] 
Heap after GC invocations=152 (full 1):
 par new generation   total 184320K, used 9907K [0x00000000c0000000, 0x00000000cc800000, 0x00000000cc800000)
  eden space 163840K,   0% used [0x00000000c0000000, 0x00000000c0000000, 0x00000000ca000000)
  from space 20480K,  48% used [0x00000000ca000000, 0x00000000ca9acfb0, 0x00000000cb400000)
  to   space 20480K,   0% used [0x00000000cb400000, 0x00000000cb400000, 0x00000000cc800000)
 concurrent mark-sweep generation total 843776K, used 418725K [0x00000000cc800000, 0x0000000100000000, 0x0000000100000000)
 Metaspace       used 41505K, capacity 42704K, committed 42904K, reserved 1087488K
  class space    used 5487K, capacity 5751K, committed 5784K, reserved 1048576K
}
2022-04-08T14:26:32.289+0000: 242187.450: Total time for which application threads were stopped: 0.0195372 seconds, Stopping threads took: 0.0000928 seconds
2022-04-08T14:26:33.290+0000: 242188.450: Total time for which application threads were stopped: 0.0001740 seconds, Stopping threads took: 0.0000458 seconds
{Heap before GC invocations=152 (full 1):
 par new generation   total 184320K, used 173747K [0x00000000c0000000, 0x00000000cc800000, 0x00000000cc800000)
  eden space 163840K, 100% used [0x00000000c0000000, 0x00000000ca000000, 0x00000000ca000000)
  from space 20480K,  48% used [0x00000000ca000000, 0x00000000ca9acfb0, 0x00000000cb400000)
  to   space 20480K,   0% used [0x00000000cb400000, 0x00000000cb400000, 0x00000000cc800000)
 concurrent mark-sweep generation total 843776K, used 418725K [0x00000000cc800000, 0x0000000100000000, 0x0000000100000000)
 Metaspace       used 41505K, capacity 42704K, committed 42904K, reserved 1087488K
  class space    used 5487K, capacity 5751K, committed 5784K, reserved 1048576K
2022-04-08T14:56:32.589+0000: 243987.750: [GC (Allocation Failure) 2022-04-08T14:56:32.589+0000: 243987.750: [ParNew
Desired survivor size 10485760 bytes, new threshold 1 (max 1)
- age   1:    3229840 bytes,    3229840 total
: 173747K->7594K(184320K), 0.0256450 secs] 592473K->431326K(1028096K), 0.0257738 secs] [Times: user=0.06 sys=0.00, real=0.02 secs] 
Heap after GC invocations=153 (full 1):
 par new generation   total 184320K, used 7594K [0x00000000c0000000, 0x00000000cc800000, 0x00000000cc800000)
  eden space 163840K,   0% used [0x00000000c0000000, 0x00000000c0000000, 0x00000000ca000000)
  from space 20480K,  37% used [0x00000000cb400000, 0x00000000cbb6aa48, 0x00000000cc800000)
  to   space 20480K,   0% used [0x00000000ca000000, 0x00000000ca000000, 0x00000000cb400000)
 concurrent mark-sweep generation total 843776K, used 423732K [0x00000000cc800000, 0x0000000100000000, 0x0000000100000000)
 Metaspace       used 41505K, capacity 42704K, committed 42904K, reserved 1087488K
  class space    used 5487K, capacity 5751K, committed 5784K, reserved 1048576K
}
2022-04-08T14:56:32.615+0000: 243987.776: Total time for which application threads were stopped: 0.0261114 seconds, Stopping threads took: 0.0000753 seconds
2022-04-08T15:10:09.719+0000: 244804.880: Total time for which application threads were stopped: 0.0008477 seconds, Stopping threads took: 0.0006225 seconds
2022-04-08T15:10:10.720+0000: 244805.881: Total time for which application threads were stopped: 0.0002367 seconds, Stopping threads took: 0.0000820 seconds
{Heap before GC invocations=153 (full 1):
 par new generation   total 184320K, used 171434K [0x00000000c0000000, 0x00000000cc800000, 0x00000000cc800000)
  eden space 163840K, 100% used [0x00000000c0000000, 0x00000000ca000000, 0x00000000ca000000)
  from space 20480K,  37% used [0x00000000cb400000, 0x00000000cbb6aa48, 0x00000000cc800000)
  to   space 20480K,   0% used [0x00000000ca000000, 0x00000000ca000000, 0x00000000cb400000)
 concurrent mark-sweep generation total 843776K, used 423732K [0x00000000cc800000, 0x0000000100000000, 0x0000000100000000)
 Metaspace       used 41510K, capacity 42704K, committed 42904K, reserved 1087488K
  class space    used 5487K, capacity 5751K, committed 5784K, reserved 1048576K
2022-04-08T15:21:23.294+0000: 245478.455: [GC (Allocation Failure) 2022-04-08T15:21:23.294+0000: 245478.455: [ParNew
Desired survivor size 10485760 bytes, new threshold 1 (max 1)
- age   1:    8163344 bytes,    8163344 total
: 171434K->9400K(184320K), 0.0145378 secs] 595166K->433135K(1028096K), 0.0146699 secs] [Times: user=0.03 sys=0.00, real=0.02 secs] 
Heap after GC invocations=154 (full 1):
 par new generation   total 184320K, used 9400K [0x00000000c0000000, 0x00000000cc800000, 0x00000000cc800000)
  eden space 163840K,   0% used [0x00000000c0000000, 0x00000000c0000000, 0x00000000ca000000)
  from space 20480K,  45% used [0x00000000ca000000, 0x00000000ca92e1a8, 0x00000000cb400000)
  to   space 20480K,   0% used [0x00000000cb400000, 0x00000000cb400000, 0x00000000cc800000)
 concurrent mark-sweep generation total 843776K, used 423735K [0x00000000cc800000, 0x0000000100000000, 0x0000000100000000)
 Metaspace       used 41510K, capacity 42704K, committed 42904K, reserved 1087488K
  class space    used 5487K, capacity 5751K, committed 5784K, reserved 1048576K
}
2022-04-08T15:21:23.309+0000: 245478.470: Total time for which application threads were stopped: 0.0149893 seconds, Stopping threads took: 0.0000615 seconds
{Heap before GC invocations=154 (full 1):
 par new generation   total 184320K, used 173240K [0x00000000c0000000, 0x00000000cc800000, 0x00000000cc800000)
  eden space 163840K, 100% used [0x00000000c0000000, 0x00000000ca000000, 0x00000000ca000000)
  from space 20480K,  45% used [0x00000000ca000000, 0x00000000ca92e1a8, 0x00000000cb400000)
  to   space 20480K,   0% used [0x00000000cb400000, 0x00000000cb400000, 0x00000000cc800000)
 concurrent mark-sweep generation total 843776K, used 423735K [0x00000000cc800000, 0x0000000100000000, 0x0000000100000000)
 Metaspace       used 41510K, capacity 42704K, committed 42904K, reserved 1087488K
  class space    used 5487K, capacity 5751K, committed 5784K, reserved 1048576K
2022-04-08T15:46:33.182+0000: 246988.343: [GC (Allocation Failure) 2022-04-08T15:46:33.183+0000: 246988.343: [ParNew
Desired survivor size 10485760 bytes, new threshold 1 (max 1)
- age   1:    3152640 bytes,    3152640 total
: 173240K->7575K(184320K), 0.0261242 secs] 596975K->437358K(1028096K), 0.0262695 secs] [Times: user=0.05 sys=0.00, real=0.03 secs] 
Heap after GC invocations=155 (full 1):
 par new generation   total 184320K, used 7575K [0x00000000c0000000, 0x00000000cc800000, 0x00000000cc800000)
  eden space 163840K,   0% used [0x00000000c0000000, 0x00000000c0000000, 0x00000000ca000000)
  from space 20480K,  36% used [0x00000000cb400000, 0x00000000cbb65cc0, 0x00000000cc800000)
  to   space 20480K,   0% used [0x00000000ca000000, 0x00000000ca000000, 0x00000000cb400000)
 concurrent mark-sweep generation total 843776K, used 429783K [0x00000000cc800000, 0x0000000100000000, 0x0000000100000000)
 Metaspace       used 41510K, capacity 42704K, committed 42904K, reserved 1087488K
  class space    used 5487K, capacity 5751K, committed 5784K, reserved 1048576K
}
2022-04-08T15:46:33.209+0000: 246988.370: Total time for which application threads were stopped: 0.0266015 seconds, Stopping threads took: 0.0000733 seconds
2022-04-08T16:10:10.391+0000: 248405.552: Total time for which application threads were stopped: 0.0002799 seconds, Stopping threads took: 0.0000616 seconds
{Heap before GC invocations=155 (full 1):
 par new generation   total 184320K, used 171415K [0x00000000c0000000, 0x00000000cc800000, 0x00000000cc800000)
  eden space 163840K, 100% used [0x00000000c0000000, 0x00000000ca000000, 0x00000000ca000000)
  from space 20480K,  36% used [0x00000000cb400000, 0x00000000cbb65cc0, 0x00000000cc800000)
  to   space 20480K,   0% used [0x00000000ca000000, 0x00000000ca000000, 0x00000000cb400000)
 concurrent mark-sweep generation total 843776K, used 429783K [0x00000000cc800000, 0x0000000100000000, 0x0000000100000000)
 Metaspace       used 41511K, capacity 42708K, committed 42904K, reserved 1087488K
  class space    used 5487K, capacity 5751K, committed 5784K, reserved 1048576K
2022-04-08T16:16:33.478+0000: 248788.639: [GC (Allocation Failure) 2022-04-08T16:16:33.478+0000: 248788.639: [ParNew
Desired survivor size 10485760 bytes, new threshold 1 (max 1)
- age   1:    7340624 bytes,    7340624 total
: 171415K->9305K(184320K), 0.0142755 secs] 601198K->439091K(1028096K), 0.0144014 secs] [Times: user=0.03 sys=0.00, real=0.02 secs] 
Heap after GC invocations=156 (full 1):
 par new generation   total 184320K, used 9305K [0x00000000c0000000, 0x00000000cc800000, 0x00000000cc800000)
  eden space 163840K,   0% used [0x00000000c0000000, 0x00000000c0000000, 0x00000000ca000000)
  from space 20480K,  45% used [0x00000000ca000000, 0x00000000ca916688, 0x00000000cb400000)
  to   space 20480K,   0% used [0x00000000cb400000, 0x00000000cb400000, 0x00000000cc800000)
 concurrent mark-sweep generation total 843776K, used 429785K [0x00000000cc800000, 0x0000000100000000, 0x0000000100000000)
 Metaspace       used 41511K, capacity 42708K, committed 42904K, reserved 1087488K
  class space    used 5487K, capacity 5751K, committed 5784K, reserved 1048576K
}
2022-04-08T16:16:33.493+0000: 248788.654: Total time for which application threads were stopped: 0.0147156 seconds, Stopping threads took: 0.0000667 seconds
2022-04-08T16:26:34.569+0000: 249389.730: Total time for which application threads were stopped: 0.0002481 seconds, Stopping threads took: 0.0000605 seconds
{Heap before GC invocations=156 (full 1):
 par new generation   total 184320K, used 173145K [0x00000000c0000000, 0x00000000cc800000, 0x00000000cc800000)
  eden space 163840K, 100% used [0x00000000c0000000, 0x00000000ca000000, 0x00000000ca000000)
  from space 20480K,  45% used [0x00000000ca000000, 0x00000000ca916688, 0x00000000cb400000)
  to   space 20480K,   0% used [0x00000000cb400000, 0x00000000cb400000, 0x00000000cc800000)
 concurrent mark-sweep generation total 843776K, used 429785K [0x00000000cc800000, 0x0000000100000000, 0x0000000100000000)
 Metaspace       used 41511K, capacity 42708K, committed 42904K, reserved 1087488K
  class space    used 5487K, capacity 5751K, committed 5784K, reserved 1048576K
2022-04-08T16:42:03.887+0000: 250319.048: [GC (Allocation Failure) 2022-04-08T16:42:03.887+0000: 250319.048: [ParNew
Desired survivor size 10485760 bytes, new threshold 1 (max 1)
- age   1:    3016576 bytes,    3016576 total
: 173145K->6659K(184320K), 0.0239118 secs] 602931K->441478K(1028096K), 0.0240607 secs] [Times: user=0.04 sys=0.00, real=0.03 secs] 
Heap after GC invocations=157 (full 1):
 par new generation   total 184320K, used 6659K [0x00000000c0000000, 0x00000000cc800000, 0x00000000cc800000)
  eden space 163840K,   0% used [0x00000000c0000000, 0x00000000c0000000, 0x00000000ca000000)
  from space 20480K,  32% used [0x00000000cb400000, 0x00000000cba80f40, 0x00000000cc800000)
  to   space 20480K,   0% used [0x00000000ca000000, 0x00000000ca000000, 0x00000000cb400000)
 concurrent mark-sweep generation total 843776K, used 434819K [0x00000000cc800000, 0x0000000100000000, 0x0000000100000000)
 Metaspace       used 41511K, capacity 42708K, committed 42904K, reserved 1087488K
  class space    used 5487K, capacity 5751K, committed 5784K, reserved 1048576K
}
2022-04-08T16:42:03.911+0000: 250319.072: Total time for which application threads were stopped: 0.0243918 seconds, Stopping threads took: 0.0000555 seconds
2022-04-08T17:10:11.126+0000: 252006.287: Total time for which application threads were stopped: 0.0002434 seconds, Stopping threads took: 0.0000580 seconds
{Heap before GC invocations=157 (full 1):
 par new generation   total 184320K, used 170499K [0x00000000c0000000, 0x00000000cc800000, 0x00000000cc800000)
  eden space 163840K, 100% used [0x00000000c0000000, 0x00000000ca000000, 0x00000000ca000000)
  from space 20480K,  32% used [0x00000000cb400000, 0x00000000cba80f40, 0x00000000cc800000)
  to   space 20480K,   0% used [0x00000000ca000000, 0x00000000ca000000, 0x00000000cb400000)
 concurrent mark-sweep generation total 843776K, used 434819K [0x00000000cc800000, 0x0000000100000000, 0x0000000100000000)
 Metaspace       used 41513K, capacity 42708K, committed 42904K, reserved 1087488K
  class space    used 5487K, capacity 5751K, committed 5784K, reserved 1048576K
2022-04-08T17:11:34.117+0000: 252089.277: [GC (Allocation Failure) 2022-04-08T17:11:34.117+0000: 252089.277: [ParNew
Desired survivor size 10485760 bytes, new threshold 1 (max 1)
- age   1:    5989960 bytes,    5989960 total
: 170499K->7669K(184320K), 0.0124905 secs] 605318K->442491K(1028096K), 0.0126180 secs] [Times: user=0.03 sys=0.00, real=0.02 secs] 
Heap after GC invocations=158 (full 1):
 par new generation   total 184320K, used 7669K [0x00000000c0000000, 0x00000000cc800000, 0x00000000cc800000)
  eden space 163840K,   0% used [0x00000000c0000000, 0x00000000c0000000, 0x00000000ca000000)
  from space 20480K,  37% used [0x00000000ca000000, 0x00000000ca77d580, 0x00000000cb400000)
  to   space 20480K,   0% used [0x00000000cb400000, 0x00000000cb400000, 0x00000000cc800000)
 concurrent mark-sweep generation total 843776K, used 434821K [0x00000000cc800000, 0x0000000100000000, 0x0000000100000000)
 Metaspace       used 41513K, capacity 42708K, committed 42904K, reserved 1087488K
  class space    used 5487K, capacity 5751K, committed 5784K, reserved 1048576K
}
2022-04-08T17:11:34.129+0000: 252089.290: Total time for which application threads were stopped: 0.0129392 seconds, Stopping threads took: 0.0000544 seconds
{Heap before GC invocations=158 (full 1):
 par new generation   total 184320K, used 171509K [0x00000000c0000000, 0x00000000cc800000, 0x00000000cc800000)
  eden space 163840K, 100% used [0x00000000c0000000, 0x00000000ca000000, 0x00000000ca000000)
  from space 20480K,  37% used [0x00000000ca000000, 0x00000000ca77d580, 0x00000000cb400000)
  to   space 20480K,   0% used [0x00000000cb400000, 0x00000000cb400000, 0x00000000cc800000)
 concurrent mark-sweep generation total 843776K, used 434821K [0x00000000cc800000, 0x0000000100000000, 0x0000000100000000)
 Metaspace       used 41513K, capacity 42708K, committed 42904K, reserved 1087488K
  class space    used 5487K, capacity 5751K, committed 5784K, reserved 1048576K
2022-04-08T17:41:07.172+0000: 253862.333: [GC (Allocation Failure) 2022-04-08T17:41:07.173+0000: 253862.333: [ParNew
Desired survivor size 10485760 bytes, new threshold 1 (max 1)
- age   1:    4066424 bytes,    4066424 total
: 171509K->7281K(184320K), 0.1677414 secs] 606331K->447161K(1028096K), 0.1679274 secs] [Times: user=0.15 sys=0.03, real=0.17 secs] 
Heap after GC invocations=159 (full 1):
 par new generation   total 184320K, used 7281K [0x00000000c0000000, 0x00000000cc800000, 0x00000000cc800000)
  eden space 163840K,   0% used [0x00000000c0000000, 0x00000000c0000000, 0x00000000ca000000)
  from space 20480K,  35% used [0x00000000cb400000, 0x00000000cbb1c720, 0x00000000cc800000)
  to   space 20480K,   0% used [0x00000000ca000000, 0x00000000ca000000, 0x00000000cb400000)
 concurrent mark-sweep generation total 843776K, used 439879K [0x00000000cc800000, 0x0000000100000000, 0x0000000100000000)
 Metaspace       used 41513K, capacity 42708K, committed 42904K, reserved 1087488K
  class space    used 5487K, capacity 5751K, committed 5784K, reserved 1048576K
}
2022-04-08T17:41:07.340+0000: 253862.501: Total time for which application threads were stopped: 0.1683076 seconds, Stopping threads took: 0.0000676 seconds
{Heap before GC invocations=159 (full 1):
 par new generation   total 184320K, used 171121K [0x00000000c0000000, 0x00000000cc800000, 0x00000000cc800000)
  eden space 163840K, 100% used [0x00000000c0000000, 0x00000000ca000000, 0x00000000ca000000)
  from space 20480K,  35% used [0x00000000cb400000, 0x00000000cbb1c720, 0x00000000cc800000)
  to   space 20480K,   0% used [0x00000000ca000000, 0x00000000ca000000, 0x00000000cb400000)
 concurrent mark-sweep generation total 843776K, used 439879K [0x00000000cc800000, 0x0000000100000000, 0x0000000100000000)
 Metaspace       used 41513K, capacity 42708K, committed 42904K, reserved 1087488K
  class space    used 5487K, capacity 5751K, committed 5784K, reserved 1048576K
2022-04-08T18:06:35.610+0000: 255390.771: [GC (Allocation Failure) 2022-04-08T18:06:35.610+0000: 255390.771: [ParNew
Desired survivor size 10485760 bytes, new threshold 1 (max 1)
- age   1:    4251224 bytes,    4251224 total
: 171121K->5320K(184320K), 0.0177307 secs] 611001K->445203K(1028096K), 0.0178668 secs] [Times: user=0.03 sys=0.00, real=0.02 secs] 
Heap after GC invocations=160 (full 1):
 par new generation   total 184320K, used 5320K [0x00000000c0000000, 0x00000000cc800000, 0x00000000cc800000)
  eden space 163840K,   0% used [0x00000000c0000000, 0x00000000c0000000, 0x00000000ca000000)
  from space 20480K,  25% used [0x00000000ca000000, 0x00000000ca532110, 0x00000000cb400000)
  to   space 20480K,   0% used [0x00000000cb400000, 0x00000000cb400000, 0x00000000cc800000)
 concurrent mark-sweep generation total 843776K, used 439883K [0x00000000cc800000, 0x0000000100000000, 0x0000000100000000)
 Metaspace       used 41513K, capacity 42708K, committed 42904K, reserved 1087488K
  class space    used 5487K, capacity 5751K, committed 5784K, reserved 1048576K
}
2022-04-08T18:06:35.628+0000: 255390.789: Total time for which application threads were stopped: 0.0182452 seconds, Stopping threads took: 0.0000753 seconds
2022-04-08T18:10:10.648+0000: 255605.809: Total time for which application threads were stopped: 0.0002249 seconds, Stopping threads took: 0.0000588 seconds
{Heap before GC invocations=160 (full 1):
 par new generation   total 184320K, used 169160K [0x00000000c0000000, 0x00000000cc800000, 0x00000000cc800000)
  eden space 163840K, 100% used [0x00000000c0000000, 0x00000000ca000000, 0x00000000ca000000)
  from space 20480K,  25% used [0x00000000ca000000, 0x00000000ca532110, 0x00000000cb400000)
  to   space 20480K,   0% used [0x00000000cb400000, 0x00000000cb400000, 0x00000000cc800000)
 concurrent mark-sweep generation total 843776K, used 439883K [0x00000000cc800000, 0x0000000100000000, 0x0000000100000000)
 Metaspace       used 41518K, capacity 42708K, committed 42904K, reserved 1087488K
  class space    used 5487K, capacity 5751K, committed 5784K, reserved 1048576K
2022-04-08T18:31:36.312+0000: 256891.473: [GC (Allocation Failure) 2022-04-08T18:31:36.312+0000: 256891.473: [ParNew
Desired survivor size 10485760 bytes, new threshold 1 (max 1)
- age   1:    6704184 bytes,    6704184 total
: 169160K->8237K(184320K), 0.0278874 secs] 609043K->450812K(1028096K), 0.0280432 secs] [Times: user=0.04 sys=0.00, real=0.03 secs] 
Heap after GC invocations=161 (full 1):
 par new generation   total 184320K, used 8237K [0x00000000c0000000, 0x00000000cc800000, 0x00000000cc800000)
  eden space 163840K,   0% used [0x00000000c0000000, 0x00000000c0000000, 0x00000000ca000000)
  from space 20480K,  40% used [0x00000000cb400000, 0x00000000cbc0b608, 0x00000000cc800000)
  to   space 20480K,   0% used [0x00000000ca000000, 0x00000000ca000000, 0x00000000cb400000)
 concurrent mark-sweep generation total 843776K, used 442574K [0x00000000cc800000, 0x0000000100000000, 0x0000000100000000)
 Metaspace       used 41518K, capacity 42708K, committed 42904K, reserved 1087488K
  class space    used 5487K, capacity 5751K, committed 5784K, reserved 1048576K
}
2022-04-08T18:31:36.340+0000: 256891.501: Total time for which application threads were stopped: 0.0284303 seconds, Stopping threads took: 0.0000795 seconds
2022-04-08T18:40:15.383+0000: 257410.544: Total time for which application threads were stopped: 0.0002033 seconds, Stopping threads took: 0.0000558 seconds
{Heap before GC invocations=161 (full 1):
 par new generation   total 184320K, used 172077K [0x00000000c0000000, 0x00000000cc800000, 0x00000000cc800000)
  eden space 163840K, 100% used [0x00000000c0000000, 0x00000000ca000000, 0x00000000ca000000)
  from space 20480K,  40% used [0x00000000cb400000, 0x00000000cbc0b608, 0x00000000cc800000)
  to   space 20480K,   0% used [0x00000000ca000000, 0x00000000ca000000, 0x00000000cb400000)
 concurrent mark-sweep generation total 843776K, used 442574K [0x00000000cc800000, 0x0000000100000000, 0x0000000100000000)
 Metaspace       used 41519K, capacity 42708K, committed 42904K, reserved 1087488K
  class space    used 5487K, capacity 5751K, committed 5784K, reserved 1048576K
2022-04-08T19:01:37.117+0000: 258692.278: [GC (Allocation Failure) 2022-04-08T19:01:37.117+0000: 258692.278: [ParNew
Desired survivor size 10485760 bytes, new threshold 1 (max 1)
- age   1:    3035304 bytes,    3035304 total
: 172077K->4857K(184320K), 0.0330080 secs] 614652K->450796K(1028096K), 0.0331448 secs] [Times: user=0.03 sys=0.00, real=0.04 secs] 
Heap after GC invocations=162 (full 1):
 par new generation   total 184320K, used 4857K [0x00000000c0000000, 0x00000000cc800000, 0x00000000cc800000)
  eden space 163840K,   0% used [0x00000000c0000000, 0x00000000c0000000, 0x00000000ca000000)
  from space 20480K,  23% used [0x00000000ca000000, 0x00000000ca4be7d0, 0x00000000cb400000)
  to   space 20480K,   0% used [0x00000000cb400000, 0x00000000cb400000, 0x00000000cc800000)
 concurrent mark-sweep generation total 843776K, used 445938K [0x00000000cc800000, 0x0000000100000000, 0x0000000100000000)
 Metaspace       used 41519K, capacity 42708K, committed 42904K, reserved 1087488K
  class space    used 5487K, capacity 5751K, committed 5784K, reserved 1048576K
}
2022-04-08T19:01:37.150+0000: 258692.311: Total time for which application threads were stopped: 0.0335135 seconds, Stopping threads took: 0.0000809 seconds
2022-04-08T19:10:10.320+0000: 259205.481: Total time for which application threads were stopped: 0.0002529 seconds, Stopping threads took: 0.0000616 seconds
{Heap before GC invocations=162 (full 1):
 par new generation   total 184320K, used 168697K [0x00000000c0000000, 0x00000000cc800000, 0x00000000cc800000)
  eden space 163840K, 100% used [0x00000000c0000000, 0x00000000ca000000, 0x00000000ca000000)
  from space 20480K,  23% used [0x00000000ca000000, 0x00000000ca4be7d0, 0x00000000cb400000)
  to   space 20480K,   0% used [0x00000000cb400000, 0x00000000cb400000, 0x00000000cc800000)
 concurrent mark-sweep generation total 843776K, used 445938K [0x00000000cc800000, 0x0000000100000000, 0x0000000100000000)
 Metaspace       used 41527K, capacity 42780K, committed 42904K, reserved 1087488K
  class space    used 5487K, capacity 5751K, committed 5784K, reserved 1048576K
2022-04-08T19:26:37.900+0000: 260193.061: [GC (Allocation Failure) 2022-04-08T19:26:37.900+0000: 260193.061: [ParNew
Desired survivor size 10485760 bytes, new threshold 1 (max 1)
- age   1:    8384688 bytes,    8384688 total
: 168697K->8927K(184320K), 0.0301829 secs] 614636K->454870K(1028096K), 0.0303337 secs] [Times: user=0.03 sys=0.00, real=0.03 secs] 
Heap after GC invocations=163 (full 1):
 par new generation   total 184320K, used 8927K [0x00000000c0000000, 0x00000000cc800000, 0x00000000cc800000)
  eden space 163840K,   0% used [0x00000000c0000000, 0x00000000c0000000, 0x00000000ca000000)
  from space 20480K,  43% used [0x00000000cb400000, 0x00000000cbcb7f70, 0x00000000cc800000)
  to   space 20480K,   0% used [0x00000000ca000000, 0x00000000ca000000, 0x00000000cb400000)
 concurrent mark-sweep generation total 843776K, used 445942K [0x00000000cc800000, 0x0000000100000000, 0x0000000100000000)
 Metaspace       used 41527K, capacity 42780K, committed 42904K, reserved 1087488K
  class space    used 5487K, capacity 5751K, committed 5784K, reserved 1048576K
}
2022-04-08T19:26:37.930+0000: 260193.091: Total time for which application threads were stopped: 0.0307319 seconds, Stopping threads took: 0.0001002 seconds
2022-04-08T19:48:39.167+0000: 261514.328: Total time for which application threads were stopped: 0.0002447 seconds, Stopping threads took: 0.0000734 seconds
2022-04-08T19:51:12.179+0000: 261667.340: Total time for which application threads were stopped: 0.0002451 seconds, Stopping threads took: 0.0000618 seconds
2022-04-08T19:51:39.181+0000: 261694.342: Total time for which application threads were stopped: 0.0001875 seconds, Stopping threads took: 0.0000447 seconds
{Heap before GC invocations=163 (full 1):
 par new generation   total 184320K, used 172767K [0x00000000c0000000, 0x00000000cc800000, 0x00000000cc800000)
  eden space 163840K, 100% used [0x00000000c0000000, 0x00000000ca000000, 0x00000000ca000000)
  from space 20480K,  43% used [0x00000000cb400000, 0x00000000cbcb7f70, 0x00000000cc800000)
  to   space 20480K,   0% used [0x00000000ca000000, 0x00000000ca000000, 0x00000000cb400000)
 concurrent mark-sweep generation total 843776K, used 445942K [0x00000000cc800000, 0x0000000100000000, 0x0000000100000000)
 Metaspace       used 41527K, capacity 42780K, committed 42904K, reserved 1087488K
  class space    used 5487K, capacity 5751K, committed 5784K, reserved 1048576K
2022-04-08T19:56:38.813+0000: 261993.974: [GC (Allocation Failure) 2022-04-08T19:56:38.813+0000: 261993.974: [ParNew
Desired survivor size 10485760 bytes, new threshold 1 (max 1)
- age   1:    3146688 bytes,    3146688 total
: 172767K->5461K(184320K), 0.0354905 secs] 618710K->456426K(1028096K), 0.0356318 secs] [Times: user=0.06 sys=0.00, real=0.04 secs] 
Heap after GC invocations=164 (full 1):
 par new generation   total 184320K, used 5461K [0x00000000c0000000, 0x00000000cc800000, 0x00000000cc800000)
  eden space 163840K,   0% used [0x00000000c0000000, 0x00000000c0000000, 0x00000000ca000000)
  from space 20480K,  26% used [0x00000000ca000000, 0x00000000ca555460, 0x00000000cb400000)
  to   space 20480K,   0% used [0x00000000cb400000, 0x00000000cb400000, 0x00000000cc800000)
 concurrent mark-sweep generation total 843776K, used 450965K [0x00000000cc800000, 0x0000000100000000, 0x0000000100000000)
 Metaspace       used 41527K, capacity 42780K, committed 42904K, reserved 1087488K
  class space    used 5487K, capacity 5751K, committed 5784K, reserved 1048576K
}
2022-04-08T19:56:38.849+0000: 261994.010: Total time for which application threads were stopped: 0.0360058 seconds, Stopping threads took: 0.0000838 seconds
2022-04-08T20:10:09.916+0000: 262805.077: Total time for which application threads were stopped: 0.0002601 seconds, Stopping threads took: 0.0000626 seconds
{Heap before GC invocations=164 (full 1):
 par new generation   total 184320K, used 169301K [0x00000000c0000000, 0x00000000cc800000, 0x00000000cc800000)
  eden space 163840K, 100% used [0x00000000c0000000, 0x00000000ca000000, 0x00000000ca000000)
  from space 20480K,  26% used [0x00000000ca000000, 0x00000000ca555460, 0x00000000cb400000)
  to   space 20480K,   0% used [0x00000000cb400000, 0x00000000cb400000, 0x00000000cc800000)
 concurrent mark-sweep generation total 843776K, used 450965K [0x00000000cc800000, 0x0000000100000000, 0x0000000100000000)
 Metaspace       used 41558K, capacity 42780K, committed 42904K, reserved 1087488K
  class space    used 5487K, capacity 5751K, committed 5784K, reserved 1048576K
2022-04-08T20:23:19.863+0000: 263595.024: [GC (Allocation Failure) 2022-04-08T20:23:19.864+0000: 263595.024: [ParNew
Desired survivor size 10485760 bytes, new threshold 1 (max 1)
- age   1:    8196464 bytes,    8196464 total
: 169301K->9838K(184320K), 0.0210839 secs] 620266K->460809K(1028096K), 0.0212746 secs] [Times: user=0.03 sys=0.00, real=0.02 secs] 
Heap after GC invocations=165 (full 1):
 par new generation   total 184320K, used 9838K [0x00000000c0000000, 0x00000000cc800000, 0x00000000cc800000)
  eden space 163840K,   0% used [0x00000000c0000000, 0x00000000c0000000, 0x00000000ca000000)
  from space 20480K,  48% used [0x00000000cb400000, 0x00000000cbd9bb00, 0x00000000cc800000)
  to   space 20480K,   0% used [0x00000000ca000000, 0x00000000ca000000, 0x00000000cb400000)
 concurrent mark-sweep generation total 843776K, used 450970K [0x00000000cc800000, 0x0000000100000000, 0x0000000100000000)
 Metaspace       used 41558K, capacity 42780K, committed 42904K, reserved 1087488K
  class space    used 5487K, capacity 5751K, committed 5784K, reserved 1048576K
}
2022-04-08T20:23:19.885+0000: 263595.046: Total time for which application threads were stopped: 0.0216373 seconds, Stopping threads took: 0.0000610 seconds
{Heap before GC invocations=165 (full 1):
 par new generation   total 184320K, used 173678K [0x00000000c0000000, 0x00000000cc800000, 0x00000000cc800000)
  eden space 163840K, 100% used [0x00000000c0000000, 0x00000000ca000000, 0x00000000ca000000)
  from space 20480K,  48% used [0x00000000cb400000, 0x00000000cbd9bb00, 0x00000000cc800000)
  to   space 20480K,   0% used [0x00000000ca000000, 0x00000000ca000000, 0x00000000cb400000)
 concurrent mark-sweep generation total 843776K, used 450970K [0x00000000cc800000, 0x0000000100000000, 0x0000000100000000)
 Metaspace       used 41558K, capacity 42780K, committed 42904K, reserved 1087488K
  class space    used 5487K, capacity 5751K, committed 5784K, reserved 1048576K
2022-04-08T20:51:40.357+0000: 265295.517: [GC (Allocation Failure) 2022-04-08T20:51:40.357+0000: 265295.517: [ParNew
Desired survivor size 10485760 bytes, new threshold 1 (max 1)
- age   1:    4219368 bytes,    4219368 total
: 173678K->8793K(184320K), 0.0324823 secs] 624649K->464822K(1028096K), 0.0326188 secs] [Times: user=0.05 sys=0.00, real=0.04 secs] 
Heap after GC invocations=166 (full 1):
 par new generation   total 184320K, used 8793K [0x00000000c0000000, 0x00000000cc800000, 0x00000000cc800000)
  eden space 163840K,   0% used [0x00000000c0000000, 0x00000000c0000000, 0x00000000ca000000)
  from space 20480K,  42% used [0x00000000ca000000, 0x00000000ca896658, 0x00000000cb400000)
  to   space 20480K,   0% used [0x00000000cb400000, 0x00000000cb400000, 0x00000000cc800000)
 concurrent mark-sweep generation total 843776K, used 456029K [0x00000000cc800000, 0x0000000100000000, 0x0000000100000000)
 Metaspace       used 41558K, capacity 42780K, committed 42904K, reserved 1087488K
  class space    used 5487K, capacity 5751K, committed 5784K, reserved 1048576K
}
2022-04-08T20:51:40.389+0000: 265295.550: Total time for which application threads were stopped: 0.0330270 seconds, Stopping threads took: 0.0000824 seconds
2022-04-08T21:10:10.607+0000: 266405.768: Total time for which application threads were stopped: 0.0002216 seconds, Stopping threads took: 0.0000556 seconds
{Heap before GC invocations=166 (full 1):
 par new generation   total 184320K, used 172633K [0x00000000c0000000, 0x00000000cc800000, 0x00000000cc800000)
  eden space 163840K, 100% used [0x00000000c0000000, 0x00000000ca000000, 0x00000000ca000000)
  from space 20480K,  42% used [0x00000000ca000000, 0x00000000ca896658, 0x00000000cb400000)
  to   space 20480K,   0% used [0x00000000cb400000, 0x00000000cb400000, 0x00000000cc800000)
 concurrent mark-sweep generation total 843776K, used 456029K [0x00000000cc800000, 0x0000000100000000, 0x0000000100000000)
 Metaspace       used 41571K, capacity 42796K, committed 42904K, reserved 1087488K
  class space    used 5487K, capacity 5751K, committed 5784K, reserved 1048576K
2022-04-08T21:16:41.094+0000: 266796.255: [GC (Allocation Failure) 2022-04-08T21:16:41.094+0000: 266796.255: [ParNew
Desired survivor size 10485760 bytes, new threshold 1 (max 1)
- age   1:    8300368 bytes,    8300368 total
: 172633K->9581K(184320K), 0.0254776 secs] 628662K->465615K(1028096K), 0.0256427 secs] [Times: user=0.04 sys=0.00, real=0.03 secs] 
Heap after GC invocations=167 (full 1):
 par new generation   total 184320K, used 9581K [0x00000000c0000000, 0x00000000cc800000, 0x00000000cc800000)
  eden space 163840K,   0% used [0x00000000c0000000, 0x00000000c0000000, 0x00000000ca000000)
  from space 20480K,  46% used [0x00000000cb400000, 0x00000000cbd5b6b8, 0x00000000cc800000)
  to   space 20480K,   0% used [0x00000000ca000000, 0x00000000ca000000, 0x00000000cb400000)
 concurrent mark-sweep generation total 843776K, used 456033K [0x00000000cc800000, 0x0000000100000000, 0x0000000100000000)
 Metaspace       used 41571K, capacity 42796K, committed 42904K, reserved 1087488K
  class space    used 5487K, capacity 5751K, committed 5784K, reserved 1048576K
}
2022-04-08T21:16:41.120+0000: 266796.281: Total time for which application threads were stopped: 0.0260224 seconds, Stopping threads took: 0.0000810 seconds
{Heap before GC invocations=167 (full 1):
 par new generation   total 184320K, used 173421K [0x00000000c0000000, 0x00000000cc800000, 0x00000000cc800000)
  eden space 163840K, 100% used [0x00000000c0000000, 0x00000000ca000000, 0x00000000ca000000)
  from space 20480K,  46% used [0x00000000cb400000, 0x00000000cbd5b6b8, 0x00000000cc800000)
  to   space 20480K,   0% used [0x00000000ca000000, 0x00000000ca000000, 0x00000000cb400000)
 concurrent mark-sweep generation total 843776K, used 456033K [0x00000000cc800000, 0x0000000100000000, 0x0000000100000000)
 Metaspace       used 41571K, capacity 42796K, committed 42904K, reserved 1087488K
  class space    used 5487K, capacity 5751K, committed 5784K, reserved 1048576K
2022-04-08T21:45:39.160+0000: 268534.321: [GC (Allocation Failure) 2022-04-08T21:45:39.160+0000: 268534.321: [ParNew
Desired survivor size 10485760 bytes, new threshold 1 (max 1)
- age   1:    3013896 bytes,    3013896 total
: 173421K->7936K(184320K), 0.4002113 secs] 629455K->470018K(1028096K), 0.4003597 secs] [Times: user=0.25 sys=0.03, real=0.40 secs] 
Heap after GC invocations=168 (full 1):
 par new generation   total 184320K, used 7936K [0x00000000c0000000, 0x00000000cc800000, 0x00000000cc800000)
  eden space 163840K,   0% used [0x00000000c0000000, 0x00000000c0000000, 0x00000000ca000000)
  from space 20480K,  38% used [0x00000000ca000000, 0x00000000ca7c0230, 0x00000000cb400000)
  to   space 20480K,   0% used [0x00000000cb400000, 0x00000000cb400000, 0x00000000cc800000)
 concurrent mark-sweep generation total 843776K, used 462081K [0x00000000cc800000, 0x0000000100000000, 0x0000000100000000)
 Metaspace       used 41571K, capacity 42796K, committed 42904K, reserved 1087488K
  class space    used 5487K, capacity 5751K, committed 5784K, reserved 1048576K
}
2022-04-08T21:45:39.561+0000: 268534.722: Total time for which application threads were stopped: 0.4007428 seconds, Stopping threads took: 0.0000650 seconds
2022-04-08T22:10:09.810+0000: 270004.971: Total time for which application threads were stopped: 0.1267873 seconds, Stopping threads took: 0.1264803 seconds
{Heap before GC invocations=168 (full 1):
 par new generation   total 184320K, used 171776K [0x00000000c0000000, 0x00000000cc800000, 0x00000000cc800000)
  eden space 163840K, 100% used [0x00000000c0000000, 0x00000000ca000000, 0x00000000ca000000)
  from space 20480K,  38% used [0x00000000ca000000, 0x00000000ca7c0230, 0x00000000cb400000)
  to   space 20480K,   0% used [0x00000000cb400000, 0x00000000cb400000, 0x00000000cc800000)
 concurrent mark-sweep generation total 843776K, used 462081K [0x00000000cc800000, 0x0000000100000000, 0x0000000100000000)
 Metaspace       used 41572K, capacity 42796K, committed 42904K, reserved 1087488K
  class space    used 5488K, capacity 5751K, committed 5784K, reserved 1048576K
2022-04-08T22:11:42.618+0000: 270097.779: [GC (Allocation Failure) 2022-04-08T22:11:42.618+0000: 270097.779: [ParNew
Desired survivor size 10485760 bytes, new threshold 1 (max 1)
- age   1:    6418848 bytes,    6418848 total
: 171776K->8221K(184320K), 0.0125633 secs] 633858K->470306K(1028096K), 0.0126984 secs] [Times: user=0.03 sys=0.00, real=0.02 secs] 
Heap after GC invocations=169 (full 1):
 par new generation   total 184320K, used 8221K [0x00000000c0000000, 0x00000000cc800000, 0x00000000cc800000)
  eden space 163840K,   0% used [0x00000000c0000000, 0x00000000c0000000, 0x00000000ca000000)
  from space 20480K,  40% used [0x00000000cb400000, 0x00000000cbc07598, 0x00000000cc800000)
  to   space 20480K,   0% used [0x00000000ca000000, 0x00000000ca000000, 0x00000000cb400000)
 concurrent mark-sweep generation total 843776K, used 462085K [0x00000000cc800000, 0x0000000100000000, 0x0000000100000000)
 Metaspace       used 41572K, capacity 42796K, committed 42904K, reserved 1087488K
  class space    used 5488K, capacity 5751K, committed 5784K, reserved 1048576K
}
2022-04-08T22:11:42.631+0000: 270097.792: Total time for which application threads were stopped: 0.0130481 seconds, Stopping threads took: 0.0000661 seconds
2022-04-08T22:21:11.677+0000: 270666.838: Total time for which application threads were stopped: 0.0002143 seconds, Stopping threads took: 0.0000651 seconds
{Heap before GC invocations=169 (full 1):
 par new generation   total 184320K, used 172061K [0x00000000c0000000, 0x00000000cc800000, 0x00000000cc800000)
  eden space 163840K, 100% used [0x00000000c0000000, 0x00000000ca000000, 0x00000000ca000000)
  from space 20480K,  40% used [0x00000000cb400000, 0x00000000cbc07598, 0x00000000cc800000)
  to   space 20480K,   0% used [0x00000000ca000000, 0x00000000ca000000, 0x00000000cb400000)
 concurrent mark-sweep generation total 843776K, used 462085K [0x00000000cc800000, 0x0000000100000000, 0x0000000100000000)
 Metaspace       used 41572K, capacity 42796K, committed 42904K, reserved 1087488K
  class space    used 5488K, capacity 5751K, committed 5784K, reserved 1048576K
2022-04-08T22:41:43.403+0000: 271898.564: [GC (Allocation Failure) 2022-04-08T22:41:43.403+0000: 271898.564: [ParNew
Desired survivor size 10485760 bytes, new threshold 1 (max 1)
- age   1:    4313624 bytes,    4313624 total
: 172061K->5388K(184320K), 0.1650428 secs] 634146K->472498K(1028096K), 0.1651649 secs] [Times: user=0.15 sys=0.03, real=0.17 secs] 
Heap after GC invocations=170 (full 1):
 par new generation   total 184320K, used 5388K [0x00000000c0000000, 0x00000000cc800000, 0x00000000cc800000)
  eden space 163840K,   0% used [0x00000000c0000000, 0x00000000c0000000, 0x00000000ca000000)
  from space 20480K,  26% used [0x00000000ca000000, 0x00000000ca543290, 0x00000000cb400000)
  to   space 20480K,   0% used [0x00000000cb400000, 0x00000000cb400000, 0x00000000cc800000)
 concurrent mark-sweep generation total 843776K, used 467110K [0x00000000cc800000, 0x0000000100000000, 0x0000000100000000)
 Metaspace       used 41572K, capacity 42796K, committed 42904K, reserved 1087488K
  class space    used 5488K, capacity 5751K, committed 5784K, reserved 1048576K
}
2022-04-08T22:41:43.568+0000: 271898.729: Total time for which application threads were stopped: 0.1654812 seconds, Stopping threads took: 0.0000579 seconds
{Heap before GC invocations=170 (full 1):
 par new generation   total 184320K, used 169228K [0x00000000c0000000, 0x00000000cc800000, 0x00000000cc800000)
  eden space 163840K, 100% used [0x00000000c0000000, 0x00000000ca000000, 0x00000000ca000000)
  from space 20480K,  26% used [0x00000000ca000000, 0x00000000ca543290, 0x00000000cb400000)
  to   space 20480K,   0% used [0x00000000cb400000, 0x00000000cb400000, 0x00000000cc800000)
 concurrent mark-sweep generation total 843776K, used 467110K [0x00000000cc800000, 0x0000000100000000, 0x0000000100000000)
 Metaspace       used 41572K, capacity 42796K, committed 42904K, reserved 1087488K
  class space    used 5488K, capacity 5751K, committed 5784K, reserved 1048576K
2022-04-08T23:07:44.331+0000: 273459.492: [GC (Allocation Failure) 2022-04-08T23:07:44.331+0000: 273459.492: [ParNew
Desired survivor size 10485760 bytes, new threshold 1 (max 1)
- age   1:    3019016 bytes,    3019016 total
: 169228K->4678K(184320K), 0.0167624 secs] 636338K->471792K(1028096K), 0.0169583 secs] [Times: user=0.03 sys=0.00, real=0.02 secs] 
Heap after GC invocations=171 (full 1):
 par new generation   total 184320K, used 4678K [0x00000000c0000000, 0x00000000cc800000, 0x00000000cc800000)
  eden space 163840K,   0% used [0x00000000c0000000, 0x00000000c0000000, 0x00000000ca000000)
  from space 20480K,  22% used [0x00000000cb400000, 0x00000000cb8918f8, 0x00000000cc800000)
  to   space 20480K,   0% used [0x00000000ca000000, 0x00000000ca000000, 0x00000000cb400000)
 concurrent mark-sweep generation total 843776K, used 467114K [0x00000000cc800000, 0x0000000100000000, 0x0000000100000000)
 Metaspace       used 41572K, capacity 42796K, committed 42904K, reserved 1087488K
  class space    used 5488K, capacity 5751K, committed 5784K, reserved 1048576K
}
2022-04-08T23:07:44.348+0000: 273459.509: Total time for which application threads were stopped: 0.0173841 seconds, Stopping threads took: 0.0000921 seconds
2022-04-08T23:10:10.368+0000: 273605.529: Total time for which application threads were stopped: 0.0002451 seconds, Stopping threads took: 0.0000606 seconds
2022-04-08T23:10:13.369+0000: 273608.529: Total time for which application threads were stopped: 0.0002046 seconds, Stopping threads took: 0.0000431 seconds
{Heap before GC invocations=171 (full 1):
 par new generation   total 184320K, used 168518K [0x00000000c0000000, 0x00000000cc800000, 0x00000000cc800000)
  eden space 163840K, 100% used [0x00000000c0000000, 0x00000000ca000000, 0x00000000ca000000)
  from space 20480K,  22% used [0x00000000cb400000, 0x00000000cb8918f8, 0x00000000cc800000)
  to   space 20480K,   0% used [0x00000000ca000000, 0x00000000ca000000, 0x00000000cb400000)
 concurrent mark-sweep generation total 843776K, used 467114K [0x00000000cc800000, 0x0000000100000000, 0x0000000100000000)
 Metaspace       used 41572K, capacity 42796K, committed 42904K, reserved 1087488K
  class space    used 5488K, capacity 5751K, committed 5784K, reserved 1048576K
2022-04-08T23:36:45.074+0000: 275200.235: [GC (Allocation Failure) 2022-04-08T23:36:45.074+0000: 275200.235: [ParNew
Desired survivor size 10485760 bytes, new threshold 1 (max 1)
- age   1:    5449032 bytes,    5449032 total
: 168518K->5513K(184320K), 0.0375041 secs] 635632K->475544K(1028096K), 0.0376635 secs] [Times: user=0.05 sys=0.00, real=0.04 secs] 
Heap after GC invocations=172 (full 1):
 par new generation   total 184320K, used 5513K [0x00000000c0000000, 0x00000000cc800000, 0x00000000cc800000)
  eden space 163840K,   0% used [0x00000000c0000000, 0x00000000c0000000, 0x00000000ca000000)
  from space 20480K,  26% used [0x00000000ca000000, 0x00000000ca5625b0, 0x00000000cb400000)
  to   space 20480K,   0% used [0x00000000cb400000, 0x00000000cb400000, 0x00000000cc800000)
 concurrent mark-sweep generation total 843776K, used 470030K [0x00000000cc800000, 0x0000000100000000, 0x0000000100000000)
 Metaspace       used 41572K, capacity 42796K, committed 42904K, reserved 1087488K
  class space    used 5488K, capacity 5751K, committed 5784K, reserved 1048576K
}
2022-04-08T23:36:45.112+0000: 275200.272: Total time for which application threads were stopped: 0.0381933 seconds, Stopping threads took: 0.0000800 seconds
2022-04-08T23:36:46.112+0000: 275201.273: Total time for which application threads were stopped: 0.0001914 seconds, Stopping threads took: 0.0000423 seconds
{Heap before GC invocations=172 (full 1):
 par new generation   total 184320K, used 169353K [0x00000000c0000000, 0x00000000cc800000, 0x00000000cc800000)
  eden space 163840K, 100% used [0x00000000c0000000, 0x00000000ca000000, 0x00000000ca000000)
  from space 20480K,  26% used [0x00000000ca000000, 0x00000000ca5625b0, 0x00000000cb400000)
  to   space 20480K,   0% used [0x00000000cb400000, 0x00000000cb400000, 0x00000000cc800000)
 concurrent mark-sweep generation total 843776K, used 470030K [0x00000000cc800000, 0x0000000100000000, 0x0000000100000000)
 Metaspace       used 41572K, capacity 42796K, committed 42904K, reserved 1087488K
  class space    used 5488K, capacity 5751K, committed 5784K, reserved 1048576K
2022-04-09T00:05:09.420+0000: 276904.581: [GC (Allocation Failure) 2022-04-09T00:05:09.420+0000: 276904.581: [ParNew
Desired survivor size 10485760 bytes, new threshold 1 (max 1)
- age   1:    4119656 bytes,    4119656 total
: 169353K->5952K(184320K), 0.1550013 secs] 639384K->478079K(1028096K), 0.1552013 secs] [Times: user=0.12 sys=0.04, real=0.15 secs] 
Heap after GC invocations=173 (full 1):
 par new generation   total 184320K, used 5952K [0x00000000c0000000, 0x00000000cc800000, 0x00000000cc800000)
  eden space 163840K,   0% used [0x00000000c0000000, 0x00000000c0000000, 0x00000000ca000000)
  from space 20480K,  29% used [0x00000000cb400000, 0x00000000cb9d02a0, 0x00000000cc800000)
  to   space 20480K,   0% used [0x00000000ca000000, 0x00000000ca000000, 0x00000000cb400000)
 concurrent mark-sweep generation total 843776K, used 472126K [0x00000000cc800000, 0x0000000100000000, 0x0000000100000000)
 Metaspace       used 41572K, capacity 42796K, committed 42904K, reserved 1087488K
  class space    used 5488K, capacity 5751K, committed 5784K, reserved 1048576K
}
2022-04-09T00:05:09.575+0000: 276904.736: Total time for which application threads were stopped: 0.1555906 seconds, Stopping threads took: 0.0000703 seconds
2022-04-09T00:10:10.601+0000: 277205.761: Total time for which application threads were stopped: 0.0002765 seconds, Stopping threads took: 0.0000623 seconds
2022-04-09T00:10:13.601+0000: 277208.762: Total time for which application threads were stopped: 0.0002158 seconds, Stopping threads took: 0.0000432 seconds
{Heap before GC invocations=173 (full 1):
 par new generation   total 184320K, used 169792K [0x00000000c0000000, 0x00000000cc800000, 0x00000000cc800000)
  eden space 163840K, 100% used [0x00000000c0000000, 0x00000000ca000000, 0x00000000ca000000)
  from space 20480K,  29% used [0x00000000cb400000, 0x00000000cb9d02a0, 0x00000000cc800000)
  to   space 20480K,   0% used [0x00000000ca000000, 0x00000000ca000000, 0x00000000cb400000)
 concurrent mark-sweep generation total 843776K, used 472126K [0x00000000cc800000, 0x0000000100000000, 0x0000000100000000)
 Metaspace       used 41573K, capacity 42796K, committed 42904K, reserved 1087488K
  class space    used 5488K, capacity 5751K, committed 5784K, reserved 1048576K
2022-04-09T00:26:46.584+0000: 278201.745: [GC (Allocation Failure) 2022-04-09T00:26:46.584+0000: 278201.745: [ParNew
Desired survivor size 10485760 bytes, new threshold 1 (max 1)
- age   1:    9489392 bytes,    9489392 total
: 169792K->10073K(184320K), 0.0212899 secs] 641919K->483278K(1028096K), 0.0214207 secs] [Times: user=0.03 sys=0.00, real=0.02 secs] 
Heap after GC invocations=174 (full 1):
 par new generation   total 184320K, used 10073K [0x00000000c0000000, 0x00000000cc800000, 0x00000000cc800000)
  eden space 163840K,   0% used [0x00000000c0000000, 0x00000000c0000000, 0x00000000ca000000)
  from space 20480K,  49% used [0x00000000ca000000, 0x00000000ca9d6558, 0x00000000cb400000)
  to   space 20480K,   0% used [0x00000000cb400000, 0x00000000cb400000, 0x00000000cc800000)
 concurrent mark-sweep generation total 843776K, used 473205K [0x00000000cc800000, 0x0000000100000000, 0x0000000100000000)
 Metaspace       used 41573K, capacity 42796K, committed 42904K, reserved 1087488K
  class space    used 5488K, capacity 5751K, committed 5784K, reserved 1048576K
}
2022-04-09T00:26:46.606+0000: 278201.766: Total time for which application threads were stopped: 0.0217593 seconds, Stopping threads took: 0.0000577 seconds
2022-04-09T00:26:47.606+0000: 278202.767: Total time for which application threads were stopped: 0.0001920 seconds, Stopping threads took: 0.0000431 seconds
2022-04-09T00:51:11.852+0000: 279667.013: Total time for which application threads were stopped: 0.0002143 seconds, Stopping threads took: 0.0000581 seconds
{Heap before GC invocations=174 (full 1):
 par new generation   total 184320K, used 173913K [0x00000000c0000000, 0x00000000cc800000, 0x00000000cc800000)
  eden space 163840K, 100% used [0x00000000c0000000, 0x00000000ca000000, 0x00000000ca000000)
  from space 20480K,  49% used [0x00000000ca000000, 0x00000000ca9d6558, 0x00000000cb400000)
  to   space 20480K,   0% used [0x00000000cb400000, 0x00000000cb400000, 0x00000000cc800000)
 concurrent mark-sweep generation total 843776K, used 473205K [0x00000000cc800000, 0x0000000100000000, 0x0000000100000000)
 Metaspace       used 41577K, capacity 42796K, committed 42904K, reserved 1087488K
  class space    used 5488K, capacity 5751K, committed 5784K, reserved 1048576K
2022-04-09T00:56:47.360+0000: 280002.521: [GC (Allocation Failure) 2022-04-09T00:56:47.360+0000: 280002.521: [ParNew
Desired survivor size 10485760 bytes, new threshold 1 (max 1)
- age   1:    3217968 bytes,    3217968 total
: 173913K->6411K(184320K), 0.0402435 secs] 647118K->484655K(1028096K), 0.0404116 secs] [Times: user=0.04 sys=0.00, real=0.04 secs] 
Heap after GC invocations=175 (full 1):
 par new generation   total 184320K, used 6411K [0x00000000c0000000, 0x00000000cc800000, 0x00000000cc800000)
  eden space 163840K,   0% used [0x00000000c0000000, 0x00000000c0000000, 0x00000000ca000000)
  from space 20480K,  31% used [0x00000000cb400000, 0x00000000cba42f30, 0x00000000cc800000)
  to   space 20480K,   0% used [0x00000000ca000000, 0x00000000ca000000, 0x00000000cb400000)
 concurrent mark-sweep generation total 843776K, used 478243K [0x00000000cc800000, 0x0000000100000000, 0x0000000100000000)
 Metaspace       used 41577K, capacity 42796K, committed 42904K, reserved 1087488K
  class space    used 5488K, capacity 5751K, committed 5784K, reserved 1048576K
}
2022-04-09T00:56:47.400+0000: 280002.561: Total time for which application threads were stopped: 0.0407474 seconds, Stopping threads took: 0.0000603 seconds
2022-04-09T01:10:10.595+0000: 280805.756: Total time for which application threads were stopped: 0.0002937 seconds, Stopping threads took: 0.0000627 seconds
{Heap before GC invocations=175 (full 1):
 par new generation   total 184320K, used 170251K [0x00000000c0000000, 0x00000000cc800000, 0x00000000cc800000)
  eden space 163840K, 100% used [0x00000000c0000000, 0x00000000ca000000, 0x00000000ca000000)
  from space 20480K,  31% used [0x00000000cb400000, 0x00000000cba42f30, 0x00000000cc800000)
  to   space 20480K,   0% used [0x00000000ca000000, 0x00000000ca000000, 0x00000000cb400000)
 concurrent mark-sweep generation total 843776K, used 478243K [0x00000000cc800000, 0x0000000100000000, 0x0000000100000000)
 Metaspace       used 41582K, capacity 42796K, committed 42904K, reserved 1087488K
  class space    used 5488K, capacity 5751K, committed 5784K, reserved 1048576K
2022-04-09T01:21:52.171+0000: 281507.332: [GC (Allocation Failure) 2022-04-09T01:21:52.171+0000: 281507.332: [ParNew
Desired survivor size 10485760 bytes, new threshold 1 (max 1)
- age   1:    8175264 bytes,    8175264 total
: 170251K->9374K(184320K), 0.1422307 secs] 648495K->487622K(1028096K), 0.1423841 secs] [Times: user=0.12 sys=0.03, real=0.14 secs] 
Heap after GC invocations=176 (full 1):
 par new generation   total 184320K, used 9374K [0x00000000c0000000, 0x00000000cc800000, 0x00000000cc800000)
  eden space 163840K,   0% used [0x00000000c0000000, 0x00000000c0000000, 0x00000000ca000000)
  from space 20480K,  45% used [0x00000000ca000000, 0x00000000ca927a98, 0x00000000cb400000)
  to   space 20480K,   0% used [0x00000000cb400000, 0x00000000cb400000, 0x00000000cc800000)
 concurrent mark-sweep generation total 843776K, used 478247K [0x00000000cc800000, 0x0000000100000000, 0x0000000100000000)
 Metaspace       used 41582K, capacity 42796K, committed 42904K, reserved 1087488K
  class space    used 5488K, capacity 5751K, committed 5784K, reserved 1048576K
}
2022-04-09T01:21:52.314+0000: 281507.475: Total time for which application threads were stopped: 0.1427481 seconds, Stopping threads took: 0.0000783 seconds
2022-04-09T01:21:53.315+0000: 281508.476: Total time for which application threads were stopped: 0.0001897 seconds, Stopping threads took: 0.0000424 seconds
{Heap before GC invocations=176 (full 1):
 par new generation   total 184320K, used 173214K [0x00000000c0000000, 0x00000000cc800000, 0x00000000cc800000)
  eden space 163840K, 100% used [0x00000000c0000000, 0x00000000ca000000, 0x00000000ca000000)
  from space 20480K,  45% used [0x00000000ca000000, 0x00000000ca927a98, 0x00000000cb400000)
  to   space 20480K,   0% used [0x00000000cb400000, 0x00000000cb400000, 0x00000000cc800000)
 concurrent mark-sweep generation total 843776K, used 478247K [0x00000000cc800000, 0x0000000100000000, 0x0000000100000000)
 Metaspace       used 41582K, capacity 42796K, committed 42904K, reserved 1087488K
  class space    used 5488K, capacity 5751K, committed 5784K, reserved 1048576K
2022-04-09T01:51:48.921+0000: 283304.081: [GC (Allocation Failure) 2022-04-09T01:51:48.921+0000: 283304.081: [ParNew
Desired survivor size 10485760 bytes, new threshold 1 (max 1)
- age   1:    4089768 bytes,    4089768 total
: 173214K->8865K(184320K), 0.1738040 secs] 651462K->492150K(1028096K), 0.1739613 secs] [Times: user=0.15 sys=0.04, real=0.17 secs] 
Heap after GC invocations=177 (full 1):
 par new generation   total 184320K, used 8865K [0x00000000c0000000, 0x00000000cc800000, 0x00000000cc800000)
  eden space 163840K,   0% used [0x00000000c0000000, 0x00000000c0000000, 0x00000000ca000000)
  from space 20480K,  43% used [0x00000000cb400000, 0x00000000cbca85b0, 0x00000000cc800000)
  to   space 20480K,   0% used [0x00000000ca000000, 0x00000000ca000000, 0x00000000cb400000)
 concurrent mark-sweep generation total 843776K, used 483285K [0x00000000cc800000, 0x0000000100000000, 0x0000000100000000)
 Metaspace       used 41582K, capacity 42796K, committed 42904K, reserved 1087488K
  class space    used 5488K, capacity 5751K, committed 5784K, reserved 1048576K
}
2022-04-09T01:51:49.095+0000: 283304.255: Total time for which application threads were stopped: 0.1743315 seconds, Stopping threads took: 0.0000831 seconds
{Heap before GC invocations=177 (full 1):
 par new generation   total 184320K, used 172705K [0x00000000c0000000, 0x00000000cc800000, 0x00000000cc800000)
  eden space 163840K, 100% used [0x00000000c0000000, 0x00000000ca000000, 0x00000000ca000000)
  from space 20480K,  43% used [0x00000000cb400000, 0x00000000cbca85b0, 0x00000000cc800000)
  to   space 20480K,   0% used [0x00000000ca000000, 0x00000000ca000000, 0x00000000cb400000)
 concurrent mark-sweep generation total 843776K, used 483285K [0x00000000cc800000, 0x0000000100000000, 0x0000000100000000)
 Metaspace       used 41583K, capacity 42796K, committed 42904K, reserved 1087488K
  class space    used 5488K, capacity 5751K, committed 5784K, reserved 1048576K
2022-04-09T02:21:25.411+0000: 285080.571: [GC (Allocation Failure) 2022-04-09T02:21:25.411+0000: 285080.571: [ParNew
Desired survivor size 10485760 bytes, new threshold 1 (max 1)
- age   1:    7095288 bytes,    7095288 total
: 172705K->8465K(184320K), 0.1571906 secs] 655990K->491754K(1028096K), 0.1573468 secs] [Times: user=0.12 sys=0.03, real=0.16 secs] 
Heap after GC invocations=178 (full 1):
 par new generation   total 184320K, used 8465K [0x00000000c0000000, 0x00000000cc800000, 0x00000000cc800000)
  eden space 163840K,   0% used [0x00000000c0000000, 0x00000000c0000000, 0x00000000ca000000)
  from space 20480K,  41% used [0x00000000ca000000, 0x00000000ca844538, 0x00000000cb400000)
  to   space 20480K,   0% used [0x00000000cb400000, 0x00000000cb400000, 0x00000000cc800000)
 concurrent mark-sweep generation total 843776K, used 483288K [0x00000000cc800000, 0x0000000100000000, 0x0000000100000000)
 Metaspace       used 41583K, capacity 42796K, committed 42904K, reserved 1087488K
  class space    used 5488K, capacity 5751K, committed 5784K, reserved 1048576K
}
2022-04-09T02:21:25.568+0000: 285080.729: Total time for which application threads were stopped: 0.1577044 seconds, Stopping threads took: 0.0000606 seconds
{Heap before GC invocations=178 (full 1):
 par new generation   total 184320K, used 172305K [0x00000000c0000000, 0x00000000cc800000, 0x00000000cc800000)
  eden space 163840K, 100% used [0x00000000c0000000, 0x00000000ca000000, 0x00000000ca000000)
  from space 20480K,  41% used [0x00000000ca000000, 0x00000000ca844538, 0x00000000cb400000)
  to   space 20480K,   0% used [0x00000000cb400000, 0x00000000cb400000, 0x00000000cc800000)
 concurrent mark-sweep generation total 843776K, used 483288K [0x00000000cc800000, 0x0000000100000000, 0x0000000100000000)
 Metaspace       used 41583K, capacity 42796K, committed 42904K, reserved 1087488K
  class space    used 5488K, capacity 5751K, committed 5784K, reserved 1048576K
2022-04-09T02:46:50.620+0000: 286605.781: [GC (Allocation Failure) 2022-04-09T02:46:50.620+0000: 286605.781: [ParNew
Desired survivor size 10485760 bytes, new threshold 1 (max 1)
- age   1:    3033784 bytes,    3033784 total
: 172305K->7755K(184320K), 0.0393607 secs] 655594K->496052K(1028096K), 0.0395092 secs] [Times: user=0.05 sys=0.00, real=0.03 secs] 
Heap after GC invocations=179 (full 1):
 par new generation   total 184320K, used 7755K [0x00000000c0000000, 0x00000000cc800000, 0x00000000cc800000)
  eden space 163840K,   0% used [0x00000000c0000000, 0x00000000c0000000, 0x00000000ca000000)
  from space 20480K,  37% used [0x00000000cb400000, 0x00000000cbb92db0, 0x00000000cc800000)
  to   space 20480K,   0% used [0x00000000ca000000, 0x00000000ca000000, 0x00000000cb400000)
 concurrent mark-sweep generation total 843776K, used 488297K [0x00000000cc800000, 0x0000000100000000, 0x0000000100000000)
 Metaspace       used 41583K, capacity 42796K, committed 42904K, reserved 1087488K
  class space    used 5488K, capacity 5751K, committed 5784K, reserved 1048576K
}
2022-04-09T02:46:50.659+0000: 286605.820: Total time for which application threads were stopped: 0.0398631 seconds, Stopping threads took: 0.0000590 seconds
2022-04-09T03:10:09.902+0000: 288005.063: Total time for which application threads were stopped: 0.0003364 seconds, Stopping threads took: 0.0000970 seconds
2022-04-09T03:10:10.902+0000: 288006.063: Total time for which application threads were stopped: 0.0001697 seconds, Stopping threads took: 0.0000383 seconds
{Heap before GC invocations=179 (full 1):
 par new generation   total 184320K, used 171595K [0x00000000c0000000, 0x00000000cc800000, 0x00000000cc800000)
  eden space 163840K, 100% used [0x00000000c0000000, 0x00000000ca000000, 0x00000000ca000000)
  from space 20480K,  37% used [0x00000000cb400000, 0x00000000cbb92db0, 0x00000000cc800000)
  to   space 20480K,   0% used [0x00000000ca000000, 0x00000000ca000000, 0x00000000cb400000)
 concurrent mark-sweep generation total 843776K, used 488297K [0x00000000cc800000, 0x0000000100000000, 0x0000000100000000)
 Metaspace       used 41588K, capacity 42796K, committed 42904K, reserved 1087488K
  class space    used 5488K, capacity 5751K, committed 5784K, reserved 1048576K
2022-04-09T03:11:51.348+0000: 288106.509: [GC (Allocation Failure) 2022-04-09T03:11:51.348+0000: 288106.509: [ParNew
Desired survivor size 10485760 bytes, new threshold 1 (max 1)
- age   1:    7526616 bytes,    7526616 total
: 171595K->8170K(184320K), 0.0254813 secs] 659892K->496470K(1028096K), 0.0256044 secs] [Times: user=0.02 sys=0.00, real=0.02 secs] 
Heap after GC invocations=180 (full 1):
 par new generation   total 184320K, used 8170K [0x00000000c0000000, 0x00000000cc800000, 0x00000000cc800000)
  eden space 163840K,   0% used [0x00000000c0000000, 0x00000000c0000000, 0x00000000ca000000)
  from space 20480K,  39% used [0x00000000ca000000, 0x00000000ca7fa878, 0x00000000cb400000)
  to   space 20480K,   0% used [0x00000000cb400000, 0x00000000cb400000, 0x00000000cc800000)
 concurrent mark-sweep generation total 843776K, used 488300K [0x00000000cc800000, 0x0000000100000000, 0x0000000100000000)
 Metaspace       used 41588K, capacity 42796K, committed 42904K, reserved 1087488K
  class space    used 5488K, capacity 5751K, committed 5784K, reserved 1048576K
}
2022-04-09T03:11:51.374+0000: 288106.535: Total time for which application threads were stopped: 0.0259761 seconds, Stopping threads took: 0.0000796 seconds
2022-04-09T03:11:52.375+0000: 288107.536: Total time for which application threads were stopped: 0.0001908 seconds, Stopping threads took: 0.0000423 seconds
{Heap before GC invocations=180 (full 1):
 par new generation   total 184320K, used 172010K [0x00000000c0000000, 0x00000000cc800000, 0x00000000cc800000)
  eden space 163840K, 100% used [0x00000000c0000000, 0x00000000ca000000, 0x00000000ca000000)
  from space 20480K,  39% used [0x00000000ca000000, 0x00000000ca7fa878, 0x00000000cb400000)
  to   space 20480K,   0% used [0x00000000cb400000, 0x00000000cb400000, 0x00000000cc800000)
 concurrent mark-sweep generation total 843776K, used 488300K [0x00000000cc800000, 0x0000000100000000, 0x0000000100000000)
 Metaspace       used 41588K, capacity 42796K, committed 42904K, reserved 1087488K
  class space    used 5488K, capacity 5751K, committed 5784K, reserved 1048576K
2022-04-09T03:41:52.148+0000: 289907.309: [GC (Allocation Failure) 2022-04-09T03:41:52.149+0000: 289907.309: [ParNew
Desired survivor size 10485760 bytes, new threshold 1 (max 1)
- age   1:    4148088 bytes,    4148088 total
: 172010K->6910K(184320K), 0.2843625 secs] 660310K->501313K(1028096K), 0.2845341 secs] [Times: user=0.26 sys=0.03, real=0.28 secs] 
Heap after GC invocations=181 (full 1):
 par new generation   total 184320K, used 6910K [0x00000000c0000000, 0x00000000cc800000, 0x00000000cc800000)
  eden space 163840K,   0% used [0x00000000c0000000, 0x00000000c0000000, 0x00000000ca000000)
  from space 20480K,  33% used [0x00000000cb400000, 0x00000000cbabfa10, 0x00000000cc800000)
  to   space 20480K,   0% used [0x00000000ca000000, 0x00000000ca000000, 0x00000000cb400000)
 concurrent mark-sweep generation total 843776K, used 494402K [0x00000000cc800000, 0x0000000100000000, 0x0000000100000000)
 Metaspace       used 41588K, capacity 42796K, committed 42904K, reserved 1087488K
  class space    used 5488K, capacity 5751K, committed 5784K, reserved 1048576K
}
2022-04-09T03:41:52.433+0000: 289907.594: Total time for which application threads were stopped: 0.2849157 seconds, Stopping threads took: 0.0000856 seconds
{Heap before GC invocations=181 (full 1):
 par new generation   total 184320K, used 170750K [0x00000000c0000000, 0x00000000cc800000, 0x00000000cc800000)
  eden space 163840K, 100% used [0x00000000c0000000, 0x00000000ca000000, 0x00000000ca000000)
  from space 20480K,  33% used [0x00000000cb400000, 0x00000000cbabfa10, 0x00000000cc800000)
  to   space 20480K,   0% used [0x00000000ca000000, 0x00000000ca000000, 0x00000000cb400000)
 concurrent mark-sweep generation total 843776K, used 494402K [0x00000000cc800000, 0x0000000100000000, 0x0000000100000000)
 Metaspace       used 41588K, capacity 42796K, committed 42904K, reserved 1087488K
  class space    used 5488K, capacity 5751K, committed 5784K, reserved 1048576K
2022-04-09T04:09:00.399+0000: 291535.560: [GC (Allocation Failure) 2022-04-09T04:09:00.399+0000: 291535.560: [ParNew
Desired survivor size 10485760 bytes, new threshold 1 (max 1)
- age   1:    4063712 bytes,    4063712 total
: 170750K->4854K(184320K), 0.0173830 secs] 665153K->499261K(1028096K), 0.0175292 secs] [Times: user=0.03 sys=0.00, real=0.02 secs] 
Heap after GC invocations=182 (full 1):
 par new generation   total 184320K, used 4854K [0x00000000c0000000, 0x00000000cc800000, 0x00000000cc800000)
  eden space 163840K,   0% used [0x00000000c0000000, 0x00000000c0000000, 0x00000000ca000000)
  from space 20480K,  23% used [0x00000000ca000000, 0x00000000ca4bd978, 0x00000000cb400000)
  to   space 20480K,   0% used [0x00000000cb400000, 0x00000000cb400000, 0x00000000cc800000)
 concurrent mark-sweep generation total 843776K, used 494406K [0x00000000cc800000, 0x0000000100000000, 0x0000000100000000)
 Metaspace       used 41588K, capacity 42796K, committed 42904K, reserved 1087488K
  class space    used 5488K, capacity 5751K, committed 5784K, reserved 1048576K
}
2022-04-09T04:09:00.416+0000: 291535.577: Total time for which application threads were stopped: 0.0178833 seconds, Stopping threads took: 0.0000611 seconds
{Heap before GC invocations=182 (full 1):
 par new generation   total 184320K, used 167675K [0x00000000c0000000, 0x00000000cc800000, 0x00000000cc800000)
  eden space 163840K,  99% used [0x00000000c0000000, 0x00000000c9f01488, 0x00000000ca000000)
  from space 20480K,  23% used [0x00000000ca000000, 0x00000000ca4bd978, 0x00000000cb400000)
  to   space 20480K,   0% used [0x00000000cb400000, 0x00000000cb400000, 0x00000000cc800000)
 concurrent mark-sweep generation total 843776K, used 494406K [0x00000000cc800000, 0x0000000100000000, 0x0000000100000000)
 Metaspace       used 41588K, capacity 42796K, committed 42904K, reserved 1087488K
  class space    used 5488K, capacity 5751K, committed 5784K, reserved 1048576K
2022-04-09T04:36:54.071+0000: 293209.231: [GC (Allocation Failure) 2022-04-09T04:36:54.071+0000: 293209.232: [ParNew
Desired survivor size 10485760 bytes, new threshold 1 (max 1)
- age   1:    5382888 bytes,    5382888 total
: 167675K->6892K(184320K), 0.0301928 secs] 662082K->504216K(1028096K), 0.0303524 secs] [Times: user=0.05 sys=0.00, real=0.03 secs] 
Heap after GC invocations=183 (full 1):
 par new generation   total 184320K, used 6892K [0x00000000c0000000, 0x00000000cc800000, 0x00000000cc800000)
  eden space 163840K,   0% used [0x00000000c0000000, 0x00000000c0000000, 0x00000000ca000000)
  from space 20480K,  33% used [0x00000000cb400000, 0x00000000cbabb300, 0x00000000cc800000)
  to   space 20480K,   0% used [0x00000000ca000000, 0x00000000ca000000, 0x00000000cb400000)
 concurrent mark-sweep generation total 843776K, used 497323K [0x00000000cc800000, 0x0000000100000000, 0x0000000100000000)
 Metaspace       used 41588K, capacity 42796K, committed 42904K, reserved 1087488K
  class space    used 5488K, capacity 5751K, committed 5784K, reserved 1048576K
}
2022-04-09T04:36:54.101+0000: 293209.262: Total time for which application threads were stopped: 0.0308090 seconds, Stopping threads took: 0.0000813 seconds
{Heap before GC invocations=183 (full 1):
 par new generation   total 184320K, used 170732K [0x00000000c0000000, 0x00000000cc800000, 0x00000000cc800000)
  eden space 163840K, 100% used [0x00000000c0000000, 0x00000000ca000000, 0x00000000ca000000)
  from space 20480K,  33% used [0x00000000cb400000, 0x00000000cbabb300, 0x00000000cc800000)
  to   space 20480K,   0% used [0x00000000ca000000, 0x00000000ca000000, 0x00000000cb400000)
 concurrent mark-sweep generation total 843776K, used 497323K [0x00000000cc800000, 0x0000000100000000, 0x0000000100000000)
 Metaspace       used 41588K, capacity 42796K, committed 42904K, reserved 1087488K
  class space    used 5488K, capacity 5751K, committed 5784K, reserved 1048576K
2022-04-09T05:06:54.858+0000: 295010.019: [GC (Allocation Failure) 2022-04-09T05:06:54.858+0000: 295010.019: [ParNew
Desired survivor size 10485760 bytes, new threshold 1 (max 1)
- age   1:    4169376 bytes,    4169376 total
: 170732K->4637K(184320K), 0.0375496 secs] 668056K->504071K(1028096K), 0.0376974 secs] [Times: user=0.04 sys=0.00, real=0.04 secs] 
Heap after GC invocations=184 (full 1):
 par new generation   total 184320K, used 4637K [0x00000000c0000000, 0x00000000cc800000, 0x00000000cc800000)
  eden space 163840K,   0% used [0x00000000c0000000, 0x00000000c0000000, 0x00000000ca000000)
  from space 20480K,  22% used [0x00000000ca000000, 0x00000000ca4874a0, 0x00000000cb400000)
  to   space 20480K,   0% used [0x00000000cb400000, 0x00000000cb400000, 0x00000000cc800000)
 concurrent mark-sweep generation total 843776K, used 499434K [0x00000000cc800000, 0x0000000100000000, 0x0000000100000000)
 Metaspace       used 41588K, capacity 42796K, committed 42904K, reserved 1087488K
  class space    used 5488K, capacity 5751K, committed 5784K, reserved 1048576K
}
2022-04-09T05:06:54.896+0000: 295010.056: Total time for which application threads were stopped: 0.0381139 seconds, Stopping threads took: 0.0000911 seconds
{Heap before GC invocations=184 (full 1):
 par new generation   total 184320K, used 168477K [0x00000000c0000000, 0x00000000cc800000, 0x00000000cc800000)
  eden space 163840K, 100% used [0x00000000c0000000, 0x00000000ca000000, 0x00000000ca000000)
  from space 20480K,  22% used [0x00000000ca000000, 0x00000000ca4874a0, 0x00000000cb400000)
  to   space 20480K,   0% used [0x00000000cb400000, 0x00000000cb400000, 0x00000000cc800000)
 concurrent mark-sweep generation total 843776K, used 499434K [0x00000000cc800000, 0x0000000100000000, 0x0000000100000000)
 Metaspace       used 41588K, capacity 42796K, committed 42904K, reserved 1087488K
  class space    used 5488K, capacity 5751K, committed 5784K, reserved 1048576K
2022-04-09T05:31:55.666+0000: 296510.827: [GC (Allocation Failure) 2022-04-09T05:31:55.666+0000: 296510.827: [ParNew
Desired survivor size 10485760 bytes, new threshold 1 (max 1)
- age   1:    7149584 bytes,    7149584 total
: 168477K->8599K(184320K), 0.3943254 secs] 667911K->509183K(1028096K), 0.3944877 secs] [Times: user=0.24 sys=0.03, real=0.40 secs] 
Heap after GC invocations=185 (full 1):
 par new generation   total 184320K, used 8599K [0x00000000c0000000, 0x00000000cc800000, 0x00000000cc800000)
  eden space 163840K,   0% used [0x00000000c0000000, 0x00000000c0000000, 0x00000000ca000000)
  from space 20480K,  41% used [0x00000000cb400000, 0x00000000cbc65ce0, 0x00000000cc800000)
  to   space 20480K,   0% used [0x00000000ca000000, 0x00000000ca000000, 0x00000000cb400000)
 concurrent mark-sweep generation total 843776K, used 500583K [0x00000000cc800000, 0x0000000100000000, 0x0000000100000000)
 Metaspace       used 41588K, capacity 42796K, committed 42904K, reserved 1087488K
  class space    used 5488K, capacity 5751K, committed 5784K, reserved 1048576K
}
2022-04-09T05:31:56.060+0000: 296511.221: Total time for which application threads were stopped: 0.3948768 seconds, Stopping threads took: 0.0000808 seconds
{Heap before GC invocations=185 (full 1):
 par new generation   total 184320K, used 172439K [0x00000000c0000000, 0x00000000cc800000, 0x00000000cc800000)
  eden space 163840K, 100% used [0x00000000c0000000, 0x00000000ca000000, 0x00000000ca000000)
  from space 20480K,  41% used [0x00000000cb400000, 0x00000000cbc65ce0, 0x00000000cc800000)
  to   space 20480K,   0% used [0x00000000ca000000, 0x00000000ca000000, 0x00000000cb400000)
 concurrent mark-sweep generation total 843776K, used 500583K [0x00000000cc800000, 0x0000000100000000, 0x0000000100000000)
 Metaspace       used 41588K, capacity 42796K, committed 42904K, reserved 1087488K
  class space    used 5488K, capacity 5751K, committed 5784K, reserved 1048576K
2022-04-09T06:01:56.813+0000: 298311.974: [GC (Allocation Failure) 2022-04-09T06:01:56.813+0000: 298311.974: [ParNew
Desired survivor size 10485760 bytes, new threshold 1 (max 1)
- age   1:    3200680 bytes,    3200680 total
: 172439K->5085K(184320K), 0.0323865 secs] 673023K->509532K(1028096K), 0.0325292 secs] [Times: user=0.04 sys=0.00, real=0.03 secs] 
Heap after GC invocations=186 (full 1):
 par new generation   total 184320K, used 5085K [0x00000000c0000000, 0x00000000cc800000, 0x00000000cc800000)
  eden space 163840K,   0% used [0x00000000c0000000, 0x00000000c0000000, 0x00000000ca000000)
  from space 20480K,  24% used [0x00000000ca000000, 0x00000000ca4f7748, 0x00000000cb400000)
  to   space 20480K,   0% used [0x00000000cb400000, 0x00000000cb400000, 0x00000000cc800000)
 concurrent mark-sweep generation total 843776K, used 504446K [0x00000000cc800000, 0x0000000100000000, 0x0000000100000000)
 Metaspace       used 41588K, capacity 42796K, committed 42904K, reserved 1087488K
  class space    used 5488K, capacity 5751K, committed 5784K, reserved 1048576K
}
2022-04-09T06:01:56.846+0000: 298312.007: Total time for which application threads were stopped: 0.0329027 seconds, Stopping threads took: 0.0000790 seconds
2022-04-09T06:10:09.886+0000: 298805.047: Total time for which application threads were stopped: 0.0005256 seconds, Stopping threads took: 0.0001158 seconds
2022-04-09T06:10:10.887+0000: 298806.048: Total time for which application threads were stopped: 0.0001822 seconds, Stopping threads took: 0.0000471 seconds
2022-04-09T06:11:57.896+0000: 298913.057: Total time for which application threads were stopped: 0.0002712 seconds, Stopping threads took: 0.0000602 seconds
{Heap before GC invocations=186 (full 1):
 par new generation   total 184320K, used 168925K [0x00000000c0000000, 0x00000000cc800000, 0x00000000cc800000)
  eden space 163840K, 100% used [0x00000000c0000000, 0x00000000ca000000, 0x00000000ca000000)
  from space 20480K,  24% used [0x00000000ca000000, 0x00000000ca4f7748, 0x00000000cb400000)
  to   space 20480K,   0% used [0x00000000cb400000, 0x00000000cb400000, 0x00000000cc800000)
 concurrent mark-sweep generation total 843776K, used 504446K [0x00000000cc800000, 0x0000000100000000, 0x0000000100000000)
 Metaspace       used 41594K, capacity 42796K, committed 42904K, reserved 1087488K
  class space    used 5488K, capacity 5751K, committed 5784K, reserved 1048576K
2022-04-09T06:26:57.408+0000: 299812.569: [GC (Allocation Failure) 2022-04-09T06:26:57.408+0000: 299812.569: [ParNew
Desired survivor size 10485760 bytes, new threshold 1 (max 1)
- age   1:   10426400 bytes,   10426400 total
: 168925K->10486K(184320K), 0.0196439 secs] 673372K->514936K(1028096K), 0.0197973 secs] [Times: user=0.03 sys=0.00, real=0.02 secs] 
Heap after GC invocations=187 (full 1):
 par new generation   total 184320K, used 10486K [0x00000000c0000000, 0x00000000cc800000, 0x00000000cc800000)
  eden space 163840K,   0% used [0x00000000c0000000, 0x00000000c0000000, 0x00000000ca000000)
  from space 20480K,  51% used [0x00000000cb400000, 0x00000000cbe3d8f8, 0x00000000cc800000)
  to   space 20480K,   0% used [0x00000000ca000000, 0x00000000ca000000, 0x00000000cb400000)
 concurrent mark-sweep generation total 843776K, used 504450K [0x00000000cc800000, 0x0000000100000000, 0x0000000100000000)
 Metaspace       used 41594K, capacity 42796K, committed 42904K, reserved 1087488K
  class space    used 5488K, capacity 5751K, committed 5784K, reserved 1048576K
}
2022-04-09T06:26:57.428+0000: 299812.589: Total time for which application threads were stopped: 0.0201637 seconds, Stopping threads took: 0.0000781 seconds
{Heap before GC invocations=187 (full 1):
 par new generation   total 184320K, used 174326K [0x00000000c0000000, 0x00000000cc800000, 0x00000000cc800000)
  eden space 163840K, 100% used [0x00000000c0000000, 0x00000000ca000000, 0x00000000ca000000)
  from space 20480K,  51% used [0x00000000cb400000, 0x00000000cbe3d8f8, 0x00000000cc800000)
  to   space 20480K,   0% used [0x00000000ca000000, 0x00000000ca000000, 0x00000000cb400000)
 concurrent mark-sweep generation total 843776K, used 504450K [0x00000000cc800000, 0x0000000100000000, 0x0000000100000000)
 Metaspace       used 41594K, capacity 42796K, committed 42904K, reserved 1087488K
  class space    used 5488K, capacity 5751K, committed 5784K, reserved 1048576K
2022-04-09T06:51:58.342+0000: 301313.503: [GC (Allocation Failure) 2022-04-09T06:51:58.342+0000: 301313.503: [ParNew
Desired survivor size 10485760 bytes, new threshold 1 (max 1)
- age   1:    4070080 bytes,    4070080 total
: 174326K->8036K(184320K), 0.0387400 secs] 678776K->518597K(1028096K), 0.0388772 secs] [Times: user=0.06 sys=0.00, real=0.04 secs] 
Heap after GC invocations=188 (full 1):
 par new generation   total 184320K, used 8036K [0x00000000c0000000, 0x00000000cc800000, 0x00000000cc800000)
  eden space 163840K,   0% used [0x00000000c0000000, 0x00000000c0000000, 0x00000000ca000000)
  from space 20480K,  39% used [0x00000000ca000000, 0x00000000ca7d9208, 0x00000000cb400000)
  to   space 20480K,   0% used [0x00000000cb400000, 0x00000000cb400000, 0x00000000cc800000)
 concurrent mark-sweep generation total 843776K, used 510560K [0x00000000cc800000, 0x0000000100000000, 0x0000000100000000)
 Metaspace       used 41594K, capacity 42796K, committed 42904K, reserved 1087488K
  class space    used 5488K, capacity 5751K, committed 5784K, reserved 1048576K
}
2022-04-09T06:51:58.381+0000: 301313.542: Total time for which application threads were stopped: 0.0432225 seconds, Stopping threads took: 0.0040520 seconds
{Heap before GC invocations=188 (full 1):
 par new generation   total 184320K, used 171876K [0x00000000c0000000, 0x00000000cc800000, 0x00000000cc800000)
  eden space 163840K, 100% used [0x00000000c0000000, 0x00000000ca000000, 0x00000000ca000000)
  from space 20480K,  39% used [0x00000000ca000000, 0x00000000ca7d9208, 0x00000000cb400000)
  to   space 20480K,   0% used [0x00000000cb400000, 0x00000000cb400000, 0x00000000cc800000)
 concurrent mark-sweep generation total 843776K, used 510560K [0x00000000cc800000, 0x0000000100000000, 0x0000000100000000)
 Metaspace       used 41594K, capacity 42796K, committed 42904K, reserved 1087488K
  class space    used 5488K, capacity 5751K, committed 5784K, reserved 1048576K
2022-04-09T07:21:59.075+0000: 303114.235: [GC (Allocation Failure) 2022-04-09T07:21:59.075+0000: 303114.235: [ParNew
Desired survivor size 10485760 bytes, new threshold 1 (max 1)
- age   1:    7390304 bytes,    7390304 total
: 171876K->8494K(184320K), 0.0173921 secs] 682437K->519059K(1028096K), 0.0175273 secs] [Times: user=0.03 sys=0.00, real=0.02 secs] 
Heap after GC invocations=189 (full 1):
 par new generation   total 184320K, used 8494K [0x00000000c0000000, 0x00000000cc800000, 0x00000000cc800000)
  eden space 163840K,   0% used [0x00000000c0000000, 0x00000000c0000000, 0x00000000ca000000)
  from space 20480K,  41% used [0x00000000cb400000, 0x00000000cbc4b990, 0x00000000cc800000)
  to   space 20480K,   0% used [0x00000000ca000000, 0x00000000ca000000, 0x00000000cb400000)
 concurrent mark-sweep generation total 843776K, used 510565K [0x00000000cc800000, 0x0000000100000000, 0x0000000100000000)
 Metaspace       used 41594K, capacity 42796K, committed 42904K, reserved 1087488K
  class space    used 5488K, capacity 5751K, committed 5784K, reserved 1048576K
}
2022-04-09T07:21:59.092+0000: 303114.253: Total time for which application threads were stopped: 0.0178544 seconds, Stopping threads took: 0.0000603 seconds
{Heap before GC invocations=189 (full 1):
 par new generation   total 184320K, used 172334K [0x00000000c0000000, 0x00000000cc800000, 0x00000000cc800000)
  eden space 163840K, 100% used [0x00000000c0000000, 0x00000000ca000000, 0x00000000ca000000)
  from space 20480K,  41% used [0x00000000cb400000, 0x00000000cbc4b990, 0x00000000cc800000)
  to   space 20480K,   0% used [0x00000000ca000000, 0x00000000ca000000, 0x00000000cb400000)
 concurrent mark-sweep generation total 843776K, used 510565K [0x00000000cc800000, 0x0000000100000000, 0x0000000100000000)
 Metaspace       used 41594K, capacity 42796K, committed 42904K, reserved 1087488K
  class space    used 5488K, capacity 5751K, committed 5784K, reserved 1048576K
2022-04-09T07:51:11.181+0000: 304866.342: [GC (Allocation Failure) 2022-04-09T07:51:11.182+0000: 304866.342: [ParNew
Desired survivor size 10485760 bytes, new threshold 1 (max 1)
- age   1:    3017328 bytes,    3017328 total
: 172334K->6116K(184320K), 0.1605684 secs] 682899K->521705K(1028096K), 0.1607379 secs] [Times: user=0.14 sys=0.03, real=0.16 secs] 
Heap after GC invocations=190 (full 1):
 par new generation   total 184320K, used 6116K [0x00000000c0000000, 0x00000000cc800000, 0x00000000cc800000)
  eden space 163840K,   0% used [0x00000000c0000000, 0x00000000c0000000, 0x00000000ca000000)
  from space 20480K,  29% used [0x00000000ca000000, 0x00000000ca5f9390, 0x00000000cb400000)
  to   space 20480K,   0% used [0x00000000cb400000, 0x00000000cb400000, 0x00000000cc800000)
 concurrent mark-sweep generation total 843776K, used 515589K [0x00000000cc800000, 0x0000000100000000, 0x0000000100000000)
 Metaspace       used 41594K, capacity 42796K, committed 42904K, reserved 1087488K
  class space    used 5488K, capacity 5751K, committed 5784K, reserved 1048576K
}
2022-04-09T07:51:11.342+0000: 304866.503: Total time for which application threads were stopped: 0.1611152 seconds, Stopping threads took: 0.0000828 seconds
2022-04-09T08:10:10.560+0000: 306005.721: Total time for which application threads were stopped: 0.0002240 seconds, Stopping threads took: 0.0000595 seconds
{Heap before GC invocations=190 (full 1):
 par new generation   total 184320K, used 169956K [0x00000000c0000000, 0x00000000cc800000, 0x00000000cc800000)
  eden space 163840K, 100% used [0x00000000c0000000, 0x00000000ca000000, 0x00000000ca000000)
  from space 20480K,  29% used [0x00000000ca000000, 0x00000000ca5f9390, 0x00000000cb400000)
  to   space 20480K,   0% used [0x00000000cb400000, 0x00000000cb400000, 0x00000000cc800000)
 concurrent mark-sweep generation total 843776K, used 515589K [0x00000000cc800000, 0x0000000100000000, 0x0000000100000000)
 Metaspace       used 41594K, capacity 42796K, committed 42904K, reserved 1087488K
  class space    used 5488K, capacity 5751K, committed 5784K, reserved 1048576K
2022-04-09T08:17:00.602+0000: 306415.763: [GC (Allocation Failure) 2022-04-09T08:17:00.602+0000: 306415.763: [ParNew
Desired survivor size 10485760 bytes, new threshold 1 (max 1)
- age   1:    7189128 bytes,    7189128 total
: 169956K->8929K(184320K), 0.0191236 secs] 685545K->524522K(1028096K), 0.0192771 secs] [Times: user=0.03 sys=0.00, real=0.02 secs] 
Heap after GC invocations=191 (full 1):
 par new generation   total 184320K, used 8929K [0x00000000c0000000, 0x00000000cc800000, 0x00000000cc800000)
  eden space 163840K,   0% used [0x00000000c0000000, 0x00000000c0000000, 0x00000000ca000000)
  from space 20480K,  43% used [0x00000000cb400000, 0x00000000cbcb86b0, 0x00000000cc800000)
  to   space 20480K,   0% used [0x00000000ca000000, 0x00000000ca000000, 0x00000000cb400000)
 concurrent mark-sweep generation total 843776K, used 515593K [0x00000000cc800000, 0x0000000100000000, 0x0000000100000000)
 Metaspace       used 41594K, capacity 42796K, committed 42904K, reserved 1087488K
  class space    used 5488K, capacity 5751K, committed 5784K, reserved 1048576K
}
2022-04-09T08:17:00.621+0000: 306415.782: Total time for which application threads were stopped: 0.0196579 seconds, Stopping threads took: 0.0000804 seconds
{Heap before GC invocations=191 (full 1):
 par new generation   total 184320K, used 172769K [0x00000000c0000000, 0x00000000cc800000, 0x00000000cc800000)
  eden space 163840K, 100% used [0x00000000c0000000, 0x00000000ca000000, 0x00000000ca000000)
  from space 20480K,  43% used [0x00000000cb400000, 0x00000000cbcb86b0, 0x00000000cc800000)
  to   space 20480K,   0% used [0x00000000ca000000, 0x00000000ca000000, 0x00000000cb400000)
 concurrent mark-sweep generation total 843776K, used 515593K [0x00000000cc800000, 0x0000000100000000, 0x0000000100000000)
 Metaspace       used 41594K, capacity 42796K, committed 42904K, reserved 1087488K
  class space    used 5488K, capacity 5751K, committed 5784K, reserved 1048576K
2022-04-09T08:47:01.395+0000: 308216.556: [GC (Allocation Failure) 2022-04-09T08:47:01.395+0000: 308216.556: [ParNew
Desired survivor size 10485760 bytes, new threshold 1 (max 1)
- age   1:    3037584 bytes,    3037584 total
: 172769K->5153K(184320K), 0.0308419 secs] 688362K->525754K(1028096K), 0.0309742 secs] [Times: user=0.05 sys=0.00, real=0.03 secs] 
Heap after GC invocations=192 (full 1):
 par new generation   total 184320K, used 5153K [0x00000000c0000000, 0x00000000cc800000, 0x00000000cc800000)
  eden space 163840K,   0% used [0x00000000c0000000, 0x00000000c0000000, 0x00000000ca000000)
  from space 20480K,  25% used [0x00000000ca000000, 0x00000000ca5086f0, 0x00000000cb400000)
  to   space 20480K,   0% used [0x00000000cb400000, 0x00000000cb400000, 0x00000000cc800000)
 concurrent mark-sweep generation total 843776K, used 520601K [0x00000000cc800000, 0x0000000100000000, 0x0000000100000000)
 Metaspace       used 41594K, capacity 42796K, committed 42904K, reserved 1087488K
  class space    used 5488K, capacity 5751K, committed 5784K, reserved 1048576K
}
2022-04-09T08:47:01.426+0000: 308216.587: Total time for which application threads were stopped: 0.0313476 seconds, Stopping threads took: 0.0000761 seconds
2022-04-09T08:55:02.593+0000: 308697.754: Total time for which application threads were stopped: 0.0002079 seconds, Stopping threads took: 0.0000558 seconds
{Heap before GC invocations=192 (full 1):
 par new generation   total 184320K, used 168993K [0x00000000c0000000, 0x00000000cc800000, 0x00000000cc800000)
  eden space 163840K, 100% used [0x00000000c0000000, 0x00000000ca000000, 0x00000000ca000000)
  from space 20480K,  25% used [0x00000000ca000000, 0x00000000ca5086f0, 0x00000000cb400000)
  to   space 20480K,   0% used [0x00000000cb400000, 0x00000000cb400000, 0x00000000cc800000)
 concurrent mark-sweep generation total 843776K, used 520601K [0x00000000cc800000, 0x0000000100000000, 0x0000000100000000)
 Metaspace       used 41596K, capacity 42796K, committed 42904K, reserved 1087488K
  class space    used 5488K, capacity 5751K, committed 5784K, reserved 1048576K
2022-04-09T09:10:10.060+0000: 309605.221: [GC (Allocation Failure) 2022-04-09T09:10:10.060+0000: 309605.221: [ParNew
Desired survivor size 10485760 bytes, new threshold 1 (max 1)
- age   1:    6343200 bytes,    6343200 total
: 168993K->6854K(184320K), 0.0200936 secs] 689594K->527459K(1028096K), 0.0202692 secs] [Times: user=0.03 sys=0.00, real=0.02 secs] 
Heap after GC invocations=193 (full 1):
 par new generation   total 184320K, used 6854K [0x00000000c0000000, 0x00000000cc800000, 0x00000000cc800000)
  eden space 163840K,   0% used [0x00000000c0000000, 0x00000000c0000000, 0x00000000ca000000)
  from space 20480K,  33% used [0x00000000cb400000, 0x00000000cbab1a48, 0x00000000cc800000)
  to   space 20480K,   0% used [0x00000000ca000000, 0x00000000ca000000, 0x00000000cb400000)
 concurrent mark-sweep generation total 843776K, used 520605K [0x00000000cc800000, 0x0000000100000000, 0x0000000100000000)
 Metaspace       used 41596K, capacity 42796K, committed 42904K, reserved 1087488K
  class space    used 5488K, capacity 5751K, committed 5784K, reserved 1048576K
}
2022-04-09T09:10:10.081+0000: 309605.242: Total time for which application threads were stopped: 0.1466227 seconds, Stopping threads took: 0.0000799 seconds
2022-04-09T09:10:13.084+0000: 309608.244: Total time for which application threads were stopped: 0.0002097 seconds, Stopping threads took: 0.0000435 seconds
{Heap before GC invocations=193 (full 1):
 par new generation   total 184320K, used 170694K [0x00000000c0000000, 0x00000000cc800000, 0x00000000cc800000)
  eden space 163840K, 100% used [0x00000000c0000000, 0x00000000ca000000, 0x00000000ca000000)
  from space 20480K,  33% used [0x00000000cb400000, 0x00000000cbab1a48, 0x00000000cc800000)
  to   space 20480K,   0% used [0x00000000ca000000, 0x00000000ca000000, 0x00000000cb400000)
 concurrent mark-sweep generation total 843776K, used 520605K [0x00000000cc800000, 0x0000000100000000, 0x0000000100000000)
 Metaspace       used 41598K, capacity 42796K, committed 42904K, reserved 1087488K
  class space    used 5488K, capacity 5751K, committed 5784K, reserved 1048576K
2022-04-09T09:37:02.911+0000: 311218.072: [GC (Allocation Failure) 2022-04-09T09:37:02.911+0000: 311218.072: [ParNew
Desired survivor size 10485760 bytes, new threshold 1 (max 1)
- age   1:    5184432 bytes,    5184432 total
: 170694K->7609K(184320K), 0.3993381 secs] 691299K->533217K(1028096K), 0.3994651 secs] [Times: user=0.44 sys=0.10, real=0.40 secs] 
